py : 
At line:1 char:1
+ py test_orchestrator.py > test_log.txt 2>&1
+ ~~~~~~~~~~~~~~~~~~~~~~~~~~~~~~~~~~~~~~~~~~~
    + CategoryInfo          : NotSpecified: (:String) [], RemoteException
    + FullyQualifiedErrorId : NativeCommandError
 
[2m2026-04-17T11:33:21.583952[0m [[32m[1minfo     [0m] [1mDeleted old log file: C:\Users\Nishant 
Awasthi\.cognee\logs\2026-04-17_13-16-27.log[0m [[0m[1m[34mcognee.shared.logging_utils[0m][0m

[2m2026-04-17T11:33:21.584959[0m [[32m[1minfo     [0m] [1mLog file created at: C:\Users\Nishant 
Awasthi\.cognee\logs\2026-04-17_17-03-21.log[0m [[0m[1m[34mcognee.shared.logging_utils[0m][0m 
[36mlog_file[0m=[35m'C:\\Users\\Nishant Awasthi\\.cognee\\logs\\2026-04-17_17-03-21.log'[0m

[2m2026-04-17T11:33:21.584959[0m [[33m[1mwarning  [0m] [1mCognee 1.0 changes: New API ù 
remember/recall/forget/improve (V1 add/cognify/search still work). Session memory enabled by default (CACHING=false to 
disable). Multi-user access control on by default (ENABLE_BACKEND_ACCESS_CONTROL=false to disable). Agents 
(@cognee.agent) auto-verified on registration. See https://docs.cognee.ai/[0m 
[[0m[1m[34mcognee.shared.logging_utils[0m][0m

[2m2026-04-17T11:33:21.584959[0m [[32m[1minfo     [0m] [1mLogging initialized           [0m 
[[0m[1m[34mcognee.shared.logging_utils[0m][0m [36mcognee_version[0m=[35m1.0.0[0m 
[36mdatabase_path[0m=[35m'C:\\Users\\Nishant 
Awasthi\\AppData\\Local\\Programs\\Python\\Python312\\Lib\\site-packages\\cognee\\.cognee_system\\databases'[0m 
[36mos_info[0m=[35m'Windows 11 (10.0.28020)'[0m [36mpython_version[0m=[35m3.12.5[0m 
[36mstructlog_version[0m=[35m25.5.0[0m

[2m2026-04-17T11:33:21.585959[0m [[32m[1minfo     [0m] [1mDatabase storage: C:\Users\Nishant 
Awasthi\AppData\Local\Programs\Python\Python312\Lib\site-packages\cognee\.cognee_system\databases[0m 
[[0m[1m[34mcognee.shared.logging_utils[0m][0m
C:\Users\Nishant 
Awasthi\AppData\Local\Programs\Python\Python312\Lib\site-packages\instructor\providers\gemini\client.py:5: 
FutureWarning: 

All support for the `google.generativeai` package has ended. It will no longer be receiving 
updates or bug fixes. Please switch to the `google.genai` package as soon as possible.
See README for more details:

https://github.com/google-gemini/deprecated-generative-ai-python/blob/main/README.md

  import google.generativeai as genai  # type: ignore[import-not-found]

[1mfile_cache is only supported with oauth2client<4.0.0[0m

[2m2026-04-17T11:34:06.804274[0m [[32m[1minfo     [0m] [1mLoaded JSON extension         [0m 
[[0m[1m[34mcognee.shared.logging_utils[0m][0m

[2m2026-04-17T11:34:06.839446[0m [[32m[1minfo     [0m] [1mLog file created at: C:\Users\Nishant 
Awasthi\.cognee\logs\2026-04-17_17-03-21.log[0m [[0m[1m[34mcognee.shared.logging_utils[0m][0m 
[36mlog_file[0m=[35m'C:\\Users\\Nishant Awasthi\\.cognee\\logs\\2026-04-17_17-03-21.log'[0m

[2m2026-04-17T11:34:06.840445[0m [[33m[1mwarning  [0m] [1mCognee 1.0 changes: New API ù 
remember/recall/forget/improve (V1 add/cognify/search still work). Session memory enabled by default (CACHING=false to 
disable). Multi-user access control on by default (ENABLE_BACKEND_ACCESS_CONTROL=false to disable). Agents 
(@cognee.agent) auto-verified on registration. See https://docs.cognee.ai/[0m 
[[0m[1m[34mcognee.shared.logging_utils[0m][0m

[2m2026-04-17T11:34:06.840445[0m [[32m[1minfo     [0m] [1mLogging initialized           [0m 
[[0m[1m[34mcognee.shared.logging_utils[0m][0m [36mcognee_version[0m=[35m1.0.0[0m 
[36mdatabase_path[0m=[35m'C:\\Users\\Nishant 
Awasthi\\AppData\\Local\\Programs\\Python\\Python312\\Lib\\site-packages\\cognee\\.cognee_system\\databases'[0m 
[36mos_info[0m=[35m'Windows 11 (10.0.28020)'[0m [36mpython_version[0m=[35m3.12.5[0m 
[36mstructlog_version[0m=[35m25.5.0[0m

[2m2026-04-17T11:34:06.840445[0m [[32m[1minfo     [0m] [1mDatabase storage: C:\Users\Nishant 
Awasthi\AppData\Local\Programs\Python\Python312\Lib\site-packages\cognee\.cognee_system\databases[0m 
[[0m[1m[34mcognee.shared.logging_utils[0m][0m
--- PHEME AI Orchestrator Verification ---
Input Claim: The moon is made of green cheese according to recent satellite images from a private mission.

Starting orchestrator workflow...
--- Fingerprinting claim: test-orch-001 ---
Warning: Redis not connected. Bypassing cache.

[Node: fingerprint] completed.
--- Running Expert Analysis for text ---

[Node: expert_analysis] completed.

[2m2026-04-17T11:34:07.194428[0m [[31m[1merror    [0m] [1mException                     [0m 
[[0m[1m[34mcognee.shared.logging_utils[0m][0m [36mexception_message[0m=[35m"'charmap' codec can't encode 
character '\\u274c' in position 2: character maps to <undefined>"[0m [36mtraceback[0m=[35mTrue[0m
[31m\u250c\u2500[0m[31m\u2500\u2500\u2500\u2500\u2500\u2500\u2500\u2500\u2500\u2500\u2500\u2500\u2500\u2500\u2500\u2
500\u2500\u2500\u2500\u2500[0m[31m [0m[1;31mTraceback [0m[1;2;31m(most recent call last)[0m[31m [0m[31m\u2500
\u2500\u2500\u2500\u2500\u2500\u2500\u2500\u2500\u2500\u2500\u2500\u2500\u2500\u2500\u2500\u2500\u2500\u2500\u2500[0m
[31m\u2500\u2510[0m
[31m\u2502[0m [33mD:\PHEME\test_orchestrator.py[0m:[94m36[0m in [92mtest_orchestrator[0m                       
[31m\u2502[0m
[31m\u2502[0m                                                                             [31m\u2502[0m
[31m\u2502[0m   [2m33 [0m[2m\u2502   \u2502   [0m[96mprint[0m([33m"[0m[33m\n[0m[33mStarting orchestrator 
workflow...[0m[33m"[0m)                   [31m\u2502[0m
[31m\u2502[0m   [2m34 [0m[2m\u2502   \u2502   [0m                                                               
[31m\u2502[0m
[31m\u2502[0m   [2m35 [0m[2m\u2502   \u2502   [0m[2m# Run the workflow[0m                                      
       [31m\u2502[0m
[31m\u2502[0m [31m> [0m36 [2m\u2502   \u2502   [0m[94masync[0m [94mfor[0m output [95min[0m 
workflow.astream(test_claim):              [31m\u2502[0m
[31m\u2502[0m   [2m37 [0m[2m\u2502   \u2502   \u2502   [0m[94mfor[0m node_name, state_update [95min[0m 
output.items():             [31m\u2502[0m
[31m\u2502[0m   [2m38 [0m[2m\u2502   \u2502   \u2502   \u2502   
[0m[96mprint[0m([33mf[0m[33m"[0m[33m\n[0m[33m[Node: [0m[33m{[0mnode_name[33m}[0m[33m] 
completed.[0m[33m"[0m)             [31m\u2502[0m
[31m\u2502[0m   [2m39 [0m[2m\u2502   \u2502   \u2502   \u2502   [0m[2m# print(f"Update: {state_update}") # 
Optional: verbose[0m [31m\u2502[0m
[31m\u2502[0m                                                                             [31m\u2502[0m
[31m\u2502[0m [33m\u250c\u2500[0m[33m\u2500\u2500\u2500\u2500\u2500\u2500\u2500\u2500\u2500\u2500\u2500\u2500\u250
0\u2500\u2500\u2500\u2500\u2500\u2500\u2500\u2500\u2500\u2500\u2500\u2500\u2500\u2500\u2500\u2500\u2500\u2500[0m[33m 
locals [0m[33m\u2500\u2500\u2500\u2500\u2500\u2500\u2500\u2500\u2500\u2500\u2500\u2500\u2500\u2500\u2500\u2500\u2500\
u2500\u2500\u2500\u2500\u2500\u2500\u2500\u2500\u2500\u2500\u2500\u2500\u2500\u2500\u2500[0m[33m\u2500\u2510[0m 
[31m\u2502[0m
[31m\u2502[0m [33m\u2502[0m    node_name = [33m'expert_analysis'[0m                                        
[33m\u2502[0m [31m\u2502[0m
[31m\u2502[0m [33m\u2502[0m       output = [1m{[0m                                                        
[33m\u2502[0m [31m\u2502[0m
[31m\u2502[0m [33m\u2502[0m                [2m\u2502   [0m[33m'expert_analysis'[0m: [1m{[0m                  
               [33m\u2502[0m [31m\u2502[0m
[31m\u2502[0m [33m\u2502[0m                [2m\u2502   \u2502   [0m[33m'analysis_results'[0m: [1m{[0m        
                    [33m\u2502[0m [31m\u2502[0m
[31m\u2502[0m [33m\u2502[0m                [2m\u2502   \u2502   \u2502   [0m[33m'verdict'[0m: [33m'FAKE'[0m, 
                          [33m\u2502[0m [31m\u2502[0m
[31m\u2502[0m [33m\u2502[0m                [2m\u2502   \u2502   \u2502   [0m[33m'confidence'[0m: 
[94m0.99[0m,                          [33m\u2502[0m [31m\u2502[0m
[31m\u2502[0m [33m\u2502[0m                [2m\u2502   \u2502   \u2502   [0m[33m'fallacies'[0m: [1m[[0m      
                         [33m\u2502[0m [31m\u2502[0m
[31m\u2502[0m [33m\u2502[0m                [2m\u2502   \u2502   \u2502   \u2502   [0m[33m'appeal to 
authority'[0m,                   [33m\u2502[0m [31m\u2502[0m
[31m\u2502[0m [33m\u2502[0m                [2m\u2502   \u2502   \u2502   \u2502   [0m[33m'lack of evidence'[0m 
                      [33m\u2502[0m [31m\u2502[0m
[31m\u2502[0m [33m\u2502[0m                [2m\u2502   \u2502   \u2502   [0m[1m][0m,                           
                [33m\u2502[0m [31m\u2502[0m
[31m\u2502[0m [33m\u2502[0m                [2m\u2502   \u2502   \u2502   [0m[33m'explanation'[0m: [33m'The 
claim that the moon is [0m  [33m\u2502[0m [31m\u2502[0m
[31m\u2502[0m [33m\u2502[0m                [33mmade of green cheese contradicts extensive [0m              
[33m\u2502[0m [31m\u2502[0m
[31m\u2502[0m [33m\u2502[0m                [33mscientific'[0m+[94m105[0m,                                      
   [33m\u2502[0m [31m\u2502[0m
[31m\u2502[0m [33m\u2502[0m                [2m\u2502   \u2502   \u2502   [0m[33m'detected_claims'[0m: 
[1m[[0m                         [33m\u2502[0m [31m\u2502[0m
[31m\u2502[0m [33m\u2502[0m                [2m\u2502   \u2502   \u2502   \u2502   [0m[33m'The moon is made of 
green cheese'[0m,      [33m\u2502[0m [31m\u2502[0m
[31m\u2502[0m [33m\u2502[0m                [2m\u2502   \u2502   \u2502   \u2502   [0m[33m'Recent satellite 
images from a private [0m [33m\u2502[0m [31m\u2502[0m
[31m\u2502[0m [33m\u2502[0m                [33mmission support this claim'[0m                              
[33m\u2502[0m [31m\u2502[0m
[31m\u2502[0m [33m\u2502[0m                [2m\u2502   \u2502   \u2502   [0m[1m][0m                            
                [33m\u2502[0m [31m\u2502[0m
[31m\u2502[0m [33m\u2502[0m                [2m\u2502   \u2502   [0m[1m}[0m,                                    
           [33m\u2502[0m [31m\u2502[0m
[31m\u2502[0m [33m\u2502[0m                [2m\u2502   \u2502   [0m[33m'original_text'[0m: [33m'The moon is 
made of green [0m     [33m\u2502[0m [31m\u2502[0m
[31m\u2502[0m [33m\u2502[0m                [33mcheese according to recent satellite images from a [0m      
[33m\u2502[0m [31m\u2502[0m
[31m\u2502[0m [33m\u2502[0m                [33mpri'[0m+[94m13[0m                                               
   [33m\u2502[0m [31m\u2502[0m
[31m\u2502[0m [33m\u2502[0m                [2m\u2502   [0m[1m}[0m                                              
      [33m\u2502[0m [31m\u2502[0m
[31m\u2502[0m [33m\u2502[0m                [1m}[0m                                                        
[33m\u2502[0m [31m\u2502[0m
[31m\u2502[0m [33m\u2502[0m state_update = [1m{[0m                                                        
[33m\u2502[0m [31m\u2502[0m
[31m\u2502[0m [33m\u2502[0m                [2m\u2502   [0m[33m'analysis_results'[0m: [1m{[0m                 
               [33m\u2502[0m [31m\u2502[0m
[31m\u2502[0m [33m\u2502[0m                [2m\u2502   \u2502   [0m[33m'verdict'[0m: [33m'FAKE'[0m,          
                     [33m\u2502[0m [31m\u2502[0m
[31m\u2502[0m [33m\u2502[0m                [2m\u2502   \u2502   [0m[33m'confidence'[0m: [94m0.99[0m,         
                     [33m\u2502[0m [31m\u2502[0m
[31m\u2502[0m [33m\u2502[0m                [2m\u2502   \u2502   [0m[33m'fallacies'[0m: [1m[[0m               
                    [33m\u2502[0m [31m\u2502[0m
[31m\u2502[0m [33m\u2502[0m                [2m\u2502   \u2502   \u2502   [0m[33m'appeal to authority'[0m,      
                 [33m\u2502[0m [31m\u2502[0m
[31m\u2502[0m [33m\u2502[0m                [2m\u2502   \u2502   \u2502   [0m[33m'lack of evidence'[0m          
                 [33m\u2502[0m [31m\u2502[0m
[31m\u2502[0m [33m\u2502[0m                [2m\u2502   \u2502   [0m[1m][0m,                                    
           [33m\u2502[0m [31m\u2502[0m
[31m\u2502[0m [33m\u2502[0m                [2m\u2502   \u2502   [0m[33m'explanation'[0m: [33m'The claim that 
the moon is made [0m [33m\u2502[0m [31m\u2502[0m
[31m\u2502[0m [33m\u2502[0m                [33mof green cheese contradicts extensive 
scientific'[0m+[94m105[0m,   [33m\u2502[0m [31m\u2502[0m
[31m\u2502[0m [33m\u2502[0m                [2m\u2502   \u2502   [0m[33m'detected_claims'[0m: [1m[[0m         
                    [33m\u2502[0m [31m\u2502[0m
[31m\u2502[0m [33m\u2502[0m                [2m\u2502   \u2502   \u2502   [0m[33m'The moon is made of green 
cheese'[0m,          [33m\u2502[0m [31m\u2502[0m
[31m\u2502[0m [33m\u2502[0m                [2m\u2502   \u2502   \u2502   [0m[33m'Recent satellite images from a 
private [0m     [33m\u2502[0m [31m\u2502[0m
[31m\u2502[0m [33m\u2502[0m                [33mmission support this claim'[0m                              
[33m\u2502[0m [31m\u2502[0m
[31m\u2502[0m [33m\u2502[0m                [2m\u2502   \u2502   [0m[1m][0m                                     
           [33m\u2502[0m [31m\u2502[0m
[31m\u2502[0m [33m\u2502[0m                [2m\u2502   [0m[1m}[0m,                                             
      [33m\u2502[0m [31m\u2502[0m
[31m\u2502[0m [33m\u2502[0m                [2m\u2502   [0m[33m'original_text'[0m: [33m'The moon is made of 
green cheese [0m  [33m\u2502[0m [31m\u2502[0m
[31m\u2502[0m [33m\u2502[0m                [33maccording to recent satellite images from a pri'[0m+[94m13[0m   
   [33m\u2502[0m [31m\u2502[0m
[31m\u2502[0m [33m\u2502[0m                [1m}[0m                                                        
[33m\u2502[0m [31m\u2502[0m
[31m\u2502[0m [33m\u2502[0m   test_claim = [1m{[0m                                                        
[33m\u2502[0m [31m\u2502[0m
[31m\u2502[0m [33m\u2502[0m                [2m\u2502   [0m[33m'claim_id'[0m: [33m'test-orch-001'[0m,         
                [33m\u2502[0m [31m\u2502[0m
[31m\u2502[0m [33m\u2502[0m                [2m\u2502   [0m[33m'modality'[0m: [33m'text'[0m,                  
                [33m\u2502[0m [31m\u2502[0m
[31m\u2502[0m [33m\u2502[0m                [2m\u2502   [0m[33m'content'[0m: [33m'The moon is made of green 
cheese [0m        [33m\u2502[0m [31m\u2502[0m
[31m\u2502[0m [33m\u2502[0m                [33maccording to recent satellite images from a pri'[0m+[94m13[0m,  
   [33m\u2502[0m [31m\u2502[0m
[31m\u2502[0m [33m\u2502[0m                [2m\u2502   [0m[33m'language_hint'[0m: [33m'en'[0m                
                [33m\u2502[0m [31m\u2502[0m
[31m\u2502[0m [33m\u2502[0m                [1m}[0m                                                        
[33m\u2502[0m [31m\u2502[0m
[31m\u2502[0m [33m\u2502[0m     workflow = [1m<[0m[1;95mlanggraph.graph.state.CompiledStateGraph[0m[39m 
object at [0m     [33m\u2502[0m [31m\u2502[0m
[31m\u2502[0m [33m\u2502[0m                [94m0x000002185766FAD0[0m[1m>[0m                                    
  [33m\u2502[0m [31m\u2502[0m
[31m\u2502[0m [33m\u2514\u2500\u2500\u2500\u2500\u2500\u2500\u2500\u2500\u2500\u2500\u2500\u2500\u2500\u2500\u2500\u
2500\u2500\u2500\u2500\u2500\u2500\u2500\u2500\u2500\u2500\u2500\u2500\u2500\u2500\u2500\u2500\u2500\u2500\u2500\u2500\
u2500\u2500\u2500\u2500\u2500\u2500\u2500\u2500\u2500\u2500\u2500\u2500\u2500\u2500\u2500\u2500\u2500\u2500\u2500\u2500
\u2500\u2500\u2500\u2500\u2500\u2500\u2500\u2500\u2500\u2500\u2500\u2500\u2500\u2500\u2500\u2500\u2500\u2500\u2518[0m 
[31m\u2502[0m
[31m\u2502[0m                                                                             [31m\u2502[0m
[31m\u2502[0m [33mC:\Users\Nishant [0m                                                           [31m\u2502[0m
[31m\u2502[0m [33mAwasthi\AppData\Local\Programs\Python\Python312\Lib\site-packages\langgraph[0m [31m\u2502[0m
[31m\u2502[0m [33m\pregel\main.py[0m:[94m3128[0m in [92mastream[0m                                             
[31m\u2502[0m
[31m\u2502[0m                                                                             [31m\u2502[0m
[31m\u2502[0m   [2m3125 [0m[2m\u2502   \u2502   \u2502   \u2502   \u2502   [0m[94mwhile[0m loop.tick():        
                       [31m\u2502[0m
[31m\u2502[0m   [2m3126 [0m[2m\u2502   \u2502   \u2502   \u2502   \u2502   \u2502   [0m[94mfor[0m task 
[95min[0m [94mawait[0m loop.amatch_cached_writes( [31m\u2502[0m
[31m\u2502[0m   [2m3127 [0m[2m\u2502   \u2502   \u2502   \u2502   \u2502   \u2502   \u2502   
[0mloop.output_writes(task.id, task.writes, [31m\u2502[0m
[31m\u2502[0m [31m> [0m3128 [2m\u2502   \u2502   \u2502   \u2502   \u2502   \u2502   [0m[94masync[0m 
[94mfor[0m _ [95min[0m runner.atick(                 [31m\u2502[0m
[31m\u2502[0m   [2m3129 [0m[2m\u2502   \u2502   \u2502   \u2502   \u2502   \u2502   \u2502   [0m[t [94mfor[0m 
t [95min[0m loop.tasks.values() [94mif[0m [95mnot[0m t [31m\u2502[0m
[31m\u2502[0m   [2m3130 [0m[2m\u2502   \u2502   \u2502   \u2502   \u2502   \u2502   \u2502   
[0mtimeout=[96mself[0m.step_timeout,               [31m\u2502[0m
[31m\u2502[0m   [2m3131 [0m[2m\u2502   \u2502   \u2502   \u2502   \u2502   \u2502   \u2502   
[0mget_waiter=get_waiter,                   [31m\u2502[0m
[31m\u2502[0m                                                                             [31m\u2502[0m
[31m\u2502[0m [33m\u250c\u2500[0m[33m\u2500\u2500\u2500\u2500\u2500\u2500\u2500\u2500\u2500\u2500\u2500\u2500\u250
0\u2500\u2500\u2500\u2500\u2500\u2500\u2500\u2500\u2500\u2500\u2500\u2500\u2500\u2500\u2500\u2500\u2500\u2500[0m[33m 
locals [0m[33m\u2500\u2500\u2500\u2500\u2500\u2500\u2500\u2500\u2500\u2500\u2500\u2500\u2500\u2500\u2500\u2500\u2500\
u2500\u2500\u2500\u2500\u2500\u2500\u2500\u2500\u2500\u2500\u2500\u2500\u2500\u2500\u2500[0m[33m\u2500\u2510[0m 
[31m\u2502[0m
[31m\u2502[0m [33m\u2502[0m                 _ = [94mNone[0m                                                
[33m\u2502[0m [31m\u2502[0m
[31m\u2502[0m [33m\u2502[0m   _cleanup_waiter = [94mNone[0m                                                
[33m\u2502[0m [31m\u2502[0m
[31m\u2502[0m [33m\u2502[0m    _output_mapper = [94mNone[0m                                                
[33m\u2502[0m [31m\u2502[0m
[31m\u2502[0m [33m\u2502[0m     _state_mapper = [94mNone[0m                                                
[33m\u2502[0m [31m\u2502[0m
[31m\u2502[0m [33m\u2502[0m           aioloop = [1m<[0m[1;95mProactorEventLoop[0m[39m 
[0m[33mrunning[0m[39m=[0m[94mFalse[0m[39m [0m[33mclosed[0m[39m=[0m[94mTrue[0m[39m [0m       
[33m\u2502[0m [31m\u2502[0m
[31m\u2502[0m [33m\u2502[0m                     [33mdebug[0m[39m=[0m[94mFalse[0m[1m>[0m                    
                    [33m\u2502[0m [31m\u2502[0m
[31m\u2502[0m [33m\u2502[0m             cache = [94mNone[0m                                                
[33m\u2502[0m [31m\u2502[0m
[31m\u2502[0m [33m\u2502[0m  callback_manager = 
[1m<[0m[1;95mlangchain_core.callbacks.manager.AsyncCallbackManà[0m [33m\u2502[0m [31m\u2502[0m
[31m\u2502[0m [33m\u2502[0m                     [39mobject at [0m[94m0x00000218576B5FD0[0m[1m>[0m            
           [33m\u2502[0m [31m\u2502[0m
[31m\u2502[0m [33m\u2502[0m checkpoint_during = [94mNone[0m                                                
[33m\u2502[0m [31m\u2502[0m
[31m\u2502[0m [33m\u2502[0m      checkpointer = [94mNone[0m                                                
[33m\u2502[0m [31m\u2502[0m
[31m\u2502[0m [33m\u2502[0m            config = [1m{[0m                                                   
[33m\u2502[0m [31m\u2502[0m
[31m\u2502[0m [33m\u2502[0m                     [2m\u2502   [0m[33m'tags'[0m: [1m[[0m[1m][0m,              
                       [33m\u2502[0m [31m\u2502[0m
[31m\u2502[0m [33m\u2502[0m                     [2m\u2502   [0m[33m'metadata'[0m: 
[1;35mChainMap[0m[1m([0m[1m{[0m[1m}[0m[1m)[0m,                       [33m\u2502[0m [31m\u2502[0m
[31m\u2502[0m [33m\u2502[0m                     [2m\u2502   [0m[33m'callbacks'[0m: [94mNone[0m,              
                [33m\u2502[0m [31m\u2502[0m
[31m\u2502[0m [33m\u2502[0m                     [2m\u2502   [0m[33m'recursion_limit'[0m: [94m10007[0m,       
                [33m\u2502[0m [31m\u2502[0m
[31m\u2502[0m [33m\u2502[0m                     [2m\u2502   [0m[33m'configurable'[0m: [1m{[0m                
               [33m\u2502[0m [31m\u2502[0m
[31m\u2502[0m [33m\u2502[0m                     [2m\u2502   \u2502   [0m[33m'__pregel_runtime'[0m: 
[1;35mRuntime[0m[1m([0m                [33m\u2502[0m [31m\u2502[0m
[31m\u2502[0m [33m\u2502[0m                     [2m\u2502   \u2502   \u2502   [0m[33mcontext[0m=[94mNone[0m, 
                          [33m\u2502[0m [31m\u2502[0m
[31m\u2502[0m [33m\u2502[0m                     [2m\u2502   \u2502   \u2502   [0m[33mstore[0m=[94mNone[0m,   
                          [33m\u2502[0m [31m\u2502[0m
[31m\u2502[0m [33m\u2502[0m                     [2m\u2502   \u2502   \u2502   
[0m[33mstream_writer[0m=[1m<[0m[1;95mfunction[0m[39m [0m                [33m\u2502[0m [31m\u2502[0m
[31m\u2502[0m [33m\u2502[0m                     [39mPregel.astream.<locals>.stream_writer at [0m           
[33m\u2502[0m [31m\u2502[0m
[31m\u2502[0m [33m\u2502[0m                     [94m0x00000218576A9C60[0m[1m>[0m,                              
  [33m\u2502[0m [31m\u2502[0m
[31m\u2502[0m [33m\u2502[0m                     [2m\u2502   \u2502   \u2502   
[0m[33mprevious[0m=[94mNone[0m,                          [33m\u2502[0m [31m\u2502[0m
[31m\u2502[0m [33m\u2502[0m                     [2m\u2502   \u2502   \u2502   
[0m[33mexecution_info[0m=[94mNone[0m,                    [33m\u2502[0m [31m\u2502[0m
[31m\u2502[0m [33m\u2502[0m                     [2m\u2502   \u2502   \u2502   
[0m[33mserver_info[0m=[94mNone[0m                        [33m\u2502[0m [31m\u2502[0m
[31m\u2502[0m [33m\u2502[0m                     [2m\u2502   \u2502   [0m[1m)[0m                                
           [33m\u2502[0m [31m\u2502[0m
[31m\u2502[0m [33m\u2502[0m                     [2m\u2502   [0m[1m}[0m                                         
      [33m\u2502[0m [31m\u2502[0m
[31m\u2502[0m [33m\u2502[0m                     [1m}[0m                                                   
[33m\u2502[0m [31m\u2502[0m
[31m\u2502[0m [33m\u2502[0m           context = [94mNone[0m                                                
[33m\u2502[0m [31m\u2502[0m
[31m\u2502[0m [33m\u2502[0m             debug = [94mNone[0m                                                
[33m\u2502[0m [31m\u2502[0m
[31m\u2502[0m [33m\u2502[0m         do_stream = [94mFalse[0m                                               
[33m\u2502[0m [31m\u2502[0m
[31m\u2502[0m [33m\u2502[0m        durability = [94mNone[0m                                                
[33m\u2502[0m [31m\u2502[0m
[31m\u2502[0m [33m\u2502[0m       durability_ = [33m'async'[0m                                             
[33m\u2502[0m [31m\u2502[0m
[31m\u2502[0m [33m\u2502[0m        get_waiter = [94mNone[0m                                                
[33m\u2502[0m [31m\u2502[0m
[31m\u2502[0m [33m\u2502[0m             input = [1m{[0m                                                   
[33m\u2502[0m [31m\u2502[0m
[31m\u2502[0m [33m\u2502[0m                     [2m\u2502   [0m[33m'claim_id'[0m: [33m'test-orch-001'[0m,    
                [33m\u2502[0m [31m\u2502[0m
[31m\u2502[0m [33m\u2502[0m                     [2m\u2502   [0m[33m'modality'[0m: [33m'text'[0m,             
                [33m\u2502[0m [31m\u2502[0m
[31m\u2502[0m [33m\u2502[0m                     [2m\u2502   [0m[33m'content'[0m: [33m'The moon is made of 
green cheese [0m   [33m\u2502[0m [31m\u2502[0m
[31m\u2502[0m [33m\u2502[0m                     [33maccording to recent satellite images from a [0m        
[33m\u2502[0m [31m\u2502[0m
[31m\u2502[0m [33m\u2502[0m                     [33mpri'[0m+[94m13[0m,                                         
   [33m\u2502[0m [31m\u2502[0m
[31m\u2502[0m [33m\u2502[0m                     [2m\u2502   [0m[33m'language_hint'[0m: [33m'en'[0m           
                [33m\u2502[0m [31m\u2502[0m
[31m\u2502[0m [33m\u2502[0m                     [1m}[0m                                                   
[33m\u2502[0m [31m\u2502[0m
[31m\u2502[0m [33m\u2502[0m   interrupt_after = [94mNone[0m                                                
[33m\u2502[0m [31m\u2502[0m
[31m\u2502[0m [33m\u2502[0m  interrupt_after_ = [1m[[0m[1m][0m                                                 
 [33m\u2502[0m [31m\u2502[0m
[31m\u2502[0m [33m\u2502[0m  interrupt_before = [94mNone[0m                                                
[33m\u2502[0m [31m\u2502[0m
[31m\u2502[0m [33m\u2502[0m interrupt_before_ = [1m[[0m[1m][0m                                                 
 [33m\u2502[0m [31m\u2502[0m
[31m\u2502[0m [33m\u2502[0m            kwargs = [1m{[0m[1m}[0m                                                 
 [33m\u2502[0m [31m\u2502[0m
[31m\u2502[0m [33m\u2502[0m              loop = [1m<[0m[1;95mlanggraph.pregel._loop.AsyncPregelLoop[0m[39m 
object at [0m  [33m\u2502[0m [31m\u2502[0m
[31m\u2502[0m [33m\u2502[0m                     [94m0x00000218576B5E50[0m[1m>[0m                               
  [33m\u2502[0m [31m\u2502[0m
[31m\u2502[0m [33m\u2502[0m                 o = [1m{[0m                                                   
[33m\u2502[0m [31m\u2502[0m
[31m\u2502[0m [33m\u2502[0m                     [2m\u2502   [0m[33m'expert_analysis'[0m: [1m{[0m             
               [33m\u2502[0m [31m\u2502[0m
[31m\u2502[0m [33m\u2502[0m                     [2m\u2502   \u2502   [0m[33m'analysis_results'[0m: [1m{[0m   
                    [33m\u2502[0m [31m\u2502[0m
[31m\u2502[0m [33m\u2502[0m                     [2m\u2502   \u2502   \u2502   [0m[33m'verdict'[0m: 
[33m'FAKE'[0m,                      [33m\u2502[0m [31m\u2502[0m
[31m\u2502[0m [33m\u2502[0m                     [2m\u2502   \u2502   \u2502   [0m[33m'confidence'[0m: 
[94m0.99[0m,                     [33m\u2502[0m [31m\u2502[0m
[31m\u2502[0m [33m\u2502[0m                     [2m\u2502   \u2502   \u2502   [0m[33m'fallacies'[0m: [1m[[0m 
                         [33m\u2502[0m [31m\u2502[0m
[31m\u2502[0m [33m\u2502[0m                     [2m\u2502   \u2502   \u2502   \u2502   [0m[33m'appeal to 
authority'[0m,              [33m\u2502[0m [31m\u2502[0m
[31m\u2502[0m [33m\u2502[0m                     [2m\u2502   \u2502   \u2502   \u2502   [0m[33m'lack of 
evidence'[0m                  [33m\u2502[0m [31m\u2502[0m
[31m\u2502[0m [33m\u2502[0m                     [2m\u2502   \u2502   \u2502   [0m[1m][0m,                      
                [33m\u2502[0m [31m\u2502[0m
[31m\u2502[0m [33m\u2502[0m                     [2m\u2502   \u2502   \u2502   [0m[33m'explanation'[0m: 
[33m'The claim that the moon[0m [33m\u2502[0m [31m\u2502[0m
[31m\u2502[0m [33m\u2502[0m                     [33mis made of green cheese contradicts extensive [0m      
[33m\u2502[0m [31m\u2502[0m
[31m\u2502[0m [33m\u2502[0m                     [33mscientific'[0m+[94m105[0m,                                 
   [33m\u2502[0m [31m\u2502[0m
[31m\u2502[0m [33m\u2502[0m                     [2m\u2502   \u2502   \u2502   [0m[33m'detected_claims'[0m: 
[1m[[0m                    [33m\u2502[0m [31m\u2502[0m
[31m\u2502[0m [33m\u2502[0m                     [2m\u2502   \u2502   \u2502   \u2502   [0m[33m'The moon is made 
of green cheese'[0m, [33m\u2502[0m [31m\u2502[0m
[31m\u2502[0m [33m\u2502[0m                     [2m\u2502   \u2502   \u2502   \u2502   [0m[33m'Recent satellite 
images from a [0m    [33m\u2502[0m [31m\u2502[0m
[31m\u2502[0m [33m\u2502[0m                     [33mprivate mission support this claim'[0m                 
[33m\u2502[0m [31m\u2502[0m
[31m\u2502[0m [33m\u2502[0m                     [2m\u2502   \u2502   \u2502   [0m[1m][0m                       
                [33m\u2502[0m [31m\u2502[0m
[31m\u2502[0m [33m\u2502[0m                     [2m\u2502   \u2502   [0m[1m}[0m,                               
           [33m\u2502[0m [31m\u2502[0m
[31m\u2502[0m [33m\u2502[0m                     [2m\u2502   \u2502   [0m[33m'original_text'[0m: [33m'The moon 
is made of green[0m [33m\u2502[0m [31m\u2502[0m
[31m\u2502[0m [33m\u2502[0m                     [33mcheese according to recent satellite images from a [0m 
[33m\u2502[0m [31m\u2502[0m
[31m\u2502[0m [33m\u2502[0m                     [33mpri'[0m+[94m13[0m                                          
   [33m\u2502[0m [31m\u2502[0m
[31m\u2502[0m [33m\u2502[0m                     [2m\u2502   [0m[1m}[0m                                         
      [33m\u2502[0m [31m\u2502[0m
[31m\u2502[0m [33m\u2502[0m                     [1m}[0m                                                   
[33m\u2502[0m [31m\u2502[0m
[31m\u2502[0m [33m\u2502[0m       output_keys = [1m[[0m                                                   
[33m\u2502[0m [31m\u2502[0m
[31m\u2502[0m [33m\u2502[0m                     [2m\u2502   [0m[33m'claim_id'[0m,                              
       [33m\u2502[0m [31m\u2502[0m
[31m\u2502[0m [33m\u2502[0m                     [2m\u2502   [0m[33m'modality'[0m,                              
       [33m\u2502[0m [31m\u2502[0m
[31m\u2502[0m [33m\u2502[0m                     [2m\u2502   [0m[33m'content'[0m,                               
       [33m\u2502[0m [31m\u2502[0m
[31m\u2502[0m [33m\u2502[0m                     [2m\u2502   [0m[33m'original_text'[0m,                         
       [33m\u2502[0m [31m\u2502[0m
[31m\u2502[0m [33m\u2502[0m                     [2m\u2502   [0m[33m'is_cached'[0m,                             
       [33m\u2502[0m [31m\u2502[0m
[31m\u2502[0m [33m\u2502[0m                     [2m\u2502   [0m[33m'fingerprint'[0m,                           
       [33m\u2502[0m [31m\u2502[0m
[31m\u2502[0m [33m\u2502[0m                     [2m\u2502   [0m[33m'qdrant_context'[0m,                        
       [33m\u2502[0m [31m\u2502[0m
[31m\u2502[0m [33m\u2502[0m                     [2m\u2502   [0m[33m'neo4j_context'[0m,                         
       [33m\u2502[0m [31m\u2502[0m
[31m\u2502[0m [33m\u2502[0m                     [2m\u2502   [0m[33m'analysis_results'[0m,                      
       [33m\u2502[0m [31m\u2502[0m
[31m\u2502[0m [33m\u2502[0m                     [2m\u2502   [0m[33m'verifications'[0m,                         
       [33m\u2502[0m [31m\u2502[0m
[31m\u2502[0m [33m\u2502[0m                     [2m\u2502   [0m[33m...[0m +[94m5[0m                          
                [33m\u2502[0m [31m\u2502[0m
[31m\u2502[0m [33m\u2502[0m                     [1m][0m                                                   
[33m\u2502[0m [31m\u2502[0m
[31m\u2502[0m [33m\u2502[0m    parent_runtime = [1;35mRuntime[0m[1m([0m                                        
    [33m\u2502[0m [31m\u2502[0m
[31m\u2502[0m [33m\u2502[0m                     [2m\u2502   [0m[33mcontext[0m=[94mNone[0m,                   
                [33m\u2502[0m [31m\u2502[0m
[31m\u2502[0m [33m\u2502[0m                     [2m\u2502   [0m[33mstore[0m=[94mNone[0m,                     
                [33m\u2502[0m [31m\u2502[0m
[31m\u2502[0m [33m\u2502[0m                     [2m\u2502   
[0m[33mstream_writer[0m=[1m<[0m[1;95mfunction[0m[39m _no_op_stream_writer at[0m [33m\u2502[0m 
[31m\u2502[0m
[31m\u2502[0m [33m\u2502[0m                     [94m0x00000218199EDA80[0m[1m>[0m,                              
  [33m\u2502[0m [31m\u2502[0m
[31m\u2502[0m [33m\u2502[0m                     [2m\u2502   [0m[33mprevious[0m=[94mNone[0m,                  
                [33m\u2502[0m [31m\u2502[0m
[31m\u2502[0m [33m\u2502[0m                     [2m\u2502   [0m[33mexecution_info[0m=[94mNone[0m,            
                [33m\u2502[0m [31m\u2502[0m
[31m\u2502[0m [33m\u2502[0m                     [2m\u2502   [0m[33mserver_info[0m=[94mNone[0m                
                [33m\u2502[0m [31m\u2502[0m
[31m\u2502[0m [33m\u2502[0m                     [1m)[0m                                                   
[33m\u2502[0m [31m\u2502[0m
[31m\u2502[0m [33m\u2502[0m        print_mode = [1m([0m[1m)[0m                                                 
 [33m\u2502[0m [31m\u2502[0m
[31m\u2502[0m [33m\u2502[0m       run_manager = 
[1m<[0m[1;95mlangchain_core.callbacks.manager.AsyncCallbackManà[0m [33m\u2502[0m [31m\u2502[0m
[31m\u2502[0m [33m\u2502[0m                     [39mobject at [0m[94m0x0000021857092060[0m[1m>[0m            
           [33m\u2502[0m [31m\u2502[0m
[31m\u2502[0m [33m\u2502[0m            runner = [1m<[0m[1;95mlanggraph.pregel._runner.PregelRunner[0m[39m 
object at [0m   [33m\u2502[0m [31m\u2502[0m
[31m\u2502[0m [33m\u2502[0m                     [94m0x00000218576B6120[0m[1m>[0m                               
  [33m\u2502[0m [31m\u2502[0m
[31m\u2502[0m [33m\u2502[0m           runtime = [1;35mRuntime[0m[1m([0m                                        
    [33m\u2502[0m [31m\u2502[0m
[31m\u2502[0m [33m\u2502[0m                     [2m\u2502   [0m[33mcontext[0m=[94mNone[0m,                   
                [33m\u2502[0m [31m\u2502[0m
[31m\u2502[0m [33m\u2502[0m                     [2m\u2502   [0m[33mstore[0m=[94mNone[0m,                     
                [33m\u2502[0m [31m\u2502[0m
[31m\u2502[0m [33m\u2502[0m                     [2m\u2502   
[0m[33mstream_writer[0m=[1m<[0m[1;95mfunction[0m[39m [0m                        [33m\u2502[0m 
[31m\u2502[0m
[31m\u2502[0m [33m\u2502[0m                     [39mPregel.astream.<locals>.stream_writer at [0m           
[33m\u2502[0m [31m\u2502[0m
[31m\u2502[0m [33m\u2502[0m                     [94m0x00000218576A9C60[0m[1m>[0m,                              
  [33m\u2502[0m [31m\u2502[0m
[31m\u2502[0m [33m\u2502[0m                     [2m\u2502   [0m[33mprevious[0m=[94mNone[0m,                  
                [33m\u2502[0m [31m\u2502[0m
[31m\u2502[0m [33m\u2502[0m                     [2m\u2502   [0m[33mexecution_info[0m=[94mNone[0m,            
                [33m\u2502[0m [31m\u2502[0m
[31m\u2502[0m [33m\u2502[0m                     [2m\u2502   [0m[33mserver_info[0m=[94mNone[0m                
                [33m\u2502[0m [31m\u2502[0m
[31m\u2502[0m [33m\u2502[0m                     [1m)[0m                                                   
[33m\u2502[0m [31m\u2502[0m
[31m\u2502[0m [33m\u2502[0m              self = [1m<[0m[1;95mlanggraph.graph.state.CompiledStateGraph[0m[39m 
object at[0m [33m\u2502[0m [31m\u2502[0m
[31m\u2502[0m [33m\u2502[0m                     [94m0x000002185766FAD0[0m[1m>[0m                               
  [33m\u2502[0m [31m\u2502[0m
[31m\u2502[0m [33m\u2502[0m       server_info = [94mNone[0m                                                
[33m\u2502[0m [31m\u2502[0m
[31m\u2502[0m [33m\u2502[0m             store = [94mNone[0m                                                
[33m\u2502[0m [31m\u2502[0m
[31m\u2502[0m [33m\u2502[0m            stream = [1m<[0m[1;95mAsyncQueue[0m[39m at 
[0m[94m0x218576b5520[0m[39m [0m[33mmaxsize[0m[39m=[0m[94m0[0m[39m 
[0m[33mtasks[0m[39m=[0m[94m2[0m[1m>[0m     [33m\u2502[0m [31m\u2502[0m
[31m\u2502[0m [33m\u2502[0m       stream_mode = [33m'updates'[0m                                           
[33m\u2502[0m [31m\u2502[0m
[31m\u2502[0m [33m\u2502[0m      stream_modes = [1m{[0m[33m'updates'[0m[1m}[0m                               
          [33m\u2502[0m [31m\u2502[0m
[31m\u2502[0m [33m\u2502[0m        stream_put = 
[1;35mfunctools.partial[0m[1m([0m[1m<[0m[1;95mbound[0m[39m method [0m                    [33m\u2502[0m 
[31m\u2502[0m
[31m\u2502[0m [33m\u2502[0m                     [39mBaseEventLoop.call_soon_threadsafe of [0m              
[33m\u2502[0m [31m\u2502[0m
[31m\u2502[0m [33m\u2502[0m                     [39m<ProactorEventLoop 
[0m[33mrunning[0m[39m=[0m[94mFalse[0m[39m [0m[33mclosed[0m[39m=[0m[94mTrue[0m[39m [0m       
[33m\u2502[0m [31m\u2502[0m
[31m\u2502[0m [33m\u2502[0m                     [33mdebug[0m[39m=[0m[94mFalse[0m[39m>>, <bound method 
Queue.put_nowait of [0m   [33m\u2502[0m [31m\u2502[0m
[31m\u2502[0m [33m\u2502[0m                     [39m<AsyncQueue at [0m[94m0x218576b5520[0m[39m 
[0m[33mmaxsize[0m[39m=[0m[94m0[0m[39m [0m[33mtasks[0m[39m=[0m[94m2[0m[39m>[0m[1m>[0m[1m)[0m   
[33m\u2502[0m [31m\u2502[0m
[31m\u2502[0m [33m\u2502[0m         subgraphs = [94mFalse[0m                                               
[33m\u2502[0m [31m\u2502[0m
[31m\u2502[0m [33m\u2502[0m           version = [33m'v1'[0m                                                
[33m\u2502[0m [31m\u2502[0m
[31m\u2502[0m [33m\u2514\u2500\u2500\u2500\u2500\u2500\u2500\u2500\u2500\u2500\u2500\u2500\u2500\u2500\u2500\u2500\u
2500\u2500\u2500\u2500\u2500\u2500\u2500\u2500\u2500\u2500\u2500\u2500\u2500\u2500\u2500\u2500\u2500\u2500\u2500\u2500\
u2500\u2500\u2500\u2500\u2500\u2500\u2500\u2500\u2500\u2500\u2500\u2500\u2500\u2500\u2500\u2500\u2500\u2500\u2500\u2500
\u2500\u2500\u2500\u2500\u2500\u2500\u2500\u2500\u2500\u2500\u2500\u2500\u2500\u2500\u2500\u2500\u2500\u2500\u2518[0m 
[31m\u2502[0m
[31m\u2502[0m                                                                             [31m\u2502[0m
[31m\u2502[0m [33mC:\Users\Nishant [0m                                                           [31m\u2502[0m
[31m\u2502[0m [33mAwasthi\AppData\Local\Programs\Python\Python312\Lib\site-packages\langgraph[0m [31m\u2502[0m
[31m\u2502[0m [33m\pregel\_runner.py[0m:[94m304[0m in [92matick[0m                                             
[31m\u2502[0m
[31m\u2502[0m                                                                             [31m\u2502[0m
[31m\u2502[0m   [2m301 [0m[2m\u2502   \u2502   [0m[94melif[0m [96mlen[0m(tasks) == [94m1[0m [95mand[0m 
get_waiter [95mis[0m [94mNone[0m [95mand[0m timeout [95mis[0m [94mNo[0m [31m\u2502[0m
[31m\u2502[0m   [2m302 [0m[2m\u2502   \u2502   \u2502   [0mt = tasks[[94m0[0m]                                 
             [31m\u2502[0m
[31m\u2502[0m   [2m303 [0m[2m\u2502   \u2502   \u2502   [0m[94mtry[0m:                                         
             [31m\u2502[0m
[31m\u2502[0m [31m> [0m304 [2m\u2502   \u2502   \u2502   \u2502   [0m[94mawait[0m arun_with_retry(             
                   [31m\u2502[0m
[31m\u2502[0m   [2m305 [0m[2m\u2502   \u2502   \u2502   \u2502   \u2502   [0mt,                                  
              [31m\u2502[0m
[31m\u2502[0m   [2m306 [0m[2m\u2502   \u2502   \u2502   \u2502   \u2502   [0mretry_policy,                       
              [31m\u2502[0m
[31m\u2502[0m   [2m307 [0m[2m\u2502   \u2502   \u2502   \u2502   \u2502   [0mstream=[96mself[0m.use_astream,   
                       [31m\u2502[0m
[31m\u2502[0m                                                                             [31m\u2502[0m
[31m\u2502[0m [33m\u250c\u2500[0m[33m\u2500\u2500\u2500\u2500\u2500\u2500\u2500\u2500\u2500\u2500\u2500\u2500\u250
0\u2500\u2500\u2500\u2500\u2500\u2500\u2500\u2500\u2500\u2500\u2500\u2500\u2500\u2500\u2500\u2500\u2500\u2500[0m[33m 
locals [0m[33m\u2500\u2500\u2500\u2500\u2500\u2500\u2500\u2500\u2500\u2500\u2500\u2500\u2500\u2500\u2500\u2500\u2500\
u2500\u2500\u2500\u2500\u2500\u2500\u2500\u2500\u2500\u2500\u2500\u2500\u2500\u2500\u2500[0m[33m\u2500\u2510[0m 
[31m\u2502[0m
[31m\u2502[0m [33m\u2502[0m       futures = [1m{[0m[1m}[0m                                                     
 [33m\u2502[0m [31m\u2502[0m
[31m\u2502[0m [33m\u2502[0m    get_waiter = [94mNone[0m                                                    
[33m\u2502[0m [31m\u2502[0m
[31m\u2502[0m [33m\u2502[0m          loop = [1m<[0m[1;95mProactorEventLoop[0m[39m 
[0m[33mrunning[0m[39m=[0m[94mFalse[0m[39m [0m[33mclosed[0m[39m=[0m[94mTrue[0m[39m [0m           
[33m\u2502[0m [31m\u2502[0m
[31m\u2502[0m [33m\u2502[0m                 [33mdebug[0m[39m=[0m[94mFalse[0m[1m>[0m                        
                    [33m\u2502[0m [31m\u2502[0m
[31m\u2502[0m [33m\u2502[0m       reraise = [94mTrue[0m                                                    
[33m\u2502[0m [31m\u2502[0m
[31m\u2502[0m [33m\u2502[0m  retry_policy = [94mNone[0m                                                    
[33m\u2502[0m [31m\u2502[0m
[31m\u2502[0m [33m\u2502[0m schedule_task = [1m<[0m[1;95mbound[0m[39m method AsyncPregelLoop.aaccept_push of 
[0m          [33m\u2502[0m [31m\u2502[0m
[31m\u2502[0m [33m\u2502[0m                 [39m<langgraph.pregel._loop.AsyncPregelLoop object at [0m      
[33m\u2502[0m [31m\u2502[0m
[31m\u2502[0m [33m\u2502[0m                 [94m0x00000218576B5E50[0m[39m>[0m[1m>[0m                         
           [33m\u2502[0m [31m\u2502[0m
[31m\u2502[0m [33m\u2502[0m          self = [1m<[0m[1;95mlanggraph.pregel._runner.PregelRunner[0m[39m object 
at [0m       [33m\u2502[0m [31m\u2502[0m
[31m\u2502[0m [33m\u2502[0m                 [94m0x00000218576B6120[0m[1m>[0m                                   
  [33m\u2502[0m [31m\u2502[0m
[31m\u2502[0m [33m\u2502[0m             t = [1;35mPregelExecutableTask[0m[1m([0m                               
    [33m\u2502[0m [31m\u2502[0m
[31m\u2502[0m [33m\u2502[0m                 [2m\u2502   [0m[33mname[0m=[33m'retrieval'[0m,                   
                [33m\u2502[0m [31m\u2502[0m
[31m\u2502[0m [33m\u2502[0m                 [2m\u2502   [0m[33minput[0m=[1m{[0m                              
               [33m\u2502[0m [31m\u2502[0m
[31m\u2502[0m [33m\u2502[0m                 [2m\u2502   \u2502   [0m[33m'claim_id'[0m: 
[33m'test-orch-001'[0m,                    [33m\u2502[0m [31m\u2502[0m
[31m\u2502[0m [33m\u2502[0m                 [2m\u2502   \u2502   [0m[33m'modality'[0m: [33m'text'[0m,        
                     [33m\u2502[0m [31m\u2502[0m
[31m\u2502[0m [33m\u2502[0m                 [2m\u2502   \u2502   [0m[33m'content'[0m: [33m'The moon is made 
of green cheese [0m   [33m\u2502[0m [31m\u2502[0m
[31m\u2502[0m [33m\u2502[0m                 [33maccording to recent satellite images from a pri'[0m+[94m13[0m, 
   [33m\u2502[0m [31m\u2502[0m
[31m\u2502[0m [33m\u2502[0m                 [2m\u2502   \u2502   [0m[33m'original_text'[0m: [33m'The moon is 
made of green [0m    [33m\u2502[0m [31m\u2502[0m
[31m\u2502[0m [33m\u2502[0m                 [33mcheese according to recent satellite images from a [0m     
[33m\u2502[0m [31m\u2502[0m
[31m\u2502[0m [33m\u2502[0m                 [33mpri'[0m+[94m13[0m,                                             
   [33m\u2502[0m [31m\u2502[0m
[31m\u2502[0m [33m\u2502[0m                 [2m\u2502   \u2502   [0m[33m'is_cached'[0m: [94mFalse[0m,        
                     [33m\u2502[0m [31m\u2502[0m
[31m\u2502[0m [33m\u2502[0m                 [2m\u2502   \u2502   [0m[33m'fingerprint'[0m:                      
            [33m\u2502[0m [31m\u2502[0m
[31m\u2502[0m [33m\u2502[0m                 [33m'ad1b79d4a0fb64fe8fc24871e158426ebcbea56a991c00277cbc6à[0m 
[33m\u2502[0m [31m\u2502[0m
[31m\u2502[0m [33m\u2502[0m                 [2m\u2502   \u2502   [0m[33m'analysis_results'[0m: [1m{[0m       
                    [33m\u2502[0m [31m\u2502[0m
[31m\u2502[0m [33m\u2502[0m                 [2m\u2502   \u2502   \u2502   [0m[33m'verdict'[0m: 
[33m'FAKE'[0m,                          [33m\u2502[0m [31m\u2502[0m
[31m\u2502[0m [33m\u2502[0m                 [2m\u2502   \u2502   \u2502   [0m[33m'confidence'[0m: 
[94m0.99[0m,                         [33m\u2502[0m [31m\u2502[0m
[31m\u2502[0m [33m\u2502[0m                 [2m\u2502   \u2502   \u2502   [0m[33m'fallacies'[0m: [1m[[0m     
                         [33m\u2502[0m [31m\u2502[0m
[31m\u2502[0m [33m\u2502[0m                 [2m\u2502   \u2502   \u2502   \u2502   [0m[33m'appeal to 
authority'[0m,                  [33m\u2502[0m [31m\u2502[0m
[31m\u2502[0m [33m\u2502[0m                 [2m\u2502   \u2502   \u2502   \u2502   [0m[33m'lack of 
evidence'[0m                      [33m\u2502[0m [31m\u2502[0m
[31m\u2502[0m [33m\u2502[0m                 [2m\u2502   \u2502   \u2502   [0m[1m][0m,                          
                [33m\u2502[0m [31m\u2502[0m
[31m\u2502[0m [33m\u2502[0m                 [2m\u2502   \u2502   \u2502   [0m[33m'explanation'[0m: [33m'The 
claim that the moon is [0m [33m\u2502[0m [31m\u2502[0m
[31m\u2502[0m [33m\u2502[0m                 [33mmade of green cheese contradicts extensive [0m             
[33m\u2502[0m [31m\u2502[0m
[31m\u2502[0m [33m\u2502[0m                 [33mscientific'[0m+[94m105[0m,                                     
   [33m\u2502[0m [31m\u2502[0m
[31m\u2502[0m [33m\u2502[0m                 [2m\u2502   \u2502   \u2502   [0m[33m'detected_claims'[0m: 
[1m[[0m                        [33m\u2502[0m [31m\u2502[0m
[31m\u2502[0m [33m\u2502[0m                 [2m\u2502   \u2502   \u2502   \u2502   [0m[33m'The moon is made of 
green cheese'[0m,     [33m\u2502[0m [31m\u2502[0m
[31m\u2502[0m [33m\u2502[0m                 [2m\u2502   \u2502   \u2502   \u2502   [0m[33m'Recent satellite 
images from a private[0m [33m\u2502[0m [31m\u2502[0m
[31m\u2502[0m [33m\u2502[0m                 [33mmission support this claim'[0m                             
[33m\u2502[0m [31m\u2502[0m
[31m\u2502[0m [33m\u2502[0m                 [2m\u2502   \u2502   \u2502   [0m[1m][0m                           
                [33m\u2502[0m [31m\u2502[0m
[31m\u2502[0m [33m\u2502[0m                 [2m\u2502   \u2502   [0m[1m}[0m,                                   
           [33m\u2502[0m [31m\u2502[0m
[31m\u2502[0m [33m\u2502[0m                 [2m\u2502   \u2502   [0m[33m'language_hint'[0m: [33m'en'[0m      
                     [33m\u2502[0m [31m\u2502[0m
[31m\u2502[0m [33m\u2502[0m                 [2m\u2502   [0m[1m}[0m,                                            
      [33m\u2502[0m [31m\u2502[0m
[31m\u2502[0m [33m\u2502[0m                 [2m\u2502   
[0m[33mproc[0m=[1m<[0m[1;95mlanggraph._internal._runnable.RunnableSeq[0m[39m [0m    [33m\u2502[0m 
[31m\u2502[0m
[31m\u2502[0m [33m\u2502[0m                 [39mobject at [0m[94m0x00000218576B6A50[0m[39m>,[0m              
            [33m\u2502[0m [31m\u2502[0m
[31m\u2502[0m [33m\u2502[0m                 [2;39m\u2502   
[0m[33mwrites[0m[39m=[0m[1;35mdeque[0m[1;39m([0m[1;39m[[0m                                      
[33m\u2502[0m [31m\u2502[0m
[31m\u2502[0m [33m\u2502[0m                 [2;39m\u2502   \u2502   [0m[1;39m([0m                              
                 [33m\u2502[0m [31m\u2502[0m
[31m\u2502[0m [33m\u2502[0m                 [2;39m\u2502   \u2502   \u2502   [0m[33m'__error__'[0m[39m,[0m   
                             [33m\u2502[0m [31m\u2502[0m
[31m\u2502[0m [33m\u2502[0m                 [2;39m\u2502   \u2502   \u2502   
[0m[1;35mNoSuchFile[0m[1;39m([0m[33m"[0m[1;33m[[0m[33mONNXRuntimeError[0m[1;33m][0m[33m : 3 : [0m       
[33m\u2502[0m [31m\u2502[0m
[31m\u2502[0m [33m\u2502[0m                 [33mNO_SUCHFILE : Load model from [0m                          
[33m\u2502[0m [31m\u2502[0m
[31m\u2502[0m [33m\u2502[0m                 [33mD:\\PHEME\\temp\\fastembed_cache\\models--qdrant--bge-à[0m 
[33m\u2502[0m [31m\u2502[0m
[31m\u2502[0m [33m\u2502[0m                 [33mfailed:Load model [0m                                      
[33m\u2502[0m [31m\u2502[0m
[31m\u2502[0m [33m\u2502[0m                 [33mD:\\PHEME\\temp\\fastembed_cache\\models--qdrant--bge-à[0m 
[33m\u2502[0m [31m\u2502[0m
[31m\u2502[0m [33m\u2502[0m                 [33mfailed. File doesn't exist"[0m[1;39m)[0m                       
     [33m\u2502[0m [31m\u2502[0m
[31m\u2502[0m [33m\u2502[0m                 [2;39m\u2502   \u2502   [0m[1;39m)[0m                              
                 [33m\u2502[0m [31m\u2502[0m
[31m\u2502[0m [33m\u2502[0m                 [2;39m\u2502   [0m[1;39m][0m[1;39m)[0m[39m,[0m                 
                                [33m\u2502[0m [31m\u2502[0m
[31m\u2502[0m [33m\u2502[0m                 [2;39m\u2502   [0m[33mconfig[0m[39m=[0m[1;39m{[0m              
                              [33m\u2502[0m [31m\u2502[0m
[31m\u2502[0m [33m\u2502[0m                 [2;39m\u2502   \u2502   [0m[33m'configurable'[0m[39m: 
[0m[1;39m{[0m                               [33m\u2502[0m [31m\u2502[0m
[31m\u2502[0m [33m\u2502[0m                 [2;39m\u2502   \u2502   \u2502   
[0m[33m'__pregel_runtime'[0m[39m: [0m[1;35mRuntime[0m[1;39m([0m                [33m\u2502[0m [31m\u2502[0m
[31m\u2502[0m [33m\u2502[0m                 [2;39m\u2502   \u2502   \u2502   \u2502   
[0m[33mcontext[0m[39m=[0m[94mNone[0m[39m,[0m                           [33m\u2502[0m [31m\u2502[0m
[31m\u2502[0m [33m\u2502[0m                 [2;39m\u2502   \u2502   \u2502   \u2502   
[0m[33mstore[0m[39m=[0m[94mNone[0m[39m,[0m                             [33m\u2502[0m [31m\u2502[0m
[31m\u2502[0m [33m\u2502[0m                 [2;39m\u2502   \u2502   \u2502   \u2502   
[0m[33mstream_writer[0m[39m=<function [0m                [33m\u2502[0m [31m\u2502[0m
[31m\u2502[0m [33m\u2502[0m                 [39mPregel.astream.<locals>.stream_writer at [0m               
[33m\u2502[0m [31m\u2502[0m
[31m\u2502[0m [33m\u2502[0m                 [94m0x00000218576A9C60[0m[39m>,[0m                                 
   [33m\u2502[0m [31m\u2502[0m
[31m\u2502[0m [33m\u2502[0m                 [2;39m\u2502   \u2502   \u2502   \u2502   
[0m[33mprevious[0m[39m=[0m[94mNone[0m[39m,[0m                          [33m\u2502[0m [31m\u2502[0m
[31m\u2502[0m [33m\u2502[0m                 [2;39m\u2502   \u2502   \u2502   \u2502   
[0m[33mexecution_info[0m[39m=[0m[1;35mExecutionInfo[0m[1;39m([0m           [33m\u2502[0m [31m\u2502[0m
[31m\u2502[0m [33m\u2502[0m                 [2;39m\u2502   \u2502   \u2502   \u2502   \u2502   [0m               
                     [33m\u2502[0m [31m\u2502[0m
[31m\u2502[0m [33m\u2502[0m                 
[33mcheckpoint_id[0m[39m=[0m[33m'1f13a515-7e35-6415-8002-b71c41f185be'[0m[39m,[0m   [33m\u2502[0m 
[31m\u2502[0m
[31m\u2502[0m [33m\u2502[0m                 [2;39m\u2502   \u2502   \u2502   \u2502   \u2502   [0m               
                     [33m\u2502[0m [31m\u2502[0m
[31m\u2502[0m [33m\u2502[0m                 
[33mcheckpoint_ns[0m[39m=[0m[33m'retrieval:724f0e68-c3cc-2aab-0d00-832c1à[0m [33m\u2502[0m [31m\u2502[0m
[31m\u2502[0m [33m\u2502[0m                 [2;39m\u2502   \u2502   \u2502   \u2502   \u2502   [0m               
                     [33m\u2502[0m [31m\u2502[0m
[31m\u2502[0m [33m\u2502[0m                 
[33mtask_id[0m[39m=[0m[33m'724f0e68-c3cc-2aab-0d00-832c18ef98c0'[0m[39m,[0m         [33m\u2502[0m 
[31m\u2502[0m
[31m\u2502[0m [33m\u2502[0m                 [2;39m\u2502   \u2502   \u2502   \u2502   \u2502   
[0m[33mthread_id[0m[39m=[0m[94mNone[0m[39m,[0m                     [33m\u2502[0m [31m\u2502[0m
[31m\u2502[0m [33m\u2502[0m                 [2;39m\u2502   \u2502   \u2502   \u2502   \u2502   
[0m[33mrun_id[0m[39m=[0m[94mNone[0m[39m,[0m                        [33m\u2502[0m [31m\u2502[0m
[31m\u2502[0m [33m\u2502[0m                 [2;39m\u2502   \u2502   \u2502   \u2502   \u2502   
[0m[33mnode_attempt[0m[39m=[0m[94m1[0m[39m,[0m                     [33m\u2502[0m [31m\u2502[0m
[31m\u2502[0m [33m\u2502[0m                 [2;39m\u2502   \u2502   \u2502   \u2502   \u2502   
[0m[33mnode_first_attempt_time[0m[39m=[0m[94mNone[0m        [33m\u2502[0m [31m\u2502[0m
[31m\u2502[0m [33m\u2502[0m                 [2;39m\u2502   \u2502   \u2502   \u2502   [0m[1;39m)[0m[39m,[0m  
                                    [33m\u2502[0m [31m\u2502[0m
[31m\u2502[0m [33m\u2502[0m                 [2;39m\u2502   \u2502   \u2502   \u2502   
[0m[33mserver_info[0m[39m=[0m[94mNone[0m                        [33m\u2502[0m [31m\u2502[0m
[31m\u2502[0m [33m\u2502[0m                 [2;39m\u2502   \u2502   \u2502   [0m[1;39m)[0m[39m,[0m           
                               [33m\u2502[0m [31m\u2502[0m
[31m\u2502[0m [33m\u2502[0m                 [2;39m\u2502   \u2502   \u2502   
[0m[33m'__pregel_replay_state'[0m[39m: [0m[94mNone[0m[39m,[0m              [33m\u2502[0m [31m\u2502[0m
[31m\u2502[0m [33m\u2502[0m                 [2;39m\u2502   \u2502   \u2502   
[0m[33m'__pregel_task_id'[0m[39m: [0m                        [33m\u2502[0m [31m\u2502[0m
[31m\u2502[0m [33m\u2502[0m                 [33m'724f0e68-c3cc-2aab-0d00-832c18ef98c0'[0m[39m,[0m              
   [33m\u2502[0m [31m\u2502[0m
[31m\u2502[0m [33m\u2502[0m                 [2;39m\u2502   \u2502   \u2502   [0m[33m'__pregel_send'[0m[39m: 
<built-in method extend of[0m [33m\u2502[0m [31m\u2502[0m
[31m\u2502[0m [33m\u2502[0m                 [39mcollections.deque object at 
[0m[94m0x00000218573836A0[0m[39m>,[0m        [33m\u2502[0m [31m\u2502[0m
[31m\u2502[0m [33m\u2502[0m                 [2;39m\u2502   \u2502   \u2502   [0m[33m'__pregel_read'[0m[39m: 
[0m                           [33m\u2502[0m [31m\u2502[0m
[31m\u2502[0m [33m\u2502[0m                 [1;35mfunctools.partial[0m[1;39m([0m[39m<function local_read at 
[0m              [33m\u2502[0m [31m\u2502[0m
[31m\u2502[0m [33m\u2502[0m                 [94m0x0000021819AC9080[0m[39m>, 
[0m[1;35mPregelScratchpad[0m[1;39m([0m[33mstep[0m[39m=[0m[94m3[0m[39m, [0m          [33m\u2502[0m 
[31m\u2502[0m
[31m\u2502[0m [33m\u2502[0m                 [33mstop[0m[39m=[0m[94m10007[0m[39m, [0m                       
                     [33m\u2502[0m [31m\u2502[0m
[31m\u2502[0m [33m\u2502[0m                 [33mcall_counter[0m[39m=<langgraph.pregel._algo.LazyAtomicCounter 
[0m [33m\u2502[0m [31m\u2502[0m
[31m\u2502[0m [33m\u2502[0m                 [39mobject at [0m[94m0x00000218576B6260[0m[39m>, [0m             
            [33m\u2502[0m [31m\u2502[0m
[31m\u2502[0m [33m\u2502[0m                 
[33minterrupt_counter[0m[39m=<langgraph.pregel._algo.LazyAtomicCoà[0m [33m\u2502[0m [31m\u2502[0m
[31m\u2502[0m [33m\u2502[0m                 [39mobject at [0m[94m0x00000218576B6410[0m[39m>, [0m             
            [33m\u2502[0m [31m\u2502[0m
[31m\u2502[0m [33m\u2502[0m                 [33mget_null_resume[0m[39m=<function [0m                           
   [33m\u2502[0m [31m\u2502[0m
[31m\u2502[0m [33m\u2502[0m                 [39m_scratchpad.<locals>.get_null_resume at [0m                
[33m\u2502[0m [31m\u2502[0m
[31m\u2502[0m [33m\u2502[0m                 [94m0x000002185777F920[0m[39m>, 
[0m[33mresume[0m[39m=[0m[1;39m[[0m[1;39m][0m[39m, [0m                        [33m\u2502[0m [31m\u2502[0m
[31m\u2502[0m [33m\u2502[0m                 
[33msubgraph_counter[0m[39m=<langgraph.pregel._algo.LazyAtomicCouà[0m [33m\u2502[0m [31m\u2502[0m
[31m\u2502[0m [33m\u2502[0m                 [39mobject at 
[0m[94m0x00000218576B6140[0m[39m>[0m[1;39m)[0m[39m, [0m[1;39m{[0m[33m'claim_id'[0m[39m: [0m           
[33m\u2502[0m [31m\u2502[0m
[31m\u2502[0m [33m\u2502[0m                 [39m<langgraph.channels.last_value.LastValue object at [0m     
[33m\u2502[0m [31m\u2502[0m
[31m\u2502[0m [33m\u2502[0m                 [94m0x00000218564BE480[0m[39m>, [0m[33m'modality'[0m[39m: [0m  
                     [33m\u2502[0m [31m\u2502[0m
[31m\u2502[0m [33m\u2502[0m                 [39m<langgraph.channels.last_value.LastValue object at [0m     
[33m\u2502[0m [31m\u2502[0m
[31m\u2502[0m [33m\u2502[0m                 [94m0x00000218564BE6C0[0m[39m>, [0m[33m'content'[0m[39m: [0m   
                     [33m\u2502[0m [31m\u2502[0m
[31m\u2502[0m [33m\u2502[0m                 [39m<langgraph.channels.last_value.LastValue object at [0m     
[33m\u2502[0m [31m\u2502[0m
[31m\u2502[0m [33m\u2502[0m                 [94m0x000002183CC59780[0m[39m>, [0m[33m'original_text'[0m[39m: 
[0m                  [33m\u2502[0m [31m\u2502[0m
[31m\u2502[0m [33m\u2502[0m                 [39m<langgraph.channels.last_value.LastValue object at [0m     
[33m\u2502[0m [31m\u2502[0m
[31m\u2502[0m [33m\u2502[0m                 [94m0x000002183CC59480[0m[39m>, [0m[33m'is_cached'[0m[39m: [0m 
                     [33m\u2502[0m [31m\u2502[0m
[31m\u2502[0m [33m\u2502[0m                 [39m<langgraph.channels.last_value.LastValue object at [0m     
[33m\u2502[0m [31m\u2502[0m
[31m\u2502[0m [33m\u2502[0m                 [94m0x000002183CC46700[0m[39m>, [0m[33m'fingerprint'[0m[39m: 
[0m                    [33m\u2502[0m [31m\u2502[0m
[31m\u2502[0m [33m\u2502[0m                 [39m<langgraph.channels.last_value.LastValue object at [0m     
[33m\u2502[0m [31m\u2502[0m
[31m\u2502[0m [33m\u2502[0m                 [94m0x000002183CC47800[0m[39m>, [0m[33m'qdrant_context'[0m[39m: 
[0m                 [33m\u2502[0m [31m\u2502[0m
[31m\u2502[0m [33m\u2502[0m                 [39m<langgraph.channels.last_value.LastValue object at [0m     
[33m\u2502[0m [31m\u2502[0m
[31m\u2502[0m [33m\u2502[0m                 [94m0x000002183CC44A00[0m[39m>, [0m[33m'neo4j_context'[0m[39m: 
[0m                  [33m\u2502[0m [31m\u2502[0m
[31m\u2502[0m [33m\u2502[0m                 [39m<langgraph.channels.last_value.LastValue object at [0m     
[33m\u2502[0m [31m\u2502[0m
[31m\u2502[0m [33m\u2502[0m                 [94m0x000002183CC45D40[0m[39m>, 
[0m[33m'analysis_results'[0m[39m: [0m               [33m\u2502[0m [31m\u2502[0m
[31m\u2502[0m [33m\u2502[0m                 [39m<langgraph.channels.last_value.LastValue object at [0m     
[33m\u2502[0m [31m\u2502[0m
[31m\u2502[0m [33m\u2502[0m                 [94m0x000002183CC47100[0m[39m>, [0m[33m'verifications'[0m[39m: 
[0m                  [33m\u2502[0m [31m\u2502[0m
[31m\u2502[0m [33m\u2502[0m                 [39m<langgraph.channels.last_value.LastValue object at [0m     
[33m\u2502[0m [31m\u2502[0m
[31m\u2502[0m [33m\u2502[0m                 [94m0x000002183CC46B00[0m[39m>, [0m[33m'final_verdict'[0m[39m: 
[0m                  [33m\u2502[0m [31m\u2502[0m
[31m\u2502[0m [33m\u2502[0m                 [39m<langgraph.channels.last_value.LastValue object at [0m     
[33m\u2502[0m [31m\u2502[0m
[31m\u2502[0m [33m\u2502[0m                 [94m0x00000218576C29C0[0m[39m>, [0m[33m'score'[0m[39m: [0m     
                     [33m\u2502[0m [31m\u2502[0m
[31m\u2502[0m [33m\u2502[0m                 [39m<langgraph.channels.last_value.LastValue object at [0m     
[33m\u2502[0m [31m\u2502[0m
[31m\u2502[0m [33m\u2502[0m                 [94m0x00000218576C2E40[0m[39m>, [0m[33m'explanation'[0m[39m: 
[0m                    [33m\u2502[0m [31m\u2502[0m
[31m\u2502[0m [33m\u2502[0m                 [39m<langgraph.channels.last_value.LastValue object at [0m     
[33m\u2502[0m [31m\u2502[0m
[31m\u2502[0m [33m\u2502[0m                 [94m0x00000218576C09C0[0m[39m>, [0m[33m'links'[0m[39m: [0m     
                     [33m\u2502[0m [31m\u2502[0m
[31m\u2502[0m [33m\u2502[0m                 [39m<langgraph.channels.last_value.LastValue object at [0m     
[33m\u2502[0m [31m\u2502[0m
[31m\u2502[0m [33m\u2502[0m                 [94m0x00000218576C1040[0m[39m>, [0m[33m'language_hint'[0m[39m: 
[0m                  [33m\u2502[0m [31m\u2502[0m
[31m\u2502[0m [33m\u2502[0m                 [39m<langgraph.channels.last_value.LastValue object at [0m     
[33m\u2502[0m [31m\u2502[0m
[31m\u2502[0m [33m\u2502[0m                 [94m0x00000218576C1380[0m[39m>, [0m[33m'__start__'[0m[39m: [0m 
                     [33m\u2502[0m [31m\u2502[0m
[31m\u2502[0m [33m\u2502[0m                 [39m<langgraph.channels.ephemeral_value.EphemeralValue [0m     
[33m\u2502[0m [31m\u2502[0m
[31m\u2502[0m [33m\u2502[0m                 [39mobject at [0m[94m0x00000218576C1400[0m[39m>, 
[0m[33m'__pregel_tasks'[0m[39m: [0m       [33m\u2502[0m [31m\u2502[0m
[31m\u2502[0m [33m\u2502[0m                 [39m<langgraph.channels.topic.Topic object at [0m              
[33m\u2502[0m [31m\u2502[0m
[31m\u2502[0m [33m\u2502[0m                 [94m0x00000218576C3700[0m[39m>, 
[0m[33m'branch:to:fingerprint'[0m[39m: [0m          [33m\u2502[0m [31m\u2502[0m
[31m\u2502[0m [33m\u2502[0m                 [39m<langgraph.channels.ephemeral_value.EphemeralValue [0m     
[33m\u2502[0m [31m\u2502[0m
[31m\u2502[0m [33m\u2502[0m                 [39mobject at [0m[94m0x00000218576C0280[0m[39m>, [0m             
            [33m\u2502[0m [31m\u2502[0m
[31m\u2502[0m [33m\u2502[0m                 [33m'branch:to:expert_analysis'[0m[39m: [0m                        
   [33m\u2502[0m [31m\u2502[0m
[31m\u2502[0m [33m\u2502[0m                 [39m<langgraph.channels.ephemeral_value.EphemeralValue [0m     
[33m\u2502[0m [31m\u2502[0m
[31m\u2502[0m [33m\u2502[0m                 [39mobject at [0m[94m0x00000218576C2540[0m[39m>, 
[0m[33m'branch:to:retrieval'[0m[39m: [0m  [33m\u2502[0m [31m\u2502[0m
[31m\u2502[0m [33m\u2502[0m                 [39m<langgraph.channels.ephemeral_value.EphemeralValue [0m     
[33m\u2502[0m [31m\u2502[0m
[31m\u2502[0m [33m\u2502[0m                 [39mobject at [0m[94m0x00000218576C18C0[0m[39m>, 
[0m[33m'branch:to:verify'[0m[39m: [0m     [33m\u2502[0m [31m\u2502[0m
[31m\u2502[0m [33m\u2502[0m                 [39m<langgraph.channels.ephemeral_value.EphemeralValue [0m     
[33m\u2502[0m [31m\u2502[0m
[31m\u2502[0m [33m\u2502[0m                 [39mobject at [0m[94m0x00000218576C1B40[0m[39m>, 
[0m[33m'branch:to:finalize'[0m[39m: [0m   [33m\u2502[0m [31m\u2502[0m
[31m\u2502[0m [33m\u2502[0m                 [39m<langgraph.channels.ephemeral_value.EphemeralValue [0m     
[33m\u2502[0m [31m\u2502[0m
[31m\u2502[0m [33m\u2502[0m                 [39mobject at 
[0m[94m0x00000218576C2580[0m[39m>[0m[1;39m}[0m[39m, [0m[1;39m{[0m[1;39m}[0m[39m, [0m                    
[33m\u2502[0m [31m\u2502[0m
[31m\u2502[0m [33m\u2502[0m                 
[1;35mPregelTaskWrites[0m[1;39m([0m[33mpath[0m[39m=[0m[1;39m([0m[33m'__pregel_pull'[0m[39m, 
[0m[33m'retrieval'[0m[1;39m)[0m[39m, [0m  [33m\u2502[0m [31m\u2502[0m
[31m\u2502[0m [33m\u2502[0m                 [33mname[0m[39m=[0m[33m'retrieval'[0m[39m, 
[0m[33mwrites[0m[39m=[0m[1;35mdeque[0m[1;39m([0m[1;39m[[0m[1;39m([0m[33m'__error__'[0m[39m, [0m       
   [33m\u2502[0m [31m\u2502[0m
[31m\u2502[0m [33m\u2502[0m                 
[1;35mNoSuchFile[0m[1;39m([0m[33m"[0m[1;33m[[0m[33mONNXRuntimeError[0m[1;33m][0m[33m : 3 : NO_SUCHFILE : 
Load[0m [33m\u2502[0m [31m\u2502[0m
[31m\u2502[0m [33m\u2502[0m                 [33mmodel from [0m                                             
[33m\u2502[0m [31m\u2502[0m
[31m\u2502[0m [33m\u2502[0m                 [33mD:\\PHEME\\temp\\fastembed_cache\\models--qdrant--bge-à[0m 
[33m\u2502[0m [31m\u2502[0m
[31m\u2502[0m [33m\u2502[0m                 [33mfailed:Load model [0m                                      
[33m\u2502[0m [31m\u2502[0m
[31m\u2502[0m [33m\u2502[0m                 [33mD:\\PHEME\\temp\\fastembed_cache\\models--qdrant--bge-à[0m 
[33m\u2502[0m [31m\u2502[0m
[31m\u2502[0m [33m\u2502[0m                 [33mfailed. File doesn't 
exist"[0m[1;39m)[0m[1;39m)[0m[1;39m][0m[1;39m)[0m[39m, [0m                       [33m\u2502[0m 
[31m\u2502[0m
[31m\u2502[0m [33m\u2502[0m                 [33mtriggers[0m[39m=[0m[1;39m([0m[33m'branch:to:retrieval'[0m[
39m,[0m[1;39m)[0m[1;39m)[0m[1;39m)[0m[39m,[0m                    [33m\u2502[0m [31m\u2502[0m
[31m\u2502[0m [33m\u2502[0m                 [2;39m\u2502   \u2502   \u2502   
[0m[33m'__pregel_checkpointer'[0m[39m: [0m[94mNone[0m[39m,[0m              [33m\u2502[0m [31m\u2502[0m
[31m\u2502[0m [33m\u2502[0m                 [2;39m\u2502   \u2502   \u2502   [0m[33m'checkpoint_map'[0m[39m: 
[0m[1;39m{[0m                         [33m\u2502[0m [31m\u2502[0m
[31m\u2502[0m [33m\u2502[0m                 [2;39m\u2502   \u2502   \u2502   \u2502   [0m[33m''[0m[39m: [0m  
                                  [33m\u2502[0m [31m\u2502[0m
[31m\u2502[0m [33m\u2502[0m                 [33m'1f13a515-7e35-6415-8002-b71c41f185be'[0m                  
[33m\u2502[0m [31m\u2502[0m
[31m\u2502[0m [33m\u2502[0m                 [2;39m\u2502   \u2502   \u2502   [0m[1;39m}[0m[39m,[0m           
                               [33m\u2502[0m [31m\u2502[0m
[31m\u2502[0m [33m\u2502[0m                 [2;39m\u2502   \u2502   \u2502   [0m[33m'checkpoint_id'[0m[39m: 
[0m[94mNone[0m[39m,[0m                      [33m\u2502[0m [31m\u2502[0m
[31m\u2502[0m [33m\u2502[0m                 [2;39m\u2502   \u2502   \u2502   [0m[33m'checkpoint_ns'[0m[39m: 
[0m                           [33m\u2502[0m [31m\u2502[0m
[31m\u2502[0m [33m\u2502[0m                 [33m'retrieval:724f0e68-c3cc-2aab-0d00-832c18ef98c0'[0m[39m,[0m    
   [33m\u2502[0m [31m\u2502[0m
[31m\u2502[0m [33m\u2502[0m                 [2;39m\u2502   \u2502   \u2502   
[0m[33m'__pregel_scratchpad'[0m[39m: [0m[1;35mPregelScratchpad[0m[1;39m([0m    [33m\u2502[0m [31m\u2502[0m
[31m\u2502[0m [33m\u2502[0m                 [2;39m\u2502   \u2502   \u2502   \u2502   
[0m[33mstep[0m[39m=[0m[94m3[0m[39m,[0m                                 [33m\u2502[0m [31m\u2502[0m
[31m\u2502[0m [33m\u2502[0m                 [2;39m\u2502   \u2502   \u2502   \u2502   
[0m[33mstop[0m[39m=[0m[94m10007[0m[39m,[0m                             [33m\u2502[0m [31m\u2502[0m
[31m\u2502[0m [33m\u2502[0m                 [2;39m\u2502   \u2502   \u2502   \u2502   [0m                        
                [33m\u2502[0m [31m\u2502[0m
[31m\u2502[0m [33m\u2502[0m                 [33mcall_counter[0m[39m=<langgraph.pregel._algo.LazyAtomicCounter 
[0m [33m\u2502[0m [31m\u2502[0m
[31m\u2502[0m [33m\u2502[0m                 [39mobject at [0m[94m0x00000218576B6260[0m[39m>,[0m              
            [33m\u2502[0m [31m\u2502[0m
[31m\u2502[0m [33m\u2502[0m                 [2;39m\u2502   \u2502   \u2502   \u2502   [0m                        
                [33m\u2502[0m [31m\u2502[0m
[31m\u2502[0m [33m\u2502[0m                 
[33minterrupt_counter[0m[39m=<langgraph.pregel._algo.LazyAtomicCoà[0m [33m\u2502[0m [31m\u2502[0m
[31m\u2502[0m [33m\u2502[0m                 [39mobject at [0m[94m0x00000218576B6410[0m[39m>,[0m              
            [33m\u2502[0m [31m\u2502[0m
[31m\u2502[0m [33m\u2502[0m                 [2;39m\u2502   \u2502   \u2502   \u2502   
[0m[33mget_null_resume[0m[39m=<function [0m              [33m\u2502[0m [31m\u2502[0m
[31m\u2502[0m [33m\u2502[0m                 [39m_scratchpad.<locals>.get_null_resume at [0m                
[33m\u2502[0m [31m\u2502[0m
[31m\u2502[0m [33m\u2502[0m                 [94m0x000002185777F920[0m[39m>,[0m                                 
   [33m\u2502[0m [31m\u2502[0m
[31m\u2502[0m [33m\u2502[0m                 [2;39m\u2502   \u2502   \u2502   \u2502   
[0m[33mresume[0m[39m=[0m[1;39m[[0m[1;39m][0m[39m,[0m                              [33m\u2502[0m 
[31m\u2502[0m
[31m\u2502[0m [33m\u2502[0m                 [2;39m\u2502   \u2502   \u2502   \u2502   [0m                        
                [33m\u2502[0m [31m\u2502[0m
[31m\u2502[0m [33m\u2502[0m                 
[33msubgraph_counter[0m[39m=<langgraph.pregel._algo.LazyAtomicCouà[0m [33m\u2502[0m [31m\u2502[0m
[31m\u2502[0m [33m\u2502[0m                 [39mobject at [0m[94m0x00000218576B6140[0m[39m>[0m               
            [33m\u2502[0m [31m\u2502[0m
[31m\u2502[0m [33m\u2502[0m                 [2;39m\u2502   \u2502   \u2502   [0m[1;39m)[0m                     
                      [33m\u2502[0m [31m\u2502[0m
[31m\u2502[0m [33m\u2502[0m                 [2;39m\u2502   \u2502   [0m[1;39m}[0m[39m,[0m                    
                          [33m\u2502[0m [31m\u2502[0m
[31m\u2502[0m [33m\u2502[0m                 [2;39m\u2502   \u2502   [0m[33m'metadata'[0m[39m: 
[0m[1;39m{[0m                                   [33m\u2502[0m [31m\u2502[0m
[31m\u2502[0m [33m\u2502[0m                 [2;39m\u2502   \u2502   \u2502   [0m[33m'langgraph_step'[0m[39m: 
[0m[94m3[0m[39m,[0m                        [33m\u2502[0m [31m\u2502[0m
[31m\u2502[0m [33m\u2502[0m                 [2;39m\u2502   \u2502   \u2502   [0m[33m'langgraph_node'[0m[39m: 
[0m[33m'retrieval'[0m[39m,[0m              [33m\u2502[0m [31m\u2502[0m
[31m\u2502[0m [33m\u2502[0m                 [2;39m\u2502   \u2502   \u2502   
[0m[33m'langgraph_triggers'[0m[39m: [0m[1;39m([0m                     [33m\u2502[0m [31m\u2502[0m
[31m\u2502[0m [33m\u2502[0m                 [2;39m\u2502   \u2502   \u2502   \u2502   
[0m[33m'branch:to:retrieval'[0m[39m,[0m                  [33m\u2502[0m [31m\u2502[0m
[31m\u2502[0m [33m\u2502[0m                 [2;39m\u2502   \u2502   \u2502   [0m[1;39m)[0m[39m,[0m           
                               [33m\u2502[0m [31m\u2502[0m
[31m\u2502[0m [33m\u2502[0m                 [2;39m\u2502   \u2502   \u2502   [0m[33m'langgraph_path'[0m[39m: 
[0m[1;39m([0m                         [33m\u2502[0m [31m\u2502[0m
[31m\u2502[0m [33m\u2502[0m                 [2;39m\u2502   \u2502   \u2502   \u2502   
[0m[33m'__pregel_pull'[0m[39m,[0m                        [33m\u2502[0m [31m\u2502[0m
[31m\u2502[0m [33m\u2502[0m                 [2;39m\u2502   \u2502   \u2502   \u2502   [0m[33m'retrieval'[0m    
                         [33m\u2502[0m [31m\u2502[0m
[31m\u2502[0m [33m\u2502[0m                 [2;39m\u2502   \u2502   \u2502   [0m[1;39m)[0m[39m,[0m           
                               [33m\u2502[0m [31m\u2502[0m
[31m\u2502[0m [33m\u2502[0m                 [2;39m\u2502   \u2502   \u2502   
[0m[33m'langgraph_checkpoint_ns'[0m[39m: [0m                 [33m\u2502[0m [31m\u2502[0m
[31m\u2502[0m [33m\u2502[0m                 [33m'retrieval:724f0e68-c3cc-2aab-0d00-832c18ef98c0'[0m        
[33m\u2502[0m [31m\u2502[0m
[31m\u2502[0m [33m\u2502[0m                 [2;39m\u2502   \u2502   [0m[1;39m}[0m[39m,[0m                    
                          [33m\u2502[0m [31m\u2502[0m
[31m\u2502[0m [33m\u2502[0m                 [2;39m\u2502   \u2502   [0m[33m'callbacks'[0m[39m: [0m           
                        [33m\u2502[0m [31m\u2502[0m
[31m\u2502[0m [33m\u2502[0m                 [39m<langchain_core.callbacks.manager.AsyncCallbackManager [0m 
[33m\u2502[0m [31m\u2502[0m
[31m\u2502[0m [33m\u2502[0m                 [39mobject at [0m[94m0x00000218576B6CF0[0m[39m>,[0m              
            [33m\u2502[0m [31m\u2502[0m
[31m\u2502[0m [33m\u2502[0m                 [2;39m\u2502   \u2502   [0m[33m'run_name'[0m[39m: 
[0m[33m'retrieval'[0m                         [33m\u2502[0m [31m\u2502[0m
[31m\u2502[0m [33m\u2502[0m                 [2;39m\u2502   [0m[1;39m}[0m[39m,[0m                             
                     [33m\u2502[0m [31m\u2502[0m
[31m\u2502[0m [33m\u2502[0m                 [2;39m\u2502   
[0m[33mtriggers[0m[39m=[0m[1;39m([0m[33m'branch:to:retrieval'[0m[39m,[0m[1;39m)[0m[39m,[0m              
    [33m\u2502[0m [31m\u2502[0m
[31m\u2502[0m [33m\u2502[0m                 [2;39m\u2502   
[0m[33mretry_policy[0m[39m=[0m[1;39m([0m[1;39m)[0m[39m,[0m                                    
[33m\u2502[0m [31m\u2502[0m
[31m\u2502[0m [33m\u2502[0m                 [2;39m\u2502   
[0m[33mcache_key[0m[39m=[0m[94mNone[0m[39m,[0m                                     [33m\u2502[0m 
[31m\u2502[0m
[31m\u2502[0m [33m\u2502[0m                 [2;39m\u2502   
[0m[33mid[0m[39m=[0m[33m'724f0e68-c3cc-2aab-0d00-832c18ef98c0'[0m[39m,[0m          [33m\u2502[0m 
[31m\u2502[0m
[31m\u2502[0m [33m\u2502[0m                 [2;39m\u2502   
[0m[33mpath[0m[39m=[0m[1;39m([0m[33m'__pregel_pull'[0m[39m, [0m[33m'retrieval'[0m[1;39m)[0m[39m,[0m   
             [33m\u2502[0m [31m\u2502[0m
[31m\u2502[0m [33m\u2502[0m                 [2;39m\u2502   [0m[33mwriters[0m[39m=[0m[1;39m[[0m             
                              [33m\u2502[0m [31m\u2502[0m
[31m\u2502[0m [33m\u2502[0m                 [2;39m\u2502   \u2502   [0m                                          
      [33m\u2502[0m [31m\u2502[0m
[31m\u2502[0m [33m\u2502[0m                 [39mChannelWrite<[0m[33m...[0m[39m,[0m[33m...[0m[39m,branch:to
:verify>[0m[1;39m([0m[33mtags[0m[39m=[0m[94mNone[0m[39m, [0m      [33m\u2502[0m [31m\u2502[0m
[31m\u2502[0m [33m\u2502[0m                 [33mrecurse[0m[39m=[0m[94mTrue[0m[39m, 
[0m[33mexplode_args[0m[39m=[0m[94mFalse[0m[39m, [0m                      [33m\u2502[0m [31m\u2502[0m
[31m\u2502[0m [33m\u2502[0m                 [33mfunc_accepts[0m[39m=[0m[1;39m{[0m[33m'config'[0m[39m: 
[0m[1;39m([0m[33m'N/A'[0m[39m, <class [0m                 [33m\u2502[0m [31m\u2502[0m
[31m\u2502[0m [33m\u2502[0m                 [33m'inspect._empty'[0m[39m>[0m[1;39m)[0m[1;39m}[0m[39m, [0m 
                                  [33m\u2502[0m [31m\u2502[0m
[31m\u2502[0m [33m\u2502[0m                 
[33mwrites[0m[39m=[0m[1;39m([0m[1;35mChannelWriteTupleEntry[0m[1;39m([0m[33mmapper[0m[39m=<function [0m  
      [33m\u2502[0m [31m\u2502[0m
[31m\u2502[0m [33m\u2502[0m                 [39mCompiledStateGraph.attach_node.<locals>._get_updates at[0m 
[33m\u2502[0m [31m\u2502[0m
[31m\u2502[0m [33m\u2502[0m                 [94m0x00000218576A8EA0[0m[39m>, [0m[33mvalue[0m[39m=<object 
object at [0m           [33m\u2502[0m [31m\u2502[0m
[31m\u2502[0m [33m\u2502[0m                 [94m0x000002181634A7F0[0m[39m>, 
[0m[33mstatic[0m[39m=[0m[94mNone[0m[1;39m)[0m[39m, [0m                     [33m\u2502[0m [31m\u2502[0m
[31m\u2502[0m [33m\u2502[0m                 
[1;35mChannelWriteTupleEntry[0m[1;39m([0m[33mmapper[0m[39m=<function _control_branch[0m [33m\u2502[0m 
[31m\u2502[0m
[31m\u2502[0m [33m\u2502[0m                 [39mat [0m[94m0x0000021819B24720[0m[39m>, 
[0m[33mvalue[0m[39m=<object object at [0m        [33m\u2502[0m [31m\u2502[0m
[31m\u2502[0m [33m\u2502[0m                 [94m0x000002181634A7F0[0m[1m>[0m, 
[33mstatic[0m=[1m[[0m[1m][0m[1m)[0m,                        [33m\u2502[0m [31m\u2502[0m
[31m\u2502[0m [33m\u2502[0m                 
[1;35mChannelWriteEntry[0m[1m([0m[33mchannel[0m=[33m'branch:to:verify'[0m,           [33m\u2502[0m 
[31m\u2502[0m
[31m\u2502[0m [33m\u2502[0m                 [33mvalue[0m=[94mNone[0m, [33mskip_none[0m=[94mFalse[0m, 
[33mmapper[0m=[94mNone[0m[1m)[0m[1m)[0m[1m)[0m             [33m\u2502[0m [31m\u2502[0m
[31m\u2502[0m [33m\u2502[0m                 [2m\u2502   [0m[1m][0m,                                            
      [33m\u2502[0m [31m\u2502[0m
[31m\u2502[0m [33m\u2502[0m                 [2m\u2502   [0m[33msubgraphs[0m=[1m[[0m[1m][0m                 
                       [33m\u2502[0m [31m\u2502[0m
[31m\u2502[0m [33m\u2502[0m                 [1m)[0m                                                       
[33m\u2502[0m [31m\u2502[0m
[31m\u2502[0m [33m\u2502[0m         tasks = [1m([0m                                                       
[33m\u2502[0m [31m\u2502[0m
[31m\u2502[0m [33m\u2502[0m                 [2m\u2502   [0m[1;35mPregelExecutableTask[0m[1m([0m              
                 [33m\u2502[0m [31m\u2502[0m
[31m\u2502[0m [33m\u2502[0m                 [2m\u2502   \u2502   [0m[33mname[0m=[33m'retrieval'[0m,          
                     [33m\u2502[0m [31m\u2502[0m
[31m\u2502[0m [33m\u2502[0m                 [2m\u2502   \u2502   [0m[33minput[0m=[1m{[0m                     
                    [33m\u2502[0m [31m\u2502[0m
[31m\u2502[0m [33m\u2502[0m                 [2m\u2502   \u2502   \u2502   [0m[33m'claim_id'[0m: 
[33m'test-orch-001'[0m,                [33m\u2502[0m [31m\u2502[0m
[31m\u2502[0m [33m\u2502[0m                 [2m\u2502   \u2502   \u2502   [0m[33m'modality'[0m: 
[33m'text'[0m,                         [33m\u2502[0m [31m\u2502[0m
[31m\u2502[0m [33m\u2502[0m                 [2m\u2502   \u2502   \u2502   [0m[33m'content'[0m: [33m'The moon 
is made of green [0m      [33m\u2502[0m [31m\u2502[0m
[31m\u2502[0m [33m\u2502[0m                 [33mcheese according to recent satellite images from a [0m     
[33m\u2502[0m [31m\u2502[0m
[31m\u2502[0m [33m\u2502[0m                 [33mpri'[0m+[94m13[0m,                                             
   [33m\u2502[0m [31m\u2502[0m
[31m\u2502[0m [33m\u2502[0m                 [2m\u2502   \u2502   \u2502   [0m[33m'original_text'[0m: [33m'The 
moon is made of green[0m [33m\u2502[0m [31m\u2502[0m
[31m\u2502[0m [33m\u2502[0m                 [33mcheese according to recent satellite images from a [0m     
[33m\u2502[0m [31m\u2502[0m
[31m\u2502[0m [33m\u2502[0m                 [33mpri'[0m+[94m13[0m,                                             
   [33m\u2502[0m [31m\u2502[0m
[31m\u2502[0m [33m\u2502[0m                 [2m\u2502   \u2502   \u2502   [0m[33m'is_cached'[0m: 
[94mFalse[0m,                         [33m\u2502[0m [31m\u2502[0m
[31m\u2502[0m [33m\u2502[0m                 [2m\u2502   \u2502   \u2502   [0m[33m'fingerprint'[0m:             
                 [33m\u2502[0m [31m\u2502[0m
[31m\u2502[0m [33m\u2502[0m                 [33m'ad1b79d4a0fb64fe8fc24871e158426ebcbea56a991c00277cbc6à[0m 
[33m\u2502[0m [31m\u2502[0m
[31m\u2502[0m [33m\u2502[0m                 [2m\u2502   \u2502   \u2502   [0m[33m'analysis_results'[0m: 
[1m{[0m                       [33m\u2502[0m [31m\u2502[0m
[31m\u2502[0m [33m\u2502[0m                 [2m\u2502   \u2502   \u2502   \u2502   [0m[33m'verdict'[0m: 
[33m'FAKE'[0m,                      [33m\u2502[0m [31m\u2502[0m
[31m\u2502[0m [33m\u2502[0m                 [2m\u2502   \u2502   \u2502   \u2502   [0m[33m'confidence'[0m: 
[94m0.99[0m,                     [33m\u2502[0m [31m\u2502[0m
[31m\u2502[0m [33m\u2502[0m                 [2m\u2502   \u2502   \u2502   \u2502   [0m[33m'fallacies'[0m: 
[1m[[0m                          [33m\u2502[0m [31m\u2502[0m
[31m\u2502[0m [33m\u2502[0m                 [2m\u2502   \u2502   \u2502   \u2502   \u2502   [0m[33m'appeal to 
authority'[0m,              [33m\u2502[0m [31m\u2502[0m
[31m\u2502[0m [33m\u2502[0m                 [2m\u2502   \u2502   \u2502   \u2502   \u2502   [0m[33m'lack of 
evidence'[0m                  [33m\u2502[0m [31m\u2502[0m
[31m\u2502[0m [33m\u2502[0m                 [2m\u2502   \u2502   \u2502   \u2502   [0m[1m][0m,                 
                     [33m\u2502[0m [31m\u2502[0m
[31m\u2502[0m [33m\u2502[0m                 [2m\u2502   \u2502   \u2502   \u2502   [0m[33m'explanation'[0m: 
[33m'The claim that the moon[0m [33m\u2502[0m [31m\u2502[0m
[31m\u2502[0m [33m\u2502[0m                 [33mis made of green cheese contradicts extensive [0m          
[33m\u2502[0m [31m\u2502[0m
[31m\u2502[0m [33m\u2502[0m                 [33mscientific'[0m+[94m105[0m,                                     
   [33m\u2502[0m [31m\u2502[0m
[31m\u2502[0m [33m\u2502[0m                 [2m\u2502   \u2502   \u2502   \u2502   
[0m[33m'detected_claims'[0m: [1m[[0m                    [33m\u2502[0m [31m\u2502[0m
[31m\u2502[0m [33m\u2502[0m                 [2m\u2502   \u2502   \u2502   \u2502   \u2502   [0m[33m'The moon is 
made of green cheese'[0m, [33m\u2502[0m [31m\u2502[0m
[31m\u2502[0m [33m\u2502[0m                 [2m\u2502   \u2502   \u2502   \u2502   \u2502   [0m[33m'Recent 
satellite images from a [0m    [33m\u2502[0m [31m\u2502[0m
[31m\u2502[0m [33m\u2502[0m                 [33mprivate mission support this claim'[0m                     
[33m\u2502[0m [31m\u2502[0m
[31m\u2502[0m [33m\u2502[0m                 [2m\u2502   \u2502   \u2502   \u2502   [0m[1m][0m                  
                     [33m\u2502[0m [31m\u2502[0m
[31m\u2502[0m [33m\u2502[0m                 [2m\u2502   \u2502   \u2502   [0m[1m}[0m,                          
                [33m\u2502[0m [31m\u2502[0m
[31m\u2502[0m [33m\u2502[0m                 [2m\u2502   \u2502   \u2502   [0m[33m'language_hint'[0m: 
[33m'en'[0m                       [33m\u2502[0m [31m\u2502[0m
[31m\u2502[0m [33m\u2502[0m                 [2m\u2502   \u2502   [0m[1m}[0m,                                   
           [33m\u2502[0m [31m\u2502[0m
[31m\u2502[0m [33m\u2502[0m                 [2m\u2502   \u2502   
[0m[33mproc[0m=[1m<[0m[1;95mlanggraph._internal._runnable.RunnableSeq[0m [33m\u2502[0m [31m\u2502[0m
[31m\u2502[0m [33m\u2502[0m                 [39mobject at [0m[94m0x00000218576B6A50[0m[39m>,[0m              
            [33m\u2502[0m [31m\u2502[0m
[31m\u2502[0m [33m\u2502[0m                 [2;39m\u2502   \u2502   
[0m[33mwrites[0m[39m=[0m[1;35mdeque[0m[1;39m([0m[1;39m[[0m                                  [33m\u2502[0m 
[31m\u2502[0m
[31m\u2502[0m [33m\u2502[0m                 [2;39m\u2502   \u2502   \u2502   [0m[1;39m([0m                     
                      [33m\u2502[0m [31m\u2502[0m
[31m\u2502[0m [33m\u2502[0m                 [2;39m\u2502   \u2502   \u2502   \u2502   
[0m[33m'__error__'[0m[39m,[0m                            [33m\u2502[0m [31m\u2502[0m
[31m\u2502[0m [33m\u2502[0m                 [2;39m\u2502   \u2502   \u2502   \u2502   
[0m[1;35mNoSuchFile[0m[1;39m([0m[33m"[0m[1;33m[[0m[33mONNXRuntimeError[0m[1;33m][0m[33m : 3 : [0m   
[33m\u2502[0m [31m\u2502[0m
[31m\u2502[0m [33m\u2502[0m                 [33mNO_SUCHFILE : Load model from [0m                          
[33m\u2502[0m [31m\u2502[0m
[31m\u2502[0m [33m\u2502[0m                 [33mD:\\PHEME\\temp\\fastembed_cache\\models--qdrant--bge-à[0m 
[33m\u2502[0m [31m\u2502[0m
[31m\u2502[0m [33m\u2502[0m                 [33mfailed:Load model [0m                                      
[33m\u2502[0m [31m\u2502[0m
[31m\u2502[0m [33m\u2502[0m                 [33mD:\\PHEME\\temp\\fastembed_cache\\models--qdrant--bge-à[0m 
[33m\u2502[0m [31m\u2502[0m
[31m\u2502[0m [33m\u2502[0m                 [33mfailed. File doesn't exist"[0m[1;39m)[0m                       
     [33m\u2502[0m [31m\u2502[0m
[31m\u2502[0m [33m\u2502[0m                 [2;39m\u2502   \u2502   \u2502   [0m[1;39m)[0m                     
                      [33m\u2502[0m [31m\u2502[0m
[31m\u2502[0m [33m\u2502[0m                 [2;39m\u2502   \u2502   [0m[1;39m][0m[1;39m)[0m[39m,[0m        
                                     [33m\u2502[0m [31m\u2502[0m
[31m\u2502[0m [33m\u2502[0m                 [2;39m\u2502   \u2502   [0m[33mconfig[0m[39m=[0m[1;39m{[0m     
                                   [33m\u2502[0m [31m\u2502[0m
[31m\u2502[0m [33m\u2502[0m                 [2;39m\u2502   \u2502   \u2502   [0m[33m'configurable'[0m[39m: 
[0m[1;39m{[0m                           [33m\u2502[0m [31m\u2502[0m
[31m\u2502[0m [33m\u2502[0m                 [2;39m\u2502   \u2502   \u2502   \u2502   
[0m[33m'__pregel_runtime'[0m[39m: [0m[1;35mRuntime[0m[1;39m([0m            [33m\u2502[0m [31m\u2502[0m
[31m\u2502[0m [33m\u2502[0m                 [2;39m\u2502   \u2502   \u2502   \u2502   \u2502   
[0m[33mcontext[0m[39m=[0m[94mNone[0m[39m,[0m                       [33m\u2502[0m [31m\u2502[0m
[31m\u2502[0m [33m\u2502[0m                 [2;39m\u2502   \u2502   \u2502   \u2502   \u2502   
[0m[33mstore[0m[39m=[0m[94mNone[0m[39m,[0m                         [33m\u2502[0m [31m\u2502[0m
[31m\u2502[0m [33m\u2502[0m                 [2;39m\u2502   \u2502   \u2502   \u2502   \u2502   
[0m[33mstream_writer[0m[39m=<function [0m            [33m\u2502[0m [31m\u2502[0m
[31m\u2502[0m [33m\u2502[0m                 [39mPregel.astream.<locals>.stream_writer at [0m               
[33m\u2502[0m [31m\u2502[0m
[31m\u2502[0m [33m\u2502[0m                 [94m0x00000218576A9C60[0m[39m>,[0m                                 
   [33m\u2502[0m [31m\u2502[0m
[31m\u2502[0m [33m\u2502[0m                 [2;39m\u2502   \u2502   \u2502   \u2502   \u2502   
[0m[33mprevious[0m[39m=[0m[94mNone[0m[39m,[0m                      [33m\u2502[0m [31m\u2502[0m
[31m\u2502[0m [33m\u2502[0m                 [2;39m\u2502   \u2502   \u2502   \u2502   \u2502   
[0m[33mexecution_info[0m[39m=[0m[1;35mExecutionInfo[0m[1;39m([0m       [33m\u2502[0m [31m\u2502[0m
[31m\u2502[0m [33m\u2502[0m                 [2;39m\u2502   \u2502   \u2502   \u2502   \u2502   \u2502   [0m      
                          [33m\u2502[0m [31m\u2502[0m
[31m\u2502[0m [33m\u2502[0m                 
[33mcheckpoint_id[0m[39m=[0m[33m'1f13a515-7e35-6415-8002-b71c41f185be'[0m[39m,[0m   [33m\u2502[0m 
[31m\u2502[0m
[31m\u2502[0m [33m\u2502[0m                 [2;39m\u2502   \u2502   \u2502   \u2502   \u2502   \u2502   [0m      
                          [33m\u2502[0m [31m\u2502[0m
[31m\u2502[0m [33m\u2502[0m                 
[33mcheckpoint_ns[0m[39m=[0m[33m'retrieval:724f0e68-c3cc-2aab-0d00-832c1à[0m [33m\u2502[0m [31m\u2502[0m
[31m\u2502[0m [33m\u2502[0m                 [2;39m\u2502   \u2502   \u2502   \u2502   \u2502   \u2502   [0m      
                          [33m\u2502[0m [31m\u2502[0m
[31m\u2502[0m [33m\u2502[0m                 
[33mtask_id[0m[39m=[0m[33m'724f0e68-c3cc-2aab-0d00-832c18ef98c0'[0m[39m,[0m         [33m\u2502[0m 
[31m\u2502[0m
[31m\u2502[0m [33m\u2502[0m                 [2;39m\u2502   \u2502   \u2502   \u2502   \u2502   \u2502   
[0m[33mthread_id[0m[39m=[0m[94mNone[0m[39m,[0m                 [33m\u2502[0m [31m\u2502[0m
[31m\u2502[0m [33m\u2502[0m                 [2;39m\u2502   \u2502   \u2502   \u2502   \u2502   \u2502   
[0m[33mrun_id[0m[39m=[0m[94mNone[0m[39m,[0m                    [33m\u2502[0m [31m\u2502[0m
[31m\u2502[0m [33m\u2502[0m                 [2;39m\u2502   \u2502   \u2502   \u2502   \u2502   \u2502   
[0m[33mnode_attempt[0m[39m=[0m[94m1[0m[39m,[0m                 [33m\u2502[0m [31m\u2502[0m
[31m\u2502[0m [33m\u2502[0m                 [2;39m\u2502   \u2502   \u2502   \u2502   \u2502   \u2502   
[0m[33mnode_first_attempt_time[0m[39m=[0m[94mNone[0m    [33m\u2502[0m [31m\u2502[0m
[31m\u2502[0m [33m\u2502[0m                 [2;39m\u2502   \u2502   \u2502   \u2502   \u2502   
[0m[1;39m)[0m[39m,[0m                                  [33m\u2502[0m [31m\u2502[0m
[31m\u2502[0m [33m\u2502[0m                 [2;39m\u2502   \u2502   \u2502   \u2502   \u2502   
[0m[33mserver_info[0m[39m=[0m[94mNone[0m                    [33m\u2502[0m [31m\u2502[0m
[31m\u2502[0m [33m\u2502[0m                 [2;39m\u2502   \u2502   \u2502   \u2502   [0m[1;39m)[0m[39m,[0m  
                                    [33m\u2502[0m [31m\u2502[0m
[31m\u2502[0m [33m\u2502[0m                 [2;39m\u2502   \u2502   \u2502   \u2502   
[0m[33m'__pregel_replay_state'[0m[39m: [0m[94mNone[0m[39m,[0m          [33m\u2502[0m [31m\u2502[0m
[31m\u2502[0m [33m\u2502[0m                 [2;39m\u2502   \u2502   \u2502   \u2502   
[0m[33m'__pregel_task_id'[0m[39m: [0m                    [33m\u2502[0m [31m\u2502[0m
[31m\u2502[0m [33m\u2502[0m                 [33m'724f0e68-c3cc-2aab-0d00-832c18ef98c0'[0m[39m,[0m              
   [33m\u2502[0m [31m\u2502[0m
[31m\u2502[0m [33m\u2502[0m                 [2;39m\u2502   \u2502   \u2502   \u2502   
[0m[33m'__pregel_send'[0m[39m: <built-in method [0m      [33m\u2502[0m [31m\u2502[0m
[31m\u2502[0m [33m\u2502[0m                 [39mextend of collections.deque object at [0m                  
[33m\u2502[0m [31m\u2502[0m
[31m\u2502[0m [33m\u2502[0m                 [94m0x00000218573836A0[0m[39m>,[0m                                 
   [33m\u2502[0m [31m\u2502[0m
[31m\u2502[0m [33m\u2502[0m                 [2;39m\u2502   \u2502   \u2502   \u2502   
[0m[33m'__pregel_read'[0m[39m: [0m                       [33m\u2502[0m [31m\u2502[0m
[31m\u2502[0m [33m\u2502[0m                 [1;35mfunctools.partial[0m[1;39m([0m[39m<function local_read at 
[0m              [33m\u2502[0m [31m\u2502[0m
[31m\u2502[0m [33m\u2502[0m                 [94m0x0000021819AC9080[0m[39m>, 
[0m[1;35mPregelScratchpad[0m[1;39m([0m[33mstep[0m[39m=[0m[94m3[0m[39m, [0m          [33m\u2502[0m 
[31m\u2502[0m
[31m\u2502[0m [33m\u2502[0m                 [33mstop[0m[39m=[0m[94m10007[0m[39m, [0m                       
                     [33m\u2502[0m [31m\u2502[0m
[31m\u2502[0m [33m\u2502[0m                 [33mcall_counter[0m[39m=<langgraph.pregel._algo.LazyAtomicCounter 
[0m [33m\u2502[0m [31m\u2502[0m
[31m\u2502[0m [33m\u2502[0m                 [39mobject at [0m[94m0x00000218576B6260[0m[39m>, [0m             
            [33m\u2502[0m [31m\u2502[0m
[31m\u2502[0m [33m\u2502[0m                 
[33minterrupt_counter[0m[39m=<langgraph.pregel._algo.LazyAtomicCoà[0m [33m\u2502[0m [31m\u2502[0m
[31m\u2502[0m [33m\u2502[0m                 [39mobject at [0m[94m0x00000218576B6410[0m[39m>, [0m             
            [33m\u2502[0m [31m\u2502[0m
[31m\u2502[0m [33m\u2502[0m                 [33mget_null_resume[0m[39m=<function [0m                           
   [33m\u2502[0m [31m\u2502[0m
[31m\u2502[0m [33m\u2502[0m                 [39m_scratchpad.<locals>.get_null_resume at [0m                
[33m\u2502[0m [31m\u2502[0m
[31m\u2502[0m [33m\u2502[0m                 [94m0x000002185777F920[0m[39m>, 
[0m[33mresume[0m[39m=[0m[1;39m[[0m[1;39m][0m[39m, [0m                        [33m\u2502[0m [31m\u2502[0m
[31m\u2502[0m [33m\u2502[0m                 
[33msubgraph_counter[0m[39m=<langgraph.pregel._algo.LazyAtomicCouà[0m [33m\u2502[0m [31m\u2502[0m
[31m\u2502[0m [33m\u2502[0m                 [39mobject at 
[0m[94m0x00000218576B6140[0m[39m>[0m[1;39m)[0m[39m, [0m[1;39m{[0m[33m'claim_id'[0m[39m: [0m           
[33m\u2502[0m [31m\u2502[0m
[31m\u2502[0m [33m\u2502[0m                 [39m<langgraph.channels.last_value.LastValue object at [0m     
[33m\u2502[0m [31m\u2502[0m
[31m\u2502[0m [33m\u2502[0m                 [94m0x00000218564BE480[0m[39m>, [0m[33m'modality'[0m[39m: [0m  
                     [33m\u2502[0m [31m\u2502[0m
[31m\u2502[0m [33m\u2502[0m                 [39m<langgraph.channels.last_value.LastValue object at [0m     
[33m\u2502[0m [31m\u2502[0m
[31m\u2502[0m [33m\u2502[0m                 [94m0x00000218564BE6C0[0m[39m>, [0m[33m'content'[0m[39m: [0m   
                     [33m\u2502[0m [31m\u2502[0m
[31m\u2502[0m [33m\u2502[0m                 [39m<langgraph.channels.last_value.LastValue object at [0m     
[33m\u2502[0m [31m\u2502[0m
[31m\u2502[0m [33m\u2502[0m                 [94m0x000002183CC59780[0m[39m>, [0m[33m'original_text'[0m[39m: 
[0m                  [33m\u2502[0m [31m\u2502[0m
[31m\u2502[0m [33m\u2502[0m                 [39m<langgraph.channels.last_value.LastValue object at [0m     
[33m\u2502[0m [31m\u2502[0m
[31m\u2502[0m [33m\u2502[0m                 [94m0x000002183CC59480[0m[39m>, [0m[33m'is_cached'[0m[39m: [0m 
                     [33m\u2502[0m [31m\u2502[0m
[31m\u2502[0m [33m\u2502[0m                 [39m<langgraph.channels.last_value.LastValue object at [0m     
[33m\u2502[0m [31m\u2502[0m
[31m\u2502[0m [33m\u2502[0m                 [94m0x000002183CC46700[0m[39m>, [0m[33m'fingerprint'[0m[39m: 
[0m                    [33m\u2502[0m [31m\u2502[0m
[31m\u2502[0m [33m\u2502[0m                 [39m<langgraph.channels.last_value.LastValue object at [0m     
[33m\u2502[0m [31m\u2502[0m
[31m\u2502[0m [33m\u2502[0m                 [94m0x000002183CC47800[0m[39m>, [0m[33m'qdrant_context'[0m[39m: 
[0m                 [33m\u2502[0m [31m\u2502[0m
[31m\u2502[0m [33m\u2502[0m                 [39m<langgraph.channels.last_value.LastValue object at [0m     
[33m\u2502[0m [31m\u2502[0m
[31m\u2502[0m [33m\u2502[0m                 [94m0x000002183CC44A00[0m[39m>, [0m[33m'neo4j_context'[0m[39m: 
[0m                  [33m\u2502[0m [31m\u2502[0m
[31m\u2502[0m [33m\u2502[0m                 [39m<langgraph.channels.last_value.LastValue object at [0m     
[33m\u2502[0m [31m\u2502[0m
[31m\u2502[0m [33m\u2502[0m                 [94m0x000002183CC45D40[0m[39m>, 
[0m[33m'analysis_results'[0m[39m: [0m               [33m\u2502[0m [31m\u2502[0m
[31m\u2502[0m [33m\u2502[0m                 [39m<langgraph.channels.last_value.LastValue object at [0m     
[33m\u2502[0m [31m\u2502[0m
[31m\u2502[0m [33m\u2502[0m                 [94m0x000002183CC47100[0m[39m>, [0m[33m'verifications'[0m[39m: 
[0m                  [33m\u2502[0m [31m\u2502[0m
[31m\u2502[0m [33m\u2502[0m                 [39m<langgraph.channels.last_value.LastValue object at [0m     
[33m\u2502[0m [31m\u2502[0m
[31m\u2502[0m [33m\u2502[0m                 [94m0x000002183CC46B00[0m[39m>, [0m[33m'final_verdict'[0m[39m: 
[0m                  [33m\u2502[0m [31m\u2502[0m
[31m\u2502[0m [33m\u2502[0m                 [39m<langgraph.channels.last_value.LastValue object at [0m     
[33m\u2502[0m [31m\u2502[0m
[31m\u2502[0m [33m\u2502[0m                 [94m0x00000218576C29C0[0m[39m>, [0m[33m'score'[0m[39m: [0m     
                     [33m\u2502[0m [31m\u2502[0m
[31m\u2502[0m [33m\u2502[0m                 [39m<langgraph.channels.last_value.LastValue object at [0m     
[33m\u2502[0m [31m\u2502[0m
[31m\u2502[0m [33m\u2502[0m                 [94m0x00000218576C2E40[0m[39m>, [0m[33m'explanation'[0m[39m: 
[0m                    [33m\u2502[0m [31m\u2502[0m
[31m\u2502[0m [33m\u2502[0m                 [39m<langgraph.channels.last_value.LastValue object at [0m     
[33m\u2502[0m [31m\u2502[0m
[31m\u2502[0m [33m\u2502[0m                 [94m0x00000218576C09C0[0m[39m>, [0m[33m'links'[0m[39m: [0m     
                     [33m\u2502[0m [31m\u2502[0m
[31m\u2502[0m [33m\u2502[0m                 [39m<langgraph.channels.last_value.LastValue object at [0m     
[33m\u2502[0m [31m\u2502[0m
[31m\u2502[0m [33m\u2502[0m                 [94m0x00000218576C1040[0m[39m>, [0m[33m'language_hint'[0m[39m: 
[0m                  [33m\u2502[0m [31m\u2502[0m
[31m\u2502[0m [33m\u2502[0m                 [39m<langgraph.channels.last_value.LastValue object at [0m     
[33m\u2502[0m [31m\u2502[0m
[31m\u2502[0m [33m\u2502[0m                 [94m0x00000218576C1380[0m[39m>, [0m[33m'__start__'[0m[39m: [0m 
                     [33m\u2502[0m [31m\u2502[0m
[31m\u2502[0m [33m\u2502[0m                 [39m<langgraph.channels.ephemeral_value.EphemeralValue [0m     
[33m\u2502[0m [31m\u2502[0m
[31m\u2502[0m [33m\u2502[0m                 [39mobject at [0m[94m0x00000218576C1400[0m[39m>, 
[0m[33m'__pregel_tasks'[0m[39m: [0m       [33m\u2502[0m [31m\u2502[0m
[31m\u2502[0m [33m\u2502[0m                 [39m<langgraph.channels.topic.Topic object at [0m              
[33m\u2502[0m [31m\u2502[0m
[31m\u2502[0m [33m\u2502[0m                 [94m0x00000218576C3700[0m[39m>, 
[0m[33m'branch:to:fingerprint'[0m[39m: [0m          [33m\u2502[0m [31m\u2502[0m
[31m\u2502[0m [33m\u2502[0m                 [39m<langgraph.channels.ephemeral_value.EphemeralValue [0m     
[33m\u2502[0m [31m\u2502[0m
[31m\u2502[0m [33m\u2502[0m                 [39mobject at [0m[94m0x00000218576C0280[0m[39m>, [0m             
            [33m\u2502[0m [31m\u2502[0m
[31m\u2502[0m [33m\u2502[0m                 [33m'branch:to:expert_analysis'[0m[39m: [0m                        
   [33m\u2502[0m [31m\u2502[0m
[31m\u2502[0m [33m\u2502[0m                 [39m<langgraph.channels.ephemeral_value.EphemeralValue [0m     
[33m\u2502[0m [31m\u2502[0m
[31m\u2502[0m [33m\u2502[0m                 [39mobject at [0m[94m0x00000218576C2540[0m[39m>, 
[0m[33m'branch:to:retrieval'[0m[39m: [0m  [33m\u2502[0m [31m\u2502[0m
[31m\u2502[0m [33m\u2502[0m                 [39m<langgraph.channels.ephemeral_value.EphemeralValue [0m     
[33m\u2502[0m [31m\u2502[0m
[31m\u2502[0m [33m\u2502[0m                 [39mobject at [0m[94m0x00000218576C18C0[0m[39m>, 
[0m[33m'branch:to:verify'[0m[39m: [0m     [33m\u2502[0m [31m\u2502[0m
[31m\u2502[0m [33m\u2502[0m                 [39m<langgraph.channels.ephemeral_value.EphemeralValue [0m     
[33m\u2502[0m [31m\u2502[0m
[31m\u2502[0m [33m\u2502[0m                 [39mobject at [0m[94m0x00000218576C1B40[0m[39m>, 
[0m[33m'branch:to:finalize'[0m[39m: [0m   [33m\u2502[0m [31m\u2502[0m
[31m\u2502[0m [33m\u2502[0m                 [39m<langgraph.channels.ephemeral_value.EphemeralValue [0m     
[33m\u2502[0m [31m\u2502[0m
[31m\u2502[0m [33m\u2502[0m                 [39mobject at 
[0m[94m0x00000218576C2580[0m[39m>[0m[1;39m}[0m[39m, [0m[1;39m{[0m[1;39m}[0m[39m, [0m                    
[33m\u2502[0m [31m\u2502[0m
[31m\u2502[0m [33m\u2502[0m                 
[1;35mPregelTaskWrites[0m[1;39m([0m[33mpath[0m[39m=[0m[1;39m([0m[33m'__pregel_pull'[0m[39m, 
[0m[33m'retrieval'[0m[1;39m)[0m[39m, [0m  [33m\u2502[0m [31m\u2502[0m
[31m\u2502[0m [33m\u2502[0m                 [33mname[0m[39m=[0m[33m'retrieval'[0m[39m, 
[0m[33mwrites[0m[39m=[0m[1;35mdeque[0m[1;39m([0m[1;39m[[0m[1;39m([0m[33m'__error__'[0m[39m, [0m       
   [33m\u2502[0m [31m\u2502[0m
[31m\u2502[0m [33m\u2502[0m                 
[1;35mNoSuchFile[0m[1;39m([0m[33m"[0m[1;33m[[0m[33mONNXRuntimeError[0m[1;33m][0m[33m : 3 : NO_SUCHFILE : 
Load[0m [33m\u2502[0m [31m\u2502[0m
[31m\u2502[0m [33m\u2502[0m                 [33mmodel from [0m                                             
[33m\u2502[0m [31m\u2502[0m
[31m\u2502[0m [33m\u2502[0m                 [33mD:\\PHEME\\temp\\fastembed_cache\\models--qdrant--bge-à[0m 
[33m\u2502[0m [31m\u2502[0m
[31m\u2502[0m [33m\u2502[0m                 [33mfailed:Load model [0m                                      
[33m\u2502[0m [31m\u2502[0m
[31m\u2502[0m [33m\u2502[0m                 [33mD:\\PHEME\\temp\\fastembed_cache\\models--qdrant--bge-à[0m 
[33m\u2502[0m [31m\u2502[0m
[31m\u2502[0m [33m\u2502[0m                 [33mfailed. File doesn't 
exist"[0m[1;39m)[0m[1;39m)[0m[1;39m][0m[1;39m)[0m[39m, [0m                       [33m\u2502[0m 
[31m\u2502[0m
[31m\u2502[0m [33m\u2502[0m                 [33mtriggers[0m[39m=[0m[1;39m([0m[33m'branch:to:retrieval'[0m[
39m,[0m[1;39m)[0m[1;39m)[0m[1;39m)[0m[39m,[0m                    [33m\u2502[0m [31m\u2502[0m
[31m\u2502[0m [33m\u2502[0m                 [2;39m\u2502   \u2502   \u2502   \u2502   
[0m[33m'__pregel_checkpointer'[0m[39m: [0m[94mNone[0m[39m,[0m          [33m\u2502[0m [31m\u2502[0m
[31m\u2502[0m [33m\u2502[0m                 [2;39m\u2502   \u2502   \u2502   \u2502   
[0m[33m'checkpoint_map'[0m[39m: [0m[1;39m{[0m                     [33m\u2502[0m [31m\u2502[0m
[31m\u2502[0m [33m\u2502[0m                 [2;39m\u2502   \u2502   \u2502   \u2502   \u2502   
[0m[33m''[0m[39m: [0m                                [33m\u2502[0m [31m\u2502[0m
[31m\u2502[0m [33m\u2502[0m                 [33m'1f13a515-7e35-6415-8002-b71c41f185be'[0m                  
[33m\u2502[0m [31m\u2502[0m
[31m\u2502[0m [33m\u2502[0m                 [2;39m\u2502   \u2502   \u2502   \u2502   [0m[1;39m}[0m[39m,[0m  
                                    [33m\u2502[0m [31m\u2502[0m
[31m\u2502[0m [33m\u2502[0m                 [2;39m\u2502   \u2502   \u2502   \u2502   
[0m[33m'checkpoint_id'[0m[39m: [0m[94mNone[0m[39m,[0m                  [33m\u2502[0m [31m\u2502[0m
[31m\u2502[0m [33m\u2502[0m                 [2;39m\u2502   \u2502   \u2502   \u2502   
[0m[33m'checkpoint_ns'[0m[39m: [0m                       [33m\u2502[0m [31m\u2502[0m
[31m\u2502[0m [33m\u2502[0m                 [33m'retrieval:724f0e68-c3cc-2aab-0d00-832c18ef98c0'[0m[39m,[0m    
   [33m\u2502[0m [31m\u2502[0m
[31m\u2502[0m [33m\u2502[0m                 [2;39m\u2502   \u2502   \u2502   \u2502   
[0m[33m'__pregel_scratchpad'[0m[39m: [0m                 [33m\u2502[0m [31m\u2502[0m
[31m\u2502[0m [33m\u2502[0m                 [1;35mPregelScratchpad[0m[1;39m([0m                                
       [33m\u2502[0m [31m\u2502[0m
[31m\u2502[0m [33m\u2502[0m                 [2;39m\u2502   \u2502   \u2502   \u2502   \u2502   
[0m[33mstep[0m[39m=[0m[94m3[0m[39m,[0m                             [33m\u2502[0m [31m\u2502[0m
[31m\u2502[0m [33m\u2502[0m                 [2;39m\u2502   \u2502   \u2502   \u2502   \u2502   
[0m[33mstop[0m[39m=[0m[94m10007[0m[39m,[0m                         [33m\u2502[0m [31m\u2502[0m
[31m\u2502[0m [33m\u2502[0m                 [2;39m\u2502   \u2502   \u2502   \u2502   \u2502   [0m               
                     [33m\u2502[0m [31m\u2502[0m
[31m\u2502[0m [33m\u2502[0m                 [33mcall_counter[0m[39m=<langgraph.pregel._algo.LazyAtomicCounter 
[0m [33m\u2502[0m [31m\u2502[0m
[31m\u2502[0m [33m\u2502[0m                 [39mobject at [0m[94m0x00000218576B6260[0m[39m>,[0m              
            [33m\u2502[0m [31m\u2502[0m
[31m\u2502[0m [33m\u2502[0m                 [2;39m\u2502   \u2502   \u2502   \u2502   \u2502   [0m               
                     [33m\u2502[0m [31m\u2502[0m
[31m\u2502[0m [33m\u2502[0m                 
[33minterrupt_counter[0m[39m=<langgraph.pregel._algo.LazyAtomicCoà[0m [33m\u2502[0m [31m\u2502[0m
[31m\u2502[0m [33m\u2502[0m                 [39mobject at [0m[94m0x00000218576B6410[0m[39m>,[0m              
            [33m\u2502[0m [31m\u2502[0m
[31m\u2502[0m [33m\u2502[0m                 [2;39m\u2502   \u2502   \u2502   \u2502   \u2502   
[0m[33mget_null_resume[0m[39m=<function [0m          [33m\u2502[0m [31m\u2502[0m
[31m\u2502[0m [33m\u2502[0m                 [39m_scratchpad.<locals>.get_null_resume at [0m                
[33m\u2502[0m [31m\u2502[0m
[31m\u2502[0m [33m\u2502[0m                 [94m0x000002185777F920[0m[39m>,[0m                                 
   [33m\u2502[0m [31m\u2502[0m
[31m\u2502[0m [33m\u2502[0m                 [2;39m\u2502   \u2502   \u2502   \u2502   \u2502   
[0m[33mresume[0m[39m=[0m[1;39m[[0m[1;39m][0m[39m,[0m                          [33m\u2502[0m 
[31m\u2502[0m
[31m\u2502[0m [33m\u2502[0m                 [2;39m\u2502   \u2502   \u2502   \u2502   \u2502   [0m               
                     [33m\u2502[0m [31m\u2502[0m
[31m\u2502[0m [33m\u2502[0m                 
[33msubgraph_counter[0m[39m=<langgraph.pregel._algo.LazyAtomicCouà[0m [33m\u2502[0m [31m\u2502[0m
[31m\u2502[0m [33m\u2502[0m                 [39mobject at [0m[94m0x00000218576B6140[0m[39m>[0m               
            [33m\u2502[0m [31m\u2502[0m
[31m\u2502[0m [33m\u2502[0m                 [2;39m\u2502   \u2502   \u2502   \u2502   [0m[1;39m)[0m            
                           [33m\u2502[0m [31m\u2502[0m
[31m\u2502[0m [33m\u2502[0m                 [2;39m\u2502   \u2502   \u2502   [0m[1;39m}[0m[39m,[0m           
                               [33m\u2502[0m [31m\u2502[0m
[31m\u2502[0m [33m\u2502[0m                 [2;39m\u2502   \u2502   \u2502   [0m[33m'metadata'[0m[39m: 
[0m[1;39m{[0m                               [33m\u2502[0m [31m\u2502[0m
[31m\u2502[0m [33m\u2502[0m                 [2;39m\u2502   \u2502   \u2502   \u2502   
[0m[33m'langgraph_step'[0m[39m: [0m[94m3[0m[39m,[0m                    [33m\u2502[0m [31m\u2502[0m
[31m\u2502[0m [33m\u2502[0m                 [2;39m\u2502   \u2502   \u2502   \u2502   
[0m[33m'langgraph_node'[0m[39m: [0m[33m'retrieval'[0m[39m,[0m          [33m\u2502[0m [31m\u2502[0m
[31m\u2502[0m [33m\u2502[0m                 [2;39m\u2502   \u2502   \u2502   \u2502   
[0m[33m'langgraph_triggers'[0m[39m: [0m[1;39m([0m                 [33m\u2502[0m [31m\u2502[0m
[31m\u2502[0m [33m\u2502[0m                 [2;39m\u2502   \u2502   \u2502   \u2502   \u2502   
[0m[33m'branch:to:retrieval'[0m[39m,[0m              [33m\u2502[0m [31m\u2502[0m
[31m\u2502[0m [33m\u2502[0m                 [2;39m\u2502   \u2502   \u2502   \u2502   [0m[1;39m)[0m[39m,[0m  
                                    [33m\u2502[0m [31m\u2502[0m
[31m\u2502[0m [33m\u2502[0m                 [2;39m\u2502   \u2502   \u2502   \u2502   
[0m[33m'langgraph_path'[0m[39m: [0m[1;39m([0m                     [33m\u2502[0m [31m\u2502[0m
[31m\u2502[0m [33m\u2502[0m                 [2;39m\u2502   \u2502   \u2502   \u2502   \u2502   
[0m[33m'__pregel_pull'[0m[39m,[0m                    [33m\u2502[0m [31m\u2502[0m
[31m\u2502[0m [33m\u2502[0m                 [2;39m\u2502   \u2502   \u2502   \u2502   \u2502   
[0m[33m'retrieval'[0m                         [33m\u2502[0m [31m\u2502[0m
[31m\u2502[0m [33m\u2502[0m                 [2;39m\u2502   \u2502   \u2502   \u2502   [0m[1;39m)[0m[39m,[0m  
                                    [33m\u2502[0m [31m\u2502[0m
[31m\u2502[0m [33m\u2502[0m                 [2;39m\u2502   \u2502   \u2502   \u2502   
[0m[33m'langgraph_checkpoint_ns'[0m[39m: [0m             [33m\u2502[0m [31m\u2502[0m
[31m\u2502[0m [33m\u2502[0m                 [33m'retrieval:724f0e68-c3cc-2aab-0d00-832c18ef98c0'[0m        
[33m\u2502[0m [31m\u2502[0m
[31m\u2502[0m [33m\u2502[0m                 [2;39m\u2502   \u2502   \u2502   [0m[1;39m}[0m[39m,[0m           
                               [33m\u2502[0m [31m\u2502[0m
[31m\u2502[0m [33m\u2502[0m                 [2;39m\u2502   \u2502   \u2502   [0m[33m'callbacks'[0m[39m: [0m  
                             [33m\u2502[0m [31m\u2502[0m
[31m\u2502[0m [33m\u2502[0m                 [39m<langchain_core.callbacks.manager.AsyncCallbackManager [0m 
[33m\u2502[0m [31m\u2502[0m
[31m\u2502[0m [33m\u2502[0m                 [39mobject at [0m[94m0x00000218576B6CF0[0m[39m>,[0m              
            [33m\u2502[0m [31m\u2502[0m
[31m\u2502[0m [33m\u2502[0m                 [2;39m\u2502   \u2502   \u2502   [0m[33m'run_name'[0m[39m: 
[0m[33m'retrieval'[0m                     [33m\u2502[0m [31m\u2502[0m
[31m\u2502[0m [33m\u2502[0m                 [2;39m\u2502   \u2502   [0m[1;39m}[0m[39m,[0m                    
                          [33m\u2502[0m [31m\u2502[0m
[31m\u2502[0m [33m\u2502[0m                 [2;39m\u2502   \u2502   
[0m[33mtriggers[0m[39m=[0m[1;39m([0m[33m'branch:to:retrieval'[0m[39m,[0m[1;39m)[0m[39m,[0m              
[33m\u2502[0m [31m\u2502[0m
[31m\u2502[0m [33m\u2502[0m                 [2;39m\u2502   \u2502   
[0m[33mretry_policy[0m[39m=[0m[1;39m([0m[1;39m)[0m[39m,[0m                                [33m\u2502[0m 
[31m\u2502[0m
[31m\u2502[0m [33m\u2502[0m                 [2;39m\u2502   \u2502   
[0m[33mcache_key[0m[39m=[0m[94mNone[0m[39m,[0m                                 [33m\u2502[0m [31m\u2502[0m
[31m\u2502[0m [33m\u2502[0m                 [2;39m\u2502   \u2502   
[0m[33mid[0m[39m=[0m[33m'724f0e68-c3cc-2aab-0d00-832c18ef98c0'[0m[39m,[0m      [33m\u2502[0m [31m\u2502[0m
[31m\u2502[0m [33m\u2502[0m                 [2;39m\u2502   \u2502   
[0m[33mpath[0m[39m=[0m[1;39m([0m[33m'__pregel_pull'[0m[39m, [0m[33m'retrieval'[0m[1;39m)[0m[39m,[0m   
         [33m\u2502[0m [31m\u2502[0m
[31m\u2502[0m [33m\u2502[0m                 [2;39m\u2502   \u2502   [0m[33mwriters[0m[39m=[0m[1;39m[[0m    
                                   [33m\u2502[0m [31m\u2502[0m
[31m\u2502[0m [33m\u2502[0m                 [2;39m\u2502   \u2502   \u2502   [0m                                 
           [33m\u2502[0m [31m\u2502[0m
[31m\u2502[0m [33m\u2502[0m                 [39mChannelWrite<[0m[33m...[0m[39m,[0m[33m...[0m[39m,branch:to
:verify>[0m[1;39m([0m[33mtags[0m[39m=[0m[94mNone[0m[39m, [0m      [33m\u2502[0m [31m\u2502[0m
[31m\u2502[0m [33m\u2502[0m                 [33mrecurse[0m[39m=[0m[94mTrue[0m[39m, 
[0m[33mexplode_args[0m[39m=[0m[94mFalse[0m[39m, [0m                      [33m\u2502[0m [31m\u2502[0m
[31m\u2502[0m [33m\u2502[0m                 [33mfunc_accepts[0m[39m=[0m[1;39m{[0m[33m'config'[0m[39m: 
[0m[1;39m([0m[33m'N/A'[0m[39m, <class [0m                 [33m\u2502[0m [31m\u2502[0m
[31m\u2502[0m [33m\u2502[0m                 [33m'inspect._empty'[0m[39m>[0m[1;39m)[0m[1;39m}[0m[39m, [0m 
                                  [33m\u2502[0m [31m\u2502[0m
[31m\u2502[0m [33m\u2502[0m                 
[33mwrites[0m[39m=[0m[1;39m([0m[1;35mChannelWriteTupleEntry[0m[1;39m([0m[33mmapper[0m[39m=<function [0m  
      [33m\u2502[0m [31m\u2502[0m
[31m\u2502[0m [33m\u2502[0m                 [39mCompiledStateGraph.attach_node.<locals>._get_updates at[0m 
[33m\u2502[0m [31m\u2502[0m
[31m\u2502[0m [33m\u2502[0m                 [94m0x00000218576A8EA0[0m[39m>, [0m[33mvalue[0m[39m=<object 
object at [0m           [33m\u2502[0m [31m\u2502[0m
[31m\u2502[0m [33m\u2502[0m                 [94m0x000002181634A7F0[0m[39m>, 
[0m[33mstatic[0m[39m=[0m[94mNone[0m[1;39m)[0m[39m, [0m                     [33m\u2502[0m [31m\u2502[0m
[31m\u2502[0m [33m\u2502[0m                 
[1;35mChannelWriteTupleEntry[0m[1;39m([0m[33mmapper[0m[39m=<function _control_branch[0m [33m\u2502[0m 
[31m\u2502[0m
[31m\u2502[0m [33m\u2502[0m                 [39mat [0m[94m0x0000021819B24720[0m[39m>, 
[0m[33mvalue[0m[39m=<object object at [0m        [33m\u2502[0m [31m\u2502[0m
[31m\u2502[0m [33m\u2502[0m                 [94m0x000002181634A7F0[0m[1m>[0m, 
[33mstatic[0m=[1m[[0m[1m][0m[1m)[0m,                        [33m\u2502[0m [31m\u2502[0m
[31m\u2502[0m [33m\u2502[0m                 
[1;35mChannelWriteEntry[0m[1m([0m[33mchannel[0m=[33m'branch:to:verify'[0m,           [33m\u2502[0m 
[31m\u2502[0m
[31m\u2502[0m [33m\u2502[0m                 [33mvalue[0m=[94mNone[0m, [33mskip_none[0m=[94mFalse[0m, 
[33mmapper[0m=[94mNone[0m[1m)[0m[1m)[0m[1m)[0m             [33m\u2502[0m [31m\u2502[0m
[31m\u2502[0m [33m\u2502[0m                 [2m\u2502   \u2502   [0m[1m][0m,                                   
           [33m\u2502[0m [31m\u2502[0m
[31m\u2502[0m [33m\u2502[0m                 [2m\u2502   \u2502   [0m[33msubgraphs[0m=[1m[[0m[1m][0m        
                            [33m\u2502[0m [31m\u2502[0m
[31m\u2502[0m [33m\u2502[0m                 [2m\u2502   [0m[1m)[0m,                                            
      [33m\u2502[0m [31m\u2502[0m
[31m\u2502[0m [33m\u2502[0m                 [1m)[0m                                                       
[33m\u2502[0m [31m\u2502[0m
[31m\u2502[0m [33m\u2502[0m            tb = [1m<[0m[1;95mtraceback[0m[39m object at 
[0m[94m0x000002185782EE00[0m[1m>[0m                [33m\u2502[0m [31m\u2502[0m
[31m\u2502[0m [33m\u2502[0m       timeout = [94mNone[0m                                                    
[33m\u2502[0m [31m\u2502[0m
[31m\u2502[0m [33m\u2514\u2500\u2500\u2500\u2500\u2500\u2500\u2500\u2500\u2500\u2500\u2500\u2500\u2500\u2500\u2500\u
2500\u2500\u2500\u2500\u2500\u2500\u2500\u2500\u2500\u2500\u2500\u2500\u2500\u2500\u2500\u2500\u2500\u2500\u2500\u2500\
u2500\u2500\u2500\u2500\u2500\u2500\u2500\u2500\u2500\u2500\u2500\u2500\u2500\u2500\u2500\u2500\u2500\u2500\u2500\u2500
\u2500\u2500\u2500\u2500\u2500\u2500\u2500\u2500\u2500\u2500\u2500\u2500\u2500\u2500\u2500\u2500\u2500\u2500\u2518[0m 
[31m\u2502[0m
[31m\u2502[0m                                                                             [31m\u2502[0m
[31m\u2502[0m [33mC:\Users\Nishant [0m                                                           [31m\u2502[0m
[31m\u2502[0m [33mAwasthi\AppData\Local\Programs\Python\Python312\Lib\site-packages\langgraph[0m [31m\u2502[0m
[31m\u2502[0m [33m\pregel\_retry.py[0m:[94m242[0m in [92marun_with_retry[0m                                    
[31m\u2502[0m
[31m\u2502[0m                                                                             [31m\u2502[0m
[31m\u2502[0m   [2m239 [0m[2m\u2502   \u2502   \u2502   \u2502   [0m[2m# if successful, end[0m                 
                 [31m\u2502[0m
[31m\u2502[0m   [2m240 [0m[2m\u2502   \u2502   \u2502   \u2502   [0m[94mbreak[0m                               
                  [31m\u2502[0m
[31m\u2502[0m   [2m241 [0m[2m\u2502   \u2502   \u2502   [0m[94melse[0m:                                        
             [31m\u2502[0m
[31m\u2502[0m [31m> [0m242 [2m\u2502   \u2502   \u2502   \u2502   [0m[94mreturn[0m [94mawait[0m 
task.proc.ainvoke(task.input, config)    [31m\u2502[0m
[31m\u2502[0m   [2m243 [0m[2m\u2502   \u2502   [0m[94mexcept[0m ParentCommand [94mas[0m exc:                 
                 [31m\u2502[0m
[31m\u2502[0m   [2m244 [0m[2m\u2502   \u2502   \u2502   [0mns: [96mstr[0m = 
config[CONF][CONFIG_KEY_CHECKPOINT_NS]          [31m\u2502[0m
[31m\u2502[0m   [2m245 [0m[2m\u2502   \u2502   \u2502   [0mcmd = exc.args[[94m0[0m]                            
             [31m\u2502[0m
[31m\u2502[0m                                                                             [31m\u2502[0m
[31m\u2502[0m [33m\u250c\u2500[0m[33m\u2500\u2500\u2500\u2500\u2500\u2500\u2500\u2500\u2500\u2500\u2500\u2500\u250
0\u2500\u2500\u2500\u2500\u2500\u2500\u2500\u2500\u2500\u2500\u2500\u2500\u2500\u2500\u2500\u2500\u2500\u2500[0m[33m 
locals [0m[33m\u2500\u2500\u2500\u2500\u2500\u2500\u2500\u2500\u2500\u2500\u2500\u2500\u2500\u2500\u2500\u2500\u2500\
u2500\u2500\u2500\u2500\u2500\u2500\u2500\u2500\u2500\u2500\u2500\u2500\u2500\u2500\u2500[0m[33m\u2500\u2510[0m 
[31m\u2502[0m
[31m\u2502[0m [33m\u2502[0m                attempts = [94m0[0m                                             
[33m\u2502[0m [31m\u2502[0m
[31m\u2502[0m [33m\u2502[0m                  config = [1m{[0m                                             
[33m\u2502[0m [31m\u2502[0m
[31m\u2502[0m [33m\u2502[0m                           [2m\u2502   [0m[33m'configurable'[0m: [1m{[0m          
               [33m\u2502[0m [31m\u2502[0m
[31m\u2502[0m [33m\u2502[0m                           [2m\u2502   \u2502   [0m[33m'__pregel_runtime'[0m: 
[1;35mRuntime[0m[1m([0m          [33m\u2502[0m [31m\u2502[0m
[31m\u2502[0m [33m\u2502[0m                           [2m\u2502   \u2502   \u2502   
[0m[33mcontext[0m=[94mNone[0m,                     [33m\u2502[0m [31m\u2502[0m
[31m\u2502[0m [33m\u2502[0m                           [2m\u2502   \u2502   \u2502   
[0m[33mstore[0m=[94mNone[0m,                       [33m\u2502[0m [31m\u2502[0m
[31m\u2502[0m [33m\u2502[0m                           [2m\u2502   \u2502   \u2502   
[0m[33mstream_writer[0m=[1m<[0m[1;95mfunction[0m[39m [0m          [33m\u2502[0m [31m\u2502[0m
[31m\u2502[0m [33m\u2502[0m                           [39mPregel.astream.<locals>.stream_writer at [0m     
[33m\u2502[0m [31m\u2502[0m
[31m\u2502[0m [33m\u2502[0m                           [94m0x00000218576A9C60[0m[39m>,[0m                       
   [33m\u2502[0m [31m\u2502[0m
[31m\u2502[0m [33m\u2502[0m                           [2;39m\u2502   \u2502   \u2502   
[0m[33mprevious[0m[39m=[0m[94mNone[0m[39m,[0m                    [33m\u2502[0m [31m\u2502[0m
[31m\u2502[0m [33m\u2502[0m                           [2;39m\u2502   \u2502   \u2502   
[0m[33mexecution_info[0m[39m=[0m[1;35mExecutionInfo[0m[1;39m([0m     [33m\u2502[0m [31m\u2502[0m
[31m\u2502[0m [33m\u2502[0m                           [2;39m\u2502   \u2502   \u2502   \u2502   [0m              
                [33m\u2502[0m [31m\u2502[0m
[31m\u2502[0m [33m\u2502[0m                           
[33mcheckpoint_id[0m[39m=[0m[33m'1f13a515-7e35-6415-8002-b71c4à[0m [33m\u2502[0m [31m\u2502[0m
[31m\u2502[0m [33m\u2502[0m                           [2;39m\u2502   \u2502   \u2502   \u2502   [0m              
                [33m\u2502[0m [31m\u2502[0m
[31m\u2502[0m [33m\u2502[0m                           
[33mcheckpoint_ns[0m[39m=[0m[33m'retrieval:724f0e68-c3cc-2aab-à[0m [33m\u2502[0m [31m\u2502[0m
[31m\u2502[0m [33m\u2502[0m                           [2;39m\u2502   \u2502   \u2502   \u2502   [0m              
                [33m\u2502[0m [31m\u2502[0m
[31m\u2502[0m [33m\u2502[0m                           
[33mtask_id[0m[39m=[0m[33m'724f0e68-c3cc-2aab-0d00-832c18ef98cà[0m [33m\u2502[0m [31m\u2502[0m
[31m\u2502[0m [33m\u2502[0m                           [2;39m\u2502   \u2502   \u2502   \u2502   
[0m[33mthread_id[0m[39m=[0m[94mNone[0m[39m,[0m               [33m\u2502[0m [31m\u2502[0m
[31m\u2502[0m [33m\u2502[0m                           [2;39m\u2502   \u2502   \u2502   \u2502   
[0m[33mrun_id[0m[39m=[0m[94mNone[0m[39m,[0m                  [33m\u2502[0m [31m\u2502[0m
[31m\u2502[0m [33m\u2502[0m                           [2;39m\u2502   \u2502   \u2502   \u2502   
[0m[33mnode_attempt[0m[39m=[0m[94m1[0m[39m,[0m               [33m\u2502[0m [31m\u2502[0m
[31m\u2502[0m [33m\u2502[0m                           [2;39m\u2502   \u2502   \u2502   \u2502   [0m              
                [33m\u2502[0m [31m\u2502[0m
[31m\u2502[0m [33m\u2502[0m                           
[33mnode_first_attempt_time[0m[39m=[0m[94m1776425646[0m[94m.6474004[0m    [33m\u2502[0m [31m\u2502[0m
[31m\u2502[0m [33m\u2502[0m                           [2;39m\u2502   \u2502   \u2502   [0m[1;39m)[0m[39m,[0m 
                               [33m\u2502[0m [31m\u2502[0m
[31m\u2502[0m [33m\u2502[0m                           [2;39m\u2502   \u2502   \u2502   
[0m[33mserver_info[0m[39m=[0m[94mNone[0m                  [33m\u2502[0m [31m\u2502[0m
[31m\u2502[0m [33m\u2502[0m                           [2;39m\u2502   \u2502   [0m[1;39m)[0m[39m,[0m          
                          [33m\u2502[0m [31m\u2502[0m
[31m\u2502[0m [33m\u2502[0m                           [2;39m\u2502   \u2502   
[0m[33m'__pregel_replay_state'[0m[39m: [0m[94mNone[0m[39m,[0m        [33m\u2502[0m [31m\u2502[0m
[31m\u2502[0m [33m\u2502[0m                           [2;39m\u2502   \u2502   
[0m[33m'__pregel_task_id'[0m[39m: [0m                  [33m\u2502[0m [31m\u2502[0m
[31m\u2502[0m [33m\u2502[0m                           [33m'724f0e68-c3cc-2aab-0d00-832c18ef98c0'[0m[39m,[0m    
   [33m\u2502[0m [31m\u2502[0m
[31m\u2502[0m [33m\u2502[0m                           [2;39m\u2502   \u2502   [0m[33m'__pregel_send'[0m[39m: 
<built-in method [0m    [33m\u2502[0m [31m\u2502[0m
[31m\u2502[0m [33m\u2502[0m                           [39mextend of collections.deque object at [0m        
[33m\u2502[0m [31m\u2502[0m
[31m\u2502[0m [33m\u2502[0m                           [94m0x00000218573836A0[0m[39m>,[0m                       
   [33m\u2502[0m [31m\u2502[0m
[31m\u2502[0m [33m\u2502[0m                           [2;39m\u2502   \u2502   [0m[33m'__pregel_read'[0m[39m: 
[0m                     [33m\u2502[0m [31m\u2502[0m
[31m\u2502[0m [33m\u2502[0m                           [1;35mfunctools.partial[0m[1;39m([0m[39m<function 
local_read at [0m    [33m\u2502[0m [31m\u2502[0m
[31m\u2502[0m [33m\u2502[0m                           [94m0x0000021819AC9080[0m[39m>, 
[0m[1;35mPregelScratchpad[0m[1;39m([0m[33mstep[0m[39m=[0m[94m3[0m[39m,[0m [33m\u2502[0m [31m\u2502[0m
[31m\u2502[0m [33m\u2502[0m                           [33mstop[0m[39m=[0m[94m10007[0m[39m, [0m             
                     [33m\u2502[0m [31m\u2502[0m
[31m\u2502[0m [33m\u2502[0m                           
[33mcall_counter[0m[39m=<langgraph.pregel._algo.LazyAtoà[0m [33m\u2502[0m [31m\u2502[0m
[31m\u2502[0m [33m\u2502[0m                           [39mobject at [0m[94m0x00000218576B6260[0m[39m>, [0m   
            [33m\u2502[0m [31m\u2502[0m
[31m\u2502[0m [33m\u2502[0m                           
[33minterrupt_counter[0m[39m=<langgraph.pregel._algo.Laà[0m [33m\u2502[0m [31m\u2502[0m
[31m\u2502[0m [33m\u2502[0m                           [39mobject at [0m[94m0x00000218576B6410[0m[39m>, [0m   
            [33m\u2502[0m [31m\u2502[0m
[31m\u2502[0m [33m\u2502[0m                           [33mget_null_resume[0m[39m=<function [0m                 
   [33m\u2502[0m [31m\u2502[0m
[31m\u2502[0m [33m\u2502[0m                           [39m_scratchpad.<locals>.get_null_resume at [0m      
[33m\u2502[0m [31m\u2502[0m
[31m\u2502[0m [33m\u2502[0m                           [94m0x000002185777F920[0m[39m>, 
[0m[33mresume[0m[39m=[0m[1;39m[[0m[1;39m][0m[39m, [0m              [33m\u2502[0m [31m\u2502[0m
[31m\u2502[0m [33m\u2502[0m                           
[33msubgraph_counter[0m[39m=<langgraph.pregel._algo.Lazà[0m [33m\u2502[0m [31m\u2502[0m
[31m\u2502[0m [33m\u2502[0m                           [39mobject at 
[0m[94m0x00000218576B6140[0m[39m>[0m[1;39m)[0m[39m, [0m[1;39m{[0m[33m'claim_id'[0m[39m: [0m 
[33m\u2502[0m [31m\u2502[0m
[31m\u2502[0m [33m\u2502[0m                           [39m<langgraph.channels.last_value.LastValue [0m     
[33m\u2502[0m [31m\u2502[0m
[31m\u2502[0m [33m\u2502[0m                           [39mobject at [0m[94m0x00000218564BE480[0m[39m>, 
[0m[33m'modality'[0m[39m: [0m   [33m\u2502[0m [31m\u2502[0m
[31m\u2502[0m [33m\u2502[0m                           [39m<langgraph.channels.last_value.LastValue [0m     
[33m\u2502[0m [31m\u2502[0m
[31m\u2502[0m [33m\u2502[0m                           [39mobject at [0m[94m0x00000218564BE6C0[0m[39m>, 
[0m[33m'content'[0m[39m: [0m    [33m\u2502[0m [31m\u2502[0m
[31m\u2502[0m [33m\u2502[0m                           [39m<langgraph.channels.last_value.LastValue [0m     
[33m\u2502[0m [31m\u2502[0m
[31m\u2502[0m [33m\u2502[0m                           [39mobject at [0m[94m0x000002183CC59780[0m[39m>, [0m   
            [33m\u2502[0m [31m\u2502[0m
[31m\u2502[0m [33m\u2502[0m                           [33m'original_text'[0m[39m: [0m                          
   [33m\u2502[0m [31m\u2502[0m
[31m\u2502[0m [33m\u2502[0m                           [39m<langgraph.channels.last_value.LastValue [0m     
[33m\u2502[0m [31m\u2502[0m
[31m\u2502[0m [33m\u2502[0m                           [39mobject at [0m[94m0x000002183CC59480[0m[39m>, 
[0m[33m'is_cached'[0m[39m: [0m  [33m\u2502[0m [31m\u2502[0m
[31m\u2502[0m [33m\u2502[0m                           [39m<langgraph.channels.last_value.LastValue [0m     
[33m\u2502[0m [31m\u2502[0m
[31m\u2502[0m [33m\u2502[0m                           [39mobject at [0m[94m0x000002183CC46700[0m[39m>, 
[0m[33m'fingerprint'[0m[39m:[0m [33m\u2502[0m [31m\u2502[0m
[31m\u2502[0m [33m\u2502[0m                           [39m<langgraph.channels.last_value.LastValue [0m     
[33m\u2502[0m [31m\u2502[0m
[31m\u2502[0m [33m\u2502[0m                           [39mobject at [0m[94m0x000002183CC47800[0m[39m>, [0m   
            [33m\u2502[0m [31m\u2502[0m
[31m\u2502[0m [33m\u2502[0m                           [33m'qdrant_context'[0m[39m: [0m                         
   [33m\u2502[0m [31m\u2502[0m
[31m\u2502[0m [33m\u2502[0m                           [39m<langgraph.channels.last_value.LastValue [0m     
[33m\u2502[0m [31m\u2502[0m
[31m\u2502[0m [33m\u2502[0m                           [39mobject at [0m[94m0x000002183CC44A00[0m[39m>, [0m   
            [33m\u2502[0m [31m\u2502[0m
[31m\u2502[0m [33m\u2502[0m                           [33m'neo4j_context'[0m[39m: [0m                          
   [33m\u2502[0m [31m\u2502[0m
[31m\u2502[0m [33m\u2502[0m                           [39m<langgraph.channels.last_value.LastValue [0m     
[33m\u2502[0m [31m\u2502[0m
[31m\u2502[0m [33m\u2502[0m                           [39mobject at [0m[94m0x000002183CC45D40[0m[39m>, [0m   
            [33m\u2502[0m [31m\u2502[0m
[31m\u2502[0m [33m\u2502[0m                           [33m'analysis_results'[0m[39m: [0m                       
   [33m\u2502[0m [31m\u2502[0m
[31m\u2502[0m [33m\u2502[0m                           [39m<langgraph.channels.last_value.LastValue [0m     
[33m\u2502[0m [31m\u2502[0m
[31m\u2502[0m [33m\u2502[0m                           [39mobject at [0m[94m0x000002183CC47100[0m[39m>, [0m   
            [33m\u2502[0m [31m\u2502[0m
[31m\u2502[0m [33m\u2502[0m                           [33m'verifications'[0m[39m: [0m                          
   [33m\u2502[0m [31m\u2502[0m
[31m\u2502[0m [33m\u2502[0m                           [39m<langgraph.channels.last_value.LastValue [0m     
[33m\u2502[0m [31m\u2502[0m
[31m\u2502[0m [33m\u2502[0m                           [39mobject at [0m[94m0x000002183CC46B00[0m[39m>, [0m   
            [33m\u2502[0m [31m\u2502[0m
[31m\u2502[0m [33m\u2502[0m                           [33m'final_verdict'[0m[39m: [0m                          
   [33m\u2502[0m [31m\u2502[0m
[31m\u2502[0m [33m\u2502[0m                           [39m<langgraph.channels.last_value.LastValue [0m     
[33m\u2502[0m [31m\u2502[0m
[31m\u2502[0m [33m\u2502[0m                           [39mobject at [0m[94m0x00000218576C29C0[0m[39m>, 
[0m[33m'score'[0m[39m: [0m      [33m\u2502[0m [31m\u2502[0m
[31m\u2502[0m [33m\u2502[0m                           [39m<langgraph.channels.last_value.LastValue [0m     
[33m\u2502[0m [31m\u2502[0m
[31m\u2502[0m [33m\u2502[0m                           [39mobject at [0m[94m0x00000218576C2E40[0m[39m>, 
[0m[33m'explanation'[0m[39m:[0m [33m\u2502[0m [31m\u2502[0m
[31m\u2502[0m [33m\u2502[0m                           [39m<langgraph.channels.last_value.LastValue [0m     
[33m\u2502[0m [31m\u2502[0m
[31m\u2502[0m [33m\u2502[0m                           [39mobject at [0m[94m0x00000218576C09C0[0m[39m>, 
[0m[33m'links'[0m[39m: [0m      [33m\u2502[0m [31m\u2502[0m
[31m\u2502[0m [33m\u2502[0m                           [39m<langgraph.channels.last_value.LastValue [0m     
[33m\u2502[0m [31m\u2502[0m
[31m\u2502[0m [33m\u2502[0m                           [39mobject at [0m[94m0x00000218576C1040[0m[39m>, [0m   
            [33m\u2502[0m [31m\u2502[0m
[31m\u2502[0m [33m\u2502[0m                           [33m'language_hint'[0m[39m: [0m                          
   [33m\u2502[0m [31m\u2502[0m
[31m\u2502[0m [33m\u2502[0m                           [39m<langgraph.channels.last_value.LastValue [0m     
[33m\u2502[0m [31m\u2502[0m
[31m\u2502[0m [33m\u2502[0m                           [39mobject at [0m[94m0x00000218576C1380[0m[39m>, 
[0m[33m'__start__'[0m[39m: [0m  [33m\u2502[0m [31m\u2502[0m
[31m\u2502[0m [33m\u2502[0m                           [39m<langgraph.channels.ephemeral_value.Ephemeraà[0m 
[33m\u2502[0m [31m\u2502[0m
[31m\u2502[0m [33m\u2502[0m                           [39mobject at [0m[94m0x00000218576C1400[0m[39m>, [0m   
            [33m\u2502[0m [31m\u2502[0m
[31m\u2502[0m [33m\u2502[0m                           [33m'__pregel_tasks'[0m[39m: [0m                         
   [33m\u2502[0m [31m\u2502[0m
[31m\u2502[0m [33m\u2502[0m                           [39m<langgraph.channels.topic.Topic object at [0m    
[33m\u2502[0m [31m\u2502[0m
[31m\u2502[0m [33m\u2502[0m                           [94m0x00000218576C3700[0m[39m>, 
[0m[33m'branch:to:fingerprint'[0m[39m:[0m [33m\u2502[0m [31m\u2502[0m
[31m\u2502[0m [33m\u2502[0m                           [39m<langgraph.channels.ephemeral_value.Ephemeraà[0m 
[33m\u2502[0m [31m\u2502[0m
[31m\u2502[0m [33m\u2502[0m                           [39mobject at [0m[94m0x00000218576C0280[0m[39m>, [0m   
            [33m\u2502[0m [31m\u2502[0m
[31m\u2502[0m [33m\u2502[0m                           [33m'branch:to:expert_analysis'[0m[39m: [0m              
   [33m\u2502[0m [31m\u2502[0m
[31m\u2502[0m [33m\u2502[0m                           [39m<langgraph.channels.ephemeral_value.Ephemeraà[0m 
[33m\u2502[0m [31m\u2502[0m
[31m\u2502[0m [33m\u2502[0m                           [39mobject at [0m[94m0x00000218576C2540[0m[39m>, [0m   
            [33m\u2502[0m [31m\u2502[0m
[31m\u2502[0m [33m\u2502[0m                           [33m'branch:to:retrieval'[0m[39m: [0m                    
   [33m\u2502[0m [31m\u2502[0m
[31m\u2502[0m [33m\u2502[0m                           [39m<langgraph.channels.ephemeral_value.Ephemeraà[0m 
[33m\u2502[0m [31m\u2502[0m
[31m\u2502[0m [33m\u2502[0m                           [39mobject at [0m[94m0x00000218576C18C0[0m[39m>, [0m   
            [33m\u2502[0m [31m\u2502[0m
[31m\u2502[0m [33m\u2502[0m                           [33m'branch:to:verify'[0m[39m: [0m                       
   [33m\u2502[0m [31m\u2502[0m
[31m\u2502[0m [33m\u2502[0m                           [39m<langgraph.channels.ephemeral_value.Ephemeraà[0m 
[33m\u2502[0m [31m\u2502[0m
[31m\u2502[0m [33m\u2502[0m                           [39mobject at [0m[94m0x00000218576C1B40[0m[39m>, [0m   
            [33m\u2502[0m [31m\u2502[0m
[31m\u2502[0m [33m\u2502[0m                           [33m'branch:to:finalize'[0m[39m: [0m                     
   [33m\u2502[0m [31m\u2502[0m
[31m\u2502[0m [33m\u2502[0m                           [39m<langgraph.channels.ephemeral_value.Ephemeraà[0m 
[33m\u2502[0m [31m\u2502[0m
[31m\u2502[0m [33m\u2502[0m                           [39mobject at 
[0m[94m0x00000218576C2580[0m[39m>[0m[1;39m}[0m[39m, [0m[1;39m{[0m[1;39m}[0m[39m, [0m          
[33m\u2502[0m [31m\u2502[0m
[31m\u2502[0m [33m\u2502[0m                           
[1;35mPregelTaskWrites[0m[1;39m([0m[33mpath[0m[39m=[0m[1;39m([0m[33m'__pregel_pull'[0m[39m, [0m      
[33m\u2502[0m [31m\u2502[0m
[31m\u2502[0m [33m\u2502[0m                           [33m'retrieval'[0m[1;39m)[0m[39m, 
[0m[33mname[0m[39m=[0m[33m'retrieval'[0m[39m, [0m              [33m\u2502[0m [31m\u2502[0m
[31m\u2502[0m [33m\u2502[0m                           
[33mwrites[0m[39m=[0m[1;35mdeque[0m[1;39m([0m[1;39m[[0m[1;39m([0m[33m'__error__'[0m[39m, [0m           
       [33m\u2502[0m [31m\u2502[0m
[31m\u2502[0m [33m\u2502[0m                           
[1;35mNoSuchFile[0m[1;39m([0m[33m"[0m[1;33m[[0m[33mONNXRuntimeError[0m[1;33m][0m[33m : 3 : [0m         
[33m\u2502[0m [31m\u2502[0m
[31m\u2502[0m [33m\u2502[0m                           [33mNO_SUCHFILE : Load model from [0m                
[33m\u2502[0m [31m\u2502[0m
[31m\u2502[0m [33m\u2502[0m                           [33mD:\\PHEME\\temp\\fastembed_cache\\models--qdà[0m 
[33m\u2502[0m [31m\u2502[0m
[31m\u2502[0m [33m\u2502[0m                           [33mfailed:Load model [0m                            
[33m\u2502[0m [31m\u2502[0m
[31m\u2502[0m [33m\u2502[0m                           [33mD:\\PHEME\\temp\\fastembed_cache\\models--qdà[0m 
[33m\u2502[0m [31m\u2502[0m
[31m\u2502[0m [33m\u2502[0m                           [33mfailed. File doesn't 
exist"[0m[1;39m)[0m[1;39m)[0m[1;39m][0m[1;39m)[0m[39m, [0m             [33m\u2502[0m [31m\u2502[0m
[31m\u2502[0m [33m\u2502[0m                           [33mtriggers[0m[39m=[0m[1;39m([0m[33m'branch:to:retrie
val'[0m[39m,[0m[1;39m)[0m[1;39m)[0m[1;39m)[0m[39m,[0m          [33m\u2502[0m [31m\u2502[0m
[31m\u2502[0m [33m\u2502[0m                           [2;39m\u2502   \u2502   
[0m[33m'__pregel_checkpointer'[0m[39m: [0m[94mNone[0m[39m,[0m        [33m\u2502[0m [31m\u2502[0m
[31m\u2502[0m [33m\u2502[0m                           [2;39m\u2502   \u2502   [0m[33m'checkpoint_map'[0m[39m: 
[0m[1;39m{[0m                   [33m\u2502[0m [31m\u2502[0m
[31m\u2502[0m [33m\u2502[0m                           [2;39m\u2502   \u2502   \u2502   [0m[33m''[0m[39m: [0m 
                             [33m\u2502[0m [31m\u2502[0m
[31m\u2502[0m [33m\u2502[0m                           [33m'1f13a515-7e35-6415-8002-b71c41f185be'[0m        
[33m\u2502[0m [31m\u2502[0m
[31m\u2502[0m [33m\u2502[0m                           [2;39m\u2502   \u2502   [0m[1;39m}[0m[39m,[0m          
                          [33m\u2502[0m [31m\u2502[0m
[31m\u2502[0m [33m\u2502[0m                           [2;39m\u2502   \u2502   [0m[33m'checkpoint_id'[0m[39m: 
[0m[94mNone[0m[39m,[0m                [33m\u2502[0m [31m\u2502[0m
[31m\u2502[0m [33m\u2502[0m                           [2;39m\u2502   \u2502   [0m[33m'checkpoint_ns'[0m[39m: 
[0m                     [33m\u2502[0m [31m\u2502[0m
[31m\u2502[0m [33m\u2502[0m                           [33m'retrieval:724f0e68-c3cc-2aab-0d00-832c18ef9à[0m 
[33m\u2502[0m [31m\u2502[0m
[31m\u2502[0m [33m\u2502[0m                           [2;39m\u2502   \u2502   
[0m[33m'__pregel_scratchpad'[0m[39m: [0m               [33m\u2502[0m [31m\u2502[0m
[31m\u2502[0m [33m\u2502[0m                           [1;35mPregelScratchpad[0m[1;39m([0m                      
       [33m\u2502[0m [31m\u2502[0m
[31m\u2502[0m [33m\u2502[0m                           [2;39m\u2502   \u2502   \u2502   
[0m[33mstep[0m[39m=[0m[94m3[0m[39m,[0m                           [33m\u2502[0m [31m\u2502[0m
[31m\u2502[0m [33m\u2502[0m                           [2;39m\u2502   \u2502   \u2502   
[0m[33mstop[0m[39m=[0m[94m10007[0m[39m,[0m                       [33m\u2502[0m [31m\u2502[0m
[31m\u2502[0m [33m\u2502[0m                           [2;39m\u2502   \u2502   \u2502   [0m                       
           [33m\u2502[0m [31m\u2502[0m
[31m\u2502[0m [33m\u2502[0m                           
[33mcall_counter[0m[39m=<langgraph.pregel._algo.LazyAtoà[0m [33m\u2502[0m [31m\u2502[0m
[31m\u2502[0m [33m\u2502[0m                           [39mobject at [0m[94m0x00000218576B6260[0m[39m>,[0m    
            [33m\u2502[0m [31m\u2502[0m
[31m\u2502[0m [33m\u2502[0m                           [2;39m\u2502   \u2502   \u2502   [0m                       
           [33m\u2502[0m [31m\u2502[0m
[31m\u2502[0m [33m\u2502[0m                           
[33minterrupt_counter[0m[39m=<langgraph.pregel._algo.Laà[0m [33m\u2502[0m [31m\u2502[0m
[31m\u2502[0m [33m\u2502[0m                           [39mobject at [0m[94m0x00000218576B6410[0m[39m>,[0m    
            [33m\u2502[0m [31m\u2502[0m
[31m\u2502[0m [33m\u2502[0m                           [2;39m\u2502   \u2502   \u2502   
[0m[33mget_null_resume[0m[39m=<function [0m        [33m\u2502[0m [31m\u2502[0m
[31m\u2502[0m [33m\u2502[0m                           [39m_scratchpad.<locals>.get_null_resume at [0m      
[33m\u2502[0m [31m\u2502[0m
[31m\u2502[0m [33m\u2502[0m                           [94m0x000002185777F920[0m[39m>,[0m                       
   [33m\u2502[0m [31m\u2502[0m
[31m\u2502[0m [33m\u2502[0m                           [2;39m\u2502   \u2502   \u2502   
[0m[33mresume[0m[39m=[0m[1;39m[[0m[1;39m][0m[39m,[0m                        [33m\u2502[0m [31m\u2502[0m
[31m\u2502[0m [33m\u2502[0m                           [2;39m\u2502   \u2502   \u2502   [0m                       
           [33m\u2502[0m [31m\u2502[0m
[31m\u2502[0m [33m\u2502[0m                           
[33msubgraph_counter[0m[39m=<langgraph.pregel._algo.Lazà[0m [33m\u2502[0m [31m\u2502[0m
[31m\u2502[0m [33m\u2502[0m                           [39mobject at [0m[94m0x00000218576B6140[0m[39m>[0m     
            [33m\u2502[0m [31m\u2502[0m
[31m\u2502[0m [33m\u2502[0m                           [2;39m\u2502   \u2502   [0m[1;39m)[0m[39m,[0m          
                          [33m\u2502[0m [31m\u2502[0m
[31m\u2502[0m [33m\u2502[0m                           [2;39m\u2502   \u2502   [0m[33m...[0m[39m 
+[0m[94m1[0m                                [33m\u2502[0m [31m\u2502[0m
[31m\u2502[0m [33m\u2502[0m                           [2;39m\u2502   [0m[1;39m}[0m[39m,[0m                   
                     [33m\u2502[0m [31m\u2502[0m
[31m\u2502[0m [33m\u2502[0m                           [2;39m\u2502   [0m[33m'metadata'[0m[39m: 
[0m[1;39m{[0m                             [33m\u2502[0m [31m\u2502[0m
[31m\u2502[0m [33m\u2502[0m                           [2;39m\u2502   \u2502   [0m[33m'langgraph_step'[0m[39m: 
[0m[94m3[0m[39m,[0m                  [33m\u2502[0m [31m\u2502[0m
[31m\u2502[0m [33m\u2502[0m                           [2;39m\u2502   \u2502   [0m[33m'langgraph_node'[0m[39m: 
[0m[33m'retrieval'[0m[39m,[0m        [33m\u2502[0m [31m\u2502[0m
[31m\u2502[0m [33m\u2502[0m                           [2;39m\u2502   \u2502   
[0m[33m'langgraph_triggers'[0m[39m: [0m[1;39m([0m               [33m\u2502[0m [31m\u2502[0m
[31m\u2502[0m [33m\u2502[0m                           [2;39m\u2502   \u2502   \u2502   
[0m[33m'branch:to:retrieval'[0m[39m,[0m            [33m\u2502[0m [31m\u2502[0m
[31m\u2502[0m [33m\u2502[0m                           [2;39m\u2502   \u2502   [0m[1;39m)[0m[39m,[0m          
                          [33m\u2502[0m [31m\u2502[0m
[31m\u2502[0m [33m\u2502[0m                           [2;39m\u2502   \u2502   [0m[33m'langgraph_path'[0m[39m: 
[0m[1;39m([0m                   [33m\u2502[0m [31m\u2502[0m
[31m\u2502[0m [33m\u2502[0m                           [2;39m\u2502   \u2502   \u2502   
[0m[33m'__pregel_pull'[0m[39m,[0m                  [33m\u2502[0m [31m\u2502[0m
[31m\u2502[0m [33m\u2502[0m                           [2;39m\u2502   \u2502   \u2502   [0m[33m'retrieval'[0m   
                    [33m\u2502[0m [31m\u2502[0m
[31m\u2502[0m [33m\u2502[0m                           [2;39m\u2502   \u2502   [0m[1;39m)[0m[39m,[0m          
                          [33m\u2502[0m [31m\u2502[0m
[31m\u2502[0m [33m\u2502[0m                           [2;39m\u2502   \u2502   
[0m[33m'langgraph_checkpoint_ns'[0m[39m: [0m           [33m\u2502[0m [31m\u2502[0m
[31m\u2502[0m [33m\u2502[0m                           [33m'retrieval:724f0e68-c3cc-2aab-0d00-832c18ef9à[0m 
[33m\u2502[0m [31m\u2502[0m
[31m\u2502[0m [33m\u2502[0m                           [2;39m\u2502   [0m[1;39m}[0m[39m,[0m                   
                     [33m\u2502[0m [31m\u2502[0m
[31m\u2502[0m [33m\u2502[0m                           [2;39m\u2502   [0m[33m'callbacks'[0m[39m: [0m          
                   [33m\u2502[0m [31m\u2502[0m
[31m\u2502[0m [33m\u2502[0m                           [39m<langchain_core.callbacks.manager.AsyncCallbà[0m 
[33m\u2502[0m [31m\u2502[0m
[31m\u2502[0m [33m\u2502[0m                           [39mobject at [0m[94m0x00000218576B6CF0[0m[1m>[0m,     
           [33m\u2502[0m [31m\u2502[0m
[31m\u2502[0m [33m\u2502[0m                           [2m\u2502   [0m[33m'run_name'[0m: [33m'retrieval'[0m   
                [33m\u2502[0m [31m\u2502[0m
[31m\u2502[0m [33m\u2502[0m                           [1m}[0m                                             
[33m\u2502[0m [31m\u2502[0m
[31m\u2502[0m [33m\u2502[0m            configurable = [1m{[0m                                             
[33m\u2502[0m [31m\u2502[0m
[31m\u2502[0m [33m\u2502[0m                           [2m\u2502   [0m[33m'__pregel_call'[0m:                   
       [33m\u2502[0m [31m\u2502[0m
[31m\u2502[0m [33m\u2502[0m                           
[1;35mfunctools.partial[0m[1m([0m[1m<[0m[1;95mfunction[0m[39m _acall at [0m        [33m\u2502[0m 
[31m\u2502[0m
[31m\u2502[0m [33m\u2502[0m                           [94m0x0000021819AEF9C0[0m[39m>, <weakref at [0m          
   [33m\u2502[0m [31m\u2502[0m
[31m\u2502[0m [33m\u2502[0m                           [94m0x00000218576CDBC0[0m[39m; to 
[0m[33m'PregelExecutableTask'[0m [33m\u2502[0m [31m\u2502[0m
[31m\u2502[0m [33m\u2502[0m                           [39mat [0m[94m0x0000021857790D40[0m[39m>, 
[0m[33mstream[0m[39m=[0m[94mFalse[0m[39m, [0m        [33m\u2502[0m [31m\u2502[0m
[31m\u2502[0m [33m\u2502[0m                           [33mretry_policy[0m[39m=[0m[94mNone[0m[39m, 
[0m[33mfutures[0m[39m=<weakref at [0m       [33m\u2502[0m [31m\u2502[0m
[31m\u2502[0m [33m\u2502[0m                           [94m0x00000218576CD8A0[0m[39m; to 
[0m[33m'FuturesDict'[0m[39m at [0m      [33m\u2502[0m [31m\u2502[0m
[31m\u2502[0m [33m\u2502[0m                           [94m0x00000218576CEA30[0m[39m>, 
[0m[33mschedule_task[0m[39m=<bound [0m    [33m\u2502[0m [31m\u2502[0m
[31m\u2502[0m [33m\u2502[0m                           [39mmethod AsyncPregelLoop.aaccept_push of [0m       
[33m\u2502[0m [31m\u2502[0m
[31m\u2502[0m [33m\u2502[0m                           [39m<langgraph.pregel._loop.AsyncPregelLoop [0m      
[33m\u2502[0m [31m\u2502[0m
[31m\u2502[0m [33m\u2502[0m                           [39mobject at [0m[94m0x00000218576B5E50[0m[39m>>, [0m  
            [33m\u2502[0m [31m\u2502[0m
[31m\u2502[0m [33m\u2502[0m                           [33msubmit[0m[39m=<weakref at 
[0m[94m0x00000218576C89D0[0m[39m; to [0m    [33m\u2502[0m [31m\u2502[0m
[31m\u2502[0m [33m\u2502[0m                           [33m'AsyncBackgroundExecutor'[0m[39m at [0m              
   [33m\u2502[0m [31m\u2502[0m
[31m\u2502[0m [33m\u2502[0m                           [94m0x00000218576B5E20[0m[39m>, 
[0m[33mloop[0m[39m=<ProactorEventLoop [0m [33m\u2502[0m [31m\u2502[0m
[31m\u2502[0m [33m\u2502[0m                           [33mrunning[0m[39m=[0m[94mFalse[0m[39m 
[0m[33mclosed[0m[39m=[0m[94mTrue[0m[39m [0m[33mdebug[0m[39m=[0m[94mFalse[0m[1m>[0m[1m)[0m       
[33m\u2502[0m [31m\u2502[0m
[31m\u2502[0m [33m\u2502[0m                           [1m}[0m                                             
[33m\u2502[0m [31m\u2502[0m
[31m\u2502[0m [33m\u2502[0m     match_cached_writes = [94mNone[0m                                          
[33m\u2502[0m [31m\u2502[0m
[31m\u2502[0m [33m\u2502[0m node_first_attempt_time = [94m1776425646.6474004[0m                            
[33m\u2502[0m [31m\u2502[0m
[31m\u2502[0m [33m\u2502[0m            retry_policy = [94mNone[0m                                          
[33m\u2502[0m [31m\u2502[0m
[31m\u2502[0m [33m\u2502[0m                 runtime = [1;35mRuntime[0m[1m([0m                                  
    [33m\u2502[0m [31m\u2502[0m
[31m\u2502[0m [33m\u2502[0m                           [2m\u2502   [0m[33mcontext[0m=[94mNone[0m,             
                [33m\u2502[0m [31m\u2502[0m
[31m\u2502[0m [33m\u2502[0m                           [2m\u2502   [0m[33mstore[0m=[94mNone[0m,               
                [33m\u2502[0m [31m\u2502[0m
[31m\u2502[0m [33m\u2502[0m                           [2m\u2502   
[0m[33mstream_writer[0m=[1m<[0m[1;95mfunction[0m[39m [0m                  [33m\u2502[0m [31m\u2502[0m
[31m\u2502[0m [33m\u2502[0m                           [39mPregel.astream.<locals>.stream_writer at [0m     
[33m\u2502[0m [31m\u2502[0m
[31m\u2502[0m [33m\u2502[0m                           [94m0x00000218576A9C60[0m[1m>[0m,                        
  [33m\u2502[0m [31m\u2502[0m
[31m\u2502[0m [33m\u2502[0m                           [2m\u2502   [0m[33mprevious[0m=[94mNone[0m,            
                [33m\u2502[0m [31m\u2502[0m
[31m\u2502[0m [33m\u2502[0m                           [2m\u2502   
[0m[33mexecution_info[0m=[1;35mExecutionInfo[0m[1m([0m             [33m\u2502[0m [31m\u2502[0m
[31m\u2502[0m [33m\u2502[0m                           [2m\u2502   \u2502   [0m                                   
   [33m\u2502[0m [31m\u2502[0m
[31m\u2502[0m [33m\u2502[0m                           
[33mcheckpoint_id[0m=[33m'1f13a515-7e35-6415-8002-b71c4à[0m [33m\u2502[0m [31m\u2502[0m
[31m\u2502[0m [33m\u2502[0m                           [2m\u2502   \u2502   [0m                                   
   [33m\u2502[0m [31m\u2502[0m
[31m\u2502[0m [33m\u2502[0m                           
[33mcheckpoint_ns[0m=[33m'retrieval:724f0e68-c3cc-2aab-à[0m [33m\u2502[0m [31m\u2502[0m
[31m\u2502[0m [33m\u2502[0m                           [2m\u2502   \u2502   [0m                                   
   [33m\u2502[0m [31m\u2502[0m
[31m\u2502[0m [33m\u2502[0m                           
[33mtask_id[0m=[33m'724f0e68-c3cc-2aab-0d00-832c18ef98cà[0m [33m\u2502[0m [31m\u2502[0m
[31m\u2502[0m [33m\u2502[0m                           [2m\u2502   \u2502   [0m[33mthread_id[0m=[94mNone[0m,  
                     [33m\u2502[0m [31m\u2502[0m
[31m\u2502[0m [33m\u2502[0m                           [2m\u2502   \u2502   [0m[33mrun_id[0m=[94mNone[0m,     
                     [33m\u2502[0m [31m\u2502[0m
[31m\u2502[0m [33m\u2502[0m                           [2m\u2502   \u2502   [0m[33mnode_attempt[0m=[94m1[0m,  
                     [33m\u2502[0m [31m\u2502[0m
[31m\u2502[0m [33m\u2502[0m                           [2m\u2502   \u2502   [0m                                   
   [33m\u2502[0m [31m\u2502[0m
[31m\u2502[0m [33m\u2502[0m                           
[33mnode_first_attempt_time[0m=[94m1776425646[0m[94m.6474004[0m    [33m\u2502[0m [31m\u2502[0m
[31m\u2502[0m [33m\u2502[0m                           [2m\u2502   [0m[1m)[0m,                                  
      [33m\u2502[0m [31m\u2502[0m
[31m\u2502[0m [33m\u2502[0m                           [2m\u2502   [0m[33mserver_info[0m=[94mNone[0m          
                [33m\u2502[0m [31m\u2502[0m
[31m\u2502[0m [33m\u2502[0m                           [1m)[0m                                             
[33m\u2502[0m [31m\u2502[0m
[31m\u2502[0m [33m\u2502[0m                  stream = [94mFalse[0m                                         
[33m\u2502[0m [31m\u2502[0m
[31m\u2502[0m [33m\u2502[0m                    task = [1;35mPregelExecutableTask[0m[1m([0m                     
    [33m\u2502[0m [31m\u2502[0m
[31m\u2502[0m [33m\u2502[0m                           [2m\u2502   [0m[33mname[0m=[33m'retrieval'[0m,         
                [33m\u2502[0m [31m\u2502[0m
[31m\u2502[0m [33m\u2502[0m                           [2m\u2502   [0m[33minput[0m=[1m{[0m                    
               [33m\u2502[0m [31m\u2502[0m
[31m\u2502[0m [33m\u2502[0m                           [2m\u2502   \u2502   [0m[33m'claim_id'[0m: 
[33m'test-orch-001'[0m,          [33m\u2502[0m [31m\u2502[0m
[31m\u2502[0m [33m\u2502[0m                           [2m\u2502   \u2502   [0m[33m'modality'[0m: 
[33m'text'[0m,                   [33m\u2502[0m [31m\u2502[0m
[31m\u2502[0m [33m\u2502[0m                           [2m\u2502   \u2502   [0m[33m'content'[0m: [33m'The moon 
is made of green[0m [33m\u2502[0m [31m\u2502[0m
[31m\u2502[0m [33m\u2502[0m                           [33mcheese according to recent satellite images [0m  
[33m\u2502[0m [31m\u2502[0m
[31m\u2502[0m [33m\u2502[0m                           [33mfrom a pri'[0m+[94m13[0m,                            
   [33m\u2502[0m [31m\u2502[0m
[31m\u2502[0m [33m\u2502[0m                           [2m\u2502   \u2502   [0m[33m'original_text'[0m: 
[33m'The moon is made of[0m [33m\u2502[0m [31m\u2502[0m
[31m\u2502[0m [33m\u2502[0m                           [33mgreen cheese according to recent satellite [0m   
[33m\u2502[0m [31m\u2502[0m
[31m\u2502[0m [33m\u2502[0m                           [33mimages from a pri'[0m+[94m13[0m,                     
   [33m\u2502[0m [31m\u2502[0m
[31m\u2502[0m [33m\u2502[0m                           [2m\u2502   \u2502   [0m[33m'is_cached'[0m: 
[94mFalse[0m,                   [33m\u2502[0m [31m\u2502[0m
[31m\u2502[0m [33m\u2502[0m                           [2m\u2502   \u2502   [0m[33m'fingerprint'[0m:            
            [33m\u2502[0m [31m\u2502[0m
[31m\u2502[0m [33m\u2502[0m                           [33m'ad1b79d4a0fb64fe8fc24871e158426ebcbea56a991à[0m 
[33m\u2502[0m [31m\u2502[0m
[31m\u2502[0m [33m\u2502[0m                           [2m\u2502   \u2502   [0m[33m'analysis_results'[0m: 
[1m{[0m                 [33m\u2502[0m [31m\u2502[0m
[31m\u2502[0m [33m\u2502[0m                           [2m\u2502   \u2502   \u2502   [0m[33m'verdict'[0m: 
[33m'FAKE'[0m,                [33m\u2502[0m [31m\u2502[0m
[31m\u2502[0m [33m\u2502[0m                           [2m\u2502   \u2502   \u2502   [0m[33m'confidence'[0m: 
[94m0.99[0m,               [33m\u2502[0m [31m\u2502[0m
[31m\u2502[0m [33m\u2502[0m                           [2m\u2502   \u2502   \u2502   [0m[33m'fallacies'[0m: 
[1m[[0m                    [33m\u2502[0m [31m\u2502[0m
[31m\u2502[0m [33m\u2502[0m                           [2m\u2502   \u2502   \u2502   \u2502   [0m[33m'appeal to 
authority'[0m,        [33m\u2502[0m [31m\u2502[0m
[31m\u2502[0m [33m\u2502[0m                           [2m\u2502   \u2502   \u2502   \u2502   [0m[33m'lack of 
evidence'[0m            [33m\u2502[0m [31m\u2502[0m
[31m\u2502[0m [33m\u2502[0m                           [2m\u2502   \u2502   \u2502   [0m[1m][0m,                
                [33m\u2502[0m [31m\u2502[0m
[31m\u2502[0m [33m\u2502[0m                           [2m\u2502   \u2502   \u2502   [0m[33m'explanation'[0m: 
[33m'The claim that [0m   [33m\u2502[0m [31m\u2502[0m
[31m\u2502[0m [33m\u2502[0m                           [33mthe moon is made of green cheese contradicts [0m 
[33m\u2502[0m [31m\u2502[0m
[31m\u2502[0m [33m\u2502[0m                           [33mextensive scientific'[0m+[94m105[0m,                 
   [33m\u2502[0m [31m\u2502[0m
[31m\u2502[0m [33m\u2502[0m                           [2m\u2502   \u2502   \u2502   
[0m[33m'detected_claims'[0m: [1m[[0m              [33m\u2502[0m [31m\u2502[0m
[31m\u2502[0m [33m\u2502[0m                           [2m\u2502   \u2502   \u2502   \u2502   [0m[33m'The moon 
is made of green [0m   [33m\u2502[0m [31m\u2502[0m
[31m\u2502[0m [33m\u2502[0m                           [33mcheese'[0m,                                      
[33m\u2502[0m [31m\u2502[0m
[31m\u2502[0m [33m\u2502[0m                           [2m\u2502   \u2502   \u2502   \u2502   [0m[33m'Recent 
satellite images from[0m [33m\u2502[0m [31m\u2502[0m
[31m\u2502[0m [33m\u2502[0m                           [33ma private mission support this claim'[0m         
[33m\u2502[0m [31m\u2502[0m
[31m\u2502[0m [33m\u2502[0m                           [2m\u2502   \u2502   \u2502   [0m[1m][0m                 
                [33m\u2502[0m [31m\u2502[0m
[31m\u2502[0m [33m\u2502[0m                           [2m\u2502   \u2502   [0m[1m}[0m,                         
           [33m\u2502[0m [31m\u2502[0m
[31m\u2502[0m [33m\u2502[0m                           [2m\u2502   \u2502   [0m[33m'language_hint'[0m: 
[33m'en'[0m                 [33m\u2502[0m [31m\u2502[0m
[31m\u2502[0m [33m\u2502[0m                           [2m\u2502   [0m[1m}[0m,                                  
      [33m\u2502[0m [31m\u2502[0m
[31m\u2502[0m [33m\u2502[0m                           [2m\u2502   [0m                                          
[33m\u2502[0m [31m\u2502[0m
[31m\u2502[0m [33m\u2502[0m                           
[33mproc[0m=[1m<[0m[1;95mlanggraph._internal._runnable.Runnableà[0m [33m\u2502[0m [31m\u2502[0m
[31m\u2502[0m [33m\u2502[0m                           [39mobject at [0m[94m0x00000218576B6A50[0m[39m>,[0m    
            [33m\u2502[0m [31m\u2502[0m
[31m\u2502[0m [33m\u2502[0m                           [2;39m\u2502   
[0m[33mwrites[0m[39m=[0m[1;35mdeque[0m[1;39m([0m[1;39m[[0m                            [33m\u2502[0m 
[31m\u2502[0m
[31m\u2502[0m [33m\u2502[0m                           [2;39m\u2502   \u2502   [0m[1;39m([0m                    
                 [33m\u2502[0m [31m\u2502[0m
[31m\u2502[0m [33m\u2502[0m                           [2;39m\u2502   \u2502   \u2502   
[0m[33m'__error__'[0m[39m,[0m                      [33m\u2502[0m [31m\u2502[0m
[31m\u2502[0m [33m\u2502[0m                           [2;39m\u2502   \u2502   \u2502   
[0m[1;35mNoSuchFile[0m[1;39m([0m[33m"[0m[1;33m[[0m[33mONNXRuntimeError[0m[1;33m][0m[33m : [0m 
[33m\u2502[0m [31m\u2502[0m
[31m\u2502[0m [33m\u2502[0m                           [33m3 : NO_SUCHFILE : Load model from [0m            
[33m\u2502[0m [31m\u2502[0m
[31m\u2502[0m [33m\u2502[0m                           [33mD:\\PHEME\\temp\\fastembed_cache\\models--qdà[0m 
[33m\u2502[0m [31m\u2502[0m
[31m\u2502[0m [33m\u2502[0m                           [33mfailed:Load model [0m                            
[33m\u2502[0m [31m\u2502[0m
[31m\u2502[0m [33m\u2502[0m                           [33mD:\\PHEME\\temp\\fastembed_cache\\models--qdà[0m 
[33m\u2502[0m [31m\u2502[0m
[31m\u2502[0m [33m\u2502[0m                           [33mfailed. File doesn't exist"[0m[1;39m)[0m             
     [33m\u2502[0m [31m\u2502[0m
[31m\u2502[0m [33m\u2502[0m                           [2;39m\u2502   \u2502   [0m[1;39m)[0m                    
                 [33m\u2502[0m [31m\u2502[0m
[31m\u2502[0m [33m\u2502[0m                           [2;39m\u2502   [0m[1;39m][0m[1;39m)[0m[39m,[0m       
                                [33m\u2502[0m [31m\u2502[0m
[31m\u2502[0m [33m\u2502[0m                           [2;39m\u2502   [0m[33mconfig[0m[39m=[0m[1;39m{[0m    
                              [33m\u2502[0m [31m\u2502[0m
[31m\u2502[0m [33m\u2502[0m                           [2;39m\u2502   \u2502   [0m[33m'configurable'[0m[39m: 
[0m[1;39m{[0m                     [33m\u2502[0m [31m\u2502[0m
[31m\u2502[0m [33m\u2502[0m                           [2;39m\u2502   \u2502   \u2502   
[0m[33m'__pregel_runtime'[0m[39m: [0m[1;35mRuntime[0m[1;39m([0m      [33m\u2502[0m [31m\u2502[0m
[31m\u2502[0m [33m\u2502[0m                           [2;39m\u2502   \u2502   \u2502   \u2502   
[0m[33mcontext[0m[39m=[0m[94mNone[0m[39m,[0m                 [33m\u2502[0m [31m\u2502[0m
[31m\u2502[0m [33m\u2502[0m                           [2;39m\u2502   \u2502   \u2502   \u2502   
[0m[33mstore[0m[39m=[0m[94mNone[0m[39m,[0m                   [33m\u2502[0m [31m\u2502[0m
[31m\u2502[0m [33m\u2502[0m                           [2;39m\u2502   \u2502   \u2502   \u2502   
[0m[33mstream_writer[0m[39m=<function [0m      [33m\u2502[0m [31m\u2502[0m
[31m\u2502[0m [33m\u2502[0m                           [39mPregel.astream.<locals>.stream_writer at [0m     
[33m\u2502[0m [31m\u2502[0m
[31m\u2502[0m [33m\u2502[0m                           [94m0x00000218576A9C60[0m[39m>,[0m                       
   [33m\u2502[0m [31m\u2502[0m
[31m\u2502[0m [33m\u2502[0m                           [2;39m\u2502   \u2502   \u2502   \u2502   
[0m[33mprevious[0m[39m=[0m[94mNone[0m[39m,[0m                [33m\u2502[0m [31m\u2502[0m
[31m\u2502[0m [33m\u2502[0m                           [2;39m\u2502   \u2502   \u2502   \u2502   
[0m[33mexecution_info[0m[39m=[0m[1;35mExecutionInfo[0m[1;39m([0m [33m\u2502[0m [31m\u2502[0m
[31m\u2502[0m [33m\u2502[0m                           [2;39m\u2502   \u2502   \u2502   \u2502   \u2502   [0m     
                     [33m\u2502[0m [31m\u2502[0m
[31m\u2502[0m [33m\u2502[0m                           
[33mcheckpoint_id[0m[39m=[0m[33m'1f13a515-7e35-6415-8002-b71c4à[0m [33m\u2502[0m [31m\u2502[0m
[31m\u2502[0m [33m\u2502[0m                           [2;39m\u2502   \u2502   \u2502   \u2502   \u2502   [0m     
                     [33m\u2502[0m [31m\u2502[0m
[31m\u2502[0m [33m\u2502[0m                           
[33mcheckpoint_ns[0m[39m=[0m[33m'retrieval:724f0e68-c3cc-2aab-à[0m [33m\u2502[0m [31m\u2502[0m
[31m\u2502[0m [33m\u2502[0m                           [2;39m\u2502   \u2502   \u2502   \u2502   \u2502   [0m     
                     [33m\u2502[0m [31m\u2502[0m
[31m\u2502[0m [33m\u2502[0m                           
[33mtask_id[0m[39m=[0m[33m'724f0e68-c3cc-2aab-0d00-832c18ef98cà[0m [33m\u2502[0m [31m\u2502[0m
[31m\u2502[0m [33m\u2502[0m                           [2;39m\u2502   \u2502   \u2502   \u2502   \u2502   
[0m[33mthread_id[0m[39m=[0m[94mNone[0m[39m,[0m           [33m\u2502[0m [31m\u2502[0m
[31m\u2502[0m [33m\u2502[0m                           [2;39m\u2502   \u2502   \u2502   \u2502   \u2502   
[0m[33mrun_id[0m[39m=[0m[94mNone[0m[39m,[0m              [33m\u2502[0m [31m\u2502[0m
[31m\u2502[0m [33m\u2502[0m                           [2;39m\u2502   \u2502   \u2502   \u2502   \u2502   
[0m[33mnode_attempt[0m[39m=[0m[94m1[0m[39m,[0m           [33m\u2502[0m [31m\u2502[0m
[31m\u2502[0m [33m\u2502[0m                           [2;39m\u2502   \u2502   \u2502   \u2502   \u2502   [0m     
                     [33m\u2502[0m [31m\u2502[0m
[31m\u2502[0m [33m\u2502[0m                           [33mnode_first_attempt_time[0m[39m=[0m[94mNone[0m      
            [33m\u2502[0m [31m\u2502[0m
[31m\u2502[0m [33m\u2502[0m                           [2;39m\u2502   \u2502   \u2502   \u2502   
[0m[1;39m)[0m[39m,[0m                            [33m\u2502[0m [31m\u2502[0m
[31m\u2502[0m [33m\u2502[0m                           [2;39m\u2502   \u2502   \u2502   \u2502   
[0m[33mserver_info[0m[39m=[0m[94mNone[0m              [33m\u2502[0m [31m\u2502[0m
[31m\u2502[0m [33m\u2502[0m                           [2;39m\u2502   \u2502   \u2502   [0m[1;39m)[0m[39m,[0m 
                               [33m\u2502[0m [31m\u2502[0m
[31m\u2502[0m [33m\u2502[0m                           [2;39m\u2502   \u2502   \u2502   
[0m[33m'__pregel_replay_state'[0m[39m: [0m[94mNone[0m[39m,[0m    [33m\u2502[0m [31m\u2502[0m
[31m\u2502[0m [33m\u2502[0m                           [2;39m\u2502   \u2502   \u2502   
[0m[33m'__pregel_task_id'[0m[39m: [0m              [33m\u2502[0m [31m\u2502[0m
[31m\u2502[0m [33m\u2502[0m                           [33m'724f0e68-c3cc-2aab-0d00-832c18ef98c0'[0m[39m,[0m    
   [33m\u2502[0m [31m\u2502[0m
[31m\u2502[0m [33m\u2502[0m                           [2;39m\u2502   \u2502   \u2502   
[0m[33m'__pregel_send'[0m[39m: <built-in method[0m [33m\u2502[0m [31m\u2502[0m
[31m\u2502[0m [33m\u2502[0m                           [39mextend of collections.deque object at [0m        
[33m\u2502[0m [31m\u2502[0m
[31m\u2502[0m [33m\u2502[0m                           [94m0x00000218573836A0[0m[39m>,[0m                       
   [33m\u2502[0m [31m\u2502[0m
[31m\u2502[0m [33m\u2502[0m                           [2;39m\u2502   \u2502   \u2502   
[0m[33m'__pregel_read'[0m[39m: [0m                 [33m\u2502[0m [31m\u2502[0m
[31m\u2502[0m [33m\u2502[0m                           [1;35mfunctools.partial[0m[1;39m([0m[39m<function 
local_read at [0m    [33m\u2502[0m [31m\u2502[0m
[31m\u2502[0m [33m\u2502[0m                           [94m0x0000021819AC9080[0m[39m>, 
[0m[1;35mPregelScratchpad[0m[1;39m([0m[33mstep[0m[39m=[0m[94m3[0m[39m,[0m [33m\u2502[0m [31m\u2502[0m
[31m\u2502[0m [33m\u2502[0m                           [33mstop[0m[39m=[0m[94m10007[0m[39m, [0m             
                     [33m\u2502[0m [31m\u2502[0m
[31m\u2502[0m [33m\u2502[0m                           
[33mcall_counter[0m[39m=<langgraph.pregel._algo.LazyAtoà[0m [33m\u2502[0m [31m\u2502[0m
[31m\u2502[0m [33m\u2502[0m                           [39mobject at [0m[94m0x00000218576B6260[0m[39m>, [0m   
            [33m\u2502[0m [31m\u2502[0m
[31m\u2502[0m [33m\u2502[0m                           
[33minterrupt_counter[0m[39m=<langgraph.pregel._algo.Laà[0m [33m\u2502[0m [31m\u2502[0m
[31m\u2502[0m [33m\u2502[0m                           [39mobject at [0m[94m0x00000218576B6410[0m[39m>, [0m   
            [33m\u2502[0m [31m\u2502[0m
[31m\u2502[0m [33m\u2502[0m                           [33mget_null_resume[0m[39m=<function [0m                 
   [33m\u2502[0m [31m\u2502[0m
[31m\u2502[0m [33m\u2502[0m                           [39m_scratchpad.<locals>.get_null_resume at [0m      
[33m\u2502[0m [31m\u2502[0m
[31m\u2502[0m [33m\u2502[0m                           [94m0x000002185777F920[0m[39m>, 
[0m[33mresume[0m[39m=[0m[1;39m[[0m[1;39m][0m[39m, [0m              [33m\u2502[0m [31m\u2502[0m
[31m\u2502[0m [33m\u2502[0m                           
[33msubgraph_counter[0m[39m=<langgraph.pregel._algo.Lazà[0m [33m\u2502[0m [31m\u2502[0m
[31m\u2502[0m [33m\u2502[0m                           [39mobject at 
[0m[94m0x00000218576B6140[0m[39m>[0m[1;39m)[0m[39m, [0m[1;39m{[0m[33m'claim_id'[0m[39m: [0m 
[33m\u2502[0m [31m\u2502[0m
[31m\u2502[0m [33m\u2502[0m                           [39m<langgraph.channels.last_value.LastValue [0m     
[33m\u2502[0m [31m\u2502[0m
[31m\u2502[0m [33m\u2502[0m                           [39mobject at [0m[94m0x00000218564BE480[0m[39m>, 
[0m[33m'modality'[0m[39m: [0m   [33m\u2502[0m [31m\u2502[0m
[31m\u2502[0m [33m\u2502[0m                           [39m<langgraph.channels.last_value.LastValue [0m     
[33m\u2502[0m [31m\u2502[0m
[31m\u2502[0m [33m\u2502[0m                           [39mobject at [0m[94m0x00000218564BE6C0[0m[39m>, 
[0m[33m'content'[0m[39m: [0m    [33m\u2502[0m [31m\u2502[0m
[31m\u2502[0m [33m\u2502[0m                           [39m<langgraph.channels.last_value.LastValue [0m     
[33m\u2502[0m [31m\u2502[0m
[31m\u2502[0m [33m\u2502[0m                           [39mobject at [0m[94m0x000002183CC59780[0m[39m>, [0m   
            [33m\u2502[0m [31m\u2502[0m
[31m\u2502[0m [33m\u2502[0m                           [33m'original_text'[0m[39m: [0m                          
   [33m\u2502[0m [31m\u2502[0m
[31m\u2502[0m [33m\u2502[0m                           [39m<langgraph.channels.last_value.LastValue [0m     
[33m\u2502[0m [31m\u2502[0m
[31m\u2502[0m [33m\u2502[0m                           [39mobject at [0m[94m0x000002183CC59480[0m[39m>, 
[0m[33m'is_cached'[0m[39m: [0m  [33m\u2502[0m [31m\u2502[0m
[31m\u2502[0m [33m\u2502[0m                           [39m<langgraph.channels.last_value.LastValue [0m     
[33m\u2502[0m [31m\u2502[0m
[31m\u2502[0m [33m\u2502[0m                           [39mobject at [0m[94m0x000002183CC46700[0m[39m>, 
[0m[33m'fingerprint'[0m[39m:[0m [33m\u2502[0m [31m\u2502[0m
[31m\u2502[0m [33m\u2502[0m                           [39m<langgraph.channels.last_value.LastValue [0m     
[33m\u2502[0m [31m\u2502[0m
[31m\u2502[0m [33m\u2502[0m                           [39mobject at [0m[94m0x000002183CC47800[0m[39m>, [0m   
            [33m\u2502[0m [31m\u2502[0m
[31m\u2502[0m [33m\u2502[0m                           [33m'qdrant_context'[0m[39m: [0m                         
   [33m\u2502[0m [31m\u2502[0m
[31m\u2502[0m [33m\u2502[0m                           [39m<langgraph.channels.last_value.LastValue [0m     
[33m\u2502[0m [31m\u2502[0m
[31m\u2502[0m [33m\u2502[0m                           [39mobject at [0m[94m0x000002183CC44A00[0m[39m>, [0m   
            [33m\u2502[0m [31m\u2502[0m
[31m\u2502[0m [33m\u2502[0m                           [33m'neo4j_context'[0m[39m: [0m                          
   [33m\u2502[0m [31m\u2502[0m
[31m\u2502[0m [33m\u2502[0m                           [39m<langgraph.channels.last_value.LastValue [0m     
[33m\u2502[0m [31m\u2502[0m
[31m\u2502[0m [33m\u2502[0m                           [39mobject at [0m[94m0x000002183CC45D40[0m[39m>, [0m   
            [33m\u2502[0m [31m\u2502[0m
[31m\u2502[0m [33m\u2502[0m                           [33m'analysis_results'[0m[39m: [0m                       
   [33m\u2502[0m [31m\u2502[0m
[31m\u2502[0m [33m\u2502[0m                           [39m<langgraph.channels.last_value.LastValue [0m     
[33m\u2502[0m [31m\u2502[0m
[31m\u2502[0m [33m\u2502[0m                           [39mobject at [0m[94m0x000002183CC47100[0m[39m>, [0m   
            [33m\u2502[0m [31m\u2502[0m
[31m\u2502[0m [33m\u2502[0m                           [33m'verifications'[0m[39m: [0m                          
   [33m\u2502[0m [31m\u2502[0m
[31m\u2502[0m [33m\u2502[0m                           [39m<langgraph.channels.last_value.LastValue [0m     
[33m\u2502[0m [31m\u2502[0m
[31m\u2502[0m [33m\u2502[0m                           [39mobject at [0m[94m0x000002183CC46B00[0m[39m>, [0m   
            [33m\u2502[0m [31m\u2502[0m
[31m\u2502[0m [33m\u2502[0m                           [33m'final_verdict'[0m[39m: [0m                          
   [33m\u2502[0m [31m\u2502[0m
[31m\u2502[0m [33m\u2502[0m                           [39m<langgraph.channels.last_value.LastValue [0m     
[33m\u2502[0m [31m\u2502[0m
[31m\u2502[0m [33m\u2502[0m                           [39mobject at [0m[94m0x00000218576C29C0[0m[39m>, 
[0m[33m'score'[0m[39m: [0m      [33m\u2502[0m [31m\u2502[0m
[31m\u2502[0m [33m\u2502[0m                           [39m<langgraph.channels.last_value.LastValue [0m     
[33m\u2502[0m [31m\u2502[0m
[31m\u2502[0m [33m\u2502[0m                           [39mobject at [0m[94m0x00000218576C2E40[0m[39m>, 
[0m[33m'explanation'[0m[39m:[0m [33m\u2502[0m [31m\u2502[0m
[31m\u2502[0m [33m\u2502[0m                           [39m<langgraph.channels.last_value.LastValue [0m     
[33m\u2502[0m [31m\u2502[0m
[31m\u2502[0m [33m\u2502[0m                           [39mobject at [0m[94m0x00000218576C09C0[0m[39m>, 
[0m[33m'links'[0m[39m: [0m      [33m\u2502[0m [31m\u2502[0m
[31m\u2502[0m [33m\u2502[0m                           [39m<langgraph.channels.last_value.LastValue [0m     
[33m\u2502[0m [31m\u2502[0m
[31m\u2502[0m [33m\u2502[0m                           [39mobject at [0m[94m0x00000218576C1040[0m[39m>, [0m   
            [33m\u2502[0m [31m\u2502[0m
[31m\u2502[0m [33m\u2502[0m                           [33m'language_hint'[0m[39m: [0m                          
   [33m\u2502[0m [31m\u2502[0m
[31m\u2502[0m [33m\u2502[0m                           [39m<langgraph.channels.last_value.LastValue [0m     
[33m\u2502[0m [31m\u2502[0m
[31m\u2502[0m [33m\u2502[0m                           [39mobject at [0m[94m0x00000218576C1380[0m[39m>, 
[0m[33m'__start__'[0m[39m: [0m  [33m\u2502[0m [31m\u2502[0m
[31m\u2502[0m [33m\u2502[0m                           [39m<langgraph.channels.ephemeral_value.Ephemeraà[0m 
[33m\u2502[0m [31m\u2502[0m
[31m\u2502[0m [33m\u2502[0m                           [39mobject at [0m[94m0x00000218576C1400[0m[39m>, [0m   
            [33m\u2502[0m [31m\u2502[0m
[31m\u2502[0m [33m\u2502[0m                           [33m'__pregel_tasks'[0m[39m: [0m                         
   [33m\u2502[0m [31m\u2502[0m
[31m\u2502[0m [33m\u2502[0m                           [39m<langgraph.channels.topic.Topic object at [0m    
[33m\u2502[0m [31m\u2502[0m
[31m\u2502[0m [33m\u2502[0m                           [94m0x00000218576C3700[0m[39m>, 
[0m[33m'branch:to:fingerprint'[0m[39m:[0m [33m\u2502[0m [31m\u2502[0m
[31m\u2502[0m [33m\u2502[0m                           [39m<langgraph.channels.ephemeral_value.Ephemeraà[0m 
[33m\u2502[0m [31m\u2502[0m
[31m\u2502[0m [33m\u2502[0m                           [39mobject at [0m[94m0x00000218576C0280[0m[39m>, [0m   
            [33m\u2502[0m [31m\u2502[0m
[31m\u2502[0m [33m\u2502[0m                           [33m'branch:to:expert_analysis'[0m[39m: [0m              
   [33m\u2502[0m [31m\u2502[0m
[31m\u2502[0m [33m\u2502[0m                           [39m<langgraph.channels.ephemeral_value.Ephemeraà[0m 
[33m\u2502[0m [31m\u2502[0m
[31m\u2502[0m [33m\u2502[0m                           [39mobject at [0m[94m0x00000218576C2540[0m[39m>, [0m   
            [33m\u2502[0m [31m\u2502[0m
[31m\u2502[0m [33m\u2502[0m                           [33m'branch:to:retrieval'[0m[39m: [0m                    
   [33m\u2502[0m [31m\u2502[0m
[31m\u2502[0m [33m\u2502[0m                           [39m<langgraph.channels.ephemeral_value.Ephemeraà[0m 
[33m\u2502[0m [31m\u2502[0m
[31m\u2502[0m [33m\u2502[0m                           [39mobject at [0m[94m0x00000218576C18C0[0m[39m>, [0m   
            [33m\u2502[0m [31m\u2502[0m
[31m\u2502[0m [33m\u2502[0m                           [33m'branch:to:verify'[0m[39m: [0m                       
   [33m\u2502[0m [31m\u2502[0m
[31m\u2502[0m [33m\u2502[0m                           [39m<langgraph.channels.ephemeral_value.Ephemeraà[0m 
[33m\u2502[0m [31m\u2502[0m
[31m\u2502[0m [33m\u2502[0m                           [39mobject at [0m[94m0x00000218576C1B40[0m[39m>, [0m   
            [33m\u2502[0m [31m\u2502[0m
[31m\u2502[0m [33m\u2502[0m                           [33m'branch:to:finalize'[0m[39m: [0m                     
   [33m\u2502[0m [31m\u2502[0m
[31m\u2502[0m [33m\u2502[0m                           [39m<langgraph.channels.ephemeral_value.Ephemeraà[0m 
[33m\u2502[0m [31m\u2502[0m
[31m\u2502[0m [33m\u2502[0m                           [39mobject at 
[0m[94m0x00000218576C2580[0m[39m>[0m[1;39m}[0m[39m, [0m[1;39m{[0m[1;39m}[0m[39m, [0m          
[33m\u2502[0m [31m\u2502[0m
[31m\u2502[0m [33m\u2502[0m                           
[1;35mPregelTaskWrites[0m[1;39m([0m[33mpath[0m[39m=[0m[1;39m([0m[33m'__pregel_pull'[0m[39m, [0m      
[33m\u2502[0m [31m\u2502[0m
[31m\u2502[0m [33m\u2502[0m                           [33m'retrieval'[0m[1;39m)[0m[39m, 
[0m[33mname[0m[39m=[0m[33m'retrieval'[0m[39m, [0m              [33m\u2502[0m [31m\u2502[0m
[31m\u2502[0m [33m\u2502[0m                           
[33mwrites[0m[39m=[0m[1;35mdeque[0m[1;39m([0m[1;39m[[0m[1;39m([0m[33m'__error__'[0m[39m, [0m           
       [33m\u2502[0m [31m\u2502[0m
[31m\u2502[0m [33m\u2502[0m                           
[1;35mNoSuchFile[0m[1;39m([0m[33m"[0m[1;33m[[0m[33mONNXRuntimeError[0m[1;33m][0m[33m : 3 : [0m         
[33m\u2502[0m [31m\u2502[0m
[31m\u2502[0m [33m\u2502[0m                           [33mNO_SUCHFILE : Load model from [0m                
[33m\u2502[0m [31m\u2502[0m
[31m\u2502[0m [33m\u2502[0m                           [33mD:\\PHEME\\temp\\fastembed_cache\\models--qdà[0m 
[33m\u2502[0m [31m\u2502[0m
[31m\u2502[0m [33m\u2502[0m                           [33mfailed:Load model [0m                            
[33m\u2502[0m [31m\u2502[0m
[31m\u2502[0m [33m\u2502[0m                           [33mD:\\PHEME\\temp\\fastembed_cache\\models--qdà[0m 
[33m\u2502[0m [31m\u2502[0m
[31m\u2502[0m [33m\u2502[0m                           [33mfailed. File doesn't 
exist"[0m[1;39m)[0m[1;39m)[0m[1;39m][0m[1;39m)[0m[39m, [0m             [33m\u2502[0m [31m\u2502[0m
[31m\u2502[0m [33m\u2502[0m                           [33mtriggers[0m[39m=[0m[1;39m([0m[33m'branch:to:retrie
val'[0m[39m,[0m[1;39m)[0m[1;39m)[0m[1;39m)[0m[39m,[0m          [33m\u2502[0m [31m\u2502[0m
[31m\u2502[0m [33m\u2502[0m                           [2;39m\u2502   \u2502   \u2502   
[0m[33m'__pregel_checkpointer'[0m[39m: [0m[94mNone[0m[39m,[0m    [33m\u2502[0m [31m\u2502[0m
[31m\u2502[0m [33m\u2502[0m                           [2;39m\u2502   \u2502   \u2502   
[0m[33m'checkpoint_map'[0m[39m: [0m[1;39m{[0m               [33m\u2502[0m [31m\u2502[0m
[31m\u2502[0m [33m\u2502[0m                           [2;39m\u2502   \u2502   \u2502   \u2502   
[0m[33m''[0m[39m: [0m                          [33m\u2502[0m [31m\u2502[0m
[31m\u2502[0m [33m\u2502[0m                           [33m'1f13a515-7e35-6415-8002-b71c41f185be'[0m        
[33m\u2502[0m [31m\u2502[0m
[31m\u2502[0m [33m\u2502[0m                           [2;39m\u2502   \u2502   \u2502   [0m[1;39m}[0m[39m,[0m 
                               [33m\u2502[0m [31m\u2502[0m
[31m\u2502[0m [33m\u2502[0m                           [2;39m\u2502   \u2502   \u2502   
[0m[33m'checkpoint_id'[0m[39m: [0m[94mNone[0m[39m,[0m            [33m\u2502[0m [31m\u2502[0m
[31m\u2502[0m [33m\u2502[0m                           [2;39m\u2502   \u2502   \u2502   
[0m[33m'checkpoint_ns'[0m[39m: [0m                 [33m\u2502[0m [31m\u2502[0m
[31m\u2502[0m [33m\u2502[0m                           [33m'retrieval:724f0e68-c3cc-2aab-0d00-832c18ef9à[0m 
[33m\u2502[0m [31m\u2502[0m
[31m\u2502[0m [33m\u2502[0m                           [2;39m\u2502   \u2502   \u2502   
[0m[33m'__pregel_scratchpad'[0m[39m: [0m           [33m\u2502[0m [31m\u2502[0m
[31m\u2502[0m [33m\u2502[0m                           [1;35mPregelScratchpad[0m[1;39m([0m                      
       [33m\u2502[0m [31m\u2502[0m
[31m\u2502[0m [33m\u2502[0m                           [2;39m\u2502   \u2502   \u2502   \u2502   
[0m[33mstep[0m[39m=[0m[94m3[0m[39m,[0m                       [33m\u2502[0m [31m\u2502[0m
[31m\u2502[0m [33m\u2502[0m                           [2;39m\u2502   \u2502   \u2502   \u2502   
[0m[33mstop[0m[39m=[0m[94m10007[0m[39m,[0m                   [33m\u2502[0m [31m\u2502[0m
[31m\u2502[0m [33m\u2502[0m                           [2;39m\u2502   \u2502   \u2502   \u2502   [0m              
                [33m\u2502[0m [31m\u2502[0m
[31m\u2502[0m [33m\u2502[0m                           
[33mcall_counter[0m[39m=<langgraph.pregel._algo.LazyAtoà[0m [33m\u2502[0m [31m\u2502[0m
[31m\u2502[0m [33m\u2502[0m                           [39mobject at [0m[94m0x00000218576B6260[0m[39m>,[0m    
            [33m\u2502[0m [31m\u2502[0m
[31m\u2502[0m [33m\u2502[0m                           [2;39m\u2502   \u2502   \u2502   \u2502   [0m              
                [33m\u2502[0m [31m\u2502[0m
[31m\u2502[0m [33m\u2502[0m                           
[33minterrupt_counter[0m[39m=<langgraph.pregel._algo.Laà[0m [33m\u2502[0m [31m\u2502[0m
[31m\u2502[0m [33m\u2502[0m                           [39mobject at [0m[94m0x00000218576B6410[0m[39m>,[0m    
            [33m\u2502[0m [31m\u2502[0m
[31m\u2502[0m [33m\u2502[0m                           [2;39m\u2502   \u2502   \u2502   \u2502   
[0m[33mget_null_resume[0m[39m=<function [0m    [33m\u2502[0m [31m\u2502[0m
[31m\u2502[0m [33m\u2502[0m                           [39m_scratchpad.<locals>.get_null_resume at [0m      
[33m\u2502[0m [31m\u2502[0m
[31m\u2502[0m [33m\u2502[0m                           [94m0x000002185777F920[0m[39m>,[0m                       
   [33m\u2502[0m [31m\u2502[0m
[31m\u2502[0m [33m\u2502[0m                           [2;39m\u2502   \u2502   \u2502   \u2502   
[0m[33mresume[0m[39m=[0m[1;39m[[0m[1;39m][0m[39m,[0m                    [33m\u2502[0m [31m\u2502[0m
[31m\u2502[0m [33m\u2502[0m                           [2;39m\u2502   \u2502   \u2502   \u2502   [0m              
                [33m\u2502[0m [31m\u2502[0m
[31m\u2502[0m [33m\u2502[0m                           
[33msubgraph_counter[0m[39m=<langgraph.pregel._algo.Lazà[0m [33m\u2502[0m [31m\u2502[0m
[31m\u2502[0m [33m\u2502[0m                           [39mobject at [0m[94m0x00000218576B6140[0m[39m>[0m     
            [33m\u2502[0m [31m\u2502[0m
[31m\u2502[0m [33m\u2502[0m                           [2;39m\u2502   \u2502   \u2502   [0m[1;39m)[0m           
                      [33m\u2502[0m [31m\u2502[0m
[31m\u2502[0m [33m\u2502[0m                           [2;39m\u2502   \u2502   [0m[1;39m}[0m[39m,[0m          
                          [33m\u2502[0m [31m\u2502[0m
[31m\u2502[0m [33m\u2502[0m                           [2;39m\u2502   \u2502   [0m[33m'metadata'[0m[39m: 
[0m[1;39m{[0m                         [33m\u2502[0m [31m\u2502[0m
[31m\u2502[0m [33m\u2502[0m                           [2;39m\u2502   \u2502   \u2502   
[0m[33m'langgraph_step'[0m[39m: [0m[94m3[0m[39m,[0m              [33m\u2502[0m [31m\u2502[0m
[31m\u2502[0m [33m\u2502[0m                           [2;39m\u2502   \u2502   \u2502   
[0m[33m'langgraph_node'[0m[39m: [0m[33m'retrieval'[0m[39m,[0m    [33m\u2502[0m [31m\u2502[0m
[31m\u2502[0m [33m\u2502[0m                           [2;39m\u2502   \u2502   \u2502   
[0m[33m'langgraph_triggers'[0m[39m: [0m[1;39m([0m           [33m\u2502[0m [31m\u2502[0m
[31m\u2502[0m [33m\u2502[0m                           [2;39m\u2502   \u2502   \u2502   \u2502   
[0m[33m'branch:to:retrieval'[0m[39m,[0m        [33m\u2502[0m [31m\u2502[0m
[31m\u2502[0m [33m\u2502[0m                           [2;39m\u2502   \u2502   \u2502   [0m[1;39m)[0m[39m,[0m 
                               [33m\u2502[0m [31m\u2502[0m
[31m\u2502[0m [33m\u2502[0m                           [2;39m\u2502   \u2502   \u2502   
[0m[33m'langgraph_path'[0m[39m: [0m[1;39m([0m               [33m\u2502[0m [31m\u2502[0m
[31m\u2502[0m [33m\u2502[0m                           [2;39m\u2502   \u2502   \u2502   \u2502   
[0m[33m'__pregel_pull'[0m[39m,[0m              [33m\u2502[0m [31m\u2502[0m
[31m\u2502[0m [33m\u2502[0m                           [2;39m\u2502   \u2502   \u2502   \u2502   
[0m[33m'retrieval'[0m                   [33m\u2502[0m [31m\u2502[0m
[31m\u2502[0m [33m\u2502[0m                           [2;39m\u2502   \u2502   \u2502   [0m[1;39m)[0m[39m,[0m 
                               [33m\u2502[0m [31m\u2502[0m
[31m\u2502[0m [33m\u2502[0m                           [2;39m\u2502   \u2502   \u2502   
[0m[33m'langgraph_checkpoint_ns'[0m[39m: [0m       [33m\u2502[0m [31m\u2502[0m
[31m\u2502[0m [33m\u2502[0m                           [33m'retrieval:724f0e68-c3cc-2aab-0d00-832c18ef9à[0m 
[33m\u2502[0m [31m\u2502[0m
[31m\u2502[0m [33m\u2502[0m                           [2;39m\u2502   \u2502   [0m[1;39m}[0m[39m,[0m          
                          [33m\u2502[0m [31m\u2502[0m
[31m\u2502[0m [33m\u2502[0m                           [2;39m\u2502   \u2502   [0m[33m'callbacks'[0m[39m: [0m 
                        [33m\u2502[0m [31m\u2502[0m
[31m\u2502[0m [33m\u2502[0m                           [39m<langchain_core.callbacks.manager.AsyncCallbà[0m 
[33m\u2502[0m [31m\u2502[0m
[31m\u2502[0m [33m\u2502[0m                           [39mobject at [0m[94m0x00000218576B6CF0[0m[39m>,[0m    
            [33m\u2502[0m [31m\u2502[0m
[31m\u2502[0m [33m\u2502[0m                           [2;39m\u2502   \u2502   [0m[33m'run_name'[0m[39m: 
[0m[33m'retrieval'[0m               [33m\u2502[0m [31m\u2502[0m
[31m\u2502[0m [33m\u2502[0m                           [2;39m\u2502   [0m[1;39m}[0m[39m,[0m                   
                     [33m\u2502[0m [31m\u2502[0m
[31m\u2502[0m [33m\u2502[0m                           [2;39m\u2502   
[0m[33mtriggers[0m[39m=[0m[1;39m([0m[33m'branch:to:retrieval'[0m[39m,[0m[1;39m)[0m[39m,[0m        
[33m\u2502[0m [31m\u2502[0m
[31m\u2502[0m [33m\u2502[0m                           [2;39m\u2502   
[0m[33mretry_policy[0m[39m=[0m[1;39m([0m[1;39m)[0m[39m,[0m                          [33m\u2502[0m 
[31m\u2502[0m
[31m\u2502[0m [33m\u2502[0m                           [2;39m\u2502   
[0m[33mcache_key[0m[39m=[0m[94mNone[0m[39m,[0m                           [33m\u2502[0m [31m\u2502[0m
[31m\u2502[0m [33m\u2502[0m                           [2;39m\u2502   [0m                                         
 [33m\u2502[0m [31m\u2502[0m
[31m\u2502[0m [33m\u2502[0m                           
[33mid[0m[39m=[0m[33m'724f0e68-c3cc-2aab-0d00-832c18ef98c0'[0m[39m,[0m    [33m\u2502[0m [31m\u2502[0m
[31m\u2502[0m [33m\u2502[0m                           [2;39m\u2502   
[0m[33mpath[0m[39m=[0m[1;39m([0m[33m'__pregel_pull'[0m[39m, [0m[33m'retrieval'[0m[1;39m)[0m[39m,[0m   
   [33m\u2502[0m [31m\u2502[0m
[31m\u2502[0m [33m\u2502[0m                           [2;39m\u2502   [0m[33mwriters[0m[39m=[0m[1;39m[[0m   
                              [33m\u2502[0m [31m\u2502[0m
[31m\u2502[0m [33m\u2502[0m                           [2;39m\u2502   \u2502   [0m                                
      [33m\u2502[0m [31m\u2502[0m
[31m\u2502[0m [33m\u2502[0m                           [39mChannelWrite<[0m[33m...[0m[39m,[0m[33m...[0m[39m
,branch:to:verify>[0m[1;39m([0m[33mtags[0m[39m=[0m[94mà[0m [33m\u2502[0m [31m\u2502[0m
[31m\u2502[0m [33m\u2502[0m                           [33mrecurse[0m[39m=[0m[94mTrue[0m[39m, 
[0m[33mexplode_args[0m[39m=[0m[94mFalse[0m[39m, [0m            [33m\u2502[0m [31m\u2502[0m
[31m\u2502[0m [33m\u2502[0m                           
[33mfunc_accepts[0m[39m=[0m[1;39m{[0m[33m'config'[0m[39m: [0m[1;39m([0m[33m'N/A'[0m[39m, <class [0m    
   [33m\u2502[0m [31m\u2502[0m
[31m\u2502[0m [33m\u2502[0m                           
[33m'inspect._empty'[0m[39m>[0m[1;39m)[0m[1;39m}[0m[39m, [0m                         [33m\u2502[0m 
[31m\u2502[0m
[31m\u2502[0m [33m\u2502[0m                           
[33mwrites[0m[39m=[0m[1;39m([0m[1;35mChannelWriteTupleEntry[0m[1;39m([0m[33mmapper[0m[39m=<functà[0m 
[33m\u2502[0m [31m\u2502[0m
[31m\u2502[0m [33m\u2502[0m                           [39mCompiledStateGraph.attach_node.<locals>._getà[0m 
[33m\u2502[0m [31m\u2502[0m
[31m\u2502[0m [33m\u2502[0m                           [39mat [0m[94m0x00000218576A8EA0[0m[39m>, 
[0m[33mvalue[0m[39m=<object object [0m [33m\u2502[0m [31m\u2502[0m
[31m\u2502[0m [33m\u2502[0m                           [39mat [0m[94m0x000002181634A7F0[0m[39m>, 
[0m[33mstatic[0m[39m=[0m[94mNone[0m[1;39m)[0m[39m, [0m        [33m\u2502[0m [31m\u2502[0m
[31m\u2502[0m [33m\u2502[0m                           
[1;35mChannelWriteTupleEntry[0m[1;39m([0m[33mmapper[0m[39m=<function [0m      [33m\u2502[0m [31m\u2502[0m
[31m\u2502[0m [33m\u2502[0m                           [39m_control_branch at 
[0m[94m0x0000021819B24720[0m[39m>, [0m      [33m\u2502[0m [31m\u2502[0m
[31m\u2502[0m [33m\u2502[0m                           [33mvalue[0m[39m=<object object at 
[0m[94m0x000002181634A7F0[0m[1m>[0m,  [33m\u2502[0m [31m\u2502[0m
[31m\u2502[0m [33m\u2502[0m                           [33mstatic[0m=[1m[[0m[1m][0m[1m)[0m,                 
                  [33m\u2502[0m [31m\u2502[0m
[31m\u2502[0m [33m\u2502[0m                           
[1;35mChannelWriteEntry[0m[1m([0m[33mchannel[0m=[33m'branch:to:verify'[0m, [33m\u2502[0m [31m\u2502[0m
[31m\u2502[0m [33m\u2502[0m                           [33mvalue[0m=[94mNone[0m, 
[33mskip_none[0m=[94mFalse[0m, [33mmapper[0m=[94mNone[0m[1m)[0m[1m)[0m[1m)[0m   [33m\u2502[0m 
[31m\u2502[0m
[31m\u2502[0m [33m\u2502[0m                           [2m\u2502   [0m[1m][0m,                                  
      [33m\u2502[0m [31m\u2502[0m
[31m\u2502[0m [33m\u2502[0m                           [2m\u2502   [0m[33msubgraphs[0m=[1m[[0m[1m][0m       
                       [33m\u2502[0m [31m\u2502[0m
[31m\u2502[0m [33m\u2502[0m                           [1m)[0m                                             
[33m\u2502[0m [31m\u2502[0m
[31m\u2502[0m [33m\u2514\u2500\u2500\u2500\u2500\u2500\u2500\u2500\u2500\u2500\u2500\u2500\u2500\u2500\u2500\u2500\u
2500\u2500\u2500\u2500\u2500\u2500\u2500\u2500\u2500\u2500\u2500\u2500\u2500\u2500\u2500\u2500\u2500\u2500\u2500\u2500\
u2500\u2500\u2500\u2500\u2500\u2500\u2500\u2500\u2500\u2500\u2500\u2500\u2500\u2500\u2500\u2500\u2500\u2500\u2500\u2500
\u2500\u2500\u2500\u2500\u2500\u2500\u2500\u2500\u2500\u2500\u2500\u2500\u2500\u2500\u2500\u2500\u2500\u2500\u2518[0m 
[31m\u2502[0m
[31m\u2502[0m                                                                             [31m\u2502[0m
[31m\u2502[0m [33mC:\Users\Nishant [0m                                                           [31m\u2502[0m
[31m\u2502[0m [33mAwasthi\AppData\Local\Programs\Python\Python312\Lib\site-packages\langgraph[0m [31m\u2502[0m
[31m\u2502[0m [33m\_internal\_runnable.py[0m:[94m705[0m in [92mainvoke[0m                                      
[31m\u2502[0m
[31m\u2502[0m                                                                             [31m\u2502[0m
[31m\u2502[0m   [2m702 [0m[2m\u2502   \u2502   \u2502   \u2502   \u2502   \u2502   \u2502   [0mrun = 
[94mNone[0m                                [31m\u2502[0m
[31m\u2502[0m   [2m703 [0m[2m\u2502   \u2502   \u2502   \u2502   \u2502   \u2502   [0m[2m# run in context[0m   
                           [31m\u2502[0m
[31m\u2502[0m   [2m704 [0m[2m\u2502   \u2502   \u2502   \u2502   \u2502   \u2502   [0m[94mwith[0m 
set_config_context(config, run) [94mas[0m conte [31m\u2502[0m
[31m\u2502[0m [31m> [0m705 [2m\u2502   \u2502   \u2502   \u2502   \u2502   \u2502   \u2502   [0m[96minput[0m = 
[94mawait[0m asyncio.create_task(        [31m\u2502[0m
[31m\u2502[0m   [2m706 [0m[2m\u2502   \u2502   \u2502   \u2502   \u2502   \u2502   \u2502   \u2502   
[0mstep.ainvoke([96minput[0m, config, **kwargs) [31m\u2502[0m
[31m\u2502[0m   [2m707 [0m[2m\u2502   \u2502   \u2502   \u2502   \u2502   \u2502   \u2502   [0m)                 
                        [31m\u2502[0m
[31m\u2502[0m   [2m708 [0m[2m\u2502   \u2502   \u2502   \u2502   \u2502   [0m[94melse[0m:                      
                       [31m\u2502[0m
[31m\u2502[0m                                                                             [31m\u2502[0m
[31m\u2502[0m [33m\u250c\u2500[0m[33m\u2500\u2500\u2500\u2500\u2500\u2500\u2500\u2500\u2500\u2500\u2500\u2500\u250
0\u2500\u2500\u2500\u2500\u2500\u2500\u2500\u2500\u2500\u2500\u2500\u2500\u2500\u2500\u2500\u2500\u2500\u2500[0m[33m 
locals [0m[33m\u2500\u2500\u2500\u2500\u2500\u2500\u2500\u2500\u2500\u2500\u2500\u2500\u2500\u2500\u2500\u2500\u2500\
u2500\u2500\u2500\u2500\u2500\u2500\u2500\u2500\u2500\u2500\u2500\u2500\u2500\u2500\u2500[0m[33m\u2500\u2510[0m 
[31m\u2502[0m
[31m\u2502[0m [33m\u2502[0m callback_manager = 
[1m<[0m[1;95mlangchain_core.callbacks.manager.AsyncCallbackManaà[0m [33m\u2502[0m [31m\u2502[0m
[31m\u2502[0m [33m\u2502[0m                    [39mobject at [0m[94m0x00000218576B6CF0[0m[1m>[0m             
           [33m\u2502[0m [31m\u2502[0m
[31m\u2502[0m [33m\u2502[0m           config = [1m{[0m                                                    
[33m\u2502[0m [31m\u2502[0m
[31m\u2502[0m [33m\u2502[0m                    [2m\u2502   [0m[33m'configurable'[0m: [1m{[0m                 
               [33m\u2502[0m [31m\u2502[0m
[31m\u2502[0m [33m\u2502[0m                    [2m\u2502   \u2502   [0m[33m'__pregel_runtime'[0m: 
[1;35mRuntime[0m[1m([0m                 [33m\u2502[0m [31m\u2502[0m
[31m\u2502[0m [33m\u2502[0m                    [2m\u2502   \u2502   \u2502   [0m[33mcontext[0m=[94mNone[0m,  
                          [33m\u2502[0m [31m\u2502[0m
[31m\u2502[0m [33m\u2502[0m                    [2m\u2502   \u2502   \u2502   [0m[33mstore[0m=[94mNone[0m,    
                          [33m\u2502[0m [31m\u2502[0m
[31m\u2502[0m [33m\u2502[0m                    [2m\u2502   \u2502   \u2502   
[0m[33mstream_writer[0m=[1m<[0m[1;95mfunction[0m[39m [0m                 [33m\u2502[0m [31m\u2502[0m
[31m\u2502[0m [33m\u2502[0m                    [39mPregel.astream.<locals>.stream_writer at [0m            
[33m\u2502[0m [31m\u2502[0m
[31m\u2502[0m [33m\u2502[0m                    [94m0x00000218576A9C60[0m[39m>,[0m                              
   [33m\u2502[0m [31m\u2502[0m
[31m\u2502[0m [33m\u2502[0m                    [2;39m\u2502   \u2502   \u2502   
[0m[33mprevious[0m[39m=[0m[94mNone[0m[39m,[0m                           [33m\u2502[0m [31m\u2502[0m
[31m\u2502[0m [33m\u2502[0m                    [2;39m\u2502   \u2502   \u2502   
[0m[33mexecution_info[0m[39m=[0m[1;35mExecutionInfo[0m[1;39m([0m            [33m\u2502[0m [31m\u2502[0m
[31m\u2502[0m [33m\u2502[0m                    [2;39m\u2502   \u2502   \u2502   \u2502   [0m                     
                [33m\u2502[0m [31m\u2502[0m
[31m\u2502[0m [33m\u2502[0m                    
[33mcheckpoint_id[0m[39m=[0m[33m'1f13a515-7e35-6415-8002-b71c41f185beà[0m [33m\u2502[0m [31m\u2502[0m
[31m\u2502[0m [33m\u2502[0m                    [2;39m\u2502   \u2502   \u2502   \u2502   [0m                     
                [33m\u2502[0m [31m\u2502[0m
[31m\u2502[0m [33m\u2502[0m                    
[33mcheckpoint_ns[0m[39m=[0m[33m'retrieval:724f0e68-c3cc-2aab-0d00-83à[0m [33m\u2502[0m [31m\u2502[0m
[31m\u2502[0m [33m\u2502[0m                    [2;39m\u2502   \u2502   \u2502   \u2502   [0m                     
                [33m\u2502[0m [31m\u2502[0m
[31m\u2502[0m [33m\u2502[0m                    
[33mtask_id[0m[39m=[0m[33m'724f0e68-c3cc-2aab-0d00-832c18ef98c0'[0m[39m,[0m      [33m\u2502[0m 
[31m\u2502[0m
[31m\u2502[0m [33m\u2502[0m                    [2;39m\u2502   \u2502   \u2502   \u2502   
[0m[33mthread_id[0m[39m=[0m[94mNone[0m[39m,[0m                      [33m\u2502[0m [31m\u2502[0m
[31m\u2502[0m [33m\u2502[0m                    [2;39m\u2502   \u2502   \u2502   \u2502   
[0m[33mrun_id[0m[39m=[0m[94mNone[0m[39m,[0m                         [33m\u2502[0m [31m\u2502[0m
[31m\u2502[0m [33m\u2502[0m                    [2;39m\u2502   \u2502   \u2502   \u2502   
[0m[33mnode_attempt[0m[39m=[0m[94m1[0m[39m,[0m                      [33m\u2502[0m [31m\u2502[0m
[31m\u2502[0m [33m\u2502[0m                    [2;39m\u2502   \u2502   \u2502   \u2502   [0m                     
                [33m\u2502[0m [31m\u2502[0m
[31m\u2502[0m [33m\u2502[0m                    
[33mnode_first_attempt_time[0m[39m=[0m[94m1776425646[0m[94m.6474004[0m           [33m\u2502[0m 
[31m\u2502[0m
[31m\u2502[0m [33m\u2502[0m                    [2;39m\u2502   \u2502   \u2502   [0m[1;39m)[0m[39m,[0m        
                               [33m\u2502[0m [31m\u2502[0m
[31m\u2502[0m [33m\u2502[0m                    [2;39m\u2502   \u2502   \u2502   
[0m[33mserver_info[0m[39m=[0m[94mNone[0m                         [33m\u2502[0m [31m\u2502[0m
[31m\u2502[0m [33m\u2502[0m                    [2;39m\u2502   \u2502   [0m[1;39m)[0m[39m,[0m                 
                          [33m\u2502[0m [31m\u2502[0m
[31m\u2502[0m [33m\u2502[0m                    [2;39m\u2502   \u2502   [0m[33m'__pregel_replay_state'[0m[39m: 
[0m[94mNone[0m[39m,[0m               [33m\u2502[0m [31m\u2502[0m
[31m\u2502[0m [33m\u2502[0m                    [2;39m\u2502   \u2502   [0m[33m'__pregel_task_id'[0m[39m: [0m 
                        [33m\u2502[0m [31m\u2502[0m
[31m\u2502[0m [33m\u2502[0m                    [33m'724f0e68-c3cc-2aab-0d00-832c18ef98c0'[0m[39m,[0m           
   [33m\u2502[0m [31m\u2502[0m
[31m\u2502[0m [33m\u2502[0m                    [2;39m\u2502   \u2502   [0m[33m'__pregel_send'[0m[39m: 
<built-in method extend of [0m [33m\u2502[0m [31m\u2502[0m
[31m\u2502[0m [33m\u2502[0m                    [39mcollections.deque object at 
[0m[94m0x00000218573836A0[0m[39m>,[0m     [33m\u2502[0m [31m\u2502[0m
[31m\u2502[0m [33m\u2502[0m                    [2;39m\u2502   \u2502   [0m[33m'__pregel_read'[0m[39m: 
[0m[1;35mfunctools.partial[0m[1;39m([0m[39m<function[0m [33m\u2502[0m [31m\u2502[0m
[31m\u2502[0m [33m\u2502[0m                    [39mlocal_read at [0m[94m0x0000021819AC9080[0m[39m>, [0m      
            [33m\u2502[0m [31m\u2502[0m
[31m\u2502[0m [33m\u2502[0m                    
[1;35mPregelScratchpad[0m[1;39m([0m[33mstep[0m[39m=[0m[94m3[0m[39m, 
[0m[33mstop[0m[39m=[0m[94m10007[0m[39m, [0m                [33m\u2502[0m [31m\u2502[0m
[31m\u2502[0m [33m\u2502[0m                    
[33mcall_counter[0m[39m=<langgraph.pregel._algo.LazyAtomicCounà[0m [33m\u2502[0m [31m\u2502[0m
[31m\u2502[0m [33m\u2502[0m                    [39mobject at [0m[94m0x00000218576B6260[0m[39m>, [0m          
            [33m\u2502[0m [31m\u2502[0m
[31m\u2502[0m [33m\u2502[0m                    
[33minterrupt_counter[0m[39m=<langgraph.pregel._algo.LazyAtomià[0m [33m\u2502[0m [31m\u2502[0m
[31m\u2502[0m [33m\u2502[0m                    [39mobject at [0m[94m0x00000218576B6410[0m[39m>, [0m          
            [33m\u2502[0m [31m\u2502[0m
[31m\u2502[0m [33m\u2502[0m                    [33mget_null_resume[0m[39m=<function [0m                        
   [33m\u2502[0m [31m\u2502[0m
[31m\u2502[0m [33m\u2502[0m                    [39m_scratchpad.<locals>.get_null_resume at [0m             
[33m\u2502[0m [31m\u2502[0m
[31m\u2502[0m [33m\u2502[0m                    [94m0x000002185777F920[0m[39m>, 
[0m[33mresume[0m[39m=[0m[1;39m[[0m[1;39m][0m[39m, [0m                     [33m\u2502[0m [31m\u2502[0m
[31m\u2502[0m [33m\u2502[0m                    
[33msubgraph_counter[0m[39m=<langgraph.pregel._algo.LazyAtomicà[0m [33m\u2502[0m [31m\u2502[0m
[31m\u2502[0m [33m\u2502[0m                    [39mobject at 
[0m[94m0x00000218576B6140[0m[39m>[0m[1;39m)[0m[39m, [0m[1;39m{[0m[33m'claim_id'[0m[39m: [0m        
[33m\u2502[0m [31m\u2502[0m
[31m\u2502[0m [33m\u2502[0m                    [39m<langgraph.channels.last_value.LastValue object at [0m  
[33m\u2502[0m [31m\u2502[0m
[31m\u2502[0m [33m\u2502[0m                    [94m0x00000218564BE480[0m[39m>, [0m[33m'modality'[0m[39m: 
[0m                    [33m\u2502[0m [31m\u2502[0m
[31m\u2502[0m [33m\u2502[0m                    [39m<langgraph.channels.last_value.LastValue object at [0m  
[33m\u2502[0m [31m\u2502[0m
[31m\u2502[0m [33m\u2502[0m                    [94m0x00000218564BE6C0[0m[39m>, [0m[33m'content'[0m[39m: 
[0m                     [33m\u2502[0m [31m\u2502[0m
[31m\u2502[0m [33m\u2502[0m                    [39m<langgraph.channels.last_value.LastValue object at [0m  
[33m\u2502[0m [31m\u2502[0m
[31m\u2502[0m [33m\u2502[0m                    [94m0x000002183CC59780[0m[39m>, 
[0m[33m'original_text'[0m[39m: [0m               [33m\u2502[0m [31m\u2502[0m
[31m\u2502[0m [33m\u2502[0m                    [39m<langgraph.channels.last_value.LastValue object at [0m  
[33m\u2502[0m [31m\u2502[0m
[31m\u2502[0m [33m\u2502[0m                    [94m0x000002183CC59480[0m[39m>, [0m[33m'is_cached'[0m[39m: 
[0m                   [33m\u2502[0m [31m\u2502[0m
[31m\u2502[0m [33m\u2502[0m                    [39m<langgraph.channels.last_value.LastValue object at [0m  
[33m\u2502[0m [31m\u2502[0m
[31m\u2502[0m [33m\u2502[0m                    [94m0x000002183CC46700[0m[39m>, [0m[33m'fingerprint'[0m[39m: 
[0m                 [33m\u2502[0m [31m\u2502[0m
[31m\u2502[0m [33m\u2502[0m                    [39m<langgraph.channels.last_value.LastValue object at [0m  
[33m\u2502[0m [31m\u2502[0m
[31m\u2502[0m [33m\u2502[0m                    [94m0x000002183CC47800[0m[39m>, 
[0m[33m'qdrant_context'[0m[39m: [0m              [33m\u2502[0m [31m\u2502[0m
[31m\u2502[0m [33m\u2502[0m                    [39m<langgraph.channels.last_value.LastValue object at [0m  
[33m\u2502[0m [31m\u2502[0m
[31m\u2502[0m [33m\u2502[0m                    [94m0x000002183CC44A00[0m[39m>, 
[0m[33m'neo4j_context'[0m[39m: [0m               [33m\u2502[0m [31m\u2502[0m
[31m\u2502[0m [33m\u2502[0m                    [39m<langgraph.channels.last_value.LastValue object at [0m  
[33m\u2502[0m [31m\u2502[0m
[31m\u2502[0m [33m\u2502[0m                    [94m0x000002183CC45D40[0m[39m>, 
[0m[33m'analysis_results'[0m[39m: [0m            [33m\u2502[0m [31m\u2502[0m
[31m\u2502[0m [33m\u2502[0m                    [39m<langgraph.channels.last_value.LastValue object at [0m  
[33m\u2502[0m [31m\u2502[0m
[31m\u2502[0m [33m\u2502[0m                    [94m0x000002183CC47100[0m[39m>, 
[0m[33m'verifications'[0m[39m: [0m               [33m\u2502[0m [31m\u2502[0m
[31m\u2502[0m [33m\u2502[0m                    [39m<langgraph.channels.last_value.LastValue object at [0m  
[33m\u2502[0m [31m\u2502[0m
[31m\u2502[0m [33m\u2502[0m                    [94m0x000002183CC46B00[0m[39m>, 
[0m[33m'final_verdict'[0m[39m: [0m               [33m\u2502[0m [31m\u2502[0m
[31m\u2502[0m [33m\u2502[0m                    [39m<langgraph.channels.last_value.LastValue object at [0m  
[33m\u2502[0m [31m\u2502[0m
[31m\u2502[0m [33m\u2502[0m                    [94m0x00000218576C29C0[0m[39m>, [0m[33m'score'[0m[39m: [0m  
                     [33m\u2502[0m [31m\u2502[0m
[31m\u2502[0m [33m\u2502[0m                    [39m<langgraph.channels.last_value.LastValue object at [0m  
[33m\u2502[0m [31m\u2502[0m
[31m\u2502[0m [33m\u2502[0m                    [94m0x00000218576C2E40[0m[39m>, [0m[33m'explanation'[0m[39m: 
[0m                 [33m\u2502[0m [31m\u2502[0m
[31m\u2502[0m [33m\u2502[0m                    [39m<langgraph.channels.last_value.LastValue object at [0m  
[33m\u2502[0m [31m\u2502[0m
[31m\u2502[0m [33m\u2502[0m                    [94m0x00000218576C09C0[0m[39m>, [0m[33m'links'[0m[39m: [0m  
                     [33m\u2502[0m [31m\u2502[0m
[31m\u2502[0m [33m\u2502[0m                    [39m<langgraph.channels.last_value.LastValue object at [0m  
[33m\u2502[0m [31m\u2502[0m
[31m\u2502[0m [33m\u2502[0m                    [94m0x00000218576C1040[0m[39m>, 
[0m[33m'language_hint'[0m[39m: [0m               [33m\u2502[0m [31m\u2502[0m
[31m\u2502[0m [33m\u2502[0m                    [39m<langgraph.channels.last_value.LastValue object at [0m  
[33m\u2502[0m [31m\u2502[0m
[31m\u2502[0m [33m\u2502[0m                    [94m0x00000218576C1380[0m[39m>, [0m[33m'__start__'[0m[39m: 
[0m                   [33m\u2502[0m [31m\u2502[0m
[31m\u2502[0m [33m\u2502[0m                    [39m<langgraph.channels.ephemeral_value.EphemeralValue [0m  
[33m\u2502[0m [31m\u2502[0m
[31m\u2502[0m [33m\u2502[0m                    [39mobject at [0m[94m0x00000218576C1400[0m[39m>, 
[0m[33m'__pregel_tasks'[0m[39m: [0m    [33m\u2502[0m [31m\u2502[0m
[31m\u2502[0m [33m\u2502[0m                    [39m<langgraph.channels.topic.Topic object at [0m           
[33m\u2502[0m [31m\u2502[0m
[31m\u2502[0m [33m\u2502[0m                    [94m0x00000218576C3700[0m[39m>, 
[0m[33m'branch:to:fingerprint'[0m[39m: [0m       [33m\u2502[0m [31m\u2502[0m
[31m\u2502[0m [33m\u2502[0m                    [39m<langgraph.channels.ephemeral_value.EphemeralValue [0m  
[33m\u2502[0m [31m\u2502[0m
[31m\u2502[0m [33m\u2502[0m                    [39mobject at [0m[94m0x00000218576C0280[0m[39m>, [0m          
            [33m\u2502[0m [31m\u2502[0m
[31m\u2502[0m [33m\u2502[0m                    [33m'branch:to:expert_analysis'[0m[39m: [0m                     
   [33m\u2502[0m [31m\u2502[0m
[31m\u2502[0m [33m\u2502[0m                    [39m<langgraph.channels.ephemeral_value.EphemeralValue [0m  
[33m\u2502[0m [31m\u2502[0m
[31m\u2502[0m [33m\u2502[0m                    [39mobject at [0m[94m0x00000218576C2540[0m[39m>, [0m          
            [33m\u2502[0m [31m\u2502[0m
[31m\u2502[0m [33m\u2502[0m                    [33m'branch:to:retrieval'[0m[39m: [0m                           
   [33m\u2502[0m [31m\u2502[0m
[31m\u2502[0m [33m\u2502[0m                    [39m<langgraph.channels.ephemeral_value.EphemeralValue [0m  
[33m\u2502[0m [31m\u2502[0m
[31m\u2502[0m [33m\u2502[0m                    [39mobject at [0m[94m0x00000218576C18C0[0m[39m>, 
[0m[33m'branch:to:verify'[0m[39m: [0m  [33m\u2502[0m [31m\u2502[0m
[31m\u2502[0m [33m\u2502[0m                    [39m<langgraph.channels.ephemeral_value.EphemeralValue [0m  
[33m\u2502[0m [31m\u2502[0m
[31m\u2502[0m [33m\u2502[0m                    [39mobject at [0m[94m0x00000218576C1B40[0m[39m>, 
[0m[33m'branch:to:finalize'[0m[39m:[0m [33m\u2502[0m [31m\u2502[0m
[31m\u2502[0m [33m\u2502[0m                    [39m<langgraph.channels.ephemeral_value.EphemeralValue [0m  
[33m\u2502[0m [31m\u2502[0m
[31m\u2502[0m [33m\u2502[0m                    [39mobject at 
[0m[94m0x00000218576C2580[0m[39m>[0m[1;39m}[0m[39m, [0m[1;39m{[0m[1;39m}[0m[39m, [0m                 
[33m\u2502[0m [31m\u2502[0m
[31m\u2502[0m [33m\u2502[0m                    
[1;35mPregelTaskWrites[0m[1;39m([0m[33mpath[0m[39m=[0m[1;39m([0m[33m'__pregel_pull'[0m[39m, [0m          
   [33m\u2502[0m [31m\u2502[0m
[31m\u2502[0m [33m\u2502[0m                    [33m'retrieval'[0m[1;39m)[0m[39m, 
[0m[33mname[0m[39m=[0m[33m'retrieval'[0m[39m, [0m                     [33m\u2502[0m [31m\u2502[0m
[31m\u2502[0m [33m\u2502[0m                    
[33mwrites[0m[39m=[0m[1;35mdeque[0m[1;39m([0m[1;39m[[0m[1;39m([0m[33m'__error__'[0m[39m, [0m           
              [33m\u2502[0m [31m\u2502[0m
[31m\u2502[0m [33m\u2502[0m                    
[1;35mNoSuchFile[0m[1;39m([0m[33m"[0m[1;33m[[0m[33mONNXRuntimeError[0m[1;33m][0m[33m : 3 : NO_SUCHFILE : 
[0m  [33m\u2502[0m [31m\u2502[0m
[31m\u2502[0m [33m\u2502[0m                    [33mLoad model from [0m                                     
[33m\u2502[0m [31m\u2502[0m
[31m\u2502[0m [33m\u2502[0m                    [33mD:\\PHEME\\temp\\fastembed_cache\\models--qdrant--bà[0m 
[33m\u2502[0m [31m\u2502[0m
[31m\u2502[0m [33m\u2502[0m                    [33mfailed:Load model [0m                                   
[33m\u2502[0m [31m\u2502[0m
[31m\u2502[0m [33m\u2502[0m                    [33mD:\\PHEME\\temp\\fastembed_cache\\models--qdrant--bà[0m 
[33m\u2502[0m [31m\u2502[0m
[31m\u2502[0m [33m\u2502[0m                    [33mfailed. File doesn't 
exist"[0m[1;39m)[0m[1;39m)[0m[1;39m][0m[1;39m)[0m[39m, [0m                    [33m\u2502[0m 
[31m\u2502[0m
[31m\u2502[0m [33m\u2502[0m                    [33mtriggers[0m[39m=[0m[1;39m([0m[33m'branch:to:retrieval'[0
m[39m,[0m[1;39m)[0m[1;39m)[0m[1;39m)[0m[39m,[0m                 [33m\u2502[0m [31m\u2502[0m
[31m\u2502[0m [33m\u2502[0m                    [2;39m\u2502   \u2502   [0m[33m'__pregel_checkpointer'[0m[39m: 
[0m[94mNone[0m[39m,[0m               [33m\u2502[0m [31m\u2502[0m
[31m\u2502[0m [33m\u2502[0m                    [2;39m\u2502   \u2502   [0m[33m'checkpoint_map'[0m[39m: 
[0m[1;39m{[0m                          [33m\u2502[0m [31m\u2502[0m
[31m\u2502[0m [33m\u2502[0m                    [2;39m\u2502   \u2502   \u2502   [0m[33m''[0m[39m: [0m        
                             [33m\u2502[0m [31m\u2502[0m
[31m\u2502[0m [33m\u2502[0m                    [33m'1f13a515-7e35-6415-8002-b71c41f185be'[0m               
[33m\u2502[0m [31m\u2502[0m
[31m\u2502[0m [33m\u2502[0m                    [2;39m\u2502   \u2502   [0m[1;39m}[0m[39m,[0m                 
                          [33m\u2502[0m [31m\u2502[0m
[31m\u2502[0m [33m\u2502[0m                    [2;39m\u2502   \u2502   [0m[33m'checkpoint_id'[0m[39m: 
[0m[94mNone[0m[39m,[0m                       [33m\u2502[0m [31m\u2502[0m
[31m\u2502[0m [33m\u2502[0m                    [2;39m\u2502   \u2502   [0m[33m'checkpoint_ns'[0m[39m: [0m    
                        [33m\u2502[0m [31m\u2502[0m
[31m\u2502[0m [33m\u2502[0m                    [33m'retrieval:724f0e68-c3cc-2aab-0d00-832c18ef98c0'[0m[39m,[0m 
   [33m\u2502[0m [31m\u2502[0m
[31m\u2502[0m [33m\u2502[0m                    [2;39m\u2502   \u2502   [0m[33m'__pregel_scratchpad'[0m[39m: 
[0m[1;35mPregelScratchpad[0m[1;39m([0m     [33m\u2502[0m [31m\u2502[0m
[31m\u2502[0m [33m\u2502[0m                    [2;39m\u2502   \u2502   \u2502   
[0m[33mstep[0m[39m=[0m[94m3[0m[39m,[0m                                  [33m\u2502[0m [31m\u2502[0m
[31m\u2502[0m [33m\u2502[0m                    [2;39m\u2502   \u2502   \u2502   
[0m[33mstop[0m[39m=[0m[94m10007[0m[39m,[0m                              [33m\u2502[0m [31m\u2502[0m
[31m\u2502[0m [33m\u2502[0m                    [2;39m\u2502   \u2502   \u2502   [0m                              
           [33m\u2502[0m [31m\u2502[0m
[31m\u2502[0m [33m\u2502[0m                    
[33mcall_counter[0m[39m=<langgraph.pregel._algo.LazyAtomicCounà[0m [33m\u2502[0m [31m\u2502[0m
[31m\u2502[0m [33m\u2502[0m                    [39mobject at [0m[94m0x00000218576B6260[0m[39m>,[0m           
            [33m\u2502[0m [31m\u2502[0m
[31m\u2502[0m [33m\u2502[0m                    [2;39m\u2502   \u2502   \u2502   [0m                              
           [33m\u2502[0m [31m\u2502[0m
[31m\u2502[0m [33m\u2502[0m                    
[33minterrupt_counter[0m[39m=<langgraph.pregel._algo.LazyAtomià[0m [33m\u2502[0m [31m\u2502[0m
[31m\u2502[0m [33m\u2502[0m                    [39mobject at [0m[94m0x00000218576B6410[0m[39m>,[0m           
            [33m\u2502[0m [31m\u2502[0m
[31m\u2502[0m [33m\u2502[0m                    [2;39m\u2502   \u2502   \u2502   
[0m[33mget_null_resume[0m[39m=<function [0m               [33m\u2502[0m [31m\u2502[0m
[31m\u2502[0m [33m\u2502[0m                    [39m_scratchpad.<locals>.get_null_resume at [0m             
[33m\u2502[0m [31m\u2502[0m
[31m\u2502[0m [33m\u2502[0m                    [94m0x000002185777F920[0m[39m>,[0m                              
   [33m\u2502[0m [31m\u2502[0m
[31m\u2502[0m [33m\u2502[0m                    [2;39m\u2502   \u2502   \u2502   
[0m[33mresume[0m[39m=[0m[1;39m[[0m[1;39m][0m[39m,[0m                               [33m\u2502[0m 
[31m\u2502[0m
[31m\u2502[0m [33m\u2502[0m                    [2;39m\u2502   \u2502   \u2502   [0m                              
           [33m\u2502[0m [31m\u2502[0m
[31m\u2502[0m [33m\u2502[0m                    
[33msubgraph_counter[0m[39m=<langgraph.pregel._algo.LazyAtomicà[0m [33m\u2502[0m [31m\u2502[0m
[31m\u2502[0m [33m\u2502[0m                    [39mobject at [0m[94m0x00000218576B6140[0m[39m>[0m            
            [33m\u2502[0m [31m\u2502[0m
[31m\u2502[0m [33m\u2502[0m                    [2;39m\u2502   \u2502   [0m[1;39m)[0m[39m,[0m                 
                          [33m\u2502[0m [31m\u2502[0m
[31m\u2502[0m [33m\u2502[0m                    [2;39m\u2502   \u2502   [0m[33m...[0m[39m +[0m[94m1[0m      
                                 [33m\u2502[0m [31m\u2502[0m
[31m\u2502[0m [33m\u2502[0m                    [2;39m\u2502   [0m[1;39m}[0m[39m,[0m                          
                     [33m\u2502[0m [31m\u2502[0m
[31m\u2502[0m [33m\u2502[0m                    [2;39m\u2502   [0m[33m'metadata'[0m[39m: [0m[1;39m{[0m      
                              [33m\u2502[0m [31m\u2502[0m
[31m\u2502[0m [33m\u2502[0m                    [2;39m\u2502   \u2502   [0m[33m'langgraph_step'[0m[39m: 
[0m[94m3[0m[39m,[0m                         [33m\u2502[0m [31m\u2502[0m
[31m\u2502[0m [33m\u2502[0m                    [2;39m\u2502   \u2502   [0m[33m'langgraph_node'[0m[39m: 
[0m[33m'retrieval'[0m[39m,[0m               [33m\u2502[0m [31m\u2502[0m
[31m\u2502[0m [33m\u2502[0m                    [2;39m\u2502   \u2502   [0m[33m'langgraph_triggers'[0m[39m: 
[0m[1;39m([0m                      [33m\u2502[0m [31m\u2502[0m
[31m\u2502[0m [33m\u2502[0m                    [2;39m\u2502   \u2502   \u2502   
[0m[33m'branch:to:retrieval'[0m[39m,[0m                   [33m\u2502[0m [31m\u2502[0m
[31m\u2502[0m [33m\u2502[0m                    [2;39m\u2502   \u2502   [0m[1;39m)[0m[39m,[0m                 
                          [33m\u2502[0m [31m\u2502[0m
[31m\u2502[0m [33m\u2502[0m                    [2;39m\u2502   \u2502   [0m[33m'langgraph_path'[0m[39m: 
[0m[1;39m([0m                          [33m\u2502[0m [31m\u2502[0m
[31m\u2502[0m [33m\u2502[0m                    [2;39m\u2502   \u2502   \u2502   
[0m[33m'__pregel_pull'[0m[39m,[0m                         [33m\u2502[0m [31m\u2502[0m
[31m\u2502[0m [33m\u2502[0m                    [2;39m\u2502   \u2502   \u2502   [0m[33m'retrieval'[0m          
                    [33m\u2502[0m [31m\u2502[0m
[31m\u2502[0m [33m\u2502[0m                    [2;39m\u2502   \u2502   [0m[1;39m)[0m[39m,[0m                 
                          [33m\u2502[0m [31m\u2502[0m
[31m\u2502[0m [33m\u2502[0m                    [2;39m\u2502   \u2502   
[0m[33m'langgraph_checkpoint_ns'[0m[39m: [0m                  [33m\u2502[0m [31m\u2502[0m
[31m\u2502[0m [33m\u2502[0m                    [33m'retrieval:724f0e68-c3cc-2aab-0d00-832c18ef98c0'[0m     
[33m\u2502[0m [31m\u2502[0m
[31m\u2502[0m [33m\u2502[0m                    [2;39m\u2502   [0m[1;39m}[0m[39m,[0m                          
                     [33m\u2502[0m [31m\u2502[0m
[31m\u2502[0m [33m\u2502[0m                    [2;39m\u2502   [0m[33m'callbacks'[0m[39m: [0m                 
                   [33m\u2502[0m [31m\u2502[0m
[31m\u2502[0m [33m\u2502[0m                    [39m<langchain_core.callbacks.manager.AsyncCallbackManaà[0m 
[33m\u2502[0m [31m\u2502[0m
[31m\u2502[0m [33m\u2502[0m                    [39mobject at [0m[94m0x00000218572C3B60[0m[1m>[0m             
           [33m\u2502[0m [31m\u2502[0m
[31m\u2502[0m [33m\u2502[0m                    [1m}[0m                                                    
[33m\u2502[0m [31m\u2502[0m
[31m\u2502[0m [33m\u2502[0m          context = [1m<[0m[1;95m_contextvars.Context[0m[39m object at 
[0m[94m0x00000218576C13C0[0m[1m>[0m  [33m\u2502[0m [31m\u2502[0m
[31m\u2502[0m [33m\u2502[0m                i = [94m0[0m                                                    
[33m\u2502[0m [31m\u2502[0m
[31m\u2502[0m [33m\u2502[0m            input = [1m{[0m                                                    
[33m\u2502[0m [31m\u2502[0m
[31m\u2502[0m [33m\u2502[0m                    [2m\u2502   [0m[33m'claim_id'[0m: [33m'test-orch-001'[0m,     
                [33m\u2502[0m [31m\u2502[0m
[31m\u2502[0m [33m\u2502[0m                    [2m\u2502   [0m[33m'modality'[0m: [33m'text'[0m,              
                [33m\u2502[0m [31m\u2502[0m
[31m\u2502[0m [33m\u2502[0m                    [2m\u2502   [0m[33m'content'[0m: [33m'The moon is made of 
green cheese [0m    [33m\u2502[0m [31m\u2502[0m
[31m\u2502[0m [33m\u2502[0m                    [33maccording to recent satellite images from a 
pri'[0m+[94m13[0m, [33m\u2502[0m [31m\u2502[0m
[31m\u2502[0m [33m\u2502[0m                    [2m\u2502   [0m[33m'original_text'[0m: [33m'The moon is made 
of green [0m     [33m\u2502[0m [31m\u2502[0m
[31m\u2502[0m [33m\u2502[0m                    [33mcheese according to recent satellite images from a [0m  
[33m\u2502[0m [31m\u2502[0m
[31m\u2502[0m [33m\u2502[0m                    [33mpri'[0m+[94m13[0m,                                          
   [33m\u2502[0m [31m\u2502[0m
[31m\u2502[0m [33m\u2502[0m                    [2m\u2502   [0m[33m'is_cached'[0m: [94mFalse[0m,              
                [33m\u2502[0m [31m\u2502[0m
[31m\u2502[0m [33m\u2502[0m                    [2m\u2502   [0m[33m'fingerprint'[0m:                            
       [33m\u2502[0m [31m\u2502[0m
[31m\u2502[0m [33m\u2502[0m                    [33m'ad1b79d4a0fb64fe8fc24871e158426ebcbea56a991c00277cà[0m 
[33m\u2502[0m [31m\u2502[0m
[31m\u2502[0m [33m\u2502[0m                    [2m\u2502   [0m[33m'analysis_results'[0m: [1m{[0m             
               [33m\u2502[0m [31m\u2502[0m
[31m\u2502[0m [33m\u2502[0m                    [2m\u2502   \u2502   [0m[33m'verdict'[0m: [33m'FAKE'[0m,      
                     [33m\u2502[0m [31m\u2502[0m
[31m\u2502[0m [33m\u2502[0m                    [2m\u2502   \u2502   [0m[33m'confidence'[0m: [94m0.99[0m,     
                     [33m\u2502[0m [31m\u2502[0m
[31m\u2502[0m [33m\u2502[0m                    [2m\u2502   \u2502   [0m[33m'fallacies'[0m: [1m[[0m           
                    [33m\u2502[0m [31m\u2502[0m
[31m\u2502[0m [33m\u2502[0m                    [2m\u2502   \u2502   \u2502   [0m[33m'appeal to authority'[0m,  
                 [33m\u2502[0m [31m\u2502[0m
[31m\u2502[0m [33m\u2502[0m                    [2m\u2502   \u2502   \u2502   [0m[33m'lack of evidence'[0m      
                 [33m\u2502[0m [31m\u2502[0m
[31m\u2502[0m [33m\u2502[0m                    [2m\u2502   \u2502   [0m[1m][0m,                                
           [33m\u2502[0m [31m\u2502[0m
[31m\u2502[0m [33m\u2502[0m                    [2m\u2502   \u2502   [0m[33m'explanation'[0m: [33m'The claim 
that the moon is [0m  [33m\u2502[0m [31m\u2502[0m
[31m\u2502[0m [33m\u2502[0m                    [33mmade of green cheese contradicts extensive [0m          
[33m\u2502[0m [31m\u2502[0m
[31m\u2502[0m [33m\u2502[0m                    [33mscientific'[0m+[94m105[0m,                                  
   [33m\u2502[0m [31m\u2502[0m
[31m\u2502[0m [33m\u2502[0m                    [2m\u2502   \u2502   [0m[33m'detected_claims'[0m: [1m[[0m     
                    [33m\u2502[0m [31m\u2502[0m
[31m\u2502[0m [33m\u2502[0m                    [2m\u2502   \u2502   \u2502   [0m[33m'The moon is made of green 
cheese'[0m,      [33m\u2502[0m [31m\u2502[0m
[31m\u2502[0m [33m\u2502[0m                    [2m\u2502   \u2502   \u2502   [0m[33m'Recent satellite images 
from a private [0m [33m\u2502[0m [31m\u2502[0m
[31m\u2502[0m [33m\u2502[0m                    [33mmission support this claim'[0m                          
[33m\u2502[0m [31m\u2502[0m
[31m\u2502[0m [33m\u2502[0m                    [2m\u2502   \u2502   [0m[1m][0m                                 
           [33m\u2502[0m [31m\u2502[0m
[31m\u2502[0m [33m\u2502[0m                    [2m\u2502   [0m[1m}[0m,                                         
      [33m\u2502[0m [31m\u2502[0m
[31m\u2502[0m [33m\u2502[0m                    [2m\u2502   [0m[33m'language_hint'[0m: [33m'en'[0m            
                [33m\u2502[0m [31m\u2502[0m
[31m\u2502[0m [33m\u2502[0m                    [1m}[0m                                                    
[33m\u2502[0m [31m\u2502[0m
[31m\u2502[0m [33m\u2502[0m           kwargs = [1m{[0m[1m}[0m                                                  
 [33m\u2502[0m [31m\u2502[0m
[31m\u2502[0m [33m\u2502[0m              run = [94mNone[0m                                                 
[33m\u2502[0m [31m\u2502[0m
[31m\u2502[0m [33m\u2502[0m      run_manager = 
[1m<[0m[1;95mlangchain_core.callbacks.manager.AsyncCallbackManaà[0m [33m\u2502[0m [31m\u2502[0m
[31m\u2502[0m [33m\u2502[0m                    [39mobject at [0m[94m0x000002183CBF4E00[0m[1m>[0m             
           [33m\u2502[0m [31m\u2502[0m
[31m\u2502[0m [33m\u2502[0m             self = [1m<[0m[1;95mlanggraph._internal._runnable.RunnableSeq[0m[39m 
object at[0m [33m\u2502[0m [31m\u2502[0m
[31m\u2502[0m [33m\u2502[0m                    [94m0x00000218576B6A50[0m[1m>[0m                                
  [33m\u2502[0m [31m\u2502[0m
[31m\u2502[0m [33m\u2502[0m             step = [1;35mretrieval[0m[1m([0m[33mtags[0m=[94mNone[0m, 
[33mrecurse[0m=[94mTrue[0m,                   [33m\u2502[0m [31m\u2502[0m
[31m\u2502[0m [33m\u2502[0m                    [33mexplode_args[0m=[94mFalse[0m, 
[33mfunc_accepts[0m=[1m{[0m[1m}[0m[1m)[0m                 [33m\u2502[0m [31m\u2502[0m
[31m\u2502[0m [33m\u2514\u2500\u2500\u2500\u2500\u2500\u2500\u2500\u2500\u2500\u2500\u2500\u2500\u2500\u2500\u2500\u
2500\u2500\u2500\u2500\u2500\u2500\u2500\u2500\u2500\u2500\u2500\u2500\u2500\u2500\u2500\u2500\u2500\u2500\u2500\u2500\
u2500\u2500\u2500\u2500\u2500\u2500\u2500\u2500\u2500\u2500\u2500\u2500\u2500\u2500\u2500\u2500\u2500\u2500\u2500\u2500
\u2500\u2500\u2500\u2500\u2500\u2500\u2500\u2500\u2500\u2500\u2500\u2500\u2500\u2500\u2500\u2500\u2500\u2500\u2518[0m 
[31m\u2502[0m
[31m\u2502[0m                                                                             [31m\u2502[0m
[31m\u2502[0m [33mC:\Users\Nishant [0m                                                           [31m\u2502[0m
[31m\u2502[0m [33mAwasthi\AppData\Local\Programs\Python\Python312\Lib\site-packages\langgraph[0m [31m\u2502[0m
[31m\u2502[0m [33m\_internal\_runnable.py[0m:[94m473[0m in [92mainvoke[0m                                      
[31m\u2502[0m
[31m\u2502[0m                                                                             [31m\u2502[0m
[31m\u2502[0m   [2m470 [0m[2m\u2502   \u2502   \u2502   [0m[94melse[0m:                                        
             [31m\u2502[0m
[31m\u2502[0m   [2m471 [0m[2m\u2502   \u2502   \u2502   \u2502   [0m[94mawait[0m run_manager.on_chain_end(ret) 
                  [31m\u2502[0m
[31m\u2502[0m   [2m472 [0m[2m\u2502   \u2502   [0m[94melse[0m:                                                 
        [31m\u2502[0m
[31m\u2502[0m [31m> [0m473 [2m\u2502   \u2502   \u2502   [0mret = [1;4;94mawait[0m[1;4m 
[0m[1;4;96mself[0m[1;4m.afunc(*args, **kwargs)[0m                   [31m\u2502[0m
[31m\u2502[0m   [2m474 [0m[2m\u2502   \u2502   [0m[94mif[0m [96mself[0m.recurse [95mand[0m 
[96misinstance[0m(ret, Runnable):                [31m\u2502[0m
[31m\u2502[0m   [2m475 [0m[2m\u2502   \u2502   \u2502   [0m[94mreturn[0m [94mawait[0m 
ret.ainvoke([96minput[0m, config)                   [31m\u2502[0m
[31m\u2502[0m   [2m476 [0m[2m\u2502   \u2502   [0m[94mreturn[0m ret                                            
        [31m\u2502[0m
[31m\u2502[0m                                                                             [31m\u2502[0m
[31m\u2502[0m [33m\u250c\u2500[0m[33m\u2500\u2500\u2500\u2500\u2500\u2500\u2500\u2500\u2500\u2500\u2500\u2500\u250
0\u2500\u2500\u2500\u2500\u2500\u2500\u2500\u2500\u2500\u2500\u2500\u2500\u2500\u2500\u2500\u2500\u2500\u2500[0m[33m 
locals [0m[33m\u2500\u2500\u2500\u2500\u2500\u2500\u2500\u2500\u2500\u2500\u2500\u2500\u2500\u2500\u2500\u2500\u2500\
u2500\u2500\u2500\u2500\u2500\u2500\u2500\u2500\u2500\u2500\u2500\u2500\u2500\u2500\u2500[0m[33m\u2500\u2510[0m 
[31m\u2502[0m
[31m\u2502[0m [33m\u2502[0m    args = [1m([0m                                                             
[33m\u2502[0m [31m\u2502[0m
[31m\u2502[0m [33m\u2502[0m           [2m\u2502   [0m[1m{[0m                                                   
      [33m\u2502[0m [31m\u2502[0m
[31m\u2502[0m [33m\u2502[0m           [2m\u2502   \u2502   [0m[33m'claim_id'[0m: [33m'test-orch-001'[0m,     
                     [33m\u2502[0m [31m\u2502[0m
[31m\u2502[0m [33m\u2502[0m           [2m\u2502   \u2502   [0m[33m'modality'[0m: [33m'text'[0m,              
                     [33m\u2502[0m [31m\u2502[0m
[31m\u2502[0m [33m\u2502[0m           [2m\u2502   \u2502   [0m[33m'content'[0m: [33m'The moon is made of 
green cheese [0m         [33m\u2502[0m [31m\u2502[0m
[31m\u2502[0m [33m\u2502[0m           [33maccording to recent satellite images from a pri'[0m+[94m13[0m,       
   [33m\u2502[0m [31m\u2502[0m
[31m\u2502[0m [33m\u2502[0m           [2m\u2502   \u2502   [0m[33m'original_text'[0m: [33m'The moon is made 
of green cheese [0m   [33m\u2502[0m [31m\u2502[0m
[31m\u2502[0m [33m\u2502[0m           [33maccording to recent satellite images from a pri'[0m+[94m13[0m,       
   [33m\u2502[0m [31m\u2502[0m
[31m\u2502[0m [33m\u2502[0m           [2m\u2502   \u2502   [0m[33m'is_cached'[0m: [94mFalse[0m,              
                     [33m\u2502[0m [31m\u2502[0m
[31m\u2502[0m [33m\u2502[0m           [2m\u2502   \u2502   [0m[33m'fingerprint'[0m:                            
            [33m\u2502[0m [31m\u2502[0m
[31m\u2502[0m [33m\u2502[0m           [33m'ad1b79d4a0fb64fe8fc24871e158426ebcbea56a991c00277cbc6183c2dà[0m 
[33m\u2502[0m [31m\u2502[0m
[31m\u2502[0m [33m\u2502[0m           [2m\u2502   \u2502   [0m[33m'analysis_results'[0m: [1m{[0m             
                    [33m\u2502[0m [31m\u2502[0m
[31m\u2502[0m [33m\u2502[0m           [2m\u2502   \u2502   \u2502   [0m[33m'verdict'[0m: [33m'FAKE'[0m,      
                          [33m\u2502[0m [31m\u2502[0m
[31m\u2502[0m [33m\u2502[0m           [2m\u2502   \u2502   \u2502   [0m[33m'confidence'[0m: [94m0.99[0m,     
                          [33m\u2502[0m [31m\u2502[0m
[31m\u2502[0m [33m\u2502[0m           [2m\u2502   \u2502   \u2502   [0m[33m'fallacies'[0m: [1m[[0m           
                         [33m\u2502[0m [31m\u2502[0m
[31m\u2502[0m [33m\u2502[0m           [2m\u2502   \u2502   \u2502   \u2502   [0m[33m'appeal to authority'[0m,  
                      [33m\u2502[0m [31m\u2502[0m
[31m\u2502[0m [33m\u2502[0m           [2m\u2502   \u2502   \u2502   \u2502   [0m[33m'lack of evidence'[0m      
                      [33m\u2502[0m [31m\u2502[0m
[31m\u2502[0m [33m\u2502[0m           [2m\u2502   \u2502   \u2502   [0m[1m][0m,                                
                [33m\u2502[0m [31m\u2502[0m
[31m\u2502[0m [33m\u2502[0m           [2m\u2502   \u2502   \u2502   [0m[33m'explanation'[0m: [33m'The claim 
that the moon is made [0m  [33m\u2502[0m [31m\u2502[0m
[31m\u2502[0m [33m\u2502[0m           [33mof green cheese contradicts extensive scientific'[0m+[94m105[0m,     
   [33m\u2502[0m [31m\u2502[0m
[31m\u2502[0m [33m\u2502[0m           [2m\u2502   \u2502   \u2502   [0m[33m'detected_claims'[0m: [1m[[0m     
                         [33m\u2502[0m [31m\u2502[0m
[31m\u2502[0m [33m\u2502[0m           [2m\u2502   \u2502   \u2502   \u2502   [0m[33m'The moon is made of green 
cheese'[0m,           [33m\u2502[0m [31m\u2502[0m
[31m\u2502[0m [33m\u2502[0m           [2m\u2502   \u2502   \u2502   \u2502   [0m[33m'Recent satellite images 
from a private [0m      [33m\u2502[0m [31m\u2502[0m
[31m\u2502[0m [33m\u2502[0m           [33mmission support this claim'[0m                                   
[33m\u2502[0m [31m\u2502[0m
[31m\u2502[0m [33m\u2502[0m           [2m\u2502   \u2502   \u2502   [0m[1m][0m                                 
                [33m\u2502[0m [31m\u2502[0m
[31m\u2502[0m [33m\u2502[0m           [2m\u2502   \u2502   [0m[1m}[0m,                                         
           [33m\u2502[0m [31m\u2502[0m
[31m\u2502[0m [33m\u2502[0m           [2m\u2502   \u2502   [0m[33m'language_hint'[0m: [33m'en'[0m            
                     [33m\u2502[0m [31m\u2502[0m
[31m\u2502[0m [33m\u2502[0m           [2m\u2502   [0m[1m}[0m,                                                  
      [33m\u2502[0m [31m\u2502[0m
[31m\u2502[0m [33m\u2502[0m           [1m)[0m                                                             
[33m\u2502[0m [31m\u2502[0m
[31m\u2502[0m [33m\u2502[0m  config = [1m{[0m                                                             
[33m\u2502[0m [31m\u2502[0m
[31m\u2502[0m [33m\u2502[0m           [2m\u2502   [0m[33m'configurable'[0m: [1m{[0m                          
               [33m\u2502[0m [31m\u2502[0m
[31m\u2502[0m [33m\u2502[0m           [2m\u2502   \u2502   [0m[33m'__pregel_runtime'[0m: 
[1;35mRuntime[0m[1m([0m                          [33m\u2502[0m [31m\u2502[0m
[31m\u2502[0m [33m\u2502[0m           [2m\u2502   \u2502   \u2502   [0m[33mcontext[0m=[94mNone[0m,           
                          [33m\u2502[0m [31m\u2502[0m
[31m\u2502[0m [33m\u2502[0m           [2m\u2502   \u2502   \u2502   [0m[33mstore[0m=[94mNone[0m,             
                          [33m\u2502[0m [31m\u2502[0m
[31m\u2502[0m [33m\u2502[0m           [2m\u2502   \u2502   \u2502   
[0m[33mstream_writer[0m=[1m<[0m[1;95mfunction[0m[39m [0m                          [33m\u2502[0m 
[31m\u2502[0m
[31m\u2502[0m [33m\u2502[0m           [39mPregel.astream.<locals>.stream_writer at 
[0m[94m0x00000218576A9C60[0m[39m>,[0m [33m\u2502[0m [31m\u2502[0m
[31m\u2502[0m [33m\u2502[0m           [2;39m\u2502   \u2502   \u2502   
[0m[33mprevious[0m[39m=[0m[94mNone[0m[39m,[0m                                    [33m\u2502[0m 
[31m\u2502[0m
[31m\u2502[0m [33m\u2502[0m           [2;39m\u2502   \u2502   \u2502   
[0m[33mexecution_info[0m[39m=[0m[1;35mExecutionInfo[0m[1;39m([0m                     [33m\u2502[0m 
[31m\u2502[0m
[31m\u2502[0m [33m\u2502[0m           [2;39m\u2502   \u2502   \u2502   \u2502   [0m                              
                [33m\u2502[0m [31m\u2502[0m
[31m\u2502[0m [33m\u2502[0m           
[33mcheckpoint_id[0m[39m=[0m[33m'1f13a515-7e35-6415-8002-b71c41f185be'[0m[39m,[0m         [33m\u2502[0m 
[31m\u2502[0m
[31m\u2502[0m [33m\u2502[0m           [2;39m\u2502   \u2502   \u2502   \u2502   [0m                              
                [33m\u2502[0m [31m\u2502[0m
[31m\u2502[0m [33m\u2502[0m           
[33mcheckpoint_ns[0m[39m=[0m[33m'retrieval:724f0e68-c3cc-2aab-0d00-832c18ef98cà[0m [33m\u2502[0m 
[31m\u2502[0m
[31m\u2502[0m [33m\u2502[0m           [2;39m\u2502   \u2502   \u2502   \u2502   [0m                              
                [33m\u2502[0m [31m\u2502[0m
[31m\u2502[0m [33m\u2502[0m           
[33mtask_id[0m[39m=[0m[33m'724f0e68-c3cc-2aab-0d00-832c18ef98c0'[0m[39m,[0m               [33m\u2502[0m 
[31m\u2502[0m
[31m\u2502[0m [33m\u2502[0m           [2;39m\u2502   \u2502   \u2502   \u2502   
[0m[33mthread_id[0m[39m=[0m[94mNone[0m[39m,[0m                               [33m\u2502[0m [31m\u2502[0m
[31m\u2502[0m [33m\u2502[0m           [2;39m\u2502   \u2502   \u2502   \u2502   
[0m[33mrun_id[0m[39m=[0m[94mNone[0m[39m,[0m                                  [33m\u2502[0m [31m\u2502[0m
[31m\u2502[0m [33m\u2502[0m           [2;39m\u2502   \u2502   \u2502   \u2502   
[0m[33mnode_attempt[0m[39m=[0m[94m1[0m[39m,[0m                               [33m\u2502[0m [31m\u2502[0m
[31m\u2502[0m [33m\u2502[0m           [2;39m\u2502   \u2502   \u2502   \u2502   
[0m[33mnode_first_attempt_time[0m[39m=[0m[94m1776425646[0m[94m.6474004[0m    [33m\u2502[0m [31m\u2502[0m
[31m\u2502[0m [33m\u2502[0m           [2;39m\u2502   \u2502   \u2502   [0m[1;39m)[0m[39m,[0m                 
                               [33m\u2502[0m [31m\u2502[0m
[31m\u2502[0m [33m\u2502[0m           [2;39m\u2502   \u2502   \u2502   
[0m[33mserver_info[0m[39m=[0m[94mNone[0m                                  [33m\u2502[0m [31m\u2502[0m
[31m\u2502[0m [33m\u2502[0m           [2;39m\u2502   \u2502   [0m[1;39m)[0m[39m,[0m                          
                          [33m\u2502[0m [31m\u2502[0m
[31m\u2502[0m [33m\u2502[0m           [2;39m\u2502   \u2502   [0m[33m'__pregel_replay_state'[0m[39m: 
[0m[94mNone[0m[39m,[0m                        [33m\u2502[0m [31m\u2502[0m
[31m\u2502[0m [33m\u2502[0m           [2;39m\u2502   \u2502   [0m[33m'__pregel_task_id'[0m[39m: [0m          
                        [33m\u2502[0m [31m\u2502[0m
[31m\u2502[0m [33m\u2502[0m           [33m'724f0e68-c3cc-2aab-0d00-832c18ef98c0'[0m[39m,[0m                    
   [33m\u2502[0m [31m\u2502[0m
[31m\u2502[0m [33m\u2502[0m           [2;39m\u2502   \u2502   [0m[33m'__pregel_send'[0m[39m: <built-in method 
extend of [0m          [33m\u2502[0m [31m\u2502[0m
[31m\u2502[0m [33m\u2502[0m           [39mcollections.deque object at [0m[94m0x00000218573836A0[0m[39m>,[0m  
            [33m\u2502[0m [31m\u2502[0m
[31m\u2502[0m [33m\u2502[0m           [2;39m\u2502   \u2502   [0m[33m'__pregel_read'[0m[39m: 
[0m[1;35mfunctools.partial[0m[1;39m([0m[39m<function [0m         [33m\u2502[0m [31m\u2502[0m
[31m\u2502[0m [33m\u2502[0m           [39mlocal_read at [0m[94m0x0000021819AC9080[0m[39m>, 
[0m[1;35mPregelScratchpad[0m[1;39m([0m[33mstep[0m[39m=[0m[94m3[0m[39m, [0m  [33m\u2502[0m 
[31m\u2502[0m
[31m\u2502[0m [33m\u2502[0m           [33mstop[0m[39m=[0m[94m10007[0m[39m, [0m                             
                     [33m\u2502[0m [31m\u2502[0m
[31m\u2502[0m [33m\u2502[0m           [33mcall_counter[0m[39m=<langgraph.pregel._algo.LazyAtomicCounter 
object[0m [33m\u2502[0m [31m\u2502[0m
[31m\u2502[0m [33m\u2502[0m           [39mat [0m[94m0x00000218576B6260[0m[39m>, [0m                          
            [33m\u2502[0m [31m\u2502[0m
[31m\u2502[0m [33m\u2502[0m           [33minterrupt_counter[0m[39m=<langgraph.pregel._algo.LazyAtomicCounter 
[0m  [33m\u2502[0m [31m\u2502[0m
[31m\u2502[0m [33m\u2502[0m           [39mobject at [0m[94m0x00000218576B6410[0m[39m>, 
[0m[33mget_null_resume[0m[39m=<function [0m     [33m\u2502[0m [31m\u2502[0m
[31m\u2502[0m [33m\u2502[0m           [39m_scratchpad.<locals>.get_null_resume at 
[0m[94m0x000002185777F920[0m[39m>, [0m [33m\u2502[0m [31m\u2502[0m
[31m\u2502[0m [33m\u2502[0m           [33mresume[0m[39m=[0m[1;39m[[0m[1;39m][0m[39m, [0m                 
                                  [33m\u2502[0m [31m\u2502[0m
[31m\u2502[0m [33m\u2502[0m           [33msubgraph_counter[0m[39m=<langgraph.pregel._algo.LazyAtomicCounter 
[0m   [33m\u2502[0m [31m\u2502[0m
[31m\u2502[0m [33m\u2502[0m           [39mobject at [0m[94m0x00000218576B6140[0m[39m>[0m[1;39m)[0m[39m, 
[0m[1;39m{[0m[33m'claim_id'[0m[39m: [0m                 [33m\u2502[0m [31m\u2502[0m
[31m\u2502[0m [33m\u2502[0m           [39m<langgraph.channels.last_value.LastValue object at [0m           
[33m\u2502[0m [31m\u2502[0m
[31m\u2502[0m [33m\u2502[0m           [94m0x00000218564BE480[0m[39m>, [0m[33m'modality'[0m[39m: [0m        
                     [33m\u2502[0m [31m\u2502[0m
[31m\u2502[0m [33m\u2502[0m           [39m<langgraph.channels.last_value.LastValue object at [0m           
[33m\u2502[0m [31m\u2502[0m
[31m\u2502[0m [33m\u2502[0m           [94m0x00000218564BE6C0[0m[39m>, [0m[33m'content'[0m[39m: [0m         
                     [33m\u2502[0m [31m\u2502[0m
[31m\u2502[0m [33m\u2502[0m           [39m<langgraph.channels.last_value.LastValue object at [0m           
[33m\u2502[0m [31m\u2502[0m
[31m\u2502[0m [33m\u2502[0m           [94m0x000002183CC59780[0m[39m>, [0m[33m'original_text'[0m[39m: [0m   
                     [33m\u2502[0m [31m\u2502[0m
[31m\u2502[0m [33m\u2502[0m           [39m<langgraph.channels.last_value.LastValue object at [0m           
[33m\u2502[0m [31m\u2502[0m
[31m\u2502[0m [33m\u2502[0m           [94m0x000002183CC59480[0m[39m>, [0m[33m'is_cached'[0m[39m: [0m       
                     [33m\u2502[0m [31m\u2502[0m
[31m\u2502[0m [33m\u2502[0m           [39m<langgraph.channels.last_value.LastValue object at [0m           
[33m\u2502[0m [31m\u2502[0m
[31m\u2502[0m [33m\u2502[0m           [94m0x000002183CC46700[0m[39m>, [0m[33m'fingerprint'[0m[39m: [0m     
                     [33m\u2502[0m [31m\u2502[0m
[31m\u2502[0m [33m\u2502[0m           [39m<langgraph.channels.last_value.LastValue object at [0m           
[33m\u2502[0m [31m\u2502[0m
[31m\u2502[0m [33m\u2502[0m           [94m0x000002183CC47800[0m[39m>, [0m[33m'qdrant_context'[0m[39m: [0m  
                     [33m\u2502[0m [31m\u2502[0m
[31m\u2502[0m [33m\u2502[0m           [39m<langgraph.channels.last_value.LastValue object at [0m           
[33m\u2502[0m [31m\u2502[0m
[31m\u2502[0m [33m\u2502[0m           [94m0x000002183CC44A00[0m[39m>, [0m[33m'neo4j_context'[0m[39m: [0m   
                     [33m\u2502[0m [31m\u2502[0m
[31m\u2502[0m [33m\u2502[0m           [39m<langgraph.channels.last_value.LastValue object at [0m           
[33m\u2502[0m [31m\u2502[0m
[31m\u2502[0m [33m\u2502[0m           [94m0x000002183CC45D40[0m[39m>, [0m[33m'analysis_results'[0m[39m: 
[0m                     [33m\u2502[0m [31m\u2502[0m
[31m\u2502[0m [33m\u2502[0m           [39m<langgraph.channels.last_value.LastValue object at [0m           
[33m\u2502[0m [31m\u2502[0m
[31m\u2502[0m [33m\u2502[0m           [94m0x000002183CC47100[0m[39m>, [0m[33m'verifications'[0m[39m: [0m   
                     [33m\u2502[0m [31m\u2502[0m
[31m\u2502[0m [33m\u2502[0m           [39m<langgraph.channels.last_value.LastValue object at [0m           
[33m\u2502[0m [31m\u2502[0m
[31m\u2502[0m [33m\u2502[0m           [94m0x000002183CC46B00[0m[39m>, [0m[33m'final_verdict'[0m[39m: [0m   
                     [33m\u2502[0m [31m\u2502[0m
[31m\u2502[0m [33m\u2502[0m           [39m<langgraph.channels.last_value.LastValue object at [0m           
[33m\u2502[0m [31m\u2502[0m
[31m\u2502[0m [33m\u2502[0m           [94m0x00000218576C29C0[0m[39m>, [0m[33m'score'[0m[39m: [0m           
                     [33m\u2502[0m [31m\u2502[0m
[31m\u2502[0m [33m\u2502[0m           [39m<langgraph.channels.last_value.LastValue object at [0m           
[33m\u2502[0m [31m\u2502[0m
[31m\u2502[0m [33m\u2502[0m           [94m0x00000218576C2E40[0m[39m>, [0m[33m'explanation'[0m[39m: [0m     
                     [33m\u2502[0m [31m\u2502[0m
[31m\u2502[0m [33m\u2502[0m           [39m<langgraph.channels.last_value.LastValue object at [0m           
[33m\u2502[0m [31m\u2502[0m
[31m\u2502[0m [33m\u2502[0m           [94m0x00000218576C09C0[0m[39m>, [0m[33m'links'[0m[39m: [0m           
                     [33m\u2502[0m [31m\u2502[0m
[31m\u2502[0m [33m\u2502[0m           [39m<langgraph.channels.last_value.LastValue object at [0m           
[33m\u2502[0m [31m\u2502[0m
[31m\u2502[0m [33m\u2502[0m           [94m0x00000218576C1040[0m[39m>, [0m[33m'language_hint'[0m[39m: [0m   
                     [33m\u2502[0m [31m\u2502[0m
[31m\u2502[0m [33m\u2502[0m           [39m<langgraph.channels.last_value.LastValue object at [0m           
[33m\u2502[0m [31m\u2502[0m
[31m\u2502[0m [33m\u2502[0m           [94m0x00000218576C1380[0m[39m>, [0m[33m'__start__'[0m[39m: [0m       
                     [33m\u2502[0m [31m\u2502[0m
[31m\u2502[0m [33m\u2502[0m           [39m<langgraph.channels.ephemeral_value.EphemeralValue object at [0m 
[33m\u2502[0m [31m\u2502[0m
[31m\u2502[0m [33m\u2502[0m           [94m0x00000218576C1400[0m[39m>, [0m[33m'__pregel_tasks'[0m[39m: [0m  
                     [33m\u2502[0m [31m\u2502[0m
[31m\u2502[0m [33m\u2502[0m           [39m<langgraph.channels.topic.Topic object at [0m                    
[33m\u2502[0m [31m\u2502[0m
[31m\u2502[0m [33m\u2502[0m           [94m0x00000218576C3700[0m[39m>, 
[0m[33m'branch:to:fingerprint'[0m[39m: [0m                [33m\u2502[0m [31m\u2502[0m
[31m\u2502[0m [33m\u2502[0m           [39m<langgraph.channels.ephemeral_value.EphemeralValue object at [0m 
[33m\u2502[0m [31m\u2502[0m
[31m\u2502[0m [33m\u2502[0m           [94m0x00000218576C0280[0m[39m>, 
[0m[33m'branch:to:expert_analysis'[0m[39m: [0m            [33m\u2502[0m [31m\u2502[0m
[31m\u2502[0m [33m\u2502[0m           [39m<langgraph.channels.ephemeral_value.EphemeralValue object at [0m 
[33m\u2502[0m [31m\u2502[0m
[31m\u2502[0m [33m\u2502[0m           [94m0x00000218576C2540[0m[39m>, [0m[33m'branch:to:retrieval'[0m[39m: 
[0m                  [33m\u2502[0m [31m\u2502[0m
[31m\u2502[0m [33m\u2502[0m           [39m<langgraph.channels.ephemeral_value.EphemeralValue object at [0m 
[33m\u2502[0m [31m\u2502[0m
[31m\u2502[0m [33m\u2502[0m           [94m0x00000218576C18C0[0m[39m>, [0m[33m'branch:to:verify'[0m[39m: 
[0m                     [33m\u2502[0m [31m\u2502[0m
[31m\u2502[0m [33m\u2502[0m           [39m<langgraph.channels.ephemeral_value.EphemeralValue object at [0m 
[33m\u2502[0m [31m\u2502[0m
[31m\u2502[0m [33m\u2502[0m           [94m0x00000218576C1B40[0m[39m>, [0m[33m'branch:to:finalize'[0m[39m: 
[0m                   [33m\u2502[0m [31m\u2502[0m
[31m\u2502[0m [33m\u2502[0m           [39m<langgraph.channels.ephemeral_value.EphemeralValue object at [0m 
[33m\u2502[0m [31m\u2502[0m
[31m\u2502[0m [33m\u2502[0m           [94m0x00000218576C2580[0m[39m>[0m[1;39m}[0m[39m, 
[0m[1;39m{[0m[1;39m}[0m[39m, [0m                                    [33m\u2502[0m [31m\u2502[0m
[31m\u2502[0m [33m\u2502[0m           
[1;35mPregelTaskWrites[0m[1;39m([0m[33mpath[0m[39m=[0m[1;39m([0m[33m'__pregel_pull'[0m[39m, 
[0m[33m'retrieval'[0m[1;39m)[0m[39m, [0m        [33m\u2502[0m [31m\u2502[0m
[31m\u2502[0m [33m\u2502[0m           [33mname[0m[39m=[0m[33m'retrieval'[0m[39m, 
[0m[33mwrites[0m[39m=[0m[1;35mdeque[0m[1;39m([0m[1;39m[[0m[1;39m([0m[33m'__error__'[0m[39m, [0m       
         [33m\u2502[0m [31m\u2502[0m
[31m\u2502[0m [33m\u2502[0m           
[1;35mNoSuchFile[0m[1;39m([0m[33m"[0m[1;33m[[0m[33mONNXRuntimeError[0m[1;33m][0m[33m : 3 : NO_SUCHFILE : 
Load model[0m [33m\u2502[0m [31m\u2502[0m
[31m\u2502[0m [33m\u2502[0m           [33mfrom [0m                                                         
[33m\u2502[0m [31m\u2502[0m
[31m\u2502[0m [33m\u2502[0m           [33mD:\\PHEME\\temp\\fastembed_cache\\models--qdrant--bge-small-à[0m 
[33m\u2502[0m [31m\u2502[0m
[31m\u2502[0m [33m\u2502[0m           [33mfailed:Load model [0m                                            
[33m\u2502[0m [31m\u2502[0m
[31m\u2502[0m [33m\u2502[0m           [33mD:\\PHEME\\temp\\fastembed_cache\\models--qdrant--bge-small-à[0m 
[33m\u2502[0m [31m\u2502[0m
[31m\u2502[0m [33m\u2502[0m           [33mfailed. File doesn't 
exist"[0m[1;39m)[0m[1;39m)[0m[1;39m][0m[1;39m)[0m[39m, [0m                             [33m\u2502[0m 
[31m\u2502[0m
[31m\u2502[0m [33m\u2502[0m           [33mtriggers[0m[39m=[0m[1;39m([0m[33m'branch:to:retrieval'[0m[39m,[
0m[1;39m)[0m[1;39m)[0m[1;39m)[0m[39m,[0m                          [33m\u2502[0m [31m\u2502[0m
[31m\u2502[0m [33m\u2502[0m           [2;39m\u2502   \u2502   [0m[33m'__pregel_checkpointer'[0m[39m: 
[0m[94mNone[0m[39m,[0m                        [33m\u2502[0m [31m\u2502[0m
[31m\u2502[0m [33m\u2502[0m           [2;39m\u2502   \u2502   [0m[33m'checkpoint_map'[0m[39m: 
[0m[1;39m{[0m                                   [33m\u2502[0m [31m\u2502[0m
[31m\u2502[0m [33m\u2502[0m           [2;39m\u2502   \u2502   \u2502   [0m[33m''[0m[39m: 
[0m[33m'1f13a515-7e35-6415-8002-b71c41f185be'[0m        [33m\u2502[0m [31m\u2502[0m
[31m\u2502[0m [33m\u2502[0m           [2;39m\u2502   \u2502   [0m[1;39m}[0m[39m,[0m                          
                          [33m\u2502[0m [31m\u2502[0m
[31m\u2502[0m [33m\u2502[0m           [2;39m\u2502   \u2502   [0m[33m'checkpoint_id'[0m[39m: 
[0m[94mNone[0m[39m,[0m                                [33m\u2502[0m [31m\u2502[0m
[31m\u2502[0m [33m\u2502[0m           [2;39m\u2502   \u2502   [0m[33m'checkpoint_ns'[0m[39m: [0m             
                        [33m\u2502[0m [31m\u2502[0m
[31m\u2502[0m [33m\u2502[0m           [33m'retrieval:724f0e68-c3cc-2aab-0d00-832c18ef98c0'[0m[39m,[0m          
   [33m\u2502[0m [31m\u2502[0m
[31m\u2502[0m [33m\u2502[0m           [2;39m\u2502   \u2502   [0m[33m'__pregel_scratchpad'[0m[39m: 
[0m[1;35mPregelScratchpad[0m[1;39m([0m              [33m\u2502[0m [31m\u2502[0m
[31m\u2502[0m [33m\u2502[0m           [2;39m\u2502   \u2502   \u2502   
[0m[33mstep[0m[39m=[0m[94m3[0m[39m,[0m                                           [33m\u2502[0m 
[31m\u2502[0m
[31m\u2502[0m [33m\u2502[0m           [2;39m\u2502   \u2502   \u2502   
[0m[33mstop[0m[39m=[0m[94m10007[0m[39m,[0m                                       [33m\u2502[0m 
[31m\u2502[0m
[31m\u2502[0m [33m\u2502[0m           [2;39m\u2502   \u2502   \u2502   [0m                                       
           [33m\u2502[0m [31m\u2502[0m
[31m\u2502[0m [33m\u2502[0m           [33mcall_counter[0m[39m=<langgraph.pregel._algo.LazyAtomicCounter 
object[0m [33m\u2502[0m [31m\u2502[0m
[31m\u2502[0m [33m\u2502[0m           [39mat [0m[94m0x00000218576B6260[0m[39m>,[0m                           
            [33m\u2502[0m [31m\u2502[0m
[31m\u2502[0m [33m\u2502[0m           [2;39m\u2502   \u2502   \u2502   [0m                                       
           [33m\u2502[0m [31m\u2502[0m
[31m\u2502[0m [33m\u2502[0m           [33minterrupt_counter[0m[39m=<langgraph.pregel._algo.LazyAtomicCounter 
[0m  [33m\u2502[0m [31m\u2502[0m
[31m\u2502[0m [33m\u2502[0m           [39mobject at [0m[94m0x00000218576B6410[0m[39m>,[0m                    
            [33m\u2502[0m [31m\u2502[0m
[31m\u2502[0m [33m\u2502[0m           [2;39m\u2502   \u2502   \u2502   
[0m[33mget_null_resume[0m[39m=<function [0m                        [33m\u2502[0m [31m\u2502[0m
[31m\u2502[0m [33m\u2502[0m           [39m_scratchpad.<locals>.get_null_resume at 
[0m[94m0x000002185777F920[0m[39m>,[0m  [33m\u2502[0m [31m\u2502[0m
[31m\u2502[0m [33m\u2502[0m           [2;39m\u2502   \u2502   \u2502   
[0m[33mresume[0m[39m=[0m[1;39m[[0m[1;39m][0m[39m,[0m                                        [33m\u2502[0m 
[31m\u2502[0m
[31m\u2502[0m [33m\u2502[0m           [2;39m\u2502   \u2502   \u2502   [0m                                       
           [33m\u2502[0m [31m\u2502[0m
[31m\u2502[0m [33m\u2502[0m           [33msubgraph_counter[0m[39m=<langgraph.pregel._algo.LazyAtomicCounter 
[0m   [33m\u2502[0m [31m\u2502[0m
[31m\u2502[0m [33m\u2502[0m           [39mobject at [0m[94m0x00000218576B6140[0m[39m>[0m                     
            [33m\u2502[0m [31m\u2502[0m
[31m\u2502[0m [33m\u2502[0m           [2;39m\u2502   \u2502   [0m[1;39m)[0m[39m,[0m                          
                          [33m\u2502[0m [31m\u2502[0m
[31m\u2502[0m [33m\u2502[0m           [2;39m\u2502   \u2502   [0m[33m...[0m[39m +[0m[94m1[0m               
                                 [33m\u2502[0m [31m\u2502[0m
[31m\u2502[0m [33m\u2502[0m           [2;39m\u2502   [0m[1;39m}[0m[39m,[0m                                   
                     [33m\u2502[0m [31m\u2502[0m
[31m\u2502[0m [33m\u2502[0m           [2;39m\u2502   [0m[33m'metadata'[0m[39m: [0m[1;39m{[0m               
                              [33m\u2502[0m [31m\u2502[0m
[31m\u2502[0m [33m\u2502[0m           [2;39m\u2502   \u2502   [0m[33m'langgraph_step'[0m[39m: 
[0m[94m3[0m[39m,[0m                                  [33m\u2502[0m [31m\u2502[0m
[31m\u2502[0m [33m\u2502[0m           [2;39m\u2502   \u2502   [0m[33m'langgraph_node'[0m[39m: 
[0m[33m'retrieval'[0m[39m,[0m                        [33m\u2502[0m [31m\u2502[0m
[31m\u2502[0m [33m\u2502[0m           [2;39m\u2502   \u2502   [0m[33m'langgraph_triggers'[0m[39m: 
[0m[1;39m([0m[33m'branch:to:retrieval'[0m[39m,[0m[1;39m)[0m[39m,[0m       [33m\u2502[0m [31m\u2502[0m
[31m\u2502[0m [33m\u2502[0m           [2;39m\u2502   \u2502   [0m[33m'langgraph_path'[0m[39m: 
[0m[1;39m([0m[33m'__pregel_pull'[0m[39m, [0m[33m'retrieval'[0m[1;39m)[0m[39m,[0m     [33m\u2502[0m 
[31m\u2502[0m
[31m\u2502[0m [33m\u2502[0m           [2;39m\u2502   \u2502   [0m[33m'langgraph_checkpoint_ns'[0m[39m: [0m   
                        [33m\u2502[0m [31m\u2502[0m
[31m\u2502[0m [33m\u2502[0m           [33m'retrieval:724f0e68-c3cc-2aab-0d00-832c18ef98c0'[0m              
[33m\u2502[0m [31m\u2502[0m
[31m\u2502[0m [33m\u2502[0m           [2;39m\u2502   [0m[1;39m}[0m[39m,[0m                                   
                     [33m\u2502[0m [31m\u2502[0m
[31m\u2502[0m [33m\u2502[0m           [2;39m\u2502   [0m[33m'callbacks'[0m[39m: [0m                          
                   [33m\u2502[0m [31m\u2502[0m
[31m\u2502[0m [33m\u2502[0m           [39m<langchain_core.callbacks.manager.AsyncCallbackManager object[0m 
[33m\u2502[0m [31m\u2502[0m
[31m\u2502[0m [33m\u2502[0m           [39mat [0m[94m0x00000218572C3B60[0m[1m>[0m                             
           [33m\u2502[0m [31m\u2502[0m
[31m\u2502[0m [33m\u2502[0m           [1m}[0m                                                             
[33m\u2502[0m [31m\u2502[0m
[31m\u2502[0m [33m\u2502[0m   input = [1m{[0m                                                             
[33m\u2502[0m [31m\u2502[0m
[31m\u2502[0m [33m\u2502[0m           [2m\u2502   [0m[33m'claim_id'[0m: [33m'test-orch-001'[0m,              
                [33m\u2502[0m [31m\u2502[0m
[31m\u2502[0m [33m\u2502[0m           [2m\u2502   [0m[33m'modality'[0m: [33m'text'[0m,                       
                [33m\u2502[0m [31m\u2502[0m
[31m\u2502[0m [33m\u2502[0m           [2m\u2502   [0m[33m'content'[0m: [33m'The moon is made of green cheese 
according to[0m [33m\u2502[0m [31m\u2502[0m
[31m\u2502[0m [33m\u2502[0m           [33mrecent satellite images from a pri'[0m+[94m13[0m,                    
   [33m\u2502[0m [31m\u2502[0m
[31m\u2502[0m [33m\u2502[0m           [2m\u2502   [0m[33m'original_text'[0m: [33m'The moon is made of green 
cheese [0m       [33m\u2502[0m [31m\u2502[0m
[31m\u2502[0m [33m\u2502[0m           [33maccording to recent satellite images from a pri'[0m+[94m13[0m,       
   [33m\u2502[0m [31m\u2502[0m
[31m\u2502[0m [33m\u2502[0m           [2m\u2502   [0m[33m'is_cached'[0m: [94mFalse[0m,                       
                [33m\u2502[0m [31m\u2502[0m
[31m\u2502[0m [33m\u2502[0m           [2m\u2502   [0m[33m'fingerprint'[0m:                                     
       [33m\u2502[0m [31m\u2502[0m
[31m\u2502[0m [33m\u2502[0m           [33m'ad1b79d4a0fb64fe8fc24871e158426ebcbea56a991c00277cbc6183c2dà[0m 
[33m\u2502[0m [31m\u2502[0m
[31m\u2502[0m [33m\u2502[0m           [2m\u2502   [0m[33m'analysis_results'[0m: [1m{[0m                      
               [33m\u2502[0m [31m\u2502[0m
[31m\u2502[0m [33m\u2502[0m           [2m\u2502   \u2502   [0m[33m'verdict'[0m: [33m'FAKE'[0m,               
                     [33m\u2502[0m [31m\u2502[0m
[31m\u2502[0m [33m\u2502[0m           [2m\u2502   \u2502   [0m[33m'confidence'[0m: [94m0.99[0m,              
                     [33m\u2502[0m [31m\u2502[0m
[31m\u2502[0m [33m\u2502[0m           [2m\u2502   \u2502   [0m[33m'fallacies'[0m: [1m[[0m                    
                    [33m\u2502[0m [31m\u2502[0m
[31m\u2502[0m [33m\u2502[0m           [2m\u2502   \u2502   \u2502   [0m[33m'appeal to authority'[0m,           
                 [33m\u2502[0m [31m\u2502[0m
[31m\u2502[0m [33m\u2502[0m           [2m\u2502   \u2502   \u2502   [0m[33m'lack of evidence'[0m               
                 [33m\u2502[0m [31m\u2502[0m
[31m\u2502[0m [33m\u2502[0m           [2m\u2502   \u2502   [0m[1m][0m,                                         
           [33m\u2502[0m [31m\u2502[0m
[31m\u2502[0m [33m\u2502[0m           [2m\u2502   \u2502   [0m[33m'explanation'[0m: [33m'The claim that the 
moon is made of [0m   [33m\u2502[0m [31m\u2502[0m
[31m\u2502[0m [33m\u2502[0m           [33mgreen cheese contradicts extensive scientific'[0m+[94m105[0m,        
   [33m\u2502[0m [31m\u2502[0m
[31m\u2502[0m [33m\u2502[0m           [2m\u2502   \u2502   [0m[33m'detected_claims'[0m: [1m[[0m              
                    [33m\u2502[0m [31m\u2502[0m
[31m\u2502[0m [33m\u2502[0m           [2m\u2502   \u2502   \u2502   [0m[33m'The moon is made of green 
cheese'[0m,               [33m\u2502[0m [31m\u2502[0m
[31m\u2502[0m [33m\u2502[0m           [2m\u2502   \u2502   \u2502   [0m[33m'Recent satellite images from a 
private mission [0m  [33m\u2502[0m [31m\u2502[0m
[31m\u2502[0m [33m\u2502[0m           [33msupport this claim'[0m                                           
[33m\u2502[0m [31m\u2502[0m
[31m\u2502[0m [33m\u2502[0m           [2m\u2502   \u2502   [0m[1m][0m                                          
           [33m\u2502[0m [31m\u2502[0m
[31m\u2502[0m [33m\u2502[0m           [2m\u2502   [0m[1m}[0m,                                                  
      [33m\u2502[0m [31m\u2502[0m
[31m\u2502[0m [33m\u2502[0m           [2m\u2502   [0m[33m'language_hint'[0m: [33m'en'[0m                     
                [33m\u2502[0m [31m\u2502[0m
[31m\u2502[0m [33m\u2502[0m           [1m}[0m                                                             
[33m\u2502[0m [31m\u2502[0m
[31m\u2502[0m [33m\u2502[0m  kwargs = [1m{[0m[1m}[0m                                                           
 [33m\u2502[0m [31m\u2502[0m
[31m\u2502[0m [33m\u2502[0m runtime = [1;35mRuntime[0m[1m([0m                                                  
    [33m\u2502[0m [31m\u2502[0m
[31m\u2502[0m [33m\u2502[0m           [2m\u2502   [0m[33mcontext[0m=[94mNone[0m,                             
                [33m\u2502[0m [31m\u2502[0m
[31m\u2502[0m [33m\u2502[0m           [2m\u2502   [0m[33mstore[0m=[94mNone[0m,                               
                [33m\u2502[0m [31m\u2502[0m
[31m\u2502[0m [33m\u2502[0m           [2m\u2502   [0m[33mstream_writer[0m=[1m<[0m[1;95mfunction[0m[39m 
[0m                                  [33m\u2502[0m [31m\u2502[0m
[31m\u2502[0m [33m\u2502[0m           [39mPregel.astream.<locals>.stream_writer at 
[0m[94m0x00000218576A9C60[0m[1m>[0m, [33m\u2502[0m [31m\u2502[0m
[31m\u2502[0m [33m\u2502[0m           [2m\u2502   [0m[33mprevious[0m=[94mNone[0m,                            
                [33m\u2502[0m [31m\u2502[0m
[31m\u2502[0m [33m\u2502[0m           [2m\u2502   [0m[33mexecution_info[0m=[1;35mExecutionInfo[0m[1m([0m   
                          [33m\u2502[0m [31m\u2502[0m
[31m\u2502[0m [33m\u2502[0m           [2m\u2502   \u2502   
[0m[33mcheckpoint_id[0m=[33m'1f13a515-7e35-6415-8002-b71c41f185be'[0m, [33m\u2502[0m [31m\u2502[0m
[31m\u2502[0m [33m\u2502[0m           [2m\u2502   \u2502   [0m                                                   
   [33m\u2502[0m [31m\u2502[0m
[31m\u2502[0m [33m\u2502[0m           
[33mcheckpoint_ns[0m=[33m'retrieval:724f0e68-c3cc-2aab-0d00-832c18ef98cà[0m [33m\u2502[0m [31m\u2502[0m
[31m\u2502[0m [33m\u2502[0m           [2m\u2502   \u2502   
[0m[33mtask_id[0m=[33m'724f0e68-c3cc-2aab-0d00-832c18ef98c0'[0m,       [33m\u2502[0m [31m\u2502[0m
[31m\u2502[0m [33m\u2502[0m           [2m\u2502   \u2502   [0m[33mthread_id[0m=[94mNone[0m,                  
                     [33m\u2502[0m [31m\u2502[0m
[31m\u2502[0m [33m\u2502[0m           [2m\u2502   \u2502   [0m[33mrun_id[0m=[94mNone[0m,                     
                     [33m\u2502[0m [31m\u2502[0m
[31m\u2502[0m [33m\u2502[0m           [2m\u2502   \u2502   [0m[33mnode_attempt[0m=[94m1[0m,                  
                     [33m\u2502[0m [31m\u2502[0m
[31m\u2502[0m [33m\u2502[0m           [2m\u2502   \u2502   
[0m[33mnode_first_attempt_time[0m=[94m1776425646[0m[94m.6474004[0m            [33m\u2502[0m [31m\u2502[0m
[31m\u2502[0m [33m\u2502[0m           [2m\u2502   [0m[1m)[0m,                                                  
      [33m\u2502[0m [31m\u2502[0m
[31m\u2502[0m [33m\u2502[0m           [2m\u2502   [0m[33mserver_info[0m=[94mNone[0m                          
                [33m\u2502[0m [31m\u2502[0m
[31m\u2502[0m [33m\u2502[0m           [1m)[0m                                                             
[33m\u2502[0m [31m\u2502[0m
[31m\u2502[0m [33m\u2502[0m    self = [1;35mretrieval[0m[1m([0m[33mtags[0m=[94mNone[0m, 
[33mrecurse[0m=[94mTrue[0m, [33mexplode_args[0m=[94mFalse[0m,        [33m\u2502[0m [31m\u2502[0m
[31m\u2502[0m [33m\u2502[0m           [33mfunc_accepts[0m=[1m{[0m[1m}[0m[1m)[0m                            
                  [33m\u2502[0m [31m\u2502[0m
[31m\u2502[0m [33m\u2514\u2500\u2500\u2500\u2500\u2500\u2500\u2500\u2500\u2500\u2500\u2500\u2500\u2500\u2500\u2500\u
2500\u2500\u2500\u2500\u2500\u2500\u2500\u2500\u2500\u2500\u2500\u2500\u2500\u2500\u2500\u2500\u2500\u2500\u2500\u2500\
u2500\u2500\u2500\u2500\u2500\u2500\u2500\u2500\u2500\u2500\u2500\u2500\u2500\u2500\u2500\u2500\u2500\u2500\u2500\u2500
\u2500\u2500\u2500\u2500\u2500\u2500\u2500\u2500\u2500\u2500\u2500\u2500\u2500\u2500\u2500\u2500\u2500\u2500\u2518[0m 
[31m\u2502[0m
[31m\u2502[0m                                                                             [31m\u2502[0m
[31m\u2502[0m [33mD:\PHEME\orchestrator\graph.py[0m:[94m49[0m in [92mretrieval_node[0m                         
[31m\u2502[0m
[31m\u2502[0m                                                                             [31m\u2502[0m
[31m\u2502[0m   [2m 46 [0m[94masync[0m [94mdef[0m [92mretrieval_node[0m(state: FactCheckState):              
        [31m\u2502[0m
[31m\u2502[0m   [2m 47 [0m[2m\u2502   [0m[2m# L5 ù Graph RAG with Cognee (Async)[0m                            
  [31m\u2502[0m
[31m\u2502[0m   [2m 48 [0m[2m\u2502   [0mtext = state.get([33m"[0m[33moriginal_text[0m[33m"[0m, 
[33m"[0m[33m"[0m)                             [31m\u2502[0m
[31m\u2502[0m [31m> [0m 49 [2m\u2502   [0mresults = [1;4;94mawait[0m[1;4m graph_rag.search(text)[0m          
                  [31m\u2502[0m
[31m\u2502[0m   [2m 50 [0m[2m\u2502   [0m[94mreturn[0m {[33m"[0m[33mneo4j_context[0m[33m"[0m: 
[96mstr[0m(results)}                            [31m\u2502[0m
[31m\u2502[0m   [2m 51 [0m                                                                      [31m\u2502[0m
[31m\u2502[0m   [2m 52 [0m[94masync[0m [94mdef[0m [92mverifier_node[0m(state: FactCheckState):               
        [31m\u2502[0m
[31m\u2502[0m                                                                             [31m\u2502[0m
[31m\u2502[0m [33m\u250c\u2500[0m[33m\u2500\u2500\u2500\u2500\u2500\u2500\u2500\u2500\u2500\u2500\u2500\u2500\u250
0\u2500\u2500\u2500\u2500\u2500\u2500\u2500\u2500\u2500\u2500\u2500\u2500\u2500\u2500\u2500\u2500\u2500\u2500[0m[33m 
locals [0m[33m\u2500\u2500\u2500\u2500\u2500\u2500\u2500\u2500\u2500\u2500\u2500\u2500\u2500\u2500\u2500\u2500\u2500\
u2500\u2500\u2500\u2500\u2500\u2500\u2500\u2500\u2500\u2500\u2500\u2500\u2500\u2500\u2500[0m[33m\u2500\u2510[0m 
[31m\u2502[0m
[31m\u2502[0m [33m\u2502[0m state = [1m{[0m                                                               
[33m\u2502[0m [31m\u2502[0m
[31m\u2502[0m [33m\u2502[0m         [2m\u2502   [0m[33m'claim_id'[0m: [33m'test-orch-001'[0m,                
                [33m\u2502[0m [31m\u2502[0m
[31m\u2502[0m [33m\u2502[0m         [2m\u2502   [0m[33m'modality'[0m: [33m'text'[0m,                         
                [33m\u2502[0m [31m\u2502[0m
[31m\u2502[0m [33m\u2502[0m         [2m\u2502   [0m[33m'content'[0m: [33m'The moon is made of green cheese 
according to [0m  [33m\u2502[0m [31m\u2502[0m
[31m\u2502[0m [33m\u2502[0m         [33mrecent satellite images from a pri'[0m+[94m13[0m,                      
   [33m\u2502[0m [31m\u2502[0m
[31m\u2502[0m [33m\u2502[0m         [2m\u2502   [0m[33m'original_text'[0m: [33m'The moon is made of green 
cheese [0m         [33m\u2502[0m [31m\u2502[0m
[31m\u2502[0m [33m\u2502[0m         [33maccording to recent satellite images from a pri'[0m+[94m13[0m,         
   [33m\u2502[0m [31m\u2502[0m
[31m\u2502[0m [33m\u2502[0m         [2m\u2502   [0m[33m'is_cached'[0m: [94mFalse[0m,                         
                [33m\u2502[0m [31m\u2502[0m
[31m\u2502[0m [33m\u2502[0m         [2m\u2502   [0m[33m'fingerprint'[0m:                                       
       [33m\u2502[0m [31m\u2502[0m
[31m\u2502[0m [33m\u2502[0m         [33m'ad1b79d4a0fb64fe8fc24871e158426ebcbea56a991c00277cbc6183c2d90à[0m 
[33m\u2502[0m [31m\u2502[0m
[31m\u2502[0m [33m\u2502[0m         [2m\u2502   [0m[33m'analysis_results'[0m: [1m{[0m                        
               [33m\u2502[0m [31m\u2502[0m
[31m\u2502[0m [33m\u2502[0m         [2m\u2502   \u2502   [0m[33m'verdict'[0m: [33m'FAKE'[0m,                 
                     [33m\u2502[0m [31m\u2502[0m
[31m\u2502[0m [33m\u2502[0m         [2m\u2502   \u2502   [0m[33m'confidence'[0m: [94m0.99[0m,                
                     [33m\u2502[0m [31m\u2502[0m
[31m\u2502[0m [33m\u2502[0m         [2m\u2502   \u2502   [0m[33m'fallacies'[0m: [1m[[0m                      
                    [33m\u2502[0m [31m\u2502[0m
[31m\u2502[0m [33m\u2502[0m         [2m\u2502   \u2502   \u2502   [0m[33m'appeal to authority'[0m,             
                 [33m\u2502[0m [31m\u2502[0m
[31m\u2502[0m [33m\u2502[0m         [2m\u2502   \u2502   \u2502   [0m[33m'lack of evidence'[0m                 
                 [33m\u2502[0m [31m\u2502[0m
[31m\u2502[0m [33m\u2502[0m         [2m\u2502   \u2502   [0m[1m][0m,                                           
           [33m\u2502[0m [31m\u2502[0m
[31m\u2502[0m [33m\u2502[0m         [2m\u2502   \u2502   [0m[33m'explanation'[0m: [33m'The claim that the 
moon is made of [0m     [33m\u2502[0m [31m\u2502[0m
[31m\u2502[0m [33m\u2502[0m         [33mgreen cheese contradicts extensive scientific'[0m+[94m105[0m,          
   [33m\u2502[0m [31m\u2502[0m
[31m\u2502[0m [33m\u2502[0m         [2m\u2502   \u2502   [0m[33m'detected_claims'[0m: [1m[[0m                
                    [33m\u2502[0m [31m\u2502[0m
[31m\u2502[0m [33m\u2502[0m         [2m\u2502   \u2502   \u2502   [0m[33m'The moon is made of green 
cheese'[0m,                 [33m\u2502[0m [31m\u2502[0m
[31m\u2502[0m [33m\u2502[0m         [2m\u2502   \u2502   \u2502   [0m[33m'Recent satellite images from a 
private mission [0m    [33m\u2502[0m [31m\u2502[0m
[31m\u2502[0m [33m\u2502[0m         [33msupport this claim'[0m                                             
[33m\u2502[0m [31m\u2502[0m
[31m\u2502[0m [33m\u2502[0m         [2m\u2502   \u2502   [0m[1m][0m                                            
           [33m\u2502[0m [31m\u2502[0m
[31m\u2502[0m [33m\u2502[0m         [2m\u2502   [0m[1m}[0m,                                                    
      [33m\u2502[0m [31m\u2502[0m
[31m\u2502[0m [33m\u2502[0m         [2m\u2502   [0m[33m'language_hint'[0m: [33m'en'[0m                       
                [33m\u2502[0m [31m\u2502[0m
[31m\u2502[0m [33m\u2502[0m         [1m}[0m                                                               
[33m\u2502[0m [31m\u2502[0m
[31m\u2502[0m [33m\u2502[0m  text = [33m'The moon is made of green cheese according to recent satellite[0m 
[33m\u2502[0m [31m\u2502[0m
[31m\u2502[0m [33m\u2502[0m         [33mimages from a pri'[0m+[94m13[0m                                        
   [33m\u2502[0m [31m\u2502[0m
[31m\u2502[0m [33m\u2514\u2500\u2500\u2500\u2500\u2500\u2500\u2500\u2500\u2500\u2500\u2500\u2500\u2500\u2500\u2500\u
2500\u2500\u2500\u2500\u2500\u2500\u2500\u2500\u2500\u2500\u2500\u2500\u2500\u2500\u2500\u2500\u2500\u2500\u2500\u2500\
u2500\u2500\u2500\u2500\u2500\u2500\u2500\u2500\u2500\u2500\u2500\u2500\u2500\u2500\u2500\u2500\u2500\u2500\u2500\u2500
\u2500\u2500\u2500\u2500\u2500\u2500\u2500\u2500\u2500\u2500\u2500\u2500\u2500\u2500\u2500\u2500\u2500\u2500\u2518[0m 
[31m\u2502[0m
[31m\u2502[0m                                                                             [31m\u2502[0m
[31m\u2502[0m [33mD:\PHEME\core\graph_rag.py[0m:[94m87[0m in [92msearch[0m                                     
[31m\u2502[0m
[31m\u2502[0m                                                                             [31m\u2502[0m
[31m\u2502[0m   [2m84 [0m[2m\u2502   [0m[94masync[0m [94mdef[0m [92msearch[0m([96mself[0m, query: 
[96mstr[0m):                                [31m\u2502[0m
[31m\u2502[0m   [2m85 [0m[2;90m\u2502   \u2502   [0m[33m"""Search the graph-based RAG."""[0m                   
           [31m\u2502[0m
[31m\u2502[0m   [2m86 [0m[2m\u2502   \u2502   [0m[2m# Cognee 1.0 'search' remains the standard but 'recall' is 
the[0m [31m\u2502[0m
[31m\u2502[0m [31m> [0m87 [2m\u2502   \u2502   [0mresults = [1;4;94mawait[0m[1;4m cognee.search(query)[0m    
                       [31m\u2502[0m
[31m\u2502[0m   [2m88 [0m[2m\u2502   \u2502   [0m[94mreturn[0m results                                         
        [31m\u2502[0m
[31m\u2502[0m   [2m89 [0m                                                                       [31m\u2502[0m
[31m\u2502[0m   [2m90 [0mgraph_rag = GraphRAG()                                                 [31m\u2502[0m
[31m\u2502[0m                                                                             [31m\u2502[0m
[31m\u2502[0m [33m\u250c\u2500[0m[33m\u2500\u2500\u2500\u2500\u2500\u2500\u2500\u2500\u2500\u2500\u2500\u2500\u250
0\u2500\u2500\u2500\u2500\u2500\u2500\u2500\u2500\u2500\u2500\u2500\u2500\u2500\u2500\u2500\u2500\u2500\u2500[0m[33m 
locals [0m[33m\u2500\u2500\u2500\u2500\u2500\u2500\u2500\u2500\u2500\u2500\u2500\u2500\u2500\u2500\u2500\u2500\u2500\
u2500\u2500\u2500\u2500\u2500\u2500\u2500\u2500\u2500\u2500\u2500\u2500\u2500\u2500\u2500[0m[33m\u2500\u2510[0m 
[31m\u2502[0m
[31m\u2502[0m [33m\u2502[0m query = [33m'The moon is made of green cheese according to recent satellite[0m 
[33m\u2502[0m [31m\u2502[0m
[31m\u2502[0m [33m\u2502[0m         [33mimages from a pri'[0m+[94m13[0m                                        
   [33m\u2502[0m [31m\u2502[0m
[31m\u2502[0m [33m\u2502[0m  self = [1m<[0m[1;95mcore.graph_rag.GraphRAG[0m[39m object at 
[0m[94m0x0000021839A36540[0m[1m>[0m          [33m\u2502[0m [31m\u2502[0m
[31m\u2502[0m [33m\u2514\u2500\u2500\u2500\u2500\u2500\u2500\u2500\u2500\u2500\u2500\u2500\u2500\u2500\u2500\u2500\u
2500\u2500\u2500\u2500\u2500\u2500\u2500\u2500\u2500\u2500\u2500\u2500\u2500\u2500\u2500\u2500\u2500\u2500\u2500\u2500\
u2500\u2500\u2500\u2500\u2500\u2500\u2500\u2500\u2500\u2500\u2500\u2500\u2500\u2500\u2500\u2500\u2500\u2500\u2500\u2500
\u2500\u2500\u2500\u2500\u2500\u2500\u2500\u2500\u2500\u2500\u2500\u2500\u2500\u2500\u2500\u2500\u2500\u2500\u2518[0m 
[31m\u2502[0m
[31m\u2502[0m                                                                             [31m\u2502[0m
[31m\u2502[0m [33mC:\Users\Nishant [0m                                                           [31m\u2502[0m
[31m\u2502[0m [33mAwasthi\AppData\Local\Programs\Python\Python312\Lib\site-packages\cognee\ap[0m [31m\u2502[0m
[31m\u2502[0m [33mi\v1\search\search.py[0m:[94m245[0m in [92msearch[0m                                         
[31m\u2502[0m
[31m\u2502[0m                                                                             [31m\u2502[0m
[31m\u2502[0m   [2m242 [0m[2m\u2502   \u2502   \u2502   [0m[94mif[0m [95mnot[0m datasets:                    
                      [31m\u2502[0m
[31m\u2502[0m   [2m243 [0m[2m\u2502   \u2502   \u2502   \u2502   [0m[94mraise[0m 
DatasetNotFoundError(message=[33m"[0m[33mNo datasets found[0m [31m\u2502[0m
[31m\u2502[0m   [2m244 [0m[2m\u2502   \u2502   [0m                                                              
[31m\u2502[0m
[31m\u2502[0m [31m> [0m245 [2m\u2502   \u2502   [0mfiltered_search_results = [94mawait[0m search_function(     
         [31m\u2502[0m
[31m\u2502[0m   [2m246 [0m[2m\u2502   \u2502   \u2502   [0mquery_text=query_text,                                
    [31m\u2502[0m
[31m\u2502[0m   [2m247 [0m[2m\u2502   \u2502   \u2502   [0mquery_type=query_type,                                
    [31m\u2502[0m
[31m\u2502[0m   [2m248 [0m[2m\u2502   \u2502   \u2502   [0mdataset_ids=dataset_ids [94mif[0m dataset_ids 
[94melse[0m datasets,     [31m\u2502[0m
[31m\u2502[0m                                                                             [31m\u2502[0m
[31m\u2502[0m [33m\u250c\u2500[0m[33m\u2500\u2500\u2500\u2500\u2500\u2500\u2500\u2500\u2500\u2500\u2500\u2500\u250
0\u2500\u2500\u2500\u2500\u2500\u2500\u2500\u2500\u2500\u2500\u2500\u2500\u2500\u2500\u2500\u2500\u2500\u2500[0m[33m 
locals [0m[33m\u2500\u2500\u2500\u2500\u2500\u2500\u2500\u2500\u2500\u2500\u2500\u2500\u2500\u2500\u2500\u2500\u2500\
u2500\u2500\u2500\u2500\u2500\u2500\u2500\u2500\u2500\u2500\u2500\u2500\u2500\u2500\u2500[0m[33m\u2500\u2510[0m 
[31m\u2502[0m
[31m\u2502[0m [33m\u2502[0m      allowed_node_name_operators = [1m{[0m[33m'OR'[0m, [33m'AND'[0m[1m}[0m     
                   [33m\u2502[0m [31m\u2502[0m
[31m\u2502[0m [33m\u2502[0m                      dataset_ids = [94mNone[0m                                 
[33m\u2502[0m [31m\u2502[0m
[31m\u2502[0m [33m\u2502[0m                         datasets = [94mNone[0m                                 
[33m\u2502[0m [31m\u2502[0m
[31m\u2502[0m [33m\u2502[0m               feedback_influence = [94m0.0[0m                                  
[33m\u2502[0m [31m\u2502[0m
[31m\u2502[0m [33m\u2502[0m               neighborhood_depth = [94mNone[0m                                 
[33m\u2502[0m [31m\u2502[0m
[31m\u2502[0m [33m\u2502[0m          neighborhood_seed_top_k = [94mNone[0m                                 
[33m\u2502[0m [31m\u2502[0m
[31m\u2502[0m [33m\u2502[0m                        node_name = [94mNone[0m                                 
[33m\u2502[0m [31m\u2502[0m
[31m\u2502[0m [33m\u2502[0m        node_name_filter_operator = [33m'OR'[0m                                 
[33m\u2502[0m [31m\u2502[0m
[31m\u2502[0m [33m\u2502[0m normalized_node_name_filter_operaà [33m'OR'[0m                                 
[33m\u2502[0m [31m\u2502[0m
[31m\u2502[0m [33m\u2502[0m                                  =                                      
[33m\u2502[0m [31m\u2502[0m
[31m\u2502[0m [33m\u2502[0m                     only_context = [94mFalse[0m                                
[33m\u2502[0m [31m\u2502[0m
[31m\u2502[0m [33m\u2502[0m                       query_text = [33m'The moon is made of green cheese [0m   
[33m\u2502[0m [31m\u2502[0m
[31m\u2502[0m [33m\u2502[0m                                    [33maccording to recent satellite images[0m 
[33m\u2502[0m [31m\u2502[0m
[31m\u2502[0m [33m\u2502[0m                                    [33mfrom a pri'[0m+[94m13[0m                    
   [33m\u2502[0m [31m\u2502[0m
[31m\u2502[0m [33m\u2502[0m                       query_type = 
[1m<[0m[1;95mSearchType.GRAPH_COMPLETION:[0m[39m [0m       [33m\u2502[0m [31m\u2502[0m
[31m\u2502[0m [33m\u2502[0m                                    [33m'GRAPH_COMPLETION'[0m[1m>[0m                
  [33m\u2502[0m [31m\u2502[0m
[31m\u2502[0m [33m\u2502[0m        retriever_specific_config = [94mNone[0m                                 
[33m\u2502[0m [31m\u2502[0m
[31m\u2502[0m [33m\u2502[0m                       session_id = [94mNone[0m                                 
[33m\u2502[0m [31m\u2502[0m
[31m\u2502[0m [33m\u2502[0m                             span = 
[1m<[0m[1;95mcognee.modules.observability._Nullà[0m [33m\u2502[0m [31m\u2502[0m
[31m\u2502[0m [33m\u2502[0m                                    [39mobject at 
[0m[94m0x00000218576B5910[0m[1m>[0m        [33m\u2502[0m [31m\u2502[0m
[31m\u2502[0m [33m\u2502[0m                    system_prompt = [94mNone[0m                                 
[33m\u2502[0m [31m\u2502[0m
[31m\u2502[0m [33m\u2502[0m               system_prompt_path = [33m'answer_simple_question.txt'[0m         
[33m\u2502[0m [31m\u2502[0m
[31m\u2502[0m [33m\u2502[0m                            top_k = [94m10[0m                                   
[33m\u2502[0m [31m\u2502[0m
[31m\u2502[0m [33m\u2502[0m         triplet_distance_penalty = [94m6.5[0m                                  
[33m\u2502[0m [31m\u2502[0m
[31m\u2502[0m [33m\u2502[0m                             user = 
[1m<[0m[1;95mcognee.modules.users.models.User.Uà[0m [33m\u2502[0m [31m\u2502[0m
[31m\u2502[0m [33m\u2502[0m                                    [39mobject at 
[0m[94m0x000002185793E3C0[0m[1m>[0m        [33m\u2502[0m [31m\u2502[0m
[31m\u2502[0m [33m\u2502[0m                          verbose = [94mFalse[0m                                
[33m\u2502[0m [31m\u2502[0m
[31m\u2502[0m [33m\u2502[0m                wide_search_top_k = [94m100[0m                                  
[33m\u2502[0m [31m\u2502[0m
[31m\u2502[0m [33m\u2514\u2500\u2500\u2500\u2500\u2500\u2500\u2500\u2500\u2500\u2500\u2500\u2500\u2500\u2500\u2500\u
2500\u2500\u2500\u2500\u2500\u2500\u2500\u2500\u2500\u2500\u2500\u2500\u2500\u2500\u2500\u2500\u2500\u2500\u2500\u2500\
u2500\u2500\u2500\u2500\u2500\u2500\u2500\u2500\u2500\u2500\u2500\u2500\u2500\u2500\u2500\u2500\u2500\u2500\u2500\u2500
\u2500\u2500\u2500\u2500\u2500\u2500\u2500\u2500\u2500\u2500\u2500\u2500\u2500\u2500\u2500\u2500\u2500\u2500\u2518[0m 
[31m\u2502[0m
[31m\u2502[0m                                                                             [31m\u2502[0m
[31m\u2502[0m [33mC:\Users\Nishant [0m                                                           [31m\u2502[0m
[31m\u2502[0m [33mAwasthi\AppData\Local\Programs\Python\Python312\Lib\site-packages\cognee\mo[0m [31m\u2502[0m
[31m\u2502[0m [33mdules\search\methods\search.py[0m:[94m93[0m in [92msearch[0m                                 
[31m\u2502[0m
[31m\u2502[0m                                                                             [31m\u2502[0m
[31m\u2502[0m   [2m 90 [0m[2m\u2502   \u2502   \u2502   [0m[96mlen[0m(dataset_ids) [94mif[0m dataset_ids 
[94melse[0m [94m0[0m,                   [31m\u2502[0m
[31m\u2502[0m   [2m 91 [0m[2m\u2502   \u2502   [0m)                                                             
[31m\u2502[0m
[31m\u2502[0m   [2m 92 [0m[2m\u2502   \u2502   [0m                                                              
[31m\u2502[0m
[31m\u2502[0m [31m> [0m 93 [2m\u2502   \u2502   [0msearch_results = [94mawait[0m authorized_search(            
         [31m\u2502[0m
[31m\u2502[0m   [2m 94 [0m[2m\u2502   \u2502   \u2502   [0mquery_type=query_type,                                
    [31m\u2502[0m
[31m\u2502[0m   [2m 95 [0m[2m\u2502   \u2502   \u2502   [0mquery_text=query_text,                                
    [31m\u2502[0m
[31m\u2502[0m   [2m 96 [0m[2m\u2502   \u2502   \u2502   [0muser=user,                                            
    [31m\u2502[0m
[31m\u2502[0m                                                                             [31m\u2502[0m
[31m\u2502[0m [33m\u250c\u2500[0m[33m\u2500\u2500\u2500\u2500\u2500\u2500\u2500\u2500\u2500\u2500\u2500\u2500\u250
0\u2500\u2500\u2500\u2500\u2500\u2500\u2500\u2500\u2500\u2500\u2500\u2500\u2500\u2500\u2500\u2500\u2500\u2500[0m[33m 
locals [0m[33m\u2500\u2500\u2500\u2500\u2500\u2500\u2500\u2500\u2500\u2500\u2500\u2500\u2500\u2500\u2500\u2500\u2500\
u2500\u2500\u2500\u2500\u2500\u2500\u2500\u2500\u2500\u2500\u2500\u2500\u2500\u2500\u2500[0m[33m\u2500\u2510[0m 
[31m\u2502[0m
[31m\u2502[0m [33m\u2502[0m               dataset_ids = [94mNone[0m                                        
[33m\u2502[0m [31m\u2502[0m
[31m\u2502[0m [33m\u2502[0m        feedback_influence = [94m0.0[0m                                         
[33m\u2502[0m [31m\u2502[0m
[31m\u2502[0m [33m\u2502[0m        neighborhood_depth = [94mNone[0m                                        
[33m\u2502[0m [31m\u2502[0m
[31m\u2502[0m [33m\u2502[0m   neighborhood_seed_top_k = [94mNone[0m                                        
[33m\u2502[0m [31m\u2502[0m
[31m\u2502[0m [33m\u2502[0m                 node_name = [94mNone[0m                                        
[33m\u2502[0m [31m\u2502[0m
[31m\u2502[0m [33m\u2502[0m node_name_filter_operator = [33m'OR'[0m                                        
[33m\u2502[0m [31m\u2502[0m
[31m\u2502[0m [33m\u2502[0m              only_context = [94mFalse[0m                                       
[33m\u2502[0m [31m\u2502[0m
[31m\u2502[0m [33m\u2502[0m                     query = 
[1m<[0m[1;95mcognee.modules.search.models.Query.Query[0m[39m [0m  [33m\u2502[0m [31m\u2502[0m
[31m\u2502[0m [33m\u2502[0m                             [39mobject at [0m[94m0x000002185773F9E0[0m[1m>[0m    
           [33m\u2502[0m [31m\u2502[0m
[31m\u2502[0m [33m\u2502[0m                query_text = [33m'The moon is made of green cheese according[0m 
[33m\u2502[0m [31m\u2502[0m
[31m\u2502[0m [33m\u2502[0m                             [33mto recent satellite images from a 
pri'[0m+[94m13[0m   [33m\u2502[0m [31m\u2502[0m
[31m\u2502[0m [33m\u2502[0m                query_type = [1m<[0m[1;95mSearchType.GRAPH_COMPLETION:[0m[39m [0m 
             [33m\u2502[0m [31m\u2502[0m
[31m\u2502[0m [33m\u2502[0m                             [33m'GRAPH_COMPLETION'[0m[1m>[0m                       
  [33m\u2502[0m [31m\u2502[0m
[31m\u2502[0m [33m\u2502[0m retriever_specific_config = [94mNone[0m                                        
[33m\u2502[0m [31m\u2502[0m
[31m\u2502[0m [33m\u2502[0m                session_id = [94mNone[0m                                        
[33m\u2502[0m [31m\u2502[0m
[31m\u2502[0m [33m\u2502[0m                      span = 
[1m<[0m[1;95mcognee.modules.observability._NullSpan[0m[39m [0m    [33m\u2502[0m [31m\u2502[0m
[31m\u2502[0m [33m\u2502[0m                             [39mobject at [0m[94m0x00000218576B6180[0m[1m>[0m    
           [33m\u2502[0m [31m\u2502[0m
[31m\u2502[0m [33m\u2502[0m             system_prompt = [94mNone[0m                                        
[33m\u2502[0m [31m\u2502[0m
[31m\u2502[0m [33m\u2502[0m        system_prompt_path = [33m'answer_simple_question.txt'[0m                
[33m\u2502[0m [31m\u2502[0m
[31m\u2502[0m [33m\u2502[0m                     top_k = [94m10[0m                                          
[33m\u2502[0m [31m\u2502[0m
[31m\u2502[0m [33m\u2502[0m  triplet_distance_penalty = [94m6.5[0m                                         
[33m\u2502[0m [31m\u2502[0m
[31m\u2502[0m [33m\u2502[0m                      user = 
[1m<[0m[1;95mcognee.modules.users.models.User.User[0m[39m [0m     [33m\u2502[0m [31m\u2502[0m
[31m\u2502[0m [33m\u2502[0m                             [39mobject at [0m[94m0x000002185793E3C0[0m[1m>[0m    
           [33m\u2502[0m [31m\u2502[0m
[31m\u2502[0m [33m\u2502[0m                   verbose = [94mFalse[0m                                       
[33m\u2502[0m [31m\u2502[0m
[31m\u2502[0m [33m\u2502[0m         wide_search_top_k = [94m100[0m                                         
[33m\u2502[0m [31m\u2502[0m
[31m\u2502[0m [33m\u2514\u2500\u2500\u2500\u2500\u2500\u2500\u2500\u2500\u2500\u2500\u2500\u2500\u2500\u2500\u2500\u
2500\u2500\u2500\u2500\u2500\u2500\u2500\u2500\u2500\u2500\u2500\u2500\u2500\u2500\u2500\u2500\u2500\u2500\u2500\u2500\
u2500\u2500\u2500\u2500\u2500\u2500\u2500\u2500\u2500\u2500\u2500\u2500\u2500\u2500\u2500\u2500\u2500\u2500\u2500\u2500
\u2500\u2500\u2500\u2500\u2500\u2500\u2500\u2500\u2500\u2500\u2500\u2500\u2500\u2500\u2500\u2500\u2500\u2500\u2518[0m 
[31m\u2502[0m
[31m\u2502[0m                                                                             [31m\u2502[0m
[31m\u2502[0m [33mC:\Users\Nishant [0m                                                           [31m\u2502[0m
[31m\u2502[0m [33mAwasthi\AppData\Local\Programs\Python\Python312\Lib\site-packages\cognee\mo[0m [31m\u2502[0m
[31m\u2502[0m [33mdules\search\methods\search.py[0m:[94m164[0m in [92mauthorized_search[0m                     
[31m\u2502[0m
[31m\u2502[0m                                                                             [31m\u2502[0m
[31m\u2502[0m   [2m161 [0m[2m\u2502   [0m)                                                                 
[31m\u2502[0m
[31m\u2502[0m   [2m162 [0m[2m\u2502   [0m                                                                  
[31m\u2502[0m
[31m\u2502[0m   [2m163 [0m[2m\u2502   [0m[2m# Searches all provided datasets and handles setting up of 
approp[0m [31m\u2502[0m
[31m\u2502[0m       [2mcontext based on permissions[0m                                          [31m\u2502[0m
[31m\u2502[0m [31m> [0m164 [2m\u2502   [0msearch_results = [94mawait[0m search_in_datasets_context(            
    [31m\u2502[0m
[31m\u2502[0m   [2m165 [0m[2m\u2502   \u2502   [0msearch_datasets=search_datasets,                              
[31m\u2502[0m
[31m\u2502[0m   [2m166 [0m[2m\u2502   \u2502   [0mquery_type=query_type,                                        
[31m\u2502[0m
[31m\u2502[0m   [2m167 [0m[2m\u2502   \u2502   [0mquery_text=query_text,                                        
[31m\u2502[0m
[31m\u2502[0m                                                                             [31m\u2502[0m
[31m\u2502[0m [33m\u250c\u2500[0m[33m\u2500\u2500\u2500\u2500\u2500\u2500\u2500\u2500\u2500\u2500\u2500\u2500\u250
0\u2500\u2500\u2500\u2500\u2500\u2500\u2500\u2500\u2500\u2500\u2500\u2500\u2500\u2500\u2500\u2500\u2500\u2500[0m[33m 
locals [0m[33m\u2500\u2500\u2500\u2500\u2500\u2500\u2500\u2500\u2500\u2500\u2500\u2500\u2500\u2500\u2500\u2500\u2500\
u2500\u2500\u2500\u2500\u2500\u2500\u2500\u2500\u2500\u2500\u2500\u2500\u2500\u2500\u2500[0m[33m\u2500\u2510[0m 
[31m\u2502[0m
[31m\u2502[0m [33m\u2502[0m               dataset_ids = [94mNone[0m                                        
[33m\u2502[0m [31m\u2502[0m
[31m\u2502[0m [33m\u2502[0m        feedback_influence = [94m0.0[0m                                         
[33m\u2502[0m [31m\u2502[0m
[31m\u2502[0m [33m\u2502[0m        neighborhood_depth = [94mNone[0m                                        
[33m\u2502[0m [31m\u2502[0m
[31m\u2502[0m [33m\u2502[0m   neighborhood_seed_top_k = [94mNone[0m                                        
[33m\u2502[0m [31m\u2502[0m
[31m\u2502[0m [33m\u2502[0m                 node_name = [94mNone[0m                                        
[33m\u2502[0m [31m\u2502[0m
[31m\u2502[0m [33m\u2502[0m node_name_filter_operator = [33m'OR'[0m                                        
[33m\u2502[0m [31m\u2502[0m
[31m\u2502[0m [33m\u2502[0m              only_context = [94mFalse[0m                                       
[33m\u2502[0m [31m\u2502[0m
[31m\u2502[0m [33m\u2502[0m                query_text = [33m'The moon is made of green cheese according[0m 
[33m\u2502[0m [31m\u2502[0m
[31m\u2502[0m [33m\u2502[0m                             [33mto recent satellite images from a 
pri'[0m+[94m13[0m   [33m\u2502[0m [31m\u2502[0m
[31m\u2502[0m [33m\u2502[0m                query_type = [1m<[0m[1;95mSearchType.GRAPH_COMPLETION:[0m[39m [0m 
             [33m\u2502[0m [31m\u2502[0m
[31m\u2502[0m [33m\u2502[0m                             [33m'GRAPH_COMPLETION'[0m[1m>[0m                       
  [33m\u2502[0m [31m\u2502[0m
[31m\u2502[0m [33m\u2502[0m retriever_specific_config = [94mNone[0m                                        
[33m\u2502[0m [31m\u2502[0m
[31m\u2502[0m [33m\u2502[0m           search_datasets = [1m[[0m                                           
[33m\u2502[0m [31m\u2502[0m
[31m\u2502[0m [33m\u2502[0m                             [2m\u2502   [0m                                        
[33m\u2502[0m [31m\u2502[0m
[31m\u2502[0m [33m\u2502[0m                             
[1m<[0m[1;95mcognee.modules.data.models.Dataset.Dataset[0m [33m\u2502[0m [31m\u2502[0m
[31m\u2502[0m [33m\u2502[0m                             [39mobject at [0m[94m0x000002185798A240[0m[39m>,[0m  
            [33m\u2502[0m [31m\u2502[0m
[31m\u2502[0m [33m\u2502[0m                             [2;39m\u2502   [0m                                       
 [33m\u2502[0m [31m\u2502[0m
[31m\u2502[0m [33m\u2502[0m                             [39m<cognee.modules.data.models.Dataset.Dataset[0m 
[33m\u2502[0m [31m\u2502[0m
[31m\u2502[0m [33m\u2502[0m                             [39mobject at [0m[94m0x000002185798A2A0[0m[39m>,[0m  
            [33m\u2502[0m [31m\u2502[0m
[31m\u2502[0m [33m\u2502[0m                             [2;39m\u2502   [0m                                       
 [33m\u2502[0m [31m\u2502[0m
[31m\u2502[0m [33m\u2502[0m                             [39m<cognee.modules.data.models.Dataset.Dataset[0m 
[33m\u2502[0m [31m\u2502[0m
[31m\u2502[0m [33m\u2502[0m                             [39mobject at [0m[94m0x000002185798A300[0m[1m>[0m    
           [33m\u2502[0m [31m\u2502[0m
[31m\u2502[0m [33m\u2502[0m                             [1m][0m                                           
[33m\u2502[0m [31m\u2502[0m
[31m\u2502[0m [33m\u2502[0m                session_id = [94mNone[0m                                        
[33m\u2502[0m [31m\u2502[0m
[31m\u2502[0m [33m\u2502[0m             system_prompt = [94mNone[0m                                        
[33m\u2502[0m [31m\u2502[0m
[31m\u2502[0m [33m\u2502[0m        system_prompt_path = [33m'answer_simple_question.txt'[0m                
[33m\u2502[0m [31m\u2502[0m
[31m\u2502[0m [33m\u2502[0m                     top_k = [94m10[0m                                          
[33m\u2502[0m [31m\u2502[0m
[31m\u2502[0m [33m\u2502[0m  triplet_distance_penalty = [94m6.5[0m                                         
[33m\u2502[0m [31m\u2502[0m
[31m\u2502[0m [33m\u2502[0m                      user = 
[1m<[0m[1;95mcognee.modules.users.models.User.User[0m[39m [0m     [33m\u2502[0m [31m\u2502[0m
[31m\u2502[0m [33m\u2502[0m                             [39mobject at [0m[94m0x000002185793E3C0[0m[1m>[0m    
           [33m\u2502[0m [31m\u2502[0m
[31m\u2502[0m [33m\u2502[0m         wide_search_top_k = [94m100[0m                                         
[33m\u2502[0m [31m\u2502[0m
[31m\u2502[0m [33m\u2514\u2500\u2500\u2500\u2500\u2500\u2500\u2500\u2500\u2500\u2500\u2500\u2500\u2500\u2500\u2500\u
2500\u2500\u2500\u2500\u2500\u2500\u2500\u2500\u2500\u2500\u2500\u2500\u2500\u2500\u2500\u2500\u2500\u2500\u2500\u2500\
u2500\u2500\u2500\u2500\u2500\u2500\u2500\u2500\u2500\u2500\u2500\u2500\u2500\u2500\u2500\u2500\u2500\u2500\u2500\u2500
\u2500\u2500\u2500\u2500\u2500\u2500\u2500\u2500\u2500\u2500\u2500\u2500\u2500\u2500\u2500\u2500\u2500\u2500\u2518[0m 
[31m\u2502[0m
[31m\u2502[0m                                                                             [31m\u2502[0m
[31m\u2502[0m [33mC:\Users\Nishant [0m                                                           [31m\u2502[0m
[31m\u2502[0m [33mAwasthi\AppData\Local\Programs\Python\Python312\Lib\site-packages\cognee\mo[0m [31m\u2502[0m
[31m\u2502[0m [33mdules\search\methods\search.py[0m:[94m329[0m in [92msearch_in_datasets_context[0m            
[31m\u2502[0m
[31m\u2502[0m                                                                             [31m\u2502[0m
[31m\u2502[0m   [2m326 [0m[2m\u2502   \u2502   \u2502   [0m)                                                     
    [31m\u2502[0m
[31m\u2502[0m   [2m327 [0m[2m\u2502   \u2502   [0m)                                                             
[31m\u2502[0m
[31m\u2502[0m   [2m328 [0m[2m\u2502   [0m                                                                  
[31m\u2502[0m
[31m\u2502[0m [31m> [0m329 [2m\u2502   [0m[94mreturn[0m [1;4;94mawait[0m[1;4m asyncio.gather(*tasks)[0m    
                           [31m\u2502[0m
[31m\u2502[0m   [2m330 [0m                                                                      [31m\u2502[0m
[31m\u2502[0m   [2m331 [0m                                                                      [31m\u2502[0m
[31m\u2502[0m   [2m332 [0m[94mdef[0m [92m_backwards_compatible_search_results[0m(search_results, verbose: 
[96mboo[0m [31m\u2502[0m
[31m\u2502[0m                                                                             [31m\u2502[0m
[31m\u2502[0m [33m\u250c\u2500[0m[33m\u2500\u2500\u2500\u2500\u2500\u2500\u2500\u2500\u2500\u2500\u2500\u2500\u250
0\u2500\u2500\u2500\u2500\u2500\u2500\u2500\u2500\u2500\u2500\u2500\u2500\u2500\u2500\u2500\u2500\u2500\u2500[0m[33m 
locals [0m[33m\u2500\u2500\u2500\u2500\u2500\u2500\u2500\u2500\u2500\u2500\u2500\u2500\u2500\u2500\u2500\u2500\u2500\
u2500\u2500\u2500\u2500\u2500\u2500\u2500\u2500\u2500\u2500\u2500\u2500\u2500\u2500\u2500[0m[33m\u2500\u2510[0m 
[31m\u2502[0m
[31m\u2502[0m [33m\u2502[0m        feedback_influence = [94m0.0[0m                                         
[33m\u2502[0m [31m\u2502[0m
[31m\u2502[0m [33m\u2502[0m        neighborhood_depth = [94mNone[0m                                        
[33m\u2502[0m [31m\u2502[0m
[31m\u2502[0m [33m\u2502[0m   neighborhood_seed_top_k = [94mNone[0m                                        
[33m\u2502[0m [31m\u2502[0m
[31m\u2502[0m [33m\u2502[0m                 node_name = [94mNone[0m                                        
[33m\u2502[0m [31m\u2502[0m
[31m\u2502[0m [33m\u2502[0m node_name_filter_operator = [33m'OR'[0m                                        
[33m\u2502[0m [31m\u2502[0m
[31m\u2502[0m [33m\u2502[0m              only_context = [94mFalse[0m                                       
[33m\u2502[0m [31m\u2502[0m
[31m\u2502[0m [33m\u2502[0m                query_text = [33m'The moon is made of green cheese according[0m 
[33m\u2502[0m [31m\u2502[0m
[31m\u2502[0m [33m\u2502[0m                             [33mto recent satellite images from a 
pri'[0m+[94m13[0m   [33m\u2502[0m [31m\u2502[0m
[31m\u2502[0m [33m\u2502[0m                query_type = [1m<[0m[1;95mSearchType.GRAPH_COMPLETION:[0m[39m [0m 
             [33m\u2502[0m [31m\u2502[0m
[31m\u2502[0m [33m\u2502[0m                             [33m'GRAPH_COMPLETION'[0m[1m>[0m                       
  [33m\u2502[0m [31m\u2502[0m
[31m\u2502[0m [33m\u2502[0m retriever_specific_config = [94mNone[0m                                        
[33m\u2502[0m [31m\u2502[0m
[31m\u2502[0m [33m\u2502[0m           search_datasets = [1m[[0m                                           
[33m\u2502[0m [31m\u2502[0m
[31m\u2502[0m [33m\u2502[0m                             [2m\u2502   [0m                                        
[33m\u2502[0m [31m\u2502[0m
[31m\u2502[0m [33m\u2502[0m                             
[1m<[0m[1;95mcognee.modules.data.models.Dataset.Dataset[0m [33m\u2502[0m [31m\u2502[0m
[31m\u2502[0m [33m\u2502[0m                             [39mobject at [0m[94m0x000002185798A240[0m[39m>,[0m  
            [33m\u2502[0m [31m\u2502[0m
[31m\u2502[0m [33m\u2502[0m                             [2;39m\u2502   [0m                                       
 [33m\u2502[0m [31m\u2502[0m
[31m\u2502[0m [33m\u2502[0m                             [39m<cognee.modules.data.models.Dataset.Dataset[0m 
[33m\u2502[0m [31m\u2502[0m
[31m\u2502[0m [33m\u2502[0m                             [39mobject at [0m[94m0x000002185798A2A0[0m[39m>,[0m  
            [33m\u2502[0m [31m\u2502[0m
[31m\u2502[0m [33m\u2502[0m                             [2;39m\u2502   [0m                                       
 [33m\u2502[0m [31m\u2502[0m
[31m\u2502[0m [33m\u2502[0m                             [39m<cognee.modules.data.models.Dataset.Dataset[0m 
[33m\u2502[0m [31m\u2502[0m
[31m\u2502[0m [33m\u2502[0m                             [39mobject at [0m[94m0x000002185798A300[0m[1m>[0m    
           [33m\u2502[0m [31m\u2502[0m
[31m\u2502[0m [33m\u2502[0m                             [1m][0m                                           
[33m\u2502[0m [31m\u2502[0m
[31m\u2502[0m [33m\u2502[0m                session_id = [94mNone[0m                                        
[33m\u2502[0m [31m\u2502[0m
[31m\u2502[0m [33m\u2502[0m             system_prompt = [94mNone[0m                                        
[33m\u2502[0m [31m\u2502[0m
[31m\u2502[0m [33m\u2502[0m        system_prompt_path = [33m'answer_simple_question.txt'[0m                
[33m\u2502[0m [31m\u2502[0m
[31m\u2502[0m [33m\u2502[0m                     tasks = [1m[[0m                                           
[33m\u2502[0m [31m\u2502[0m
[31m\u2502[0m [33m\u2502[0m                             [2m\u2502   [0m[1m<[0m[1;95mcoroutine[0m[39m object 
get_retriever_output [0m [33m\u2502[0m [31m\u2502[0m
[31m\u2502[0m [33m\u2502[0m                             [39mat [0m[94m0x000002185737AFB0[0m[1m>[0m           
           [33m\u2502[0m [31m\u2502[0m
[31m\u2502[0m [33m\u2502[0m                             [1m][0m                                           
[33m\u2502[0m [31m\u2502[0m
[31m\u2502[0m [33m\u2502[0m                     top_k = [94m10[0m                                          
[33m\u2502[0m [31m\u2502[0m
[31m\u2502[0m [33m\u2502[0m  triplet_distance_penalty = [94m6.5[0m                                         
[33m\u2502[0m [31m\u2502[0m
[31m\u2502[0m [33m\u2502[0m         wide_search_top_k = [94m100[0m                                         
[33m\u2502[0m [31m\u2502[0m
[31m\u2502[0m [33m\u2514\u2500\u2500\u2500\u2500\u2500\u2500\u2500\u2500\u2500\u2500\u2500\u2500\u2500\u2500\u2500\u
2500\u2500\u2500\u2500\u2500\u2500\u2500\u2500\u2500\u2500\u2500\u2500\u2500\u2500\u2500\u2500\u2500\u2500\u2500\u2500\
u2500\u2500\u2500\u2500\u2500\u2500\u2500\u2500\u2500\u2500\u2500\u2500\u2500\u2500\u2500\u2500\u2500\u2500\u2500\u2500
\u2500\u2500\u2500\u2500\u2500\u2500\u2500\u2500\u2500\u2500\u2500\u2500\u2500\u2500\u2500\u2500\u2500\u2500\u2518[0m 
[31m\u2502[0m
[31m\u2502[0m                                                                             [31m\u2502[0m
[31m\u2502[0m [33mC:\Users\Nishant [0m                                                           [31m\u2502[0m
[31m\u2502[0m [33mAwasthi\AppData\Local\Programs\Python\Python312\Lib\site-packages\cognee\mo[0m [31m\u2502[0m
[31m\u2502[0m [33mdules\search\methods\get_retriever_output.py[0m:[94m36[0m in [92mget_retriever_output[0m     
[31m\u2502[0m
[31m\u2502[0m                                                                             [31m\u2502[0m
[31m\u2502[0m   [2m33 [0m[2m\u2502   [0m[94mwith[0m 
new_span([33m"[0m[33mcognee.retrieval.get_objects[0m[33m"[0m) [94mas[0m span:             [31m\u2502[0m
[31m\u2502[0m   [2m34 [0m[2m\u2502   \u2502   
[0mspan.set_attribute([33m"[0m[33mcognee.retrieval.retriever[0m[33m"[0m, retriever_cla [31m\u2502[0m
[31m\u2502[0m   [2m35 [0m[2m\u2502   \u2502   [0mspan.set_attribute(COGNEE_SEARCH_TYPE, query_type.value)       
[31m\u2502[0m
[31m\u2502[0m [31m> [0m36 [2m\u2502   \u2502   [0mretrieved_objects = [1;4;94mawait[0m[1;4m [0m              
                       [31m\u2502[0m
[31m\u2502[0m      [1;4mretriever_instance.get_retrieved_objects(query=query_text)[0m             [31m\u2502[0m
[31m\u2502[0m   [2m37 [0m[2m\u2502   \u2502   [0mobj_count = [96mlen[0m(retrieved_objects) [94mif[0m 
[96misinstance[0m(retrieved_obj [31m\u2502[0m
[31m\u2502[0m   [2m38 [0m[2m\u2502   \u2502   [0mspan.set_attribute(COGNEE_RESULT_COUNT, obj_count)             
[31m\u2502[0m
[31m\u2502[0m   [2m39 [0m[2m\u2502   \u2502   [0mspan.set_attribute(                                            
[31m\u2502[0m
[31m\u2502[0m                                                                             [31m\u2502[0m
[31m\u2502[0m [33m\u250c\u2500[0m[33m\u2500\u2500\u2500\u2500\u2500\u2500\u2500\u2500\u2500\u2500\u2500\u2500\u250
0\u2500\u2500\u2500\u2500\u2500\u2500\u2500\u2500\u2500\u2500\u2500\u2500\u2500\u2500\u2500\u2500\u2500\u2500[0m[33m 
locals [0m[33m\u2500\u2500\u2500\u2500\u2500\u2500\u2500\u2500\u2500\u2500\u2500\u2500\u2500\u2500\u2500\u2500\u2500\
u2500\u2500\u2500\u2500\u2500\u2500\u2500\u2500\u2500\u2500\u2500\u2500\u2500\u2500\u2500[0m[33m\u2500\u2510[0m 
[31m\u2502[0m
[31m\u2502[0m [33m\u2502[0m       graph_engine = 
[1m<[0m[1;95mcognee.infrastructure.databases.graph.kuzu.adaptà[0m [33m\u2502[0m [31m\u2502[0m
[31m\u2502[0m [33m\u2502[0m                      [39mobject at [0m[94m0x00000218579665A0[0m[1m>[0m           
           [33m\u2502[0m [31m\u2502[0m
[31m\u2502[0m [33m\u2502[0m           is_empty = [94mFalse[0m                                              
[33m\u2502[0m [31m\u2502[0m
[31m\u2502[0m [33m\u2502[0m             kwargs = [1m{[0m                                                  
[33m\u2502[0m [31m\u2502[0m
[31m\u2502[0m [33m\u2502[0m                      [2m\u2502   [0m[33m'dataset'[0m: [94mNone[0m,               
                [33m\u2502[0m [31m\u2502[0m
[31m\u2502[0m [33m\u2502[0m                      [2m\u2502   [0m[33m'system_prompt_path'[0m:                   
       [33m\u2502[0m [31m\u2502[0m
[31m\u2502[0m [33m\u2502[0m                      [33m'answer_simple_question.txt'[0m,                      
[33m\u2502[0m [31m\u2502[0m
[31m\u2502[0m [33m\u2502[0m                      [2m\u2502   [0m[33m'system_prompt'[0m: [94mNone[0m,         
                [33m\u2502[0m [31m\u2502[0m
[31m\u2502[0m [33m\u2502[0m                      [2m\u2502   [0m[33m'top_k'[0m: [94m10[0m,                   
                [33m\u2502[0m [31m\u2502[0m
[31m\u2502[0m [33m\u2502[0m                      [2m\u2502   [0m[33m'node_type'[0m: 
[1m<[0m[1;95mclass[0m[39m [0m                           [33m\u2502[0m [31m\u2502[0m
[31m\u2502[0m [33m\u2502[0m                      
[33m'cognee.modules.engine.models.node_set.NodeSet'[0m[1m>[0m,  [33m\u2502[0m [31m\u2502[0m
[31m\u2502[0m [33m\u2502[0m                      [2m\u2502   [0m[33m'node_name'[0m: [94mNone[0m,             
                [33m\u2502[0m [31m\u2502[0m
[31m\u2502[0m [33m\u2502[0m                      [2m\u2502   [0m[33m'node_name_filter_operator'[0m: 
[33m'OR'[0m,             [33m\u2502[0m [31m\u2502[0m
[31m\u2502[0m [33m\u2502[0m                      [2m\u2502   [0m[33m'only_context'[0m: [94mFalse[0m,         
                [33m\u2502[0m [31m\u2502[0m
[31m\u2502[0m [33m\u2502[0m                      [2m\u2502   [0m[33m'session_id'[0m: [94mNone[0m,            
                [33m\u2502[0m [31m\u2502[0m
[31m\u2502[0m [33m\u2502[0m                      [2m\u2502   [0m[33m'wide_search_top_k'[0m: [94m100[0m,      
                [33m\u2502[0m [31m\u2502[0m
[31m\u2502[0m [33m\u2502[0m                      [2m\u2502   [0m[33m...[0m +[94m5[0m                         
                [33m\u2502[0m [31m\u2502[0m
[31m\u2502[0m [33m\u2502[0m                      [1m}[0m                                                  
[33m\u2502[0m [31m\u2502[0m
[31m\u2502[0m [33m\u2502[0m         query_text = [33m'The moon is made of green cheese according to [0m    
[33m\u2502[0m [31m\u2502[0m
[31m\u2502[0m [33m\u2502[0m                      [33mrecent satellite images from a pri'[0m+[94m13[0m          
   [33m\u2502[0m [31m\u2502[0m
[31m\u2502[0m [33m\u2502[0m         query_type = [1m<[0m[1;95mSearchType.GRAPH_COMPLETION:[0m[39m 
[0m[33m'GRAPH_COMPLETION'[0m[1m>[0m  [33m\u2502[0m [31m\u2502[0m
[31m\u2502[0m [33m\u2502[0m    retriever_class = [33m'GraphCompletionRetriever'[0m                         
[33m\u2502[0m [31m\u2502[0m
[31m\u2502[0m [33m\u2502[0m retriever_instance = 
[1m<[0m[1;95mcognee.modules.retrieval.graph_completion_retrieà[0m [33m\u2502[0m [31m\u2502[0m
[31m\u2502[0m [33m\u2502[0m                      [39mobject at [0m[94m0x0000021857965EB0[0m[1m>[0m           
           [33m\u2502[0m [31m\u2502[0m
[31m\u2502[0m [33m\u2502[0m               span = [1m<[0m[1;95mcognee.modules.observability._NullSpan[0m[39m 
object at [0m [33m\u2502[0m [31m\u2502[0m
[31m\u2502[0m [33m\u2502[0m                      [94m0x00000218579CB920[0m[1m>[0m                              
  [33m\u2502[0m [31m\u2502[0m
[31m\u2502[0m [33m\u2514\u2500\u2500\u2500\u2500\u2500\u2500\u2500\u2500\u2500\u2500\u2500\u2500\u2500\u2500\u2500\u
2500\u2500\u2500\u2500\u2500\u2500\u2500\u2500\u2500\u2500\u2500\u2500\u2500\u2500\u2500\u2500\u2500\u2500\u2500\u2500\
u2500\u2500\u2500\u2500\u2500\u2500\u2500\u2500\u2500\u2500\u2500\u2500\u2500\u2500\u2500\u2500\u2500\u2500\u2500\u2500
\u2500\u2500\u2500\u2500\u2500\u2500\u2500\u2500\u2500\u2500\u2500\u2500\u2500\u2500\u2500\u2500\u2500\u2500\u2518[0m 
[31m\u2502[0m
[31m\u2502[0m                                                                             [31m\u2502[0m
[31m\u2502[0m [33mC:\Users\Nishant [0m                                                           [31m\u2502[0m
[31m\u2502[0m [33mAwasthi\AppData\Local\Programs\Python\Python312\Lib\site-packages\cognee\mo[0m [31m\u2502[0m
[31m\u2502[0m [33mdules\retrieval\graph_completion_retriever.py[0m:[94m109[0m in [92mget_retrieved_objects[0m  
[31m\u2502[0m
[31m\u2502[0m                                                                             [31m\u2502[0m
[31m\u2502[0m   [2m106 [0m[2m\u2502   \u2502   [0m                                                              
[31m\u2502[0m
[31m\u2502[0m   [2m107 [0m[2m\u2502   \u2502   [0mvalidate_retriever_input(query, query_batch, 
[96mself[0m._use_sessio [31m\u2502[0m
[31m\u2502[0m   [2m108 [0m[2m\u2502   \u2502   [0m                                                              
[31m\u2502[0m
[31m\u2502[0m [31m> [0m109 [2m\u2502   \u2502   [0m[96mself[0m._unified_engine = [1;4;94mawait[0m[1;4m 
get_unified_engine()[0m             [31m\u2502[0m
[31m\u2502[0m   [2m110 [0m[2m\u2502   \u2502   [0mis_empty = [94mawait[0m 
[96mself[0m._unified_engine.graph.is_empty()        [31m\u2502[0m
[31m\u2502[0m   [2m111 [0m[2m\u2502   \u2502   [0m                                                              
[31m\u2502[0m
[31m\u2502[0m   [2m112 [0m[2m\u2502   \u2502   [0m[94mif[0m is_empty:                                          
        [31m\u2502[0m
[31m\u2502[0m                                                                             [31m\u2502[0m
[31m\u2502[0m [33m\u250c\u2500[0m[33m\u2500\u2500\u2500\u2500\u2500\u2500\u2500\u2500\u2500\u2500\u2500\u2500\u250
0\u2500\u2500\u2500\u2500\u2500\u2500\u2500\u2500\u2500\u2500\u2500\u2500\u2500\u2500\u2500\u2500\u2500\u2500[0m[33m 
locals [0m[33m\u2500\u2500\u2500\u2500\u2500\u2500\u2500\u2500\u2500\u2500\u2500\u2500\u2500\u2500\u2500\u2500\u2500\
u2500\u2500\u2500\u2500\u2500\u2500\u2500\u2500\u2500\u2500\u2500\u2500\u2500\u2500\u2500[0m[33m\u2500\u2510[0m 
[31m\u2502[0m
[31m\u2502[0m [33m\u2502[0m       query = [33m'The moon is made of green cheese according to recent [0m    
[33m\u2502[0m [31m\u2502[0m
[31m\u2502[0m [33m\u2502[0m               [33msatellite images from a pri'[0m+[94m13[0m                        
   [33m\u2502[0m [31m\u2502[0m
[31m\u2502[0m [33m\u2502[0m query_batch = [94mNone[0m                                                      
[33m\u2502[0m [31m\u2502[0m
[31m\u2502[0m [33m\u2502[0m        self = 
[1m<[0m[1;95mcognee.modules.retrieval.graph_completion_retriever.Graà[0m [33m\u2502[0m [31m\u2502[0m
[31m\u2502[0m [33m\u2502[0m               [39mobject at [0m[94m0x0000021857965EB0[0m[1m>[0m                  
           [33m\u2502[0m [31m\u2502[0m
[31m\u2502[0m [33m\u2514\u2500\u2500\u2500\u2500\u2500\u2500\u2500\u2500\u2500\u2500\u2500\u2500\u2500\u2500\u2500\u
2500\u2500\u2500\u2500\u2500\u2500\u2500\u2500\u2500\u2500\u2500\u2500\u2500\u2500\u2500\u2500\u2500\u2500\u2500\u2500\
u2500\u2500\u2500\u2500\u2500\u2500\u2500\u2500\u2500\u2500\u2500\u2500\u2500\u2500\u2500\u2500\u2500\u2500\u2500\u2500
\u2500\u2500\u2500\u2500\u2500\u2500\u2500\u2500\u2500\u2500\u2500\u2500\u2500\u2500\u2500\u2500\u2500\u2500\u2518[0m 
[31m\u2502[0m
[31m\u2502[0m                                                                             [31m\u2502[0m
[31m\u2502[0m [33mC:\Users\Nishant [0m                                                           [31m\u2502[0m
[31m\u2502[0m [33mAwasthi\AppData\Local\Programs\Python\Python312\Lib\site-packages\cognee\in[0m [31m\u2502[0m
[31m\u2502[0m [33mfrastructure\databases\unified\get_unified_engine.py[0m:[94m120[0m in                 
[31m\u2502[0m
[31m\u2502[0m [92mget_unified_engine[0m                                                          [31m\u2502[0m
[31m\u2502[0m                                                                             [31m\u2502[0m
[31m\u2502[0m   [2m117 [0m[2m\u2502   \u2502   [0m)                                                             
[31m\u2502[0m
[31m\u2502[0m   [2m118 [0m[2m\u2502   [0m                                                                  
[31m\u2502[0m
[31m\u2502[0m   [2m119 [0m[2m\u2502   [0mgraph_engine = [94mawait[0m get_graph_engine()                        
   [31m\u2502[0m
[31m\u2502[0m [31m> [0m120 [2m\u2502   [0mvector_engine = [1;4mget_vector_engine()[0m                          
     [31m\u2502[0m
[31m\u2502[0m   [2m121 [0m[2m\u2502   [0m                                                                  
[31m\u2502[0m
[31m\u2502[0m   [2m122 [0m[2m\u2502   [0m[94mreturn[0m UnifiedStoreEngine(                                     
   [31m\u2502[0m
[31m\u2502[0m   [2m123 [0m[2m\u2502   \u2502   [0mgraph_engine=graph_engine,                                    
[31m\u2502[0m
[31m\u2502[0m                                                                             [31m\u2502[0m
[31m\u2502[0m [33m\u250c\u2500[0m[33m\u2500\u2500\u2500\u2500\u2500\u2500\u2500\u2500\u2500\u2500\u2500\u2500\u250
0\u2500\u2500\u2500\u2500\u2500\u2500\u2500\u2500\u2500\u2500\u2500\u2500\u2500\u2500\u2500\u2500\u2500\u2500[0m[33m 
locals [0m[33m\u2500\u2500\u2500\u2500\u2500\u2500\u2500\u2500\u2500\u2500\u2500\u2500\u2500\u2500\u2500\u2500\u2500\
u2500\u2500\u2500\u2500\u2500\u2500\u2500\u2500\u2500\u2500\u2500\u2500\u2500\u2500\u2500[0m[33m\u2500\u2510[0m 
[31m\u2502[0m
[31m\u2502[0m [33m\u2502[0m  graph_config = [1m{[0m                                                       
[33m\u2502[0m [31m\u2502[0m
[31m\u2502[0m [33m\u2502[0m                 [2m\u2502   [0m[33m'graph_database_provider'[0m: [33m'kuzu'[0m,  
                [33m\u2502[0m [31m\u2502[0m
[31m\u2502[0m [33m\u2502[0m                 [2m\u2502   [0m[33m'graph_database_url'[0m: [33m''[0m,           
                [33m\u2502[0m [31m\u2502[0m
[31m\u2502[0m [33m\u2502[0m                 [2m\u2502   [0m[33m'graph_database_name'[0m: [33m''[0m,          
                [33m\u2502[0m [31m\u2502[0m
[31m\u2502[0m [33m\u2502[0m                 [2m\u2502   [0m[33m'graph_database_username'[0m: [33m''[0m,      
                [33m\u2502[0m [31m\u2502[0m
[31m\u2502[0m [33m\u2502[0m                 [2m\u2502   [0m[33m'graph_database_password'[0m: [33m''[0m,      
                [33m\u2502[0m [31m\u2502[0m
[31m\u2502[0m [33m\u2502[0m                 [2m\u2502   [0m[33m'graph_database_allow_anonymous'[0m: 
[94mFalse[0m,            [33m\u2502[0m [31m\u2502[0m
[31m\u2502[0m [33m\u2502[0m                 [2m\u2502   [0m[33m'graph_database_port'[0m: [94m123[0m,         
                [33m\u2502[0m [31m\u2502[0m
[31m\u2502[0m [33m\u2502[0m                 [2m\u2502   [0m[33m'graph_database_key'[0m: [33m''[0m,           
                [33m\u2502[0m [31m\u2502[0m
[31m\u2502[0m [33m\u2502[0m                 [2m\u2502   [0m[33m'graph_file_path'[0m:                           
       [33m\u2502[0m [31m\u2502[0m
[31m\u2502[0m [33m\u2502[0m                 [33m'D:\\PHEME\\.cognee\\databases\\kuzu_db'[0m,               
[33m\u2502[0m [31m\u2502[0m
[31m\u2502[0m [33m\u2502[0m                 [2m\u2502   [0m[33m'graph_dataset_database_handler'[0m: 
[33m'kuzu'[0m            [33m\u2502[0m [31m\u2502[0m
[31m\u2502[0m [33m\u2502[0m                 [1m}[0m                                                       
[33m\u2502[0m [31m\u2502[0m
[31m\u2502[0m [33m\u2502[0m  graph_engine = 
[1m<[0m[1;95mcognee.infrastructure.databases.graph.kuzu.adapter.Kuà[0m [33m\u2502[0m [31m\u2502[0m
[31m\u2502[0m [33m\u2502[0m                 [39mobject at [0m[94m0x00000218579665A0[0m[1m>[0m                
           [33m\u2502[0m [31m\u2502[0m
[31m\u2502[0m [33m\u2502[0m vector_config = [1m{[0m                                                       
[33m\u2502[0m [31m\u2502[0m
[31m\u2502[0m [33m\u2502[0m                 [2m\u2502   [0m[33m'vector_db_url'[0m:                             
       [33m\u2502[0m [31m\u2502[0m
[31m\u2502[0m [33m\u2502[0m                 [33m'https://b1967e38-cb02-4fc7-927b-bd6fb0fc2dfc.eu-west-à[0m 
[33m\u2502[0m [31m\u2502[0m
[31m\u2502[0m [33m\u2502[0m                 [2m\u2502   [0m[33m'vector_db_port'[0m: [94m1234[0m,             
                [33m\u2502[0m [31m\u2502[0m
[31m\u2502[0m [33m\u2502[0m                 [2m\u2502   [0m[33m'vector_db_name'[0m: [33m''[0m,               
                [33m\u2502[0m [31m\u2502[0m
[31m\u2502[0m [33m\u2502[0m                 [2m\u2502   [0m[33m'vector_db_key'[0m:                             
       [33m\u2502[0m [31m\u2502[0m
[31m\u2502[0m [33m\u2502[0m                 [33m'eyJhbGciOiJIUzI1NiIsInR5cCI6IkpXVCJ9.eyJhY2Nlc3MiOiJtà[0m 
[33m\u2502[0m [31m\u2502[0m
[31m\u2502[0m [33m\u2502[0m                 [2m\u2502   [0m[33m'vector_db_provider'[0m: [33m'qdrant'[0m,     
                [33m\u2502[0m [31m\u2502[0m
[31m\u2502[0m [33m\u2502[0m                 [2m\u2502   [0m[33m'vector_dataset_database_handler'[0m: 
[33m'lancedb'[0m,       [33m\u2502[0m [31m\u2502[0m
[31m\u2502[0m [33m\u2502[0m                 [2m\u2502   [0m[33m'vector_db_username'[0m: [33m''[0m,           
                [33m\u2502[0m [31m\u2502[0m
[31m\u2502[0m [33m\u2502[0m                 [2m\u2502   [0m[33m'vector_db_password'[0m: [33m''[0m,           
                [33m\u2502[0m [31m\u2502[0m
[31m\u2502[0m [33m\u2502[0m                 [2m\u2502   [0m[33m'vector_db_host'[0m: [33m''[0m                
                [33m\u2502[0m [31m\u2502[0m
[31m\u2502[0m [33m\u2502[0m                 [1m}[0m                                                       
[33m\u2502[0m [31m\u2502[0m
[31m\u2502[0m [33m\u2514\u2500\u2500\u2500\u2500\u2500\u2500\u2500\u2500\u2500\u2500\u2500\u2500\u2500\u2500\u2500\u
2500\u2500\u2500\u2500\u2500\u2500\u2500\u2500\u2500\u2500\u2500\u2500\u2500\u2500\u2500\u2500\u2500\u2500\u2500\u2500\
u2500\u2500\u2500\u2500\u2500\u2500\u2500\u2500\u2500\u2500\u2500\u2500\u2500\u2500\u2500\u2500\u2500\u2500\u2500\u2500
\u2500\u2500\u2500\u2500\u2500\u2500\u2500\u2500\u2500\u2500\u2500\u2500\u2500\u2500\u2500\u2500\u2500\u2500\u2518[0m 
[31m\u2502[0m
[31m\u2502[0m                                                                             [31m\u2502[0m
[31m\u2502[0m [33mC:\Users\Nishant [0m                                                           [31m\u2502[0m
[31m\u2502[0m [33mAwasthi\AppData\Local\Programs\Python\Python312\Lib\site-packages\cognee\in[0m [31m\u2502[0m
[31m\u2502[0m [33mfrastructure\databases\vector\get_vector_engine.py[0m:[94m7[0m in [92mget_vector_engine[0m   
[31m\u2502[0m
[31m\u2502[0m                                                                             [31m\u2502[0m
[31m\u2502[0m   [2m4 [0m                                                                        [31m\u2502[0m
[31m\u2502[0m   [2m5 [0m[94mdef[0m [92mget_vector_engine[0m():                                                
[31m\u2502[0m
[31m\u2502[0m   [2m6 [0m[2m\u2502   [0m[2m# Get appropriate vector db configuration based on current async 
co[0m [31m\u2502[0m
[31m\u2502[0m [31m> [0m7 [2m\u2502   [0m[94mreturn[0m 
[1;4mcreate_vector_engine(**get_vectordb_context_config())[0m        [31m\u2502[0m
[31m\u2502[0m   [2m8 [0m                                                                        [31m\u2502[0m
[31m\u2502[0m                                                                             [31m\u2502[0m
[31m\u2502[0m [33mC:\Users\Nishant [0m                                                           [31m\u2502[0m
[31m\u2502[0m [33mAwasthi\AppData\Local\Programs\Python\Python312\Lib\site-packages\cognee\in[0m [31m\u2502[0m
[31m\u2502[0m [33mfrastructure\databases\vector\create_vector_engine.py[0m:[94m48[0m in                 
[31m\u2502[0m
[31m\u2502[0m [92mcreate_vector_engine[0m                                                        [31m\u2502[0m
[31m\u2502[0m                                                                             [31m\u2502[0m
[31m\u2502[0m   [2m 45 [0m[2m\u2502   \u2502   \u2502   [0membedding_engine,                                     
    [31m\u2502[0m
[31m\u2502[0m   [2m 46 [0m[2m\u2502   \u2502   [0m)                                                             
[31m\u2502[0m
[31m\u2502[0m   [2m 47 [0m[2m\u2502   [0m                                                                  
[31m\u2502[0m
[31m\u2502[0m [31m> [0m 48 [2m\u2502   [0m[94mreturn[0m _create_vector_engine(                                 
    [31m\u2502[0m
[31m\u2502[0m   [2m 49 [0m[2m\u2502   \u2502   [0mvector_db_provider,                                           
[31m\u2502[0m
[31m\u2502[0m   [2m 50 [0m[2m\u2502   \u2502   [0mvector_db_url,                                                
[31m\u2502[0m
[31m\u2502[0m   [2m 51 [0m[2m\u2502   \u2502   [0mvector_db_name,                                               
[31m\u2502[0m
[31m\u2502[0m                                                                             [31m\u2502[0m
[31m\u2502[0m [33m\u250c\u2500[0m[33m\u2500\u2500\u2500\u2500\u2500\u2500\u2500\u2500\u2500\u2500\u2500\u2500\u250
0\u2500\u2500\u2500\u2500\u2500\u2500\u2500\u2500\u2500\u2500\u2500\u2500\u2500\u2500\u2500\u2500\u2500\u2500[0m[33m 
locals [0m[33m\u2500\u2500\u2500\u2500\u2500\u2500\u2500\u2500\u2500\u2500\u2500\u2500\u2500\u2500\u2500\u2500\u2500\
u2500\u2500\u2500\u2500\u2500\u2500\u2500\u2500\u2500\u2500\u2500\u2500\u2500\u2500\u2500[0m[33m\u2500\u2510[0m 
[31m\u2502[0m
[31m\u2502[0m [33m\u2502[0m                              os = [1m<[0m[1;95mmodule[0m[39m 
[0m[33m'os'[0m[39m [0m[1;39m([0m[39mfrozen[0m[1;39m)[0m[1m>[0m                [33m\u2502[0m 
[31m\u2502[0m
[31m\u2502[0m [33m\u2502[0m                unified_provider = [33m''[0m                                    
[33m\u2502[0m [31m\u2502[0m
[31m\u2502[0m [33m\u2502[0m vector_dataset_database_handler = [33m'lancedb'[0m                             
[33m\u2502[0m [31m\u2502[0m
[31m\u2502[0m [33m\u2502[0m                  vector_db_host = [33m''[0m                                    
[33m\u2502[0m [31m\u2502[0m
[31m\u2502[0m [33m\u2502[0m                   vector_db_key = [33m'eyJhbGciOiJIUzI1NiIsInR5cCI6IkpXVCJà[0m 
[33m\u2502[0m [31m\u2502[0m
[31m\u2502[0m [33m\u2502[0m                  vector_db_name = [33m''[0m                                    
[33m\u2502[0m [31m\u2502[0m
[31m\u2502[0m [33m\u2502[0m              vector_db_password = [33m''[0m                                    
[33m\u2502[0m [31m\u2502[0m
[31m\u2502[0m [33m\u2502[0m                  vector_db_port = [94m1234[0m                                  
[33m\u2502[0m [31m\u2502[0m
[31m\u2502[0m [33m\u2502[0m              vector_db_provider = [33m'qdrant'[0m                              
[33m\u2502[0m [31m\u2502[0m
[31m\u2502[0m [33m\u2502[0m                   vector_db_url = [33m'https://b1967e38-cb02-4fc7-927b-bd6à[0m 
[33m\u2502[0m [31m\u2502[0m
[31m\u2502[0m [33m\u2502[0m              vector_db_username = [33m''[0m                                    
[33m\u2502[0m [31m\u2502[0m
[31m\u2502[0m [33m\u2514\u2500\u2500\u2500\u2500\u2500\u2500\u2500\u2500\u2500\u2500\u2500\u2500\u2500\u2500\u2500\u
2500\u2500\u2500\u2500\u2500\u2500\u2500\u2500\u2500\u2500\u2500\u2500\u2500\u2500\u2500\u2500\u2500\u2500\u2500\u2500\
u2500\u2500\u2500\u2500\u2500\u2500\u2500\u2500\u2500\u2500\u2500\u2500\u2500\u2500\u2500\u2500\u2500\u2500\u2500\u2500
\u2500\u2500\u2500\u2500\u2500\u2500\u2500\u2500\u2500\u2500\u2500\u2500\u2500\u2500\u2500\u2500\u2500\u2500\u2518[0m 
[31m\u2502[0m
[31m\u2502[0m                                                                             [31m\u2502[0m
[31m\u2502[0m [33mC:\Users\Nishant [0m                                                           [31m\u2502[0m
[31m\u2502[0m [33mAwasthi\AppData\Local\Programs\Python\Python312\Lib\site-packages\cognee\in[0m [31m\u2502[0m
[31m\u2502[0m [33mfrastructure\databases\vector\create_vector_engine.py[0m:[94m99[0m in                 
[31m\u2502[0m
[31m\u2502[0m [92m_create_vector_engine[0m                                                       [31m\u2502[0m
[31m\u2502[0m                                                                             [31m\u2502[0m
[31m\u2502[0m   [2m 96 [0m[2m\u2502   \u2502   [0m                                                              
[31m\u2502[0m
[31m\u2502[0m   [2m 97 [0m[2;33m\u2502   \u2502   [0m[33mAn instance of the corresponding database adapter 
class for t[0m [31m\u2502[0m
[31m\u2502[0m       [33mprovider.[0m                                                             [31m\u2502[0m
[31m\u2502[0m   [2m 98 [0m[2;33m\u2502   [0m[33m"""[0m                                                         
      [31m\u2502[0m
[31m\u2502[0m [31m> [0m 99 [2m\u2502   [0membedding_engine = [1;4mget_embedding_engine()[0m                    
     [31m\u2502[0m
[31m\u2502[0m   [2m100 [0m[2m\u2502   [0m                                                                  
[31m\u2502[0m
[31m\u2502[0m   [2m101 [0m[2m\u2502   [0m[94mif[0m vector_db_provider [95min[0m supported_databases:         
            [31m\u2502[0m
[31m\u2502[0m   [2m102 [0m[2m\u2502   \u2502   [0madapter = supported_databases[vector_db_provider]             
[31m\u2502[0m
[31m\u2502[0m                                                                             [31m\u2502[0m
[31m\u2502[0m [33m\u250c\u2500[0m[33m\u2500\u2500\u2500\u2500\u2500\u2500\u2500\u2500\u2500\u2500\u2500\u2500\u250
0\u2500\u2500\u2500\u2500\u2500\u2500\u2500\u2500\u2500\u2500\u2500\u2500\u2500\u2500\u2500\u2500\u2500\u2500[0m[33m 
locals [0m[33m\u2500\u2500\u2500\u2500\u2500\u2500\u2500\u2500\u2500\u2500\u2500\u2500\u2500\u2500\u2500\u2500\u2500\
u2500\u2500\u2500\u2500\u2500\u2500\u2500\u2500\u2500\u2500\u2500\u2500\u2500\u2500\u2500[0m[33m\u2500\u2510[0m 
[31m\u2502[0m
[31m\u2502[0m [33m\u2502[0m vector_dataset_database_handler = [33m'lancedb'[0m                             
[33m\u2502[0m [31m\u2502[0m
[31m\u2502[0m [33m\u2502[0m                  vector_db_host = [33m''[0m                                    
[33m\u2502[0m [31m\u2502[0m
[31m\u2502[0m [33m\u2502[0m                   vector_db_key = [33m'eyJhbGciOiJIUzI1NiIsInR5cCI6IkpXVCJà[0m 
[33m\u2502[0m [31m\u2502[0m
[31m\u2502[0m [33m\u2502[0m                  vector_db_name = [33m''[0m                                    
[33m\u2502[0m [31m\u2502[0m
[31m\u2502[0m [33m\u2502[0m              vector_db_password = [33m''[0m                                    
[33m\u2502[0m [31m\u2502[0m
[31m\u2502[0m [33m\u2502[0m                  vector_db_port = [94m1234[0m                                  
[33m\u2502[0m [31m\u2502[0m
[31m\u2502[0m [33m\u2502[0m              vector_db_provider = [33m'qdrant'[0m                              
[33m\u2502[0m [31m\u2502[0m
[31m\u2502[0m [33m\u2502[0m                   vector_db_url = [33m'https://b1967e38-cb02-4fc7-927b-bd6à[0m 
[33m\u2502[0m [31m\u2502[0m
[31m\u2502[0m [33m\u2502[0m              vector_db_username = [33m''[0m                                    
[33m\u2502[0m [31m\u2502[0m
[31m\u2502[0m [33m\u2514\u2500\u2500\u2500\u2500\u2500\u2500\u2500\u2500\u2500\u2500\u2500\u2500\u2500\u2500\u2500\u
2500\u2500\u2500\u2500\u2500\u2500\u2500\u2500\u2500\u2500\u2500\u2500\u2500\u2500\u2500\u2500\u2500\u2500\u2500\u2500\
u2500\u2500\u2500\u2500\u2500\u2500\u2500\u2500\u2500\u2500\u2500\u2500\u2500\u2500\u2500\u2500\u2500\u2500\u2500\u2500
\u2500\u2500\u2500\u2500\u2500\u2500\u2500\u2500\u2500\u2500\u2500\u2500\u2500\u2500\u2500\u2500\u2500\u2500\u2518[0m 
[31m\u2502[0m
[31m\u2502[0m                                                                             [31m\u2502[0m
[31m\u2502[0m [33mC:\Users\Nishant [0m                                                           [31m\u2502[0m
[31m\u2502[0m [33mAwasthi\AppData\Local\Programs\Python\Python312\Lib\site-packages\cognee\in[0m [31m\u2502[0m
[31m\u2502[0m [33mfrastructure\databases\vector\embeddings\get_embedding_engine.py[0m:[94m26[0m in      
[31m\u2502[0m
[31m\u2502[0m [92mget_embedding_engine[0m                                                        [31m\u2502[0m
[31m\u2502[0m                                                                             [31m\u2502[0m
[31m\u2502[0m   [2m 23 [0m[2m\u2502   [0mconfig = get_embedding_config()                                   
[31m\u2502[0m
[31m\u2502[0m   [2m 24 [0m[2m\u2502   [0mllm_config = get_llm_config()                                     
[31m\u2502[0m
[31m\u2502[0m   [2m 25 [0m[2m\u2502   [0m[2m# Embedding engine has to be a singleton based on configuration 
t[0m [31m\u2502[0m
[31m\u2502[0m       [2mrequests won't be sent to HuggingFace[0m                                 [31m\u2502[0m
[31m\u2502[0m [31m> [0m 26 [2m\u2502   [0m[94mreturn[0m create_embedding_engine(                               
    [31m\u2502[0m
[31m\u2502[0m   [2m 27 [0m[2m\u2502   \u2502   [0mconfig.embedding_provider,                                    
[31m\u2502[0m
[31m\u2502[0m   [2m 28 [0m[2m\u2502   \u2502   [0mconfig.embedding_model,                                       
[31m\u2502[0m
[31m\u2502[0m   [2m 29 [0m[2m\u2502   \u2502   [0mconfig.embedding_dimensions,                                  
[31m\u2502[0m
[31m\u2502[0m                                                                             [31m\u2502[0m
[31m\u2502[0m [33m\u250c\u2500[0m[33m\u2500\u2500\u2500\u2500\u2500\u2500\u2500\u2500\u2500\u2500\u2500\u2500\u250
0\u2500\u2500\u2500\u2500\u2500\u2500\u2500\u2500\u2500\u2500\u2500\u2500\u2500\u2500\u2500\u2500\u2500\u2500[0m[33m 
locals [0m[33m\u2500\u2500\u2500\u2500\u2500\u2500\u2500\u2500\u2500\u2500\u2500\u2500\u2500\u2500\u2500\u2500\u2500\
u2500\u2500\u2500\u2500\u2500\u2500\u2500\u2500\u2500\u2500\u2500\u2500\u2500\u2500\u2500[0m[33m\u2500\u2510[0m 
[31m\u2502[0m
[31m\u2502[0m [33m\u2502[0m     config = [1;35mEmbeddingConfig[0m[1m([0m                                       
    [33m\u2502[0m [31m\u2502[0m
[31m\u2502[0m [33m\u2502[0m              [2m\u2502   [0m[33membedding_provider[0m=[33m'fastembed'[0m,        
                [33m\u2502[0m [31m\u2502[0m
[31m\u2502[0m [33m\u2502[0m              [2m\u2502   
[0m[33membedding_model[0m=[33m'BAAI/bge-small-en-v1.5'[0m,              [33m\u2502[0m [31m\u2502[0m
[31m\u2502[0m [33m\u2502[0m              [2m\u2502   [0m[33membedding_dimensions[0m=[94m384[0m,              
                [33m\u2502[0m [31m\u2502[0m
[31m\u2502[0m [33m\u2502[0m              [2m\u2502   [0m[33membedding_endpoint[0m=[94mNone[0m,               
                [33m\u2502[0m [31m\u2502[0m
[31m\u2502[0m [33m\u2502[0m              [2m\u2502   [0m[33membedding_api_key[0m=[94mNone[0m,                
                [33m\u2502[0m [31m\u2502[0m
[31m\u2502[0m [33m\u2502[0m              [2m\u2502   [0m[33membedding_api_version[0m=[94mNone[0m,            
                [33m\u2502[0m [31m\u2502[0m
[31m\u2502[0m [33m\u2502[0m              [2m\u2502   [0m[33membedding_max_completion_tokens[0m=[94m8191[0m,  
                [33m\u2502[0m [31m\u2502[0m
[31m\u2502[0m [33m\u2502[0m              [2m\u2502   [0m[33membedding_batch_size[0m=[94m36[0m,               
                [33m\u2502[0m [31m\u2502[0m
[31m\u2502[0m [33m\u2502[0m              [2m\u2502   [0m                                                       
[33m\u2502[0m [31m\u2502[0m
[31m\u2502[0m [33m\u2502[0m              
[33mhuggingface_tokenizer[0m=[33m'Salesforce/SFR-Embedding-Mistral'[0m,  [33m\u2502[0m [31m\u2502[0m
[31m\u2502[0m [33m\u2502[0m              [2m\u2502   [0m                                                       
[33m\u2502[0m [31m\u2502[0m
[31m\u2502[0m [33m\u2502[0m              
[33mgroq_api_key[0m=[33m'gsk_THfZsIWCvXMGZ5ISpkeTWGdyb3FYFK5t73foxvRà[0m [33m\u2502[0m [31m\u2502[0m
[31m\u2502[0m [33m\u2502[0m              [1m)[0m                                                          
[33m\u2502[0m [31m\u2502[0m
[31m\u2502[0m [33m\u2502[0m llm_config = [1;35mLLMConfig[0m[1m([0m                                             
    [33m\u2502[0m [31m\u2502[0m
[31m\u2502[0m [33m\u2502[0m              [2m\u2502   
[0m[33mstructured_output_framework[0m=[33m'instructor'[0m,              [33m\u2502[0m [31m\u2502[0m
[31m\u2502[0m [33m\u2502[0m              [2m\u2502   [0m[33mllm_instructor_mode[0m=[33m''[0m,                
                [33m\u2502[0m [31m\u2502[0m
[31m\u2502[0m [33m\u2502[0m              [2m\u2502   [0m[33mllm_provider[0m=[33m'custom'[0m,                 
                [33m\u2502[0m [31m\u2502[0m
[31m\u2502[0m [33m\u2502[0m              [2m\u2502   [0m[33mllm_model[0m=[33m'groq/compound-mini'[0m,        
                [33m\u2502[0m [31m\u2502[0m
[31m\u2502[0m [33m\u2502[0m              [2m\u2502   
[0m[33mllm_endpoint[0m=[33m'https://api.groq.com/openai/v1'[0m,         [33m\u2502[0m [31m\u2502[0m
[31m\u2502[0m [33m\u2502[0m              [2m\u2502   [0m                                                       
[33m\u2502[0m [31m\u2502[0m
[31m\u2502[0m [33m\u2502[0m              
[33mllm_api_key[0m=[33m'gsk_THfZsIWCvXMGZ5ISpkeTWGdyb3FYFK5t73foxvR4à[0m [33m\u2502[0m [31m\u2502[0m
[31m\u2502[0m [33m\u2502[0m              [2m\u2502   [0m[33mllm_api_version[0m=[94mNone[0m,                  
                [33m\u2502[0m [31m\u2502[0m
[31m\u2502[0m [33m\u2502[0m              [2m\u2502   [0m[33mllm_temperature[0m=[94m0[0m[94m.0[0m,          
                         [33m\u2502[0m [31m\u2502[0m
[31m\u2502[0m [33m\u2502[0m              [2m\u2502   [0m[33mllm_streaming[0m=[94mFalse[0m,                   
                [33m\u2502[0m [31m\u2502[0m
[31m\u2502[0m [33m\u2502[0m              [2m\u2502   [0m[33mllm_max_completion_tokens[0m=[94m16384[0m,       
                [33m\u2502[0m [31m\u2502[0m
[31m\u2502[0m [33m\u2502[0m              [2m\u2502   [0m[33mbaml_llm_provider[0m=[33m'openai'[0m,            
                [33m\u2502[0m [31m\u2502[0m
[31m\u2502[0m [33m\u2502[0m              [2m\u2502   [0m[33mbaml_llm_model[0m=[33m'gpt-5-mini'[0m,           
                [33m\u2502[0m [31m\u2502[0m
[31m\u2502[0m [33m\u2502[0m              [2m\u2502   [0m[33mbaml_llm_endpoint[0m=[33m''[0m,                  
                [33m\u2502[0m [31m\u2502[0m
[31m\u2502[0m [33m\u2502[0m              [2m\u2502   [0m[33mbaml_llm_api_key[0m=[94mNone[0m,                 
                [33m\u2502[0m [31m\u2502[0m
[31m\u2502[0m [33m\u2502[0m              [2m\u2502   [0m[33mbaml_llm_temperature[0m=[94m0[0m[94m.0[0m,     
                         [33m\u2502[0m [31m\u2502[0m
[31m\u2502[0m [33m\u2502[0m              [2m\u2502   [0m[33mbaml_llm_api_version[0m=[33m''[0m,               
                [33m\u2502[0m [31m\u2502[0m
[31m\u2502[0m [33m\u2502[0m              [2m\u2502   [0m[33mtranscription_model[0m=[33m'whisper-1'[0m,       
                [33m\u2502[0m [31m\u2502[0m
[31m\u2502[0m [33m\u2502[0m              [2m\u2502   
[0m[33mgraph_prompt_path[0m=[33m'generate_graph_prompt.txt'[0m,         [33m\u2502[0m [31m\u2502[0m
[31m\u2502[0m [33m\u2502[0m              [2m\u2502   [0m                                                       
[33m\u2502[0m [31m\u2502[0m
[31m\u2502[0m [33m\u2502[0m              
[33mtemporal_graph_prompt_path[0m=[33m'generate_event_graph_prompt.tà[0m [33m\u2502[0m [31m\u2502[0m
[31m\u2502[0m [33m\u2502[0m              [2m\u2502   [0m                                                       
[33m\u2502[0m [31m\u2502[0m
[31m\u2502[0m [33m\u2502[0m              
[33mevent_entity_prompt_path[0m=[33m'generate_event_entity_prompt.txà[0m [33m\u2502[0m [31m\u2502[0m
[31m\u2502[0m [33m\u2502[0m              [2m\u2502   [0m[33mllm_rate_limit_enabled[0m=[94mFalse[0m,          
                [33m\u2502[0m [31m\u2502[0m
[31m\u2502[0m [33m\u2502[0m              [2m\u2502   [0m[33mllm_rate_limit_requests[0m=[94m60[0m,            
                [33m\u2502[0m [31m\u2502[0m
[31m\u2502[0m [33m\u2502[0m              [2m\u2502   [0m[33mllm_rate_limit_interval[0m=[94m60[0m,            
                [33m\u2502[0m [31m\u2502[0m
[31m\u2502[0m [33m\u2502[0m              [2m\u2502   [0m[33mllm_rate_limit_tokens[0m=[94m0[0m,               
                [33m\u2502[0m [31m\u2502[0m
[31m\u2502[0m [33m\u2502[0m              [2m\u2502   [0m[33membedding_rate_limit_enabled[0m=[94mFalse[0m,    
                [33m\u2502[0m [31m\u2502[0m
[31m\u2502[0m [33m\u2502[0m              [2m\u2502   [0m[33membedding_rate_limit_requests[0m=[94m60[0m,      
                [33m\u2502[0m [31m\u2502[0m
[31m\u2502[0m [33m\u2502[0m              [2m\u2502   [0m[33membedding_rate_limit_interval[0m=[94m60[0m,      
                [33m\u2502[0m [31m\u2502[0m
[31m\u2502[0m [33m\u2502[0m              [2m\u2502   [0m[33membedding_rate_limit_tokens[0m=[94m0[0m,         
                [33m\u2502[0m [31m\u2502[0m
[31m\u2502[0m [33m\u2502[0m              [2m\u2502   [0m[33mllama_cpp_model_path[0m=[94mNone[0m,             
                [33m\u2502[0m [31m\u2502[0m
[31m\u2502[0m [33m\u2502[0m              [2m\u2502   [0m[33mllama_cpp_n_ctx[0m=[94m2048[0m,                  
                [33m\u2502[0m [31m\u2502[0m
[31m\u2502[0m [33m\u2502[0m              [2m\u2502   [0m[33mllama_cpp_n_gpu_layers[0m=[94m0[0m,              
                [33m\u2502[0m [31m\u2502[0m
[31m\u2502[0m [33m\u2502[0m              [2m\u2502   [0m[33mllama_cpp_chat_format[0m=[33m'chatml'[0m,        
                [33m\u2502[0m [31m\u2502[0m
[31m\u2502[0m [33m\u2502[0m              [2m\u2502   [0m[33mfallback_api_key[0m=[33m''[0m,                   
                [33m\u2502[0m [31m\u2502[0m
[31m\u2502[0m [33m\u2502[0m              [2m\u2502   [0m[33mfallback_endpoint[0m=[33m''[0m,                  
                [33m\u2502[0m [31m\u2502[0m
[31m\u2502[0m [33m\u2502[0m              [2m\u2502   [0m[33mfallback_model[0m=[33m''[0m,                     
                [33m\u2502[0m [31m\u2502[0m
[31m\u2502[0m [33m\u2502[0m              [2m\u2502   [0m[33mllm_azure_use_managed_identity[0m=[94mFalse[0m,  
                [33m\u2502[0m [31m\u2502[0m
[31m\u2502[0m [33m\u2502[0m              [2m\u2502   [0m[33mllm_args[0m=[1m{[0m[1m}[0m,                    
                       [33m\u2502[0m [31m\u2502[0m
[31m\u2502[0m [33m\u2502[0m              [2m\u2502   [0m[33mbaml_registry[0m=[94mNone[0m,                    
                [33m\u2502[0m [31m\u2502[0m
[31m\u2502[0m [33m\u2502[0m              [2m\u2502   [0m                                                       
[33m\u2502[0m [31m\u2502[0m
[31m\u2502[0m [33m\u2502[0m              
[33mgroq_api_key[0m=[33m'gsk_THfZsIWCvXMGZ5ISpkeTWGdyb3FYFK5t73foxvRà[0m [33m\u2502[0m [31m\u2502[0m
[31m\u2502[0m [33m\u2502[0m              [1m)[0m                                                          
[33m\u2502[0m [31m\u2502[0m
[31m\u2502[0m [33m\u2514\u2500\u2500\u2500\u2500\u2500\u2500\u2500\u2500\u2500\u2500\u2500\u2500\u2500\u2500\u2500\u
2500\u2500\u2500\u2500\u2500\u2500\u2500\u2500\u2500\u2500\u2500\u2500\u2500\u2500\u2500\u2500\u2500\u2500\u2500\u2500\
u2500\u2500\u2500\u2500\u2500\u2500\u2500\u2500\u2500\u2500\u2500\u2500\u2500\u2500\u2500\u2500\u2500\u2500\u2500\u2500
\u2500\u2500\u2500\u2500\u2500\u2500\u2500\u2500\u2500\u2500\u2500\u2500\u2500\u2500\u2500\u2500\u2500\u2500\u2518[0m 
[31m\u2502[0m
[31m\u2502[0m                                                                             [31m\u2502[0m
[31m\u2502[0m [33mC:\Users\Nishant [0m                                                           [31m\u2502[0m
[31m\u2502[0m [33mAwasthi\AppData\Local\Programs\Python\Python312\Lib\site-packages\cognee\in[0m [31m\u2502[0m
[31m\u2502[0m [33mfrastructure\databases\vector\embeddings\get_embedding_engine.py[0m:[94m85[0m in      
[31m\u2502[0m
[31m\u2502[0m [92mcreate_embedding_engine[0m                                                     [31m\u2502[0m
[31m\u2502[0m                                                                             [31m\u2502[0m
[31m\u2502[0m   [2m 82 [0m[2m\u2502   [0m[94mif[0m embedding_provider == 
[33m"[0m[33mfastembed[0m[33m"[0m:                             [31m\u2502[0m
[31m\u2502[0m   [2m 83 [0m[2m\u2502   \u2502   [0m[94mfrom[0m [4;96m.[0m[4;96mFastembedEmbeddingEngine[0m 
[94mimport[0m FastembedEmbeddingEngin [31m\u2502[0m
[31m\u2502[0m   [2m 84 [0m[2m\u2502   \u2502   [0m                                                              
[31m\u2502[0m
[31m\u2502[0m [31m> [0m 85 [2m\u2502   \u2502   [0m[94mreturn[0m FastembedEmbeddingEngine(                     
         [31m\u2502[0m
[31m\u2502[0m   [2m 86 [0m[2m\u2502   \u2502   \u2502   [0mmodel=embedding_model,                                
    [31m\u2502[0m
[31m\u2502[0m   [2m 87 [0m[2m\u2502   \u2502   \u2502   [0mdimensions=embedding_dimensions,                      
    [31m\u2502[0m
[31m\u2502[0m   [2m 88 [0m[2m\u2502   \u2502   \u2502   
[0mmax_completion_tokens=embedding_max_completion_tokens,    [31m\u2502[0m
[31m\u2502[0m                                                                             [31m\u2502[0m
[31m\u2502[0m [33m\u250c\u2500[0m[33m\u2500\u2500\u2500\u2500\u2500\u2500\u2500\u2500\u2500\u2500\u2500\u2500\u250
0\u2500\u2500\u2500\u2500\u2500\u2500\u2500\u2500\u2500\u2500\u2500\u2500\u2500\u2500\u2500\u2500\u2500\u2500[0m[33m 
locals [0m[33m\u2500\u2500\u2500\u2500\u2500\u2500\u2500\u2500\u2500\u2500\u2500\u2500\u2500\u2500\u2500\u2500\u2500\
u2500\u2500\u2500\u2500\u2500\u2500\u2500\u2500\u2500\u2500\u2500\u2500\u2500\u2500\u2500[0m[33m\u2500\u2510[0m 
[31m\u2502[0m
[31m\u2502[0m [33m\u2502[0m               embedding_api_key = [94mNone[0m                                  
[33m\u2502[0m [31m\u2502[0m
[31m\u2502[0m [33m\u2502[0m           embedding_api_version = [94mNone[0m                                  
[33m\u2502[0m [31m\u2502[0m
[31m\u2502[0m [33m\u2502[0m            embedding_batch_size = [94m36[0m                                    
[33m\u2502[0m [31m\u2502[0m
[31m\u2502[0m [33m\u2502[0m            embedding_dimensions = [94m384[0m                                   
[33m\u2502[0m [31m\u2502[0m
[31m\u2502[0m [33m\u2502[0m              embedding_endpoint = [94mNone[0m                                  
[33m\u2502[0m [31m\u2502[0m
[31m\u2502[0m [33m\u2502[0m embedding_max_completion_tokens = [94m8191[0m                                  
[33m\u2502[0m [31m\u2502[0m
[31m\u2502[0m [33m\u2502[0m                 embedding_model = [33m'BAAI/bge-small-en-v1.5'[0m              
[33m\u2502[0m [31m\u2502[0m
[31m\u2502[0m [33m\u2502[0m              embedding_provider = [33m'fastembed'[0m                           
[33m\u2502[0m [31m\u2502[0m
[31m\u2502[0m [33m\u2502[0m           huggingface_tokenizer = [33m'Salesforce/SFR-Embedding-Mistral'[0m    
[33m\u2502[0m [31m\u2502[0m
[31m\u2502[0m [33m\u2502[0m                     llm_api_key = [33m'gsk_THfZsIWCvXMGZ5ISpkeTWGdyb3FYFK5à[0m 
[33m\u2502[0m [31m\u2502[0m
[31m\u2502[0m [33m\u2502[0m                    llm_provider = [33m'custom'[0m                              
[33m\u2502[0m [31m\u2502[0m
[31m\u2502[0m [33m\u2514\u2500\u2500\u2500\u2500\u2500\u2500\u2500\u2500\u2500\u2500\u2500\u2500\u2500\u2500\u2500\u
2500\u2500\u2500\u2500\u2500\u2500\u2500\u2500\u2500\u2500\u2500\u2500\u2500\u2500\u2500\u2500\u2500\u2500\u2500\u2500\
u2500\u2500\u2500\u2500\u2500\u2500\u2500\u2500\u2500\u2500\u2500\u2500\u2500\u2500\u2500\u2500\u2500\u2500\u2500\u2500
\u2500\u2500\u2500\u2500\u2500\u2500\u2500\u2500\u2500\u2500\u2500\u2500\u2500\u2500\u2500\u2500\u2500\u2500\u2518[0m 
[31m\u2502[0m
[31m\u2502[0m                                                                             [31m\u2502[0m
[31m\u2502[0m [33mC:\Users\Nishant [0m                                                           [31m\u2502[0m
[31m\u2502[0m [33mAwasthi\AppData\Local\Programs\Python\Python312\Lib\site-packages\cognee\in[0m [31m\u2502[0m
[31m\u2502[0m [33mfrastructure\databases\vector\embeddings\FastembedEmbeddingEngine.py[0m:[94m75[0m in  
[31m\u2502[0m
[31m\u2502[0m [92m__init__[0m                                                                    [31m\u2502[0m
[31m\u2502[0m                                                                             [31m\u2502[0m
[31m\u2502[0m   [2m 72 [0m[2m\u2502   \u2502   [0m[96mself[0m.tokenizer = [96mself[0m.get_tokenizer()        
                 [31m\u2502[0m
[31m\u2502[0m   [2m 73 [0m[2m\u2502   \u2502   [0m[96mself[0m.batch_size = batch_size                          
        [31m\u2502[0m
[31m\u2502[0m   [2m 74 [0m[2m\u2502   \u2502   [0m[2m# self.retry_count = 0[0m                                 
       [31m\u2502[0m
[31m\u2502[0m [31m> [0m 75 [2m\u2502   \u2502   [0m[96mself[0m.embedding_model = 
[1;4mTextEmbedding(model_name=model)[0m        [31m\u2502[0m
[31m\u2502[0m   [2m 76 [0m[2m\u2502   \u2502   [0m                                                              
[31m\u2502[0m
[31m\u2502[0m   [2m 77 [0m[2m\u2502   \u2502   [0menable_mocking = 
os.getenv([33m"[0m[33mMOCK_EMBEDDING[0m[33m"[0m, [33m"[0m[33mfalse[0m[33m"[0m)         [31m\u2502[0m
[31m\u2502[0m   [2m 78 [0m[2m\u2502   \u2502   [0m[94mif[0m [96misinstance[0m(enable_mocking, 
[96mbool[0m):                          [31m\u2502[0m
[31m\u2502[0m                                                                             [31m\u2502[0m
[31m\u2502[0m [33m\u250c\u2500[0m[33m\u2500\u2500\u2500\u2500\u2500\u2500\u2500\u2500\u2500\u2500\u2500\u2500\u250
0\u2500\u2500\u2500\u2500\u2500\u2500\u2500\u2500\u2500\u2500\u2500\u2500\u2500\u2500\u2500\u2500\u2500\u2500[0m[33m 
locals [0m[33m\u2500\u2500\u2500\u2500\u2500\u2500\u2500\u2500\u2500\u2500\u2500\u2500\u2500\u2500\u2500\u2500\u2500\
u2500\u2500\u2500\u2500\u2500\u2500\u2500\u2500\u2500\u2500\u2500\u2500\u2500\u2500\u2500[0m[33m\u2500\u2510[0m 
[31m\u2502[0m
[31m\u2502[0m [33m\u2502[0m            batch_size = [94m36[0m                                              
[33m\u2502[0m [31m\u2502[0m
[31m\u2502[0m [33m\u2502[0m            dimensions = [94m384[0m                                             
[33m\u2502[0m [31m\u2502[0m
[31m\u2502[0m [33m\u2502[0m max_completion_tokens = [94m8191[0m                                            
[33m\u2502[0m [31m\u2502[0m
[31m\u2502[0m [33m\u2502[0m                 model = [33m'BAAI/bge-small-en-v1.5'[0m                        
[33m\u2502[0m [31m\u2502[0m
[31m\u2502[0m [33m\u2502[0m                  self = 
[1m<[0m[1;95mcognee.infrastructure.databases.vector.embeddà[0m [33m\u2502[0m [31m\u2502[0m
[31m\u2502[0m [33m\u2502[0m                         [39mobject at [0m[94m0x00000218579CBA10[0m[1m>[0m        
           [33m\u2502[0m [31m\u2502[0m
[31m\u2502[0m [33m\u2514\u2500\u2500\u2500\u2500\u2500\u2500\u2500\u2500\u2500\u2500\u2500\u2500\u2500\u2500\u2500\u
2500\u2500\u2500\u2500\u2500\u2500\u2500\u2500\u2500\u2500\u2500\u2500\u2500\u2500\u2500\u2500\u2500\u2500\u2500\u2500\
u2500\u2500\u2500\u2500\u2500\u2500\u2500\u2500\u2500\u2500\u2500\u2500\u2500\u2500\u2500\u2500\u2500\u2500\u2500\u2500
\u2500\u2500\u2500\u2500\u2500\u2500\u2500\u2500\u2500\u2500\u2500\u2500\u2500\u2500\u2500\u2500\u2500\u2500\u2518[0m 
[31m\u2502[0m
[31m\u2502[0m                                                                             [31m\u2502[0m
[31m\u2502[0m [33mC:\Users\Nishant [0m                                                           [31m\u2502[0m
[31m\u2502[0m [33mAwasthi\AppData\Local\Programs\Python\Python312\Lib\site-packages\fastembed[0m [31m\u2502[0m
[31m\u2502[0m [33m\text\text_embedding.py[0m:[94m114[0m in [92m__init__[0m                                     
[31m\u2502[0m
[31m\u2502[0m                                                                             [31m\u2502[0m
[31m\u2502[0m   [2m111 [0m[2m\u2502   \u2502   [0m[94mfor[0m EMBEDDING_MODEL_TYPE [95min[0m 
[96mself[0m.EMBEDDINGS_REGISTRY:         [31m\u2502[0m
[31m\u2502[0m   [2m112 [0m[2m\u2502   \u2502   \u2502   [0msupported_models = 
EMBEDDING_MODEL_TYPE._list_supported_m [31m\u2502[0m
[31m\u2502[0m   [2m113 [0m[2m\u2502   \u2502   \u2502   [0m[94mif[0m [96many[0m(model_name.lower() == 
model.model.lower() [94mfor[0m mode [31m\u2502[0m
[31m\u2502[0m       supported_models):                                                    [31m\u2502[0m
[31m\u2502[0m [31m> [0m114 [2m\u2502   \u2502   \u2502   \u2502   [0m[96mself[0m.model = EMBEDDING_MODEL_TYPE( 
                   [31m\u2502[0m
[31m\u2502[0m   [2m115 [0m[2m\u2502   \u2502   \u2502   \u2502   \u2502   [0mmodel_name=model_name,              
              [31m\u2502[0m
[31m\u2502[0m   [2m116 [0m[2m\u2502   \u2502   \u2502   \u2502   \u2502   [0mcache_dir=cache_dir,                
              [31m\u2502[0m
[31m\u2502[0m   [2m117 [0m[2m\u2502   \u2502   \u2502   \u2502   \u2502   [0mthreads=threads,                    
              [31m\u2502[0m
[31m\u2502[0m                                                                             [31m\u2502[0m
[31m\u2502[0m [33m\u250c\u2500[0m[33m\u2500\u2500\u2500\u2500\u2500\u2500\u2500\u2500\u2500\u2500\u2500\u2500\u250
0\u2500\u2500\u2500\u2500\u2500\u2500\u2500\u2500\u2500\u2500\u2500\u2500\u2500\u2500\u2500\u2500\u2500\u2500[0m[33m 
locals [0m[33m\u2500\u2500\u2500\u2500\u2500\u2500\u2500\u2500\u2500\u2500\u2500\u2500\u2500\u2500\u2500\u2500\u2500\
u2500\u2500\u2500\u2500\u2500\u2500\u2500\u2500\u2500\u2500\u2500\u2500\u2500\u2500\u2500[0m[33m\u2500\u2510[0m 
[31m\u2502[0m
[31m\u2502[0m [33m\u2502[0m        cache_dir = [94mNone[0m                                                 
[33m\u2502[0m [31m\u2502[0m
[31m\u2502[0m [33m\u2502[0m             cuda = [1m<[0m[1;95mDevice.AUTO:[0m[39m [0m[33m'auto'[0m[1m>[0m  
                              [33m\u2502[0m [31m\u2502[0m
[31m\u2502[0m [33m\u2502[0m       device_ids = [94mNone[0m                                                 
[33m\u2502[0m [31m\u2502[0m
[31m\u2502[0m [33m\u2502[0m           kwargs = [1m{[0m[1m}[0m                                                  
 [33m\u2502[0m [31m\u2502[0m
[31m\u2502[0m [33m\u2502[0m        lazy_load = [94mFalse[0m                                                
[33m\u2502[0m [31m\u2502[0m
[31m\u2502[0m [33m\u2502[0m       model_name = [33m'BAAI/bge-small-en-v1.5'[0m                             
[33m\u2502[0m [31m\u2502[0m
[31m\u2502[0m [33m\u2502[0m        providers = [94mNone[0m                                                 
[33m\u2502[0m [31m\u2502[0m
[31m\u2502[0m [33m\u2502[0m             self = 
[1m<[0m[1;95mfastembed.text.text_embedding.TextEmbedding[0m[39m object [0m [33m\u2502[0m [31m\u2502[0m
[31m\u2502[0m [33m\u2502[0m                    [39mat [0m[94m0x00000218579C8530[0m[1m>[0m                    
           [33m\u2502[0m [31m\u2502[0m
[31m\u2502[0m [33m\u2502[0m supported_models = [1m[[0m                                                    
[33m\u2502[0m [31m\u2502[0m
[31m\u2502[0m [33m\u2502[0m                    [2m\u2502   [0m[1;35mDenseModelDescription[0m[1m([0m          
                 [33m\u2502[0m [31m\u2502[0m
[31m\u2502[0m [33m\u2502[0m                    [2m\u2502   \u2502   
[0m[33mmodel[0m=[33m'BAAI/bge-base-en'[0m,                    [33m\u2502[0m [31m\u2502[0m
[31m\u2502[0m [33m\u2502[0m                    [2m\u2502   \u2502   
[0m[33msources[0m=[1;35mModelSource[0m[1m([0m                         [33m\u2502[0m [31m\u2502[0m
[31m\u2502[0m [33m\u2502[0m                    [2m\u2502   \u2502   \u2502   
[0m[33mhf[0m=[33m'Qdrant/fast-bge-base-en'[0m,            [33m\u2502[0m [31m\u2502[0m
[31m\u2502[0m [33m\u2502[0m                    [2m\u2502   \u2502   \u2502   [0m                                 
        [33m\u2502[0m [31m\u2502[0m
[31m\u2502[0m [33m\u2502[0m                    
[33murl[0m=[33m'https://storage.googleapis.com/qdrant-fastembeà[0m [33m\u2502[0m [31m\u2502[0m
[31m\u2502[0m [33m\u2502[0m                    [2m\u2502   \u2502   \u2502   
[0m[33m_deprecated_tar_struct[0m=[94mTrue[0m              [33m\u2502[0m [31m\u2502[0m
[31m\u2502[0m [33m\u2502[0m                    [2m\u2502   \u2502   [0m[1m)[0m,                                
           [33m\u2502[0m [31m\u2502[0m
[31m\u2502[0m [33m\u2502[0m                    [2m\u2502   \u2502   
[0m[33mmodel_file[0m=[33m'model_optimized.onnx'[0m,           [33m\u2502[0m [31m\u2502[0m
[31m\u2502[0m [33m\u2502[0m                    [2m\u2502   \u2502   [0m[33mdescription[0m=[33m'Text 
embeddings, Unimodal [0m      [33m\u2502[0m [31m\u2502[0m
[31m\u2502[0m [33m\u2502[0m                    [1;33m([0m[33mtext[0m[1;33m)[0m[33m, English, 512 input 
tokens truncation, [0m       [33m\u2502[0m [31m\u2502[0m
[31m\u2502[0m [33m\u2502[0m                    [33mPrefixes'[0m+[94m45[0m,                                     
   [33m\u2502[0m [31m\u2502[0m
[31m\u2502[0m [33m\u2502[0m                    [2m\u2502   \u2502   [0m[33mlicense[0m=[33m'mit'[0m,          
                     [33m\u2502[0m [31m\u2502[0m
[31m\u2502[0m [33m\u2502[0m                    [2m\u2502   \u2502   
[0m[33msize_in_GB[0m=[94m0[0m[94m.42[0m,                             [33m\u2502[0m [31m\u2502[0m
[31m\u2502[0m [33m\u2502[0m                    [2m\u2502   \u2502   
[0m[33madditional_files[0m=[1m[[0m[1m][0m,                         [33m\u2502[0m [31m\u2502[0m
[31m\u2502[0m [33m\u2502[0m                    [2m\u2502   \u2502   [0m[33mdim[0m=[94m768[0m,                
                     [33m\u2502[0m [31m\u2502[0m
[31m\u2502[0m [33m\u2502[0m                    [2m\u2502   \u2502   [0m[33mtasks[0m=[1m{[0m[1m}[0m         
                            [33m\u2502[0m [31m\u2502[0m
[31m\u2502[0m [33m\u2502[0m                    [2m\u2502   [0m[1m)[0m,                                         
      [33m\u2502[0m [31m\u2502[0m
[31m\u2502[0m [33m\u2502[0m                    [2m\u2502   [0m[1;35mDenseModelDescription[0m[1m([0m          
                 [33m\u2502[0m [31m\u2502[0m
[31m\u2502[0m [33m\u2502[0m                    [2m\u2502   \u2502   
[0m[33mmodel[0m=[33m'BAAI/bge-base-en-v1.5'[0m,               [33m\u2502[0m [31m\u2502[0m
[31m\u2502[0m [33m\u2502[0m                    [2m\u2502   \u2502   
[0m[33msources[0m=[1;35mModelSource[0m[1m([0m                         [33m\u2502[0m [31m\u2502[0m
[31m\u2502[0m [33m\u2502[0m                    [2m\u2502   \u2502   \u2502   
[0m[33mhf[0m=[33m'qdrant/bge-base-en-v1.5-onnx-q'[0m,     [33m\u2502[0m [31m\u2502[0m
[31m\u2502[0m [33m\u2502[0m                    [2m\u2502   \u2502   \u2502   [0m                                 
        [33m\u2502[0m [31m\u2502[0m
[31m\u2502[0m [33m\u2502[0m                    
[33murl[0m=[33m'https://storage.googleapis.com/qdrant-fastembeà[0m [33m\u2502[0m [31m\u2502[0m
[31m\u2502[0m [33m\u2502[0m                    [2m\u2502   \u2502   \u2502   
[0m[33m_deprecated_tar_struct[0m=[94mTrue[0m              [33m\u2502[0m [31m\u2502[0m
[31m\u2502[0m [33m\u2502[0m                    [2m\u2502   \u2502   [0m[1m)[0m,                                
           [33m\u2502[0m [31m\u2502[0m
[31m\u2502[0m [33m\u2502[0m                    [2m\u2502   \u2502   
[0m[33mmodel_file[0m=[33m'model_optimized.onnx'[0m,           [33m\u2502[0m [31m\u2502[0m
[31m\u2502[0m [33m\u2502[0m                    [2m\u2502   \u2502   [0m[33mdescription[0m=[33m'Text 
embeddings, Unimodal [0m      [33m\u2502[0m [31m\u2502[0m
[31m\u2502[0m [33m\u2502[0m                    [1;33m([0m[33mtext[0m[1;33m)[0m[33m, English, 512 input 
tokens truncation, [0m       [33m\u2502[0m [31m\u2502[0m
[31m\u2502[0m [33m\u2502[0m                    [33mPrefixes'[0m+[94m52[0m,                                     
   [33m\u2502[0m [31m\u2502[0m
[31m\u2502[0m [33m\u2502[0m                    [2m\u2502   \u2502   [0m[33mlicense[0m=[33m'mit'[0m,          
                     [33m\u2502[0m [31m\u2502[0m
[31m\u2502[0m [33m\u2502[0m                    [2m\u2502   \u2502   
[0m[33msize_in_GB[0m=[94m0[0m[94m.21[0m,                             [33m\u2502[0m [31m\u2502[0m
[31m\u2502[0m [33m\u2502[0m                    [2m\u2502   \u2502   
[0m[33madditional_files[0m=[1m[[0m[1m][0m,                         [33m\u2502[0m [31m\u2502[0m
[31m\u2502[0m [33m\u2502[0m                    [2m\u2502   \u2502   [0m[33mdim[0m=[94m768[0m,                
                     [33m\u2502[0m [31m\u2502[0m
[31m\u2502[0m [33m\u2502[0m                    [2m\u2502   \u2502   [0m[33mtasks[0m=[1m{[0m[1m}[0m         
                            [33m\u2502[0m [31m\u2502[0m
[31m\u2502[0m [33m\u2502[0m                    [2m\u2502   [0m[1m)[0m,                                         
      [33m\u2502[0m [31m\u2502[0m
[31m\u2502[0m [33m\u2502[0m                    [2m\u2502   [0m[1;35mDenseModelDescription[0m[1m([0m          
                 [33m\u2502[0m [31m\u2502[0m
[31m\u2502[0m [33m\u2502[0m                    [2m\u2502   \u2502   
[0m[33mmodel[0m=[33m'BAAI/bge-large-en-v1.5'[0m,              [33m\u2502[0m [31m\u2502[0m
[31m\u2502[0m [33m\u2502[0m                    [2m\u2502   \u2502   
[0m[33msources[0m=[1;35mModelSource[0m[1m([0m                         [33m\u2502[0m [31m\u2502[0m
[31m\u2502[0m [33m\u2502[0m                    [2m\u2502   \u2502   \u2502   
[0m[33mhf[0m=[33m'qdrant/bge-large-en-v1.5-onnx'[0m,      [33m\u2502[0m [31m\u2502[0m
[31m\u2502[0m [33m\u2502[0m                    [2m\u2502   \u2502   \u2502   [0m[33murl[0m=[94mNone[0m,      
                          [33m\u2502[0m [31m\u2502[0m
[31m\u2502[0m [33m\u2502[0m                    [2m\u2502   \u2502   \u2502   
[0m[33m_deprecated_tar_struct[0m=[94mFalse[0m             [33m\u2502[0m [31m\u2502[0m
[31m\u2502[0m [33m\u2502[0m                    [2m\u2502   \u2502   [0m[1m)[0m,                                
           [33m\u2502[0m [31m\u2502[0m
[31m\u2502[0m [33m\u2502[0m                    [2m\u2502   \u2502   
[0m[33mmodel_file[0m=[33m'model.onnx'[0m,                     [33m\u2502[0m [31m\u2502[0m
[31m\u2502[0m [33m\u2502[0m                    [2m\u2502   \u2502   [0m[33mdescription[0m=[33m'Text 
embeddings, Unimodal [0m      [33m\u2502[0m [31m\u2502[0m
[31m\u2502[0m [33m\u2502[0m                    [1;33m([0m[33mtext[0m[1;33m)[0m[33m, English, 512 input 
tokens truncation, [0m       [33m\u2502[0m [31m\u2502[0m
[31m\u2502[0m [33m\u2502[0m                    [33mPrefixes'[0m+[94m52[0m,                                     
   [33m\u2502[0m [31m\u2502[0m
[31m\u2502[0m [33m\u2502[0m                    [2m\u2502   \u2502   [0m[33mlicense[0m=[33m'mit'[0m,          
                     [33m\u2502[0m [31m\u2502[0m
[31m\u2502[0m [33m\u2502[0m                    [2m\u2502   \u2502   
[0m[33msize_in_GB[0m=[94m1[0m[94m.2[0m,                              [33m\u2502[0m [31m\u2502[0m
[31m\u2502[0m [33m\u2502[0m                    [2m\u2502   \u2502   
[0m[33madditional_files[0m=[1m[[0m[1m][0m,                         [33m\u2502[0m [31m\u2502[0m
[31m\u2502[0m [33m\u2502[0m                    [2m\u2502   \u2502   [0m[33mdim[0m=[94m1024[0m,               
                     [33m\u2502[0m [31m\u2502[0m
[31m\u2502[0m [33m\u2502[0m                    [2m\u2502   \u2502   [0m[33mtasks[0m=[1m{[0m[1m}[0m         
                            [33m\u2502[0m [31m\u2502[0m
[31m\u2502[0m [33m\u2502[0m                    [2m\u2502   [0m[1m)[0m,                                         
      [33m\u2502[0m [31m\u2502[0m
[31m\u2502[0m [33m\u2502[0m                    [2m\u2502   [0m[1;35mDenseModelDescription[0m[1m([0m          
                 [33m\u2502[0m [31m\u2502[0m
[31m\u2502[0m [33m\u2502[0m                    [2m\u2502   \u2502   
[0m[33mmodel[0m=[33m'BAAI/bge-small-en'[0m,                   [33m\u2502[0m [31m\u2502[0m
[31m\u2502[0m [33m\u2502[0m                    [2m\u2502   \u2502   
[0m[33msources[0m=[1;35mModelSource[0m[1m([0m                         [33m\u2502[0m [31m\u2502[0m
[31m\u2502[0m [33m\u2502[0m                    [2m\u2502   \u2502   \u2502   
[0m[33mhf[0m=[33m'Qdrant/bge-small-en'[0m,                [33m\u2502[0m [31m\u2502[0m
[31m\u2502[0m [33m\u2502[0m                    [2m\u2502   \u2502   \u2502   [0m                                 
        [33m\u2502[0m [31m\u2502[0m
[31m\u2502[0m [33m\u2502[0m                    
[33murl[0m=[33m'https://storage.googleapis.com/qdrant-fastembeà[0m [33m\u2502[0m [31m\u2502[0m
[31m\u2502[0m [33m\u2502[0m                    [2m\u2502   \u2502   \u2502   
[0m[33m_deprecated_tar_struct[0m=[94mTrue[0m              [33m\u2502[0m [31m\u2502[0m
[31m\u2502[0m [33m\u2502[0m                    [2m\u2502   \u2502   [0m[1m)[0m,                                
           [33m\u2502[0m [31m\u2502[0m
[31m\u2502[0m [33m\u2502[0m                    [2m\u2502   \u2502   
[0m[33mmodel_file[0m=[33m'model_optimized.onnx'[0m,           [33m\u2502[0m [31m\u2502[0m
[31m\u2502[0m [33m\u2502[0m                    [2m\u2502   \u2502   [0m[33mdescription[0m=[33m'Text 
embeddings, Unimodal [0m      [33m\u2502[0m [31m\u2502[0m
[31m\u2502[0m [33m\u2502[0m                    [1;33m([0m[33mtext[0m[1;33m)[0m[33m, English, 512 input 
tokens truncation, [0m       [33m\u2502[0m [31m\u2502[0m
[31m\u2502[0m [33m\u2502[0m                    [33mPrefixes'[0m+[94m45[0m,                                     
   [33m\u2502[0m [31m\u2502[0m
[31m\u2502[0m [33m\u2502[0m                    [2m\u2502   \u2502   [0m[33mlicense[0m=[33m'mit'[0m,          
                     [33m\u2502[0m [31m\u2502[0m
[31m\u2502[0m [33m\u2502[0m                    [2m\u2502   \u2502   
[0m[33msize_in_GB[0m=[94m0[0m[94m.13[0m,                             [33m\u2502[0m [31m\u2502[0m
[31m\u2502[0m [33m\u2502[0m                    [2m\u2502   \u2502   
[0m[33madditional_files[0m=[1m[[0m[1m][0m,                         [33m\u2502[0m [31m\u2502[0m
[31m\u2502[0m [33m\u2502[0m                    [2m\u2502   \u2502   [0m[33mdim[0m=[94m384[0m,                
                     [33m\u2502[0m [31m\u2502[0m
[31m\u2502[0m [33m\u2502[0m                    [2m\u2502   \u2502   [0m[33mtasks[0m=[1m{[0m[1m}[0m         
                            [33m\u2502[0m [31m\u2502[0m
[31m\u2502[0m [33m\u2502[0m                    [2m\u2502   [0m[1m)[0m,                                         
      [33m\u2502[0m [31m\u2502[0m
[31m\u2502[0m [33m\u2502[0m                    [2m\u2502   [0m[1;35mDenseModelDescription[0m[1m([0m          
                 [33m\u2502[0m [31m\u2502[0m
[31m\u2502[0m [33m\u2502[0m                    [2m\u2502   \u2502   
[0m[33mmodel[0m=[33m'BAAI/bge-small-en-v1.5'[0m,              [33m\u2502[0m [31m\u2502[0m
[31m\u2502[0m [33m\u2502[0m                    [2m\u2502   \u2502   
[0m[33msources[0m=[1;35mModelSource[0m[1m([0m                         [33m\u2502[0m [31m\u2502[0m
[31m\u2502[0m [33m\u2502[0m                    [2m\u2502   \u2502   \u2502   
[0m[33mhf[0m=[33m'qdrant/bge-small-en-v1.5-onnx-q'[0m,    [33m\u2502[0m [31m\u2502[0m
[31m\u2502[0m [33m\u2502[0m                    [2m\u2502   \u2502   \u2502   [0m[33murl[0m=[94mNone[0m,      
                          [33m\u2502[0m [31m\u2502[0m
[31m\u2502[0m [33m\u2502[0m                    [2m\u2502   \u2502   \u2502   
[0m[33m_deprecated_tar_struct[0m=[94mFalse[0m             [33m\u2502[0m [31m\u2502[0m
[31m\u2502[0m [33m\u2502[0m                    [2m\u2502   \u2502   [0m[1m)[0m,                                
           [33m\u2502[0m [31m\u2502[0m
[31m\u2502[0m [33m\u2502[0m                    [2m\u2502   \u2502   
[0m[33mmodel_file[0m=[33m'model_optimized.onnx'[0m,           [33m\u2502[0m [31m\u2502[0m
[31m\u2502[0m [33m\u2502[0m                    [2m\u2502   \u2502   [0m[33mdescription[0m=[33m'Text 
embeddings, Unimodal [0m      [33m\u2502[0m [31m\u2502[0m
[31m\u2502[0m [33m\u2502[0m                    [1;33m([0m[33mtext[0m[1;33m)[0m[33m, English, 512 input 
tokens truncation, [0m       [33m\u2502[0m [31m\u2502[0m
[31m\u2502[0m [33m\u2502[0m                    [33mPrefixes'[0m+[94m52[0m,                                     
   [33m\u2502[0m [31m\u2502[0m
[31m\u2502[0m [33m\u2502[0m                    [2m\u2502   \u2502   [0m[33mlicense[0m=[33m'mit'[0m,          
                     [33m\u2502[0m [31m\u2502[0m
[31m\u2502[0m [33m\u2502[0m                    [2m\u2502   \u2502   
[0m[33msize_in_GB[0m=[94m0[0m[94m.067[0m,                            [33m\u2502[0m [31m\u2502[0m
[31m\u2502[0m [33m\u2502[0m                    [2m\u2502   \u2502   
[0m[33madditional_files[0m=[1m[[0m[1m][0m,                         [33m\u2502[0m [31m\u2502[0m
[31m\u2502[0m [33m\u2502[0m                    [2m\u2502   \u2502   [0m[33mdim[0m=[94m384[0m,                
                     [33m\u2502[0m [31m\u2502[0m
[31m\u2502[0m [33m\u2502[0m                    [2m\u2502   \u2502   [0m[33mtasks[0m=[1m{[0m[1m}[0m         
                            [33m\u2502[0m [31m\u2502[0m
[31m\u2502[0m [33m\u2502[0m                    [2m\u2502   [0m[1m)[0m,                                         
      [33m\u2502[0m [31m\u2502[0m
[31m\u2502[0m [33m\u2502[0m                    [2m\u2502   [0m[1;35mDenseModelDescription[0m[1m([0m          
                 [33m\u2502[0m [31m\u2502[0m
[31m\u2502[0m [33m\u2502[0m                    [2m\u2502   \u2502   
[0m[33mmodel[0m=[33m'BAAI/bge-small-zh-v1.5'[0m,              [33m\u2502[0m [31m\u2502[0m
[31m\u2502[0m [33m\u2502[0m                    [2m\u2502   \u2502   
[0m[33msources[0m=[1;35mModelSource[0m[1m([0m                         [33m\u2502[0m [31m\u2502[0m
[31m\u2502[0m [33m\u2502[0m                    [2m\u2502   \u2502   \u2502   
[0m[33mhf[0m=[33m'Qdrant/bge-small-zh-v1.5'[0m,           [33m\u2502[0m [31m\u2502[0m
[31m\u2502[0m [33m\u2502[0m                    [2m\u2502   \u2502   \u2502   [0m                                 
        [33m\u2502[0m [31m\u2502[0m
[31m\u2502[0m [33m\u2502[0m                    
[33murl[0m=[33m'https://storage.googleapis.com/qdrant-fastembeà[0m [33m\u2502[0m [31m\u2502[0m
[31m\u2502[0m [33m\u2502[0m                    [2m\u2502   \u2502   \u2502   
[0m[33m_deprecated_tar_struct[0m=[94mTrue[0m              [33m\u2502[0m [31m\u2502[0m
[31m\u2502[0m [33m\u2502[0m                    [2m\u2502   \u2502   [0m[1m)[0m,                                
           [33m\u2502[0m [31m\u2502[0m
[31m\u2502[0m [33m\u2502[0m                    [2m\u2502   \u2502   
[0m[33mmodel_file[0m=[33m'model_optimized.onnx'[0m,           [33m\u2502[0m [31m\u2502[0m
[31m\u2502[0m [33m\u2502[0m                    [2m\u2502   \u2502   [0m[33mdescription[0m=[33m'Text 
embeddings, Unimodal [0m      [33m\u2502[0m [31m\u2502[0m
[31m\u2502[0m [33m\u2502[0m                    [1;33m([0m[33mtext[0m[1;33m)[0m[33m, Chinese, 512 input 
tokens truncation, [0m       [33m\u2502[0m [31m\u2502[0m
[31m\u2502[0m [33m\u2502[0m                    [33mPrefixes'[0m+[94m52[0m,                                     
   [33m\u2502[0m [31m\u2502[0m
[31m\u2502[0m [33m\u2502[0m                    [2m\u2502   \u2502   [0m[33mlicense[0m=[33m'mit'[0m,          
                     [33m\u2502[0m [31m\u2502[0m
[31m\u2502[0m [33m\u2502[0m                    [2m\u2502   \u2502   
[0m[33msize_in_GB[0m=[94m0[0m[94m.09[0m,                             [33m\u2502[0m [31m\u2502[0m
[31m\u2502[0m [33m\u2502[0m                    [2m\u2502   \u2502   
[0m[33madditional_files[0m=[1m[[0m[1m][0m,                         [33m\u2502[0m [31m\u2502[0m
[31m\u2502[0m [33m\u2502[0m                    [2m\u2502   \u2502   [0m[33mdim[0m=[94m512[0m,                
                     [33m\u2502[0m [31m\u2502[0m
[31m\u2502[0m [33m\u2502[0m                    [2m\u2502   \u2502   [0m[33mtasks[0m=[1m{[0m[1m}[0m         
                            [33m\u2502[0m [31m\u2502[0m
[31m\u2502[0m [33m\u2502[0m                    [2m\u2502   [0m[1m)[0m,                                         
      [33m\u2502[0m [31m\u2502[0m
[31m\u2502[0m [33m\u2502[0m                    [2m\u2502   [0m[1;35mDenseModelDescription[0m[1m([0m          
                 [33m\u2502[0m [31m\u2502[0m
[31m\u2502[0m [33m\u2502[0m                    [2m\u2502   \u2502   
[0m[33mmodel[0m=[33m'mixedbread-ai/mxbai-embed-large-v1'[0m,  [33m\u2502[0m [31m\u2502[0m
[31m\u2502[0m [33m\u2502[0m                    [2m\u2502   \u2502   
[0m[33msources[0m=[1;35mModelSource[0m[1m([0m                         [33m\u2502[0m [31m\u2502[0m
[31m\u2502[0m [33m\u2502[0m                    [2m\u2502   \u2502   \u2502   
[0m[33mhf[0m=[33m'mixedbread-ai/mxbai-embed-large-v1'[0m, [33m\u2502[0m [31m\u2502[0m
[31m\u2502[0m [33m\u2502[0m                    [2m\u2502   \u2502   \u2502   [0m[33murl[0m=[94mNone[0m,      
                          [33m\u2502[0m [31m\u2502[0m
[31m\u2502[0m [33m\u2502[0m                    [2m\u2502   \u2502   \u2502   
[0m[33m_deprecated_tar_struct[0m=[94mFalse[0m             [33m\u2502[0m [31m\u2502[0m
[31m\u2502[0m [33m\u2502[0m                    [2m\u2502   \u2502   [0m[1m)[0m,                                
           [33m\u2502[0m [31m\u2502[0m
[31m\u2502[0m [33m\u2502[0m                    [2m\u2502   \u2502   
[0m[33mmodel_file[0m=[33m'onnx/model.onnx'[0m,                [33m\u2502[0m [31m\u2502[0m
[31m\u2502[0m [33m\u2502[0m                    [2m\u2502   \u2502   [0m[33mdescription[0m=[33m'Text 
embeddings, Unimodal [0m      [33m\u2502[0m [31m\u2502[0m
[31m\u2502[0m [33m\u2502[0m                    [1;33m([0m[33mtext[0m[1;33m)[0m[33m, English, 512 input 
tokens truncation, [0m       [33m\u2502[0m [31m\u2502[0m
[31m\u2502[0m [33m\u2502[0m                    [33mPrefixes'[0m+[94m45[0m,                                     
   [33m\u2502[0m [31m\u2502[0m
[31m\u2502[0m [33m\u2502[0m                    [2m\u2502   \u2502   [0m[33mlicense[0m=[33m'apache-2.0'[0m,   
                     [33m\u2502[0m [31m\u2502[0m
[31m\u2502[0m [33m\u2502[0m                    [2m\u2502   \u2502   
[0m[33msize_in_GB[0m=[94m0[0m[94m.64[0m,                             [33m\u2502[0m [31m\u2502[0m
[31m\u2502[0m [33m\u2502[0m                    [2m\u2502   \u2502   
[0m[33madditional_files[0m=[1m[[0m[1m][0m,                         [33m\u2502[0m [31m\u2502[0m
[31m\u2502[0m [33m\u2502[0m                    [2m\u2502   \u2502   [0m[33mdim[0m=[94m1024[0m,               
                     [33m\u2502[0m [31m\u2502[0m
[31m\u2502[0m [33m\u2502[0m                    [2m\u2502   \u2502   [0m[33mtasks[0m=[1m{[0m[1m}[0m         
                            [33m\u2502[0m [31m\u2502[0m
[31m\u2502[0m [33m\u2502[0m                    [2m\u2502   [0m[1m)[0m,                                         
      [33m\u2502[0m [31m\u2502[0m
[31m\u2502[0m [33m\u2502[0m                    [2m\u2502   [0m[1;35mDenseModelDescription[0m[1m([0m          
                 [33m\u2502[0m [31m\u2502[0m
[31m\u2502[0m [33m\u2502[0m                    [2m\u2502   \u2502   
[0m[33mmodel[0m=[33m'snowflake/snowflake-arctic-embed-xs'[0m, [33m\u2502[0m [31m\u2502[0m
[31m\u2502[0m [33m\u2502[0m                    [2m\u2502   \u2502   
[0m[33msources[0m=[1;35mModelSource[0m[1m([0m                         [33m\u2502[0m [31m\u2502[0m
[31m\u2502[0m [33m\u2502[0m                    [2m\u2502   \u2502   \u2502   [0m                                 
        [33m\u2502[0m [31m\u2502[0m
[31m\u2502[0m [33m\u2502[0m                    [33mhf[0m=[33m'snowflake/snowflake-arctic-embed-xs'[0m,         
   [33m\u2502[0m [31m\u2502[0m
[31m\u2502[0m [33m\u2502[0m                    [2m\u2502   \u2502   \u2502   [0m[33murl[0m=[94mNone[0m,      
                          [33m\u2502[0m [31m\u2502[0m
[31m\u2502[0m [33m\u2502[0m                    [2m\u2502   \u2502   \u2502   
[0m[33m_deprecated_tar_struct[0m=[94mFalse[0m             [33m\u2502[0m [31m\u2502[0m
[31m\u2502[0m [33m\u2502[0m                    [2m\u2502   \u2502   [0m[1m)[0m,                                
           [33m\u2502[0m [31m\u2502[0m
[31m\u2502[0m [33m\u2502[0m                    [2m\u2502   \u2502   
[0m[33mmodel_file[0m=[33m'onnx/model.onnx'[0m,                [33m\u2502[0m [31m\u2502[0m
[31m\u2502[0m [33m\u2502[0m                    [2m\u2502   \u2502   [0m[33mdescription[0m=[33m'Text 
embeddings, Unimodal [0m      [33m\u2502[0m [31m\u2502[0m
[31m\u2502[0m [33m\u2502[0m                    [1;33m([0m[33mtext[0m[1;33m)[0m[33m, English, 512 input 
tokens truncation, [0m       [33m\u2502[0m [31m\u2502[0m
[31m\u2502[0m [33m\u2502[0m                    [33mPrefixes'[0m+[94m45[0m,                                     
   [33m\u2502[0m [31m\u2502[0m
[31m\u2502[0m [33m\u2502[0m                    [2m\u2502   \u2502   [0m[33mlicense[0m=[33m'apache-2.0'[0m,   
                     [33m\u2502[0m [31m\u2502[0m
[31m\u2502[0m [33m\u2502[0m                    [2m\u2502   \u2502   
[0m[33msize_in_GB[0m=[94m0[0m[94m.09[0m,                             [33m\u2502[0m [31m\u2502[0m
[31m\u2502[0m [33m\u2502[0m                    [2m\u2502   \u2502   
[0m[33madditional_files[0m=[1m[[0m[1m][0m,                         [33m\u2502[0m [31m\u2502[0m
[31m\u2502[0m [33m\u2502[0m                    [2m\u2502   \u2502   [0m[33mdim[0m=[94m384[0m,                
                     [33m\u2502[0m [31m\u2502[0m
[31m\u2502[0m [33m\u2502[0m                    [2m\u2502   \u2502   [0m[33mtasks[0m=[1m{[0m[1m}[0m         
                            [33m\u2502[0m [31m\u2502[0m
[31m\u2502[0m [33m\u2502[0m                    [2m\u2502   [0m[1m)[0m,                                         
      [33m\u2502[0m [31m\u2502[0m
[31m\u2502[0m [33m\u2502[0m                    [2m\u2502   [0m[1;35mDenseModelDescription[0m[1m([0m          
                 [33m\u2502[0m [31m\u2502[0m
[31m\u2502[0m [33m\u2502[0m                    [2m\u2502   \u2502   
[0m[33mmodel[0m=[33m'snowflake/snowflake-arctic-embed-s'[0m,  [33m\u2502[0m [31m\u2502[0m
[31m\u2502[0m [33m\u2502[0m                    [2m\u2502   \u2502   
[0m[33msources[0m=[1;35mModelSource[0m[1m([0m                         [33m\u2502[0m [31m\u2502[0m
[31m\u2502[0m [33m\u2502[0m                    [2m\u2502   \u2502   \u2502   
[0m[33mhf[0m=[33m'snowflake/snowflake-arctic-embed-s'[0m, [33m\u2502[0m [31m\u2502[0m
[31m\u2502[0m [33m\u2502[0m                    [2m\u2502   \u2502   \u2502   [0m[33murl[0m=[94mNone[0m,      
                          [33m\u2502[0m [31m\u2502[0m
[31m\u2502[0m [33m\u2502[0m                    [2m\u2502   \u2502   \u2502   
[0m[33m_deprecated_tar_struct[0m=[94mFalse[0m             [33m\u2502[0m [31m\u2502[0m
[31m\u2502[0m [33m\u2502[0m                    [2m\u2502   \u2502   [0m[1m)[0m,                                
           [33m\u2502[0m [31m\u2502[0m
[31m\u2502[0m [33m\u2502[0m                    [2m\u2502   \u2502   
[0m[33mmodel_file[0m=[33m'onnx/model.onnx'[0m,                [33m\u2502[0m [31m\u2502[0m
[31m\u2502[0m [33m\u2502[0m                    [2m\u2502   \u2502   [0m[33mdescription[0m=[33m'Text 
embeddings, Unimodal [0m      [33m\u2502[0m [31m\u2502[0m
[31m\u2502[0m [33m\u2502[0m                    [1;33m([0m[33mtext[0m[1;33m)[0m[33m, English, 512 input 
tokens truncation, [0m       [33m\u2502[0m [31m\u2502[0m
[31m\u2502[0m [33m\u2502[0m                    [33mPrefixes'[0m+[94m45[0m,                                     
   [33m\u2502[0m [31m\u2502[0m
[31m\u2502[0m [33m\u2502[0m                    [2m\u2502   \u2502   [0m[33mlicense[0m=[33m'apache-2.0'[0m,   
                     [33m\u2502[0m [31m\u2502[0m
[31m\u2502[0m [33m\u2502[0m                    [2m\u2502   \u2502   
[0m[33msize_in_GB[0m=[94m0[0m[94m.13[0m,                             [33m\u2502[0m [31m\u2502[0m
[31m\u2502[0m [33m\u2502[0m                    [2m\u2502   \u2502   
[0m[33madditional_files[0m=[1m[[0m[1m][0m,                         [33m\u2502[0m [31m\u2502[0m
[31m\u2502[0m [33m\u2502[0m                    [2m\u2502   \u2502   [0m[33mdim[0m=[94m384[0m,                
                     [33m\u2502[0m [31m\u2502[0m
[31m\u2502[0m [33m\u2502[0m                    [2m\u2502   \u2502   [0m[33mtasks[0m=[1m{[0m[1m}[0m         
                            [33m\u2502[0m [31m\u2502[0m
[31m\u2502[0m [33m\u2502[0m                    [2m\u2502   [0m[1m)[0m,                                         
      [33m\u2502[0m [31m\u2502[0m
[31m\u2502[0m [33m\u2502[0m                    [2m\u2502   [0m[1;35mDenseModelDescription[0m[1m([0m          
                 [33m\u2502[0m [31m\u2502[0m
[31m\u2502[0m [33m\u2502[0m                    [2m\u2502   \u2502   
[0m[33mmodel[0m=[33m'snowflake/snowflake-arctic-embed-m'[0m,  [33m\u2502[0m [31m\u2502[0m
[31m\u2502[0m [33m\u2502[0m                    [2m\u2502   \u2502   
[0m[33msources[0m=[1;35mModelSource[0m[1m([0m                         [33m\u2502[0m [31m\u2502[0m
[31m\u2502[0m [33m\u2502[0m                    [2m\u2502   \u2502   \u2502   
[0m[33mhf[0m=[33m'Snowflake/snowflake-arctic-embed-m'[0m, [33m\u2502[0m [31m\u2502[0m
[31m\u2502[0m [33m\u2502[0m                    [2m\u2502   \u2502   \u2502   [0m[33murl[0m=[94mNone[0m,      
                          [33m\u2502[0m [31m\u2502[0m
[31m\u2502[0m [33m\u2502[0m                    [2m\u2502   \u2502   \u2502   
[0m[33m_deprecated_tar_struct[0m=[94mFalse[0m             [33m\u2502[0m [31m\u2502[0m
[31m\u2502[0m [33m\u2502[0m                    [2m\u2502   \u2502   [0m[1m)[0m,                                
           [33m\u2502[0m [31m\u2502[0m
[31m\u2502[0m [33m\u2502[0m                    [2m\u2502   \u2502   
[0m[33mmodel_file[0m=[33m'onnx/model.onnx'[0m,                [33m\u2502[0m [31m\u2502[0m
[31m\u2502[0m [33m\u2502[0m                    [2m\u2502   \u2502   [0m[33mdescription[0m=[33m'Text 
embeddings, Unimodal [0m      [33m\u2502[0m [31m\u2502[0m
[31m\u2502[0m [33m\u2502[0m                    [1;33m([0m[33mtext[0m[1;33m)[0m[33m, English, 512 input 
tokens truncation, [0m       [33m\u2502[0m [31m\u2502[0m
[31m\u2502[0m [33m\u2502[0m                    [33mPrefixes'[0m+[94m45[0m,                                     
   [33m\u2502[0m [31m\u2502[0m
[31m\u2502[0m [33m\u2502[0m                    [2m\u2502   \u2502   [0m[33mlicense[0m=[33m'apache-2.0'[0m,   
                     [33m\u2502[0m [31m\u2502[0m
[31m\u2502[0m [33m\u2502[0m                    [2m\u2502   \u2502   
[0m[33msize_in_GB[0m=[94m0[0m[94m.43[0m,                             [33m\u2502[0m [31m\u2502[0m
[31m\u2502[0m [33m\u2502[0m                    [2m\u2502   \u2502   
[0m[33madditional_files[0m=[1m[[0m[1m][0m,                         [33m\u2502[0m [31m\u2502[0m
[31m\u2502[0m [33m\u2502[0m                    [2m\u2502   \u2502   [0m[33mdim[0m=[94m768[0m,                
                     [33m\u2502[0m [31m\u2502[0m
[31m\u2502[0m [33m\u2502[0m                    [2m\u2502   \u2502   [0m[33mtasks[0m=[1m{[0m[1m}[0m         
                            [33m\u2502[0m [31m\u2502[0m
[31m\u2502[0m [33m\u2502[0m                    [2m\u2502   [0m[1m)[0m,                                         
      [33m\u2502[0m [31m\u2502[0m
[31m\u2502[0m [33m\u2502[0m                    [2m\u2502   [0m[33m...[0m +[94m3[0m                           
                [33m\u2502[0m [31m\u2502[0m
[31m\u2502[0m [33m\u2502[0m                    [1m][0m                                                    
[33m\u2502[0m [31m\u2502[0m
[31m\u2502[0m [33m\u2502[0m          threads = [94mNone[0m                                                 
[33m\u2502[0m [31m\u2502[0m
[31m\u2502[0m [33m\u2514\u2500\u2500\u2500\u2500\u2500\u2500\u2500\u2500\u2500\u2500\u2500\u2500\u2500\u2500\u2500\u
2500\u2500\u2500\u2500\u2500\u2500\u2500\u2500\u2500\u2500\u2500\u2500\u2500\u2500\u2500\u2500\u2500\u2500\u2500\u2500\
u2500\u2500\u2500\u2500\u2500\u2500\u2500\u2500\u2500\u2500\u2500\u2500\u2500\u2500\u2500\u2500\u2500\u2500\u2500\u2500
\u2500\u2500\u2500\u2500\u2500\u2500\u2500\u2500\u2500\u2500\u2500\u2500\u2500\u2500\u2500\u2500\u2500\u2500\u2518[0m 
[31m\u2502[0m
[31m\u2502[0m                                                                             [31m\u2502[0m
[31m\u2502[0m [33mC:\Users\Nishant [0m                                                           [31m\u2502[0m
[31m\u2502[0m [33mAwasthi\AppData\Local\Programs\Python\Python312\Lib\site-packages\fastembed[0m [31m\u2502[0m
[31m\u2502[0m [33m\text\onnx_embedding.py[0m:[94m260[0m in [92m__init__[0m                                     
[31m\u2502[0m
[31m\u2502[0m                                                                             [31m\u2502[0m
[31m\u2502[0m   [2m257 [0m[2m\u2502   \u2502   [0m)                                                             
[31m\u2502[0m
[31m\u2502[0m   [2m258 [0m[2m\u2502   \u2502   [0m                                                              
[31m\u2502[0m
[31m\u2502[0m   [2m259 [0m[2m\u2502   \u2502   [0m[94mif[0m [95mnot[0m [96mself[0m.lazy_load:              
                          [31m\u2502[0m
[31m\u2502[0m [31m> [0m260 [2m\u2502   \u2502   \u2502   [0m[1;4;96mself[0m[1;4m.load_onnx_model()[0m        
                            [31m\u2502[0m
[31m\u2502[0m   [2m261 [0m[2m\u2502   [0m                                                                  
[31m\u2502[0m
[31m\u2502[0m   [2m262 [0m[2m\u2502   [0m[94mdef[0m [92membed[0m(                                            
            [31m\u2502[0m
[31m\u2502[0m   [2m263 [0m[2m\u2502   \u2502   [0m[96mself[0m,                                                 
        [31m\u2502[0m
[31m\u2502[0m                                                                             [31m\u2502[0m
[31m\u2502[0m [33m\u250c\u2500[0m[33m\u2500\u2500\u2500\u2500\u2500\u2500\u2500\u2500\u2500\u2500\u2500\u2500\u250
0\u2500\u2500\u2500\u2500\u2500\u2500\u2500\u2500\u2500\u2500\u2500\u2500\u2500\u2500\u2500\u2500\u2500\u2500[0m[33m 
locals [0m[33m\u2500\u2500\u2500\u2500\u2500\u2500\u2500\u2500\u2500\u2500\u2500\u2500\u2500\u2500\u2500\u2500\u2500\
u2500\u2500\u2500\u2500\u2500\u2500\u2500\u2500\u2500\u2500\u2500\u2500\u2500\u2500\u2500[0m[33m\u2500\u2510[0m 
[31m\u2502[0m
[31m\u2502[0m [33m\u2502[0m           cache_dir = [94mNone[0m                                              
[33m\u2502[0m [31m\u2502[0m
[31m\u2502[0m [33m\u2502[0m                cuda = [1m<[0m[1;95mDevice.AUTO:[0m[39m 
[0m[33m'auto'[0m[1m>[0m                             [33m\u2502[0m [31m\u2502[0m
[31m\u2502[0m [33m\u2502[0m           device_id = [94mNone[0m                                              
[33m\u2502[0m [31m\u2502[0m
[31m\u2502[0m [33m\u2502[0m          device_ids = [94mNone[0m                                              
[33m\u2502[0m [31m\u2502[0m
[31m\u2502[0m [33m\u2502[0m              kwargs = [1m{[0m[1m}[0m                                               
 [33m\u2502[0m [31m\u2502[0m
[31m\u2502[0m [33m\u2502[0m           lazy_load = [94mFalse[0m                                             
[33m\u2502[0m [31m\u2502[0m
[31m\u2502[0m [33m\u2502[0m          model_name = [33m'BAAI/bge-small-en-v1.5'[0m                          
[33m\u2502[0m [31m\u2502[0m
[31m\u2502[0m [33m\u2502[0m           providers = [94mNone[0m                                              
[33m\u2502[0m [31m\u2502[0m
[31m\u2502[0m [33m\u2502[0m                self = 
[1m<[0m[1;95mfastembed.text.onnx_embedding.OnnxTextEmbedding[0m[39m [0m [33m\u2502[0m [31m\u2502[0m
[31m\u2502[0m [33m\u2502[0m                       [39mobject at [0m[94m0x00000218579ED940[0m[1m>[0m          
           [33m\u2502[0m [31m\u2502[0m
[31m\u2502[0m [33m\u2502[0m specific_model_path = [94mNone[0m                                              
[33m\u2502[0m [31m\u2502[0m
[31m\u2502[0m [33m\u2502[0m             threads = [94mNone[0m                                              
[33m\u2502[0m [31m\u2502[0m
[31m\u2502[0m [33m\u2514\u2500\u2500\u2500\u2500\u2500\u2500\u2500\u2500\u2500\u2500\u2500\u2500\u2500\u2500\u2500\u
2500\u2500\u2500\u2500\u2500\u2500\u2500\u2500\u2500\u2500\u2500\u2500\u2500\u2500\u2500\u2500\u2500\u2500\u2500\u2500\
u2500\u2500\u2500\u2500\u2500\u2500\u2500\u2500\u2500\u2500\u2500\u2500\u2500\u2500\u2500\u2500\u2500\u2500\u2500\u2500
\u2500\u2500\u2500\u2500\u2500\u2500\u2500\u2500\u2500\u2500\u2500\u2500\u2500\u2500\u2500\u2500\u2500\u2500\u2518[0m 
[31m\u2502[0m
[31m\u2502[0m                                                                             [31m\u2502[0m
[31m\u2502[0m [33mC:\Users\Nishant [0m                                                           [31m\u2502[0m
[31m\u2502[0m [33mAwasthi\AppData\Local\Programs\Python\Python312\Lib\site-packages\fastembed[0m [31m\u2502[0m
[31m\u2502[0m [33m\text\onnx_embedding.py[0m:[94m325[0m in [92mload_onnx_model[0m                              
[31m\u2502[0m
[31m\u2502[0m                                                                             [31m\u2502[0m
[31m\u2502[0m   [2m322 [0m[2m\u2502   \u2502   [0m[94mreturn[0m normalize(processed_embeddings)                
        [31m\u2502[0m
[31m\u2502[0m   [2m323 [0m[2m\u2502   [0m                                                                  
[31m\u2502[0m
[31m\u2502[0m   [2m324 [0m[2m\u2502   [0m[94mdef[0m [92mload_onnx_model[0m([96mself[0m) -> [94mNone[0m:  
                              [31m\u2502[0m
[31m\u2502[0m [31m> [0m325 [2m\u2502   \u2502   [0m[96mself[0m._load_onnx_model(                               
         [31m\u2502[0m
[31m\u2502[0m   [2m326 [0m[2m\u2502   \u2502   \u2502   [0mmodel_dir=[96mself[0m._model_dir,                   
             [31m\u2502[0m
[31m\u2502[0m   [2m327 [0m[2m\u2502   \u2502   \u2502   
[0mmodel_file=[96mself[0m.model_description.model_file,             [31m\u2502[0m
[31m\u2502[0m   [2m328 [0m[2m\u2502   \u2502   \u2502   [0mthreads=[96mself[0m.threads,                        
             [31m\u2502[0m
[31m\u2502[0m                                                                             [31m\u2502[0m
[31m\u2502[0m [33m\u250c\u2500[0m[33m\u2500\u2500\u2500\u2500\u2500\u2500\u2500\u2500\u2500\u2500\u2500\u2500\u250
0\u2500\u2500\u2500\u2500\u2500\u2500\u2500\u2500\u2500\u2500\u2500\u2500\u2500\u2500\u2500\u2500\u2500\u2500[0m[33m 
locals [0m[33m\u2500\u2500\u2500\u2500\u2500\u2500\u2500\u2500\u2500\u2500\u2500\u2500\u2500\u2500\u2500\u2500\u2500\
u2500\u2500\u2500\u2500\u2500\u2500\u2500\u2500\u2500\u2500\u2500\u2500\u2500\u2500\u2500[0m[33m\u2500\u2510[0m 
[31m\u2502[0m
[31m\u2502[0m [33m\u2502[0m self = [1m<[0m[1;95mfastembed.text.onnx_embedding.OnnxTextEmbedding[0m[39m object 
at [0m      [33m\u2502[0m [31m\u2502[0m
[31m\u2502[0m [33m\u2502[0m        [94m0x00000218579ED940[0m[1m>[0m                                            
  [33m\u2502[0m [31m\u2502[0m
[31m\u2502[0m [33m\u2514\u2500\u2500\u2500\u2500\u2500\u2500\u2500\u2500\u2500\u2500\u2500\u2500\u2500\u2500\u2500\u
2500\u2500\u2500\u2500\u2500\u2500\u2500\u2500\u2500\u2500\u2500\u2500\u2500\u2500\u2500\u2500\u2500\u2500\u2500\u2500\
u2500\u2500\u2500\u2500\u2500\u2500\u2500\u2500\u2500\u2500\u2500\u2500\u2500\u2500\u2500\u2500\u2500\u2500\u2500\u2500
\u2500\u2500\u2500\u2500\u2500\u2500\u2500\u2500\u2500\u2500\u2500\u2500\u2500\u2500\u2500\u2500\u2500\u2500\u2518[0m 
[31m\u2502[0m
[31m\u2502[0m                                                                             [31m\u2502[0m
[31m\u2502[0m [33mC:\Users\Nishant [0m                                                           [31m\u2502[0m
[31m\u2502[0m [33mAwasthi\AppData\Local\Programs\Python\Python312\Lib\site-packages\fastembed[0m [31m\u2502[0m
[31m\u2502[0m [33m\text\onnx_text_model.py[0m:[94m59[0m in [92m_load_onnx_model[0m                             
[31m\u2502[0m
[31m\u2502[0m                                                                             [31m\u2502[0m
[31m\u2502[0m   [2m 56 [0m[2m\u2502   \u2502   [0mdevice_id: [96mint[0m | [94mNone[0m = [94mNone[0m,       
                          [31m\u2502[0m
[31m\u2502[0m   [2m 57 [0m[2m\u2502   \u2502   [0mextra_session_options: [96mdict[0m[[96mstr[0m, Any] | 
[94mNone[0m = [94mNone[0m,          [31m\u2502[0m
[31m\u2502[0m   [2m 58 [0m[2m\u2502   [0m) -> [94mNone[0m:                                                     
   [31m\u2502[0m
[31m\u2502[0m [31m> [0m 59 [2m\u2502   \u2502   [0m[96msuper[0m()._load_onnx_model(                            
         [31m\u2502[0m
[31m\u2502[0m   [2m 60 [0m[2m\u2502   \u2502   \u2502   [0mmodel_dir=model_dir,                                  
    [31m\u2502[0m
[31m\u2502[0m   [2m 61 [0m[2m\u2502   \u2502   \u2502   [0mmodel_file=model_file,                                
    [31m\u2502[0m
[31m\u2502[0m   [2m 62 [0m[2m\u2502   \u2502   \u2502   [0mthreads=threads,                                      
    [31m\u2502[0m
[31m\u2502[0m                                                                             [31m\u2502[0m
[31m\u2502[0m [33m\u250c\u2500[0m[33m\u2500\u2500\u2500\u2500\u2500\u2500\u2500\u2500\u2500\u2500\u2500\u2500\u250
0\u2500\u2500\u2500\u2500\u2500\u2500\u2500\u2500\u2500\u2500\u2500\u2500\u2500\u2500\u2500\u2500\u2500\u2500[0m[33m 
locals [0m[33m\u2500\u2500\u2500\u2500\u2500\u2500\u2500\u2500\u2500\u2500\u2500\u2500\u2500\u2500\u2500\u2500\u2500\
u2500\u2500\u2500\u2500\u2500\u2500\u2500\u2500\u2500\u2500\u2500\u2500\u2500\u2500\u2500[0m[33m\u2500\u2510[0m 
[31m\u2502[0m
[31m\u2502[0m [33m\u2502[0m                  cuda = [1m<[0m[1;95mDevice.AUTO:[0m[39m 
[0m[33m'auto'[0m[1m>[0m                           [33m\u2502[0m [31m\u2502[0m
[31m\u2502[0m [33m\u2502[0m             device_id = [94mNone[0m                                            
[33m\u2502[0m [31m\u2502[0m
[31m\u2502[0m [33m\u2502[0m extra_session_options = [1m{[0m[1m}[0m                                             
 [33m\u2502[0m [31m\u2502[0m
[31m\u2502[0m [33m\u2502[0m             model_dir = 
[1;35mWindowsPath[0m[1m([0m[33m'D:/PHEME/temp/fastembed_cache/modà[0m [33m\u2502[0m [31m\u2502[0m
[31m\u2502[0m [33m\u2502[0m            model_file = [33m'model_optimized.onnx'[0m                          
[33m\u2502[0m [31m\u2502[0m
[31m\u2502[0m [33m\u2502[0m             providers = [94mNone[0m                                            
[33m\u2502[0m [31m\u2502[0m
[31m\u2502[0m [33m\u2502[0m                  self = 
[1m<[0m[1;95mfastembed.text.onnx_embedding.OnnxTextEmbeddià[0m [33m\u2502[0m [31m\u2502[0m
[31m\u2502[0m [33m\u2502[0m                         [39mobject at [0m[94m0x00000218579ED940[0m[1m>[0m        
           [33m\u2502[0m [31m\u2502[0m
[31m\u2502[0m [33m\u2502[0m               threads = [94mNone[0m                                            
[33m\u2502[0m [31m\u2502[0m
[31m\u2502[0m [33m\u2514\u2500\u2500\u2500\u2500\u2500\u2500\u2500\u2500\u2500\u2500\u2500\u2500\u2500\u2500\u2500\u
2500\u2500\u2500\u2500\u2500\u2500\u2500\u2500\u2500\u2500\u2500\u2500\u2500\u2500\u2500\u2500\u2500\u2500\u2500\u2500\
u2500\u2500\u2500\u2500\u2500\u2500\u2500\u2500\u2500\u2500\u2500\u2500\u2500\u2500\u2500\u2500\u2500\u2500\u2500\u2500
\u2500\u2500\u2500\u2500\u2500\u2500\u2500\u2500\u2500\u2500\u2500\u2500\u2500\u2500\u2500\u2500\u2500\u2500\u2518[0m 
[31m\u2502[0m
[31m\u2502[0m                                                                             [31m\u2502[0m
[31m\u2502[0m [33mC:\Users\Nishant [0m                                                           [31m\u2502[0m
[31m\u2502[0m [33mAwasthi\AppData\Local\Programs\Python\Python312\Lib\site-packages\fastembed[0m [31m\u2502[0m
[31m\u2502[0m [33m\common\onnx_model.py[0m:[94m113[0m in [92m_load_onnx_model[0m                               
[31m\u2502[0m
[31m\u2502[0m                                                                             [31m\u2502[0m
[31m\u2502[0m   [2m110 [0m[2m\u2502   \u2502   [0m[94mif[0m extra_session_options [95mis[0m [95mnot[0m 
[94mNone[0m:                         [31m\u2502[0m
[31m\u2502[0m   [2m111 [0m[2m\u2502   \u2502   \u2502   [0m[96mself[0m.add_extra_session_options(so, 
extra_session_options) [31m\u2502[0m
[31m\u2502[0m   [2m112 [0m[2m\u2502   \u2502   [0m                                                              
[31m\u2502[0m
[31m\u2502[0m [31m> [0m113 [2m\u2502   \u2502   [0m[96mself[0m.model = [1;4mort.InferenceSession([0m         
                   [31m\u2502[0m
[31m\u2502[0m   [2m114 [0m[1;2;4m\u2502   \u2502   \u2502   [0m[1;4;96mstr[0m[1;4m(model_path), 
providers=onnx_providers, sess_options=s[0m [31m\u2502[0m
[31m\u2502[0m   [2m115 [0m[1;2;4m\u2502   \u2502   [0m[1;4m)[0m                                                
             [31m\u2502[0m
[31m\u2502[0m   [2m116 [0m[2m\u2502   \u2502   [0m[94mif[0m [33m"[0m[33mCUDAExecutionProvider[0m[33m"[0m 
[95min[0m requested_provider_names:       [31m\u2502[0m
[31m\u2502[0m                                                                             [31m\u2502[0m
[31m\u2502[0m [33m\u250c\u2500[0m[33m\u2500\u2500\u2500\u2500\u2500\u2500\u2500\u2500\u2500\u2500\u2500\u2500\u250
0\u2500\u2500\u2500\u2500\u2500\u2500\u2500\u2500\u2500\u2500\u2500\u2500\u2500\u2500\u2500\u2500\u2500\u2500[0m[33m 
locals [0m[33m\u2500\u2500\u2500\u2500\u2500\u2500\u2500\u2500\u2500\u2500\u2500\u2500\u2500\u2500\u2500\u2500\u2500\
u2500\u2500\u2500\u2500\u2500\u2500\u2500\u2500\u2500\u2500\u2500\u2500\u2500\u2500\u2500[0m[33m\u2500\u2510[0m 
[31m\u2502[0m
[31m\u2502[0m [33m\u2502[0m      available_providers = [1m[[0m                                            
[33m\u2502[0m [31m\u2502[0m
[31m\u2502[0m [33m\u2502[0m                            [2m\u2502   [0m[33m'AzureExecutionProvider'[0m,         
       [33m\u2502[0m [31m\u2502[0m
[31m\u2502[0m [33m\u2502[0m                            [2m\u2502   [0m[33m'CPUExecutionProvider'[0m            
       [33m\u2502[0m [31m\u2502[0m
[31m\u2502[0m [33m\u2502[0m                            [1m][0m                                            
[33m\u2502[0m [31m\u2502[0m
[31m\u2502[0m [33m\u2502[0m                     cuda = [1m<[0m[1;95mDevice.AUTO:[0m[39m 
[0m[33m'auto'[0m[1m>[0m                        [33m\u2502[0m [31m\u2502[0m
[31m\u2502[0m [33m\u2502[0m           cuda_available = [94mFalse[0m                                        
[33m\u2502[0m [31m\u2502[0m
[31m\u2502[0m [33m\u2502[0m                device_id = [94mNone[0m                                         
[33m\u2502[0m [31m\u2502[0m
[31m\u2502[0m [33m\u2502[0m            explicit_cuda = [94mFalse[0m                                        
[33m\u2502[0m [31m\u2502[0m
[31m\u2502[0m [33m\u2502[0m    extra_session_options = [1m{[0m[1m}[0m                                          
 [33m\u2502[0m [31m\u2502[0m
[31m\u2502[0m [33m\u2502[0m                model_dir = 
[1;35mWindowsPath[0m[1m([0m[33m'D:/PHEME/temp/fastembed_cache/à[0m [33m\u2502[0m [31m\u2502[0m
[31m\u2502[0m [33m\u2502[0m               model_file = [33m'model_optimized.onnx'[0m                       
[33m\u2502[0m [31m\u2502[0m
[31m\u2502[0m [33m\u2502[0m               model_path = 
[1;35mWindowsPath[0m[1m([0m[33m'D:/PHEME/temp/fastembed_cache/à[0m [33m\u2502[0m [31m\u2502[0m
[31m\u2502[0m [33m\u2502[0m           onnx_providers = [1m[[0m[33m'CPUExecutionProvider'[0m[1m][0m           
          [33m\u2502[0m [31m\u2502[0m
[31m\u2502[0m [33m\u2502[0m                 provider = [33m'CPUExecutionProvider'[0m                       
[33m\u2502[0m [31m\u2502[0m
[31m\u2502[0m [33m\u2502[0m            provider_name = [33m'CPUExecutionProvider'[0m                       
[33m\u2502[0m [31m\u2502[0m
[31m\u2502[0m [33m\u2502[0m                providers = [94mNone[0m                                         
[33m\u2502[0m [31m\u2502[0m
[31m\u2502[0m [33m\u2502[0m requested_provider_names = [1m[[0m[33m'CPUExecutionProvider'[0m[1m][0m           
          [33m\u2502[0m [31m\u2502[0m
[31m\u2502[0m [33m\u2502[0m                     self = 
[1m<[0m[1;95mfastembed.text.onnx_embedding.OnnxTextEmbeà[0m [33m\u2502[0m [31m\u2502[0m
[31m\u2502[0m [33m\u2502[0m                            [39mobject at [0m[94m0x00000218579ED940[0m[1m>[0m     
           [33m\u2502[0m [31m\u2502[0m
[31m\u2502[0m [33m\u2502[0m                       so = 
[1m<[0m[1;95monnxruntime.capi.onnxruntime_pybind11_statà[0m [33m\u2502[0m [31m\u2502[0m
[31m\u2502[0m [33m\u2502[0m                            [39mobject at [0m[94m0x00000218579BF2B0[0m[1m>[0m     
           [33m\u2502[0m [31m\u2502[0m
[31m\u2502[0m [33m\u2502[0m                  threads = [94mNone[0m                                         
[33m\u2502[0m [31m\u2502[0m
[31m\u2502[0m [33m\u2514\u2500\u2500\u2500\u2500\u2500\u2500\u2500\u2500\u2500\u2500\u2500\u2500\u2500\u2500\u2500\u
2500\u2500\u2500\u2500\u2500\u2500\u2500\u2500\u2500\u2500\u2500\u2500\u2500\u2500\u2500\u2500\u2500\u2500\u2500\u2500\
u2500\u2500\u2500\u2500\u2500\u2500\u2500\u2500\u2500\u2500\u2500\u2500\u2500\u2500\u2500\u2500\u2500\u2500\u2500\u2500
\u2500\u2500\u2500\u2500\u2500\u2500\u2500\u2500\u2500\u2500\u2500\u2500\u2500\u2500\u2500\u2500\u2500\u2500\u2518[0m 
[31m\u2502[0m
[31m\u2502[0m                                                                             [31m\u2502[0m
[31m\u2502[0m [33mC:\Users\Nishant [0m                                                           [31m\u2502[0m
[31m\u2502[0m [33mAwasthi\AppData\Local\Programs\Python\Python312\Lib\site-packages\onnxrunti[0m [31m\u2502[0m
[31m\u2502[0m [33mme\capi\onnxruntime_inference_collection.py[0m:[94m485[0m in [92m__init__[0m                 
[31m\u2502[0m
[31m\u2502[0m                                                                             [31m\u2502[0m
[31m\u2502[0m   [2m 482 [0m[2m\u2502   \u2502   [0mdisabled_optimizers = 
kwargs.get([33m"[0m[33mdisabled_optimizers[0m[33m"[0m)      [31m\u2502[0m
[31m\u2502[0m   [2m 483 [0m[2m\u2502   \u2502   [0m                                                             
[31m\u2502[0m
[31m\u2502[0m   [2m 484 [0m[2m\u2502   \u2502   [0m[94mtry[0m:                                                 
        [31m\u2502[0m
[31m\u2502[0m [31m> [0m 485 [2m\u2502   \u2502   \u2502   [0m[96mself[0m._create_inference_session(providers, 
provider_optio [31m\u2502[0m
[31m\u2502[0m        disabled_optimizers)                                                 [31m\u2502[0m
[31m\u2502[0m   [2m 486 [0m[2m\u2502   \u2502   [0m[94mexcept[0m ([96mValueError[0m, [96mRuntimeError[0m) 
[94mas[0m e:                      [31m\u2502[0m
[31m\u2502[0m   [2m 487 [0m[2m\u2502   \u2502   \u2502   [0m[94mif[0m [96mself[0m._enable_fallback:          
                      [31m\u2502[0m
[31m\u2502[0m   [2m 488 [0m[2m\u2502   \u2502   \u2502   \u2502   [0m[94mtry[0m:                               
                  [31m\u2502[0m
[31m\u2502[0m                                                                             [31m\u2502[0m
[31m\u2502[0m [33m\u250c\u2500[0m[33m\u2500\u2500\u2500\u2500\u2500\u2500\u2500\u2500\u2500\u2500\u2500\u2500\u250
0\u2500\u2500\u2500\u2500\u2500\u2500\u2500\u2500\u2500\u2500\u2500\u2500\u2500\u2500\u2500\u2500\u2500\u2500[0m[33m 
locals [0m[33m\u2500\u2500\u2500\u2500\u2500\u2500\u2500\u2500\u2500\u2500\u2500\u2500\u2500\u2500\u2500\u2500\u2500\
u2500\u2500\u2500\u2500\u2500\u2500\u2500\u2500\u2500\u2500\u2500\u2500\u2500\u2500\u2500[0m[33m\u2500\u2510[0m 
[31m\u2502[0m
[31m\u2502[0m [33m\u2502[0m disabled_optimizers = [94mNone[0m                                              
[33m\u2502[0m [31m\u2502[0m
[31m\u2502[0m [33m\u2502[0m              kwargs = [1m{[0m[1m}[0m                                               
 [33m\u2502[0m [31m\u2502[0m
[31m\u2502[0m [33m\u2502[0m       path_or_bytes = [33m'D:\\PHEME\\temp\\fastembed_cache\\models--qdranà[0m 
[33m\u2502[0m [31m\u2502[0m
[31m\u2502[0m [33m\u2502[0m    provider_options = [94mNone[0m                                              
[33m\u2502[0m [31m\u2502[0m
[31m\u2502[0m [33m\u2502[0m           providers = [1m[[0m[33m'CPUExecutionProvider'[0m[1m][0m                
          [33m\u2502[0m [31m\u2502[0m
[31m\u2502[0m [33m\u2502[0m                self = 
[1m<[0m[1;95monnxruntime.capi.onnxruntime_inference_collectià[0m [33m\u2502[0m [31m\u2502[0m
[31m\u2502[0m [33m\u2502[0m                       [39mobject at [0m[94m0x00000218579EDA30[0m[1m>[0m          
           [33m\u2502[0m [31m\u2502[0m
[31m\u2502[0m [33m\u2502[0m        sess_options = 
[1m<[0m[1;95monnxruntime.capi.onnxruntime_pybind11_state.Sesà[0m [33m\u2502[0m [31m\u2502[0m
[31m\u2502[0m [33m\u2502[0m                       [39mobject at [0m[94m0x00000218579BF2B0[0m[1m>[0m          
           [33m\u2502[0m [31m\u2502[0m
[31m\u2502[0m [33m\u2514\u2500\u2500\u2500\u2500\u2500\u2500\u2500\u2500\u2500\u2500\u2500\u2500\u2500\u2500\u2500\u
2500\u2500\u2500\u2500\u2500\u2500\u2500\u2500\u2500\u2500\u2500\u2500\u2500\u2500\u2500\u2500\u2500\u2500\u2500\u2500\
u2500\u2500\u2500\u2500\u2500\u2500\u2500\u2500\u2500\u2500\u2500\u2500\u2500\u2500\u2500\u2500\u2500\u2500\u2500\u2500
\u2500\u2500\u2500\u2500\u2500\u2500\u2500\u2500\u2500\u2500\u2500\u2500\u2500\u2500\u2500\u2500\u2500\u2500\u2518[0m 
[31m\u2502[0m
[31m\u2502[0m                                                                             [31m\u2502[0m
[31m\u2502[0m [33mC:\Users\Nishant [0m                                                           [31m\u2502[0m
[31m\u2502[0m [33mAwasthi\AppData\Local\Programs\Python\Python312\Lib\site-packages\onnxrunti[0m [31m\u2502[0m
[31m\u2502[0m [33mme\capi\onnxruntime_inference_collection.py[0m:[94m573[0m in                          
[31m\u2502[0m
[31m\u2502[0m [92m_create_inference_session[0m                                                   [31m\u2502[0m
[31m\u2502[0m                                                                             [31m\u2502[0m
[31m\u2502[0m   [2m 570 [0m[2m\u2502   \u2502   [0m[96mself[0m._register_ep_custom_ops(session_options, 
providers, pro [31m\u2502[0m
[31m\u2502[0m        available_providers)                                                 [31m\u2502[0m
[31m\u2502[0m   [2m 571 [0m[2m\u2502   \u2502   [0m                                                             
[31m\u2502[0m
[31m\u2502[0m   [2m 572 [0m[2m\u2502   \u2502   [0m[94mif[0m [96mself[0m._model_path:                        
                 [31m\u2502[0m
[31m\u2502[0m [31m> [0m 573 [2m\u2502   \u2502   \u2502   [0msess = [1;4mC.InferenceSession(session_options, 
[0m[1;4;96mself[0m[1;4m._model_p[0m [31m\u2502[0m
[31m\u2502[0m        [1;4;96mself[0m[1;4m._read_config_from_model)[0m                                        
[31m\u2502[0m
[31m\u2502[0m   [2m 574 [0m[2m\u2502   \u2502   [0m[94melse[0m:                                                
        [31m\u2502[0m
[31m\u2502[0m   [2m 575 [0m[2m\u2502   \u2502   \u2502   [0msess = C.InferenceSession(session_options, 
[96mself[0m._model_b [31m\u2502[0m
[31m\u2502[0m        [96mself[0m._read_config_from_model)                                        [31m\u2502[0m
[31m\u2502[0m   [2m 576 [0m                                                                     [31m\u2502[0m
[31m\u2502[0m                                                                             [31m\u2502[0m
[31m\u2502[0m [33m\u250c\u2500[0m[33m\u2500\u2500\u2500\u2500\u2500\u2500\u2500\u2500\u2500\u2500\u2500\u2500\u250
0\u2500\u2500\u2500\u2500\u2500\u2500\u2500\u2500\u2500\u2500\u2500\u2500\u2500\u2500\u2500\u2500\u2500\u2500[0m[33m 
locals [0m[33m\u2500\u2500\u2500\u2500\u2500\u2500\u2500\u2500\u2500\u2500\u2500\u2500\u2500\u2500\u2500\u2500\u2500\
u2500\u2500\u2500\u2500\u2500\u2500\u2500\u2500\u2500\u2500\u2500\u2500\u2500\u2500\u2500[0m[33m\u2500\u2510[0m 
[31m\u2502[0m
[31m\u2502[0m [33m\u2502[0m available_providers = [1m[[0m                                                 
[33m\u2502[0m [31m\u2502[0m
[31m\u2502[0m [33m\u2502[0m                       [2m\u2502   [0m[33m'AzureExecutionProvider'[0m,              
       [33m\u2502[0m [31m\u2502[0m
[31m\u2502[0m [33m\u2502[0m                       [2m\u2502   [0m[33m'CPUExecutionProvider'[0m                 
       [33m\u2502[0m [31m\u2502[0m
[31m\u2502[0m [33m\u2502[0m                       [1m][0m                                                 
[33m\u2502[0m [31m\u2502[0m
[31m\u2502[0m [33m\u2502[0m disabled_optimizers = [94mNone[0m                                              
[33m\u2502[0m [31m\u2502[0m
[31m\u2502[0m [33m\u2502[0m    provider_options = [1m[[0m[1m{[0m[1m}[0m[1m][0m                             
                 [33m\u2502[0m [31m\u2502[0m
[31m\u2502[0m [33m\u2502[0m           providers = [1m[[0m[33m'CPUExecutionProvider'[0m[1m][0m                
          [33m\u2502[0m [31m\u2502[0m
[31m\u2502[0m [33m\u2502[0m                self = 
[1m<[0m[1;95monnxruntime.capi.onnxruntime_inference_collectià[0m [33m\u2502[0m [31m\u2502[0m
[31m\u2502[0m [33m\u2502[0m                       [39mobject at [0m[94m0x00000218579EDA30[0m[1m>[0m          
           [33m\u2502[0m [31m\u2502[0m
[31m\u2502[0m [33m\u2502[0m     session_options = 
[1m<[0m[1;95monnxruntime.capi.onnxruntime_pybind11_state.Sesà[0m [33m\u2502[0m [31m\u2502[0m
[31m\u2502[0m [33m\u2502[0m                       [39mobject at [0m[94m0x00000218579BF2B0[0m[1m>[0m          
           [33m\u2502[0m [31m\u2502[0m
[31m\u2502[0m [33m\u2514\u2500\u2500\u2500\u2500\u2500\u2500\u2500\u2500\u2500\u2500\u2500\u2500\u2500\u2500\u2500\u
2500\u2500\u2500\u2500\u2500\u2500\u2500\u2500\u2500\u2500\u2500\u2500\u2500\u2500\u2500\u2500\u2500\u2500\u2500\u2500\
u2500\u2500\u2500\u2500\u2500\u2500\u2500\u2500\u2500\u2500\u2500\u2500\u2500\u2500\u2500\u2500\u2500\u2500\u2500\u2500
\u2500\u2500\u2500\u2500\u2500\u2500\u2500\u2500\u2500\u2500\u2500\u2500\u2500\u2500\u2500\u2500\u2500\u2500\u2518[0m 
[31m\u2502[0m
[31m\u2514\u2500\u2500\u2500\u2500\u2500\u2500\u2500\u2500\u2500\u2500\u2500\u2500\u2500\u2500\u2500\u2500\u2500\u2500
\u2500\u2500\u2500\u2500\u2500\u2500\u2500\u2500\u2500\u2500\u2500\u2500\u2500\u2500\u2500\u2500\u2500\u2500\u2500\u250
0\u2500\u2500\u2500\u2500\u2500\u2500\u2500\u2500\u2500\u2500\u2500\u2500\u2500\u2500\u2500\u2500\u2500\u2500\u2500\u25
00\u2500\u2500\u2500\u2500\u2500\u2500\u2500\u2500\u2500\u2500\u2500\u2500\u2500\u2500\u2500\u2500\u2500\u2500\u2500\u2
518[0m
[1;91mNoSuchFile: [0m[1m[[0mONNXRuntimeError[1m][0m : [1;36m3[0m : NO_SUCHFILE : Load model from 
D:\PHEME\temp\fastembed_cache\models--qdrant--bge-small-en-v1.[1;36m5[0m-onnx-q\snapshot
s\52398278842ec682c6f32300af41344b1c0b0bb2\model_optimized.onnx failed:Load 
model 
D:\PHEME\temp\fastembed_cache\models--qdrant--bge-small-en-v1.[1;36m5[0m-onnx-q\snapshot
s\52398278842ec682c6f32300af41344b1c0b0bb2\model_optimized.onnx failed. File 
doesn't exist

[3mDuring handling of the above exception, another exception occurred:[0m

[31m\u250c\u2500[0m[31m\u2500\u2500\u2500\u2500\u2500\u2500\u2500\u2500\u2500\u2500\u2500\u2500\u2500\u2500\u2500\u2
500\u2500\u2500\u2500\u2500[0m[31m [0m[1;31mTraceback [0m[1;2;31m(most recent call last)[0m[31m [0m[31m\u2500
\u2500\u2500\u2500\u2500\u2500\u2500\u2500\u2500\u2500\u2500\u2500\u2500\u2500\u2500\u2500\u2500\u2500\u2500\u2500[0m
[31m\u2500\u2510[0m
[31m\u2502[0m [33mD:\PHEME\test_orchestrator.py[0m:[94m50[0m in [92m<module>[0m                                
[31m\u2502[0m
[31m\u2502[0m                                                                             [31m\u2502[0m
[31m\u2502[0m   [2m47 [0m[2m\u2502   \u2502   [0mtraceback.print_exc()                                          
[31m\u2502[0m
[31m\u2502[0m   [2m48 [0m                                                                       [31m\u2502[0m
[31m\u2502[0m   [2m49 [0m[94mif[0m [91m__name__[0m == [33m"[0m[33m__main__[0m[33m"[0m:                   
                          [31m\u2502[0m
[31m\u2502[0m [31m> [0m50 [2m\u2502   [0m[1;4masyncio.run(test_orchestrator())[0m                              
     [31m\u2502[0m
[31m\u2502[0m   [2m51 [0m                                                                       [31m\u2502[0m
[31m\u2502[0m                                                                             [31m\u2502[0m
[31m\u2502[0m [33m\u250c\u2500[0m[33m\u2500\u2500\u2500\u2500\u2500\u2500\u2500\u2500\u2500\u2500\u2500\u2500\u250
0\u2500\u2500\u2500\u2500\u2500\u2500\u2500\u2500\u2500\u2500\u2500\u2500\u2500\u2500\u2500\u2500\u2500\u2500[0m[33m 
locals [0m[33m\u2500\u2500\u2500\u2500\u2500\u2500\u2500\u2500\u2500\u2500\u2500\u2500\u2500\u2500\u2500\u2500\u2500\
u2500\u2500\u2500\u2500\u2500\u2500\u2500\u2500\u2500\u2500\u2500\u2500\u2500\u2500\u2500[0m[33m\u2500\u2510[0m 
[31m\u2502[0m
[31m\u2502[0m [33m\u2502[0m asyncio = [1m<[0m[1;95mmodule[0m[39m [0m[33m'asyncio'[0m[39m from 
[0m[33m'C:\\Users\\Nishant [0m                   [33m\u2502[0m [31m\u2502[0m
[31m\u2502[0m [33m\u2502[0m           [33mAwasthi\\AppData\\Local\\Programs\\Python\\Python312\\Lib\\aà[0m 
[33m\u2502[0m [31m\u2502[0m
[31m\u2502[0m [33m\u2502[0m      os = [1m<[0m[1;95mmodule[0m[39m [0m[33m'os'[0m[39m 
[0m[1;39m([0m[39mfrozen[0m[1;39m)[0m[1m>[0m                                        [33m\u2502[0m 
[31m\u2502[0m
[31m\u2502[0m [33m\u2502[0m     sys = [1m<[0m[1;95mmodule[0m[39m [0m[33m'sys'[0m[39m 
[0m[1;39m([0m[39mbuilt-in[0m[1;39m)[0m[1m>[0m                                     [33m\u2502[0m 
[31m\u2502[0m
[31m\u2502[0m [33m\u2514\u2500\u2500\u2500\u2500\u2500\u2500\u2500\u2500\u2500\u2500\u2500\u2500\u2500\u2500\u2500\u
2500\u2500\u2500\u2500\u2500\u2500\u2500\u2500\u2500\u2500\u2500\u2500\u2500\u2500\u2500\u2500\u2500\u2500\u2500\u2500\
u2500\u2500\u2500\u2500\u2500\u2500\u2500\u2500\u2500\u2500\u2500\u2500\u2500\u2500\u2500\u2500\u2500\u2500\u2500\u2500
\u2500\u2500\u2500\u2500\u2500\u2500\u2500\u2500\u2500\u2500\u2500\u2500\u2500\u2500\u2500\u2500\u2500\u2500\u2518[0m 
[31m\u2502[0m
[31m\u2502[0m                                                                             [31m\u2502[0m
[31m\u2502[0m [33mC:\Users\Nishant [0m                                                           [31m\u2502[0m
[31m\u2502[0m [33mAwasthi\AppData\Local\Programs\Python\Python312\Lib\asyncio\runners.py[0m:[94m194[0m  
[31m\u2502[0m
[31m\u2502[0m in [92mrun[0m                                                                      [31m\u2502[0m
[31m\u2502[0m                                                                             [31m\u2502[0m
[31m\u2502[0m   [2m191 [0m[2m\u2502   \u2502   \u2502   [0m[33m"[0m[33masyncio.run() cannot be called from a 
running event loop[0m [31m\u2502[0m
[31m\u2502[0m   [2m192 [0m[2m\u2502   [0m                                                                  
[31m\u2502[0m
[31m\u2502[0m   [2m193 [0m[2m\u2502   [0m[94mwith[0m Runner(debug=debug, loop_factory=loop_factory) 
[94mas[0m runner:    [31m\u2502[0m
[31m\u2502[0m [31m> [0m194 [2m\u2502   \u2502   [0m[94mreturn[0m [1;4mrunner.run(main)[0m                    
                   [31m\u2502[0m
[31m\u2502[0m   [2m195 [0m                                                                      [31m\u2502[0m
[31m\u2502[0m   [2m196 [0m                                                                      [31m\u2502[0m
[31m\u2502[0m   [2m197 [0m[94mdef[0m [92m_cancel_all_tasks[0m(loop):                                          
[31m\u2502[0m
[31m\u2502[0m                                                                             [31m\u2502[0m
[31m\u2502[0m [33m\u250c\u2500[0m[33m\u2500\u2500\u2500\u2500\u2500\u2500\u2500\u2500\u2500\u2500\u2500\u2500\u250
0\u2500\u2500\u2500\u2500\u2500\u2500\u2500\u2500\u2500\u2500\u2500\u2500\u2500\u2500\u2500\u2500\u2500\u2500[0m[33m 
locals [0m[33m\u2500\u2500\u2500\u2500\u2500\u2500\u2500\u2500\u2500\u2500\u2500\u2500\u2500\u2500\u2500\u2500\u2500\
u2500\u2500\u2500\u2500\u2500\u2500\u2500\u2500\u2500\u2500\u2500\u2500\u2500\u2500\u2500[0m[33m\u2500\u2510[0m 
[31m\u2502[0m
[31m\u2502[0m [33m\u2502[0m        debug = [94mNone[0m                                                     
[33m\u2502[0m [31m\u2502[0m
[31m\u2502[0m [33m\u2502[0m loop_factory = [94mNone[0m                                                     
[33m\u2502[0m [31m\u2502[0m
[31m\u2502[0m [33m\u2502[0m         main = [1m<[0m[1;95mcoroutine[0m[39m object test_orchestrator at [0m     
             [33m\u2502[0m [31m\u2502[0m
[31m\u2502[0m [33m\u2502[0m                [94m0x000002181812DE00[0m[1m>[0m                                    
  [33m\u2502[0m [31m\u2502[0m
[31m\u2502[0m [33m\u2502[0m       runner = [1m<[0m[1;95masyncio.runners.Runner[0m[39m object at 
[0m[94m0x000002181659BCE0[0m[1m>[0m    [33m\u2502[0m [31m\u2502[0m
[31m\u2502[0m [33m\u2514\u2500\u2500\u2500\u2500\u2500\u2500\u2500\u2500\u2500\u2500\u2500\u2500\u2500\u2500\u2500\u
2500\u2500\u2500\u2500\u2500\u2500\u2500\u2500\u2500\u2500\u2500\u2500\u2500\u2500\u2500\u2500\u2500\u2500\u2500\u2500\
u2500\u2500\u2500\u2500\u2500\u2500\u2500\u2500\u2500\u2500\u2500\u2500\u2500\u2500\u2500\u2500\u2500\u2500\u2500\u2500
\u2500\u2500\u2500\u2500\u2500\u2500\u2500\u2500\u2500\u2500\u2500\u2500\u2500\u2500\u2500\u2500\u2500\u2500\u2518[0m 
[31m\u2502[0m
[31m\u2502[0m                                                                             [31m\u2502[0m
[31m\u2502[0m [33mC:\Users\Nishant [0m                                                           [31m\u2502[0m
[31m\u2502[0m [33mAwasthi\AppData\Local\Programs\Python\Python312\Lib\asyncio\runners.py[0m:[94m118[0m  
[31m\u2502[0m
[31m\u2502[0m in [92mrun[0m                                                                      [31m\u2502[0m
[31m\u2502[0m                                                                             [31m\u2502[0m
[31m\u2502[0m   [2m115 [0m[2m\u2502   \u2502   [0m                                                              
[31m\u2502[0m
[31m\u2502[0m   [2m116 [0m[2m\u2502   \u2502   [0m[96mself[0m._interrupt_count = [94m0[0m                    
                 [31m\u2502[0m
[31m\u2502[0m   [2m117 [0m[2m\u2502   \u2502   [0m[94mtry[0m:                                                  
        [31m\u2502[0m
[31m\u2502[0m [31m> [0m118 [2m\u2502   \u2502   \u2502   [0m[94mreturn[0m 
[96mself[0m._loop.run_until_complete(task)                [31m\u2502[0m
[31m\u2502[0m   [2m119 [0m[2m\u2502   \u2502   [0m[94mexcept[0m exceptions.CancelledError:                     
        [31m\u2502[0m
[31m\u2502[0m   [2m120 [0m[2m\u2502   \u2502   \u2502   [0m[94mif[0m [96mself[0m._interrupt_count > 
[94m0[0m:                             [31m\u2502[0m
[31m\u2502[0m   [2m121 [0m[2m\u2502   \u2502   \u2502   \u2502   [0muncancel = [96mgetattr[0m(task, 
[33m"[0m[33muncancel[0m[33m"[0m, [94mNone[0m)            [31m\u2502[0m
[31m\u2502[0m                                                                             [31m\u2502[0m
[31m\u2502[0m [33m\u250c\u2500[0m[33m\u2500\u2500\u2500\u2500\u2500\u2500\u2500\u2500\u2500\u2500\u2500\u2500\u250
0\u2500\u2500\u2500\u2500\u2500\u2500\u2500\u2500\u2500\u2500\u2500\u2500\u2500\u2500\u2500\u2500\u2500\u2500[0m[33m 
locals [0m[33m\u2500\u2500\u2500\u2500\u2500\u2500\u2500\u2500\u2500\u2500\u2500\u2500\u2500\u2500\u2500\u2500\u2500\
u2500\u2500\u2500\u2500\u2500\u2500\u2500\u2500\u2500\u2500\u2500\u2500\u2500\u2500\u2500[0m[33m\u2500\u2510[0m 
[31m\u2502[0m
[31m\u2502[0m [33m\u2502[0m        context = [1m<[0m[1;95m_contextvars.Context[0m[39m object at 
[0m[94m0x000002181822D140[0m[1m>[0m    [33m\u2502[0m [31m\u2502[0m
[31m\u2502[0m [33m\u2502[0m           coro = [1m<[0m[1;95mcoroutine[0m[39m object test_orchestrator at [0m   
             [33m\u2502[0m [31m\u2502[0m
[31m\u2502[0m [33m\u2502[0m                  [94m0x000002181812DE00[0m[1m>[0m                                  
  [33m\u2502[0m [31m\u2502[0m
[31m\u2502[0m [33m\u2502[0m           self = [1m<[0m[1;95masyncio.runners.Runner[0m[39m object at 
[0m[94m0x000002181659BCE0[0m[1m>[0m  [33m\u2502[0m [31m\u2502[0m
[31m\u2502[0m [33m\u2502[0m sigint_handler = [1;35mfunctools.partial[0m[1m([0m[1m<[0m[1;95mbound[0m[39m 
method Runner._on_sigint of [0m  [33m\u2502[0m [31m\u2502[0m
[31m\u2502[0m [33m\u2502[0m                  [39m<asyncio.runners.Runner object at [0m                     
[33m\u2502[0m [31m\u2502[0m
[31m\u2502[0m [33m\u2502[0m                  [94m0x000002181659BCE0[0m[39m>>, [0m[33mmain_task[0m[39m=<Task 
finished [0m        [33m\u2502[0m [31m\u2502[0m
[31m\u2502[0m [33m\u2502[0m                  [33mname[0m[39m=[0m[33m'Task-1'[0m[39m 
[0m[33mcoro[0m[39m=<[0m[1;35mtest_orchestrator[0m[1;39m([0m[1;39m)[0m[39m done, defined [0m 
[33m\u2502[0m [31m\u2502[0m
[31m\u2502[0m [33m\u2502[0m                  [39mat D:\PHEME\test_orchestrator.py:[0m[94m18[0m[39m> [0m      
            [33m\u2502[0m [31m\u2502[0m
[31m\u2502[0m [33m\u2502[0m                  
[33mexception[0m[39m=[0m[1;35mUnicodeEncodeError[0m[1;39m([0m[33m'charmap'[0m[39m, [0m[33m"\r\n\u274c 
[0m       [33m\u2502[0m [31m\u2502[0m
[31m\u2502[0m [33m\u2502[0m                  [33mORCHESTRATOR TEST FAILED: 
[0m[1;33m[[0m[33mONNXRuntimeError[0m[1;33m][0m[33m : 3 : [0m    [33m\u2502[0m [31m\u2502[0m
[31m\u2502[0m [33m\u2502[0m                  [33mNO_SUCHFILE : Load model from [0m                         
[33m\u2502[0m [31m\u2502[0m
[31m\u2502[0m [33m\u2502[0m                  [33mD:\\PHEME\\temp\\fastembed_cache\\models--qdrant--bgeà[0m 
[33m\u2502[0m [31m\u2502[0m
[31m\u2502[0m [33m\u2502[0m                  [33mfailed:Load model [0m                                     
[33m\u2502[0m [31m\u2502[0m
[31m\u2502[0m [33m\u2502[0m                  [33mD:\\PHEME\\temp\\fastembed_cache\\models--qdrant--bgeà[0m 
[33m\u2502[0m [31m\u2502[0m
[31m\u2502[0m [33m\u2502[0m                  [33mfailed. File doesn't exist"[0m[39m, [0m[94m2[0m[39m, 
[0m[94m3[0m[39m, [0m[33m'character maps to [0m [33m\u2502[0m [31m\u2502[0m
[31m\u2502[0m [33m\u2502[0m                  [33m<undefined>'[0m[1;39m)[0m[1m>[0m[1m)[0m                   
                     [33m\u2502[0m [31m\u2502[0m
[31m\u2502[0m [33m\u2502[0m           task = [1m<[0m[1;95mTask[0m[39m finished 
[0m[33mname[0m[39m=[0m[33m'Task-1'[0m[39m 
[0m[33mcoro[0m[39m=<[0m[1;35mtest_orchestrator[0m[1;39m([0m[1;39m)[0m [33m\u2502[0m [31m\u2502[0m
[31m\u2502[0m [33m\u2502[0m                  [39mdone, defined at 
D:\PHEME\test_orchestrator.py:[0m[94m18[0m[39m> [0m    [33m\u2502[0m [31m\u2502[0m
[31m\u2502[0m [33m\u2502[0m                  
[33mexception[0m[39m=[0m[1;35mUnicodeEncodeError[0m[1;39m([0m[33m'charmap'[0m[39m, [0m[33m"\r\n\u274c 
[0m       [33m\u2502[0m [31m\u2502[0m
[31m\u2502[0m [33m\u2502[0m                  [33mORCHESTRATOR TEST FAILED: 
[0m[1;33m[[0m[33mONNXRuntimeError[0m[1;33m][0m[33m : 3 : [0m    [33m\u2502[0m [31m\u2502[0m
[31m\u2502[0m [33m\u2502[0m                  [33mNO_SUCHFILE : Load model from [0m                         
[33m\u2502[0m [31m\u2502[0m
[31m\u2502[0m [33m\u2502[0m                  [33mD:\\PHEME\\temp\\fastembed_cache\\models--qdrant--bgeà[0m 
[33m\u2502[0m [31m\u2502[0m
[31m\u2502[0m [33m\u2502[0m                  [33mfailed:Load model [0m                                     
[33m\u2502[0m [31m\u2502[0m
[31m\u2502[0m [33m\u2502[0m                  [33mD:\\PHEME\\temp\\fastembed_cache\\models--qdrant--bgeà[0m 
[33m\u2502[0m [31m\u2502[0m
[31m\u2502[0m [33m\u2502[0m                  [33mfailed. File doesn't exist"[0m[39m, [0m[94m2[0m[39m, 
[0m[94m3[0m[39m, [0m[33m'character maps to [0m [33m\u2502[0m [31m\u2502[0m
[31m\u2502[0m [33m\u2502[0m                  [33m<undefined>'[0m[1;39m)[0m[1m>[0m                            
             [33m\u2502[0m [31m\u2502[0m
[31m\u2502[0m [33m\u2514\u2500\u2500\u2500\u2500\u2500\u2500\u2500\u2500\u2500\u2500\u2500\u2500\u2500\u2500\u2500\u
2500\u2500\u2500\u2500\u2500\u2500\u2500\u2500\u2500\u2500\u2500\u2500\u2500\u2500\u2500\u2500\u2500\u2500\u2500\u2500\
u2500\u2500\u2500\u2500\u2500\u2500\u2500\u2500\u2500\u2500\u2500\u2500\u2500\u2500\u2500\u2500\u2500\u2500\u2500\u2500
\u2500\u2500\u2500\u2500\u2500\u2500\u2500\u2500\u2500\u2500\u2500\u2500\u2500\u2500\u2500\u2500\u2500\u2500\u2518[0m 
[31m\u2502[0m
[31m\u2502[0m                                                                             [31m\u2502[0m
[31m\u2502[0m [33mC:\Users\Nishant [0m                                                           [31m\u2502[0m
[31m\u2502[0m [33mAwasthi\AppData\Local\Programs\Python\Python312\Lib\asyncio\base_events.py[0m: [31m\u2502[0m
[31m\u2502[0m [94m687[0m in [92mrun_until_complete[0m                                                   
[31m\u2502[0m
[31m\u2502[0m                                                                             [31m\u2502[0m
[31m\u2502[0m   [2m 684 [0m[2m\u2502   \u2502   [0m[94mif[0m [95mnot[0m future.done():                       
                 [31m\u2502[0m
[31m\u2502[0m   [2m 685 [0m[2m\u2502   \u2502   \u2502   [0m[94mraise[0m 
[96mRuntimeError[0m([33m'[0m[33mEvent loop stopped before Future com[0m [31m\u2502[0m
[31m\u2502[0m   [2m 686 [0m[2m\u2502   \u2502   [0m                                                             
[31m\u2502[0m
[31m\u2502[0m [31m> [0m 687 [2m\u2502   \u2502   [0m[94mreturn[0m [1;4mfuture.result()[0m                    
                   [31m\u2502[0m
[31m\u2502[0m   [2m 688 [0m[2m\u2502   [0m                                                                 
[31m\u2502[0m
[31m\u2502[0m   [2m 689 [0m[2m\u2502   [0m[94mdef[0m [92mstop[0m([96mself[0m):                             
                     [31m\u2502[0m
[31m\u2502[0m   [2m 690 [0m[2;90m\u2502   \u2502   [0m[33m"""Stop running the event loop.[0m                   
           [31m\u2502[0m
[31m\u2502[0m                                                                             [31m\u2502[0m
[31m\u2502[0m [33m\u250c\u2500[0m[33m\u2500\u2500\u2500\u2500\u2500\u2500\u2500\u2500\u2500\u2500\u2500\u2500\u250
0\u2500\u2500\u2500\u2500\u2500\u2500\u2500\u2500\u2500\u2500\u2500\u2500\u2500\u2500\u2500\u2500\u2500\u2500[0m[33m 
locals [0m[33m\u2500\u2500\u2500\u2500\u2500\u2500\u2500\u2500\u2500\u2500\u2500\u2500\u2500\u2500\u2500\u2500\u2500\
u2500\u2500\u2500\u2500\u2500\u2500\u2500\u2500\u2500\u2500\u2500\u2500\u2500\u2500\u2500[0m[33m\u2500\u2510[0m 
[31m\u2502[0m
[31m\u2502[0m [33m\u2502[0m   future = [1m<[0m[1;95mTask[0m[39m finished 
[0m[33mname[0m[39m=[0m[33m'Task-1'[0m[39m 
[0m[33mcoro[0m[39m=<[0m[1;35mtest_orchestrator[0m[1;39m([0m[1;39m)[0m[39m done,[0m [33m\u2502[0m 
[31m\u2502[0m
[31m\u2502[0m [33m\u2502[0m            [39mdefined at D:\PHEME\test_orchestrator.py:[0m[94m18[0m[39m> [0m    
            [33m\u2502[0m [31m\u2502[0m
[31m\u2502[0m [33m\u2502[0m            
[33mexception[0m[39m=[0m[1;35mUnicodeEncodeError[0m[1;39m([0m[33m'charmap'[0m[39m, [0m[33m"\r\n\u274c 
ORCHESTRATOà[0m [33m\u2502[0m [31m\u2502[0m
[31m\u2502[0m [33m\u2502[0m            [33mTEST FAILED: 
[0m[1;33m[[0m[33mONNXRuntimeError[0m[1;33m][0m[33m : 3 : NO_SUCHFILE : Load [0m    [33m\u2502[0m 
[31m\u2502[0m
[31m\u2502[0m [33m\u2502[0m            [33mmodel from [0m                                                  
[33m\u2502[0m [31m\u2502[0m
[31m\u2502[0m [33m\u2502[0m            [33mD:\\PHEME\\temp\\fastembed_cache\\models--qdrant--bge-smallà[0m 
[33m\u2502[0m [31m\u2502[0m
[31m\u2502[0m [33m\u2502[0m            [33mfailed:Load model [0m                                           
[33m\u2502[0m [31m\u2502[0m
[31m\u2502[0m [33m\u2502[0m            [33mD:\\PHEME\\temp\\fastembed_cache\\models--qdrant--bge-smallà[0m 
[33m\u2502[0m [31m\u2502[0m
[31m\u2502[0m [33m\u2502[0m            [33mfailed. File doesn't exist"[0m[39m, [0m[94m2[0m[39m, 
[0m[94m3[0m[39m, [0m[33m'character maps to [0m       [33m\u2502[0m [31m\u2502[0m
[31m\u2502[0m [33m\u2502[0m            [33m<undefined>'[0m[1;39m)[0m[1m>[0m                                  
             [33m\u2502[0m [31m\u2502[0m
[31m\u2502[0m [33m\u2502[0m new_task = [94mFalse[0m                                                        
[33m\u2502[0m [31m\u2502[0m
[31m\u2502[0m [33m\u2502[0m     self = [1m<[0m[1;95mProactorEventLoop[0m[39m 
[0m[33mrunning[0m[39m=[0m[94mFalse[0m[39m [0m[33mclosed[0m[39m=[0m[94mTrue[0m[39m 
[0m[33mdebug[0m[39m=[0m[94mFalse[0m[1m>[0m    [33m\u2502[0m [31m\u2502[0m
[31m\u2502[0m [33m\u2514\u2500\u2500\u2500\u2500\u2500\u2500\u2500\u2500\u2500\u2500\u2500\u2500\u2500\u2500\u2500\u
2500\u2500\u2500\u2500\u2500\u2500\u2500\u2500\u2500\u2500\u2500\u2500\u2500\u2500\u2500\u2500\u2500\u2500\u2500\u2500\
u2500\u2500\u2500\u2500\u2500\u2500\u2500\u2500\u2500\u2500\u2500\u2500\u2500\u2500\u2500\u2500\u2500\u2500\u2500\u2500
\u2500\u2500\u2500\u2500\u2500\u2500\u2500\u2500\u2500\u2500\u2500\u2500\u2500\u2500\u2500\u2500\u2500\u2500\u2518[0m 
[31m\u2502[0m
[31m\u2502[0m                                                                             [31m\u2502[0m
[31m\u2502[0m [33mD:\PHEME\test_orchestrator.py[0m:[94m45[0m in [92mtest_orchestrator[0m                       
[31m\u2502[0m
[31m\u2502[0m                                                                             [31m\u2502[0m
[31m\u2502[0m   [2m42 [0m[2m\u2502   \u2502   [0m[96mprint[0m([33m"[0m[33mSUCCESS: The orchestrator 
pipeline finished successfull[0m [31m\u2502[0m
[31m\u2502[0m   [2m43 [0m[2m\u2502   [0m                                                                   
[31m\u2502[0m
[31m\u2502[0m   [2m44 [0m[2m\u2502   [0m[94mexcept[0m [96mException[0m [94mas[0m e:                        
                     [31m\u2502[0m
[31m\u2502[0m [31m> [0m45 [2m\u2502   \u2502   
[0m[1;4;96mprint[0m[1;4m([0m[1;4;33mf[0m[1;4;33m"[0m[1;4;33m\n[0m[1;4;33m\u274c ORCHESTRATOR TEST FAILED: 
[0m[1;4;33m{[0m[1;4me[0m[1;4;33m}[0m[1;4;33m"[0m[1;4m)[0m                   [31m\u2502[0m
[31m\u2502[0m   [2m46 [0m[2m\u2502   \u2502   [0m[94mimport[0m [4;96mtraceback[0m                            
                   [31m\u2502[0m
[31m\u2502[0m   [2m47 [0m[2m\u2502   \u2502   [0mtraceback.print_exc()                                          
[31m\u2502[0m
[31m\u2502[0m   [2m48 [0m                                                                       [31m\u2502[0m
[31m\u2502[0m                                                                             [31m\u2502[0m
[31m\u2502[0m [33m\u250c\u2500[0m[33m\u2500\u2500\u2500\u2500\u2500\u2500\u2500\u2500\u2500\u2500\u2500\u2500\u250
0\u2500\u2500\u2500\u2500\u2500\u2500\u2500\u2500\u2500\u2500\u2500\u2500\u2500\u2500\u2500\u2500\u2500\u2500[0m[33m 
locals [0m[33m\u2500\u2500\u2500\u2500\u2500\u2500\u2500\u2500\u2500\u2500\u2500\u2500\u2500\u2500\u2500\u2500\u2500\
u2500\u2500\u2500\u2500\u2500\u2500\u2500\u2500\u2500\u2500\u2500\u2500\u2500\u2500\u2500[0m[33m\u2500\u2510[0m 
[31m\u2502[0m
[31m\u2502[0m [33m\u2502[0m    node_name = [33m'expert_analysis'[0m                                        
[33m\u2502[0m [31m\u2502[0m
[31m\u2502[0m [33m\u2502[0m       output = [1m{[0m                                                        
[33m\u2502[0m [31m\u2502[0m
[31m\u2502[0m [33m\u2502[0m                [2m\u2502   [0m[33m'expert_analysis'[0m: [1m{[0m                  
               [33m\u2502[0m [31m\u2502[0m
[31m\u2502[0m [33m\u2502[0m                [2m\u2502   \u2502   [0m[33m'analysis_results'[0m: [1m{[0m        
                    [33m\u2502[0m [31m\u2502[0m
[31m\u2502[0m [33m\u2502[0m                [2m\u2502   \u2502   \u2502   [0m[33m'verdict'[0m: [33m'FAKE'[0m, 
                          [33m\u2502[0m [31m\u2502[0m
[31m\u2502[0m [33m\u2502[0m                [2m\u2502   \u2502   \u2502   [0m[33m'confidence'[0m: 
[94m0.99[0m,                          [33m\u2502[0m [31m\u2502[0m
[31m\u2502[0m [33m\u2502[0m                [2m\u2502   \u2502   \u2502   [0m[33m'fallacies'[0m: [1m[[0m      
                         [33m\u2502[0m [31m\u2502[0m
[31m\u2502[0m [33m\u2502[0m                [2m\u2502   \u2502   \u2502   \u2502   [0m[33m'appeal to 
authority'[0m,                   [33m\u2502[0m [31m\u2502[0m
[31m\u2502[0m [33m\u2502[0m                [2m\u2502   \u2502   \u2502   \u2502   [0m[33m'lack of evidence'[0m 
                      [33m\u2502[0m [31m\u2502[0m
[31m\u2502[0m [33m\u2502[0m                [2m\u2502   \u2502   \u2502   [0m[1m][0m,                           
                [33m\u2502[0m [31m\u2502[0m
[31m\u2502[0m [33m\u2502[0m                [2m\u2502   \u2502   \u2502   [0m[33m'explanation'[0m: [33m'The 
claim that the moon is [0m  [33m\u2502[0m [31m\u2502[0m
[31m\u2502[0m [33m\u2502[0m                [33mmade of green cheese contradicts extensive [0m              
[33m\u2502[0m [31m\u2502[0m
[31m\u2502[0m [33m\u2502[0m                [33mscientific'[0m+[94m105[0m,                                      
   [33m\u2502[0m [31m\u2502[0m
[31m\u2502[0m [33m\u2502[0m                [2m\u2502   \u2502   \u2502   [0m[33m'detected_claims'[0m: 
[1m[[0m                         [33m\u2502[0m [31m\u2502[0m
[31m\u2502[0m [33m\u2502[0m                [2m\u2502   \u2502   \u2502   \u2502   [0m[33m'The moon is made of 
green cheese'[0m,      [33m\u2502[0m [31m\u2502[0m
[31m\u2502[0m [33m\u2502[0m                [2m\u2502   \u2502   \u2502   \u2502   [0m[33m'Recent satellite 
images from a private [0m [33m\u2502[0m [31m\u2502[0m
[31m\u2502[0m [33m\u2502[0m                [33mmission support this claim'[0m                              
[33m\u2502[0m [31m\u2502[0m
[31m\u2502[0m [33m\u2502[0m                [2m\u2502   \u2502   \u2502   [0m[1m][0m                            
                [33m\u2502[0m [31m\u2502[0m
[31m\u2502[0m [33m\u2502[0m                [2m\u2502   \u2502   [0m[1m}[0m,                                    
           [33m\u2502[0m [31m\u2502[0m
[31m\u2502[0m [33m\u2502[0m                [2m\u2502   \u2502   [0m[33m'original_text'[0m: [33m'The moon is 
made of green [0m     [33m\u2502[0m [31m\u2502[0m
[31m\u2502[0m [33m\u2502[0m                [33mcheese according to recent satellite images from a [0m      
[33m\u2502[0m [31m\u2502[0m
[31m\u2502[0m [33m\u2502[0m                [33mpri'[0m+[94m13[0m                                               
   [33m\u2502[0m [31m\u2502[0m
[31m\u2502[0m [33m\u2502[0m                [2m\u2502   [0m[1m}[0m                                              
      [33m\u2502[0m [31m\u2502[0m
[31m\u2502[0m [33m\u2502[0m                [1m}[0m                                                        
[33m\u2502[0m [31m\u2502[0m
[31m\u2502[0m [33m\u2502[0m state_update = [1m{[0m                                                        
[33m\u2502[0m [31m\u2502[0m
[31m\u2502[0m [33m\u2502[0m                [2m\u2502   [0m[33m'analysis_results'[0m: [1m{[0m                 
               [33m\u2502[0m [31m\u2502[0m
[31m\u2502[0m [33m\u2502[0m                [2m\u2502   \u2502   [0m[33m'verdict'[0m: [33m'FAKE'[0m,          
                     [33m\u2502[0m [31m\u2502[0m
[31m\u2502[0m [33m\u2502[0m                [2m\u2502   \u2502   [0m[33m'confidence'[0m: [94m0.99[0m,         
                     [33m\u2502[0m [31m\u2502[0m
[31m\u2502[0m [33m\u2502[0m                [2m\u2502   \u2502   [0m[33m'fallacies'[0m: [1m[[0m               
                    [33m\u2502[0m [31m\u2502[0m
[31m\u2502[0m [33m\u2502[0m                [2m\u2502   \u2502   \u2502   [0m[33m'appeal to authority'[0m,      
                 [33m\u2502[0m [31m\u2502[0m
[31m\u2502[0m [33m\u2502[0m                [2m\u2502   \u2502   \u2502   [0m[33m'lack of evidence'[0m          
                 [33m\u2502[0m [31m\u2502[0m
[31m\u2502[0m [33m\u2502[0m                [2m\u2502   \u2502   [0m[1m][0m,                                    
           [33m\u2502[0m [31m\u2502[0m
[31m\u2502[0m [33m\u2502[0m                [2m\u2502   \u2502   [0m[33m'explanation'[0m: [33m'The claim that 
the moon is made [0m [33m\u2502[0m [31m\u2502[0m
[31m\u2502[0m [33m\u2502[0m                [33mof green cheese contradicts extensive 
scientific'[0m+[94m105[0m,   [33m\u2502[0m [31m\u2502[0m
[31m\u2502[0m [33m\u2502[0m                [2m\u2502   \u2502   [0m[33m'detected_claims'[0m: [1m[[0m         
                    [33m\u2502[0m [31m\u2502[0m
[31m\u2502[0m [33m\u2502[0m                [2m\u2502   \u2502   \u2502   [0m[33m'The moon is made of green 
cheese'[0m,          [33m\u2502[0m [31m\u2502[0m
[31m\u2502[0m [33m\u2502[0m                [2m\u2502   \u2502   \u2502   [0m[33m'Recent satellite images from a 
private [0m     [33m\u2502[0m [31m\u2502[0m
[31m\u2502[0m [33m\u2502[0m                [33mmission support this claim'[0m                              
[33m\u2502[0m [31m\u2502[0m
[31m\u2502[0m [33m\u2502[0m                [2m\u2502   \u2502   [0m[1m][0m                                     
           [33m\u2502[0m [31m\u2502[0m
[31m\u2502[0m [33m\u2502[0m                [2m\u2502   [0m[1m}[0m,                                             
      [33m\u2502[0m [31m\u2502[0m
[31m\u2502[0m [33m\u2502[0m                [2m\u2502   [0m[33m'original_text'[0m: [33m'The moon is made of 
green cheese [0m  [33m\u2502[0m [31m\u2502[0m
[31m\u2502[0m [33m\u2502[0m                [33maccording to recent satellite images from a pri'[0m+[94m13[0m   
   [33m\u2502[0m [31m\u2502[0m
[31m\u2502[0m [33m\u2502[0m                [1m}[0m                                                        
[33m\u2502[0m [31m\u2502[0m
[31m\u2502[0m [33m\u2502[0m   test_claim = [1m{[0m                                                        
[33m\u2502[0m [31m\u2502[0m
[31m\u2502[0m [33m\u2502[0m                [2m\u2502   [0m[33m'claim_id'[0m: [33m'test-orch-001'[0m,         
                [33m\u2502[0m [31m\u2502[0m
[31m\u2502[0m [33m\u2502[0m                [2m\u2502   [0m[33m'modality'[0m: [33m'text'[0m,                  
                [33m\u2502[0m [31m\u2502[0m
[31m\u2502[0m [33m\u2502[0m                [2m\u2502   [0m[33m'content'[0m: [33m'The moon is made of green 
cheese [0m        [33m\u2502[0m [31m\u2502[0m
[31m\u2502[0m [33m\u2502[0m                [33maccording to recent satellite images from a pri'[0m+[94m13[0m,  
   [33m\u2502[0m [31m\u2502[0m
[31m\u2502[0m [33m\u2502[0m                [2m\u2502   [0m[33m'language_hint'[0m: [33m'en'[0m                
                [33m\u2502[0m [31m\u2502[0m
[31m\u2502[0m [33m\u2502[0m                [1m}[0m                                                        
[33m\u2502[0m [31m\u2502[0m
[31m\u2502[0m [33m\u2502[0m     workflow = [1m<[0m[1;95mlanggraph.graph.state.CompiledStateGraph[0m[39m 
object at [0m     [33m\u2502[0m [31m\u2502[0m
[31m\u2502[0m [33m\u2502[0m                [94m0x000002185766FAD0[0m[1m>[0m                                    
  [33m\u2502[0m [31m\u2502[0m
[31m\u2502[0m [33m\u2514\u2500\u2500\u2500\u2500\u2500\u2500\u2500\u2500\u2500\u2500\u2500\u2500\u2500\u2500\u2500\u
2500\u2500\u2500\u2500\u2500\u2500\u2500\u2500\u2500\u2500\u2500\u2500\u2500\u2500\u2500\u2500\u2500\u2500\u2500\u2500\
u2500\u2500\u2500\u2500\u2500\u2500\u2500\u2500\u2500\u2500\u2500\u2500\u2500\u2500\u2500\u2500\u2500\u2500\u2500\u2500
\u2500\u2500\u2500\u2500\u2500\u2500\u2500\u2500\u2500\u2500\u2500\u2500\u2500\u2500\u2500\u2500\u2500\u2500\u2518[0m 
[31m\u2502[0m
[31m\u2502[0m                                                                             [31m\u2502[0m
[31m\u2502[0m [33mC:\Users\Nishant [0m                                                           [31m\u2502[0m
[31m\u2502[0m [33mAwasthi\AppData\Local\Programs\Python\Python312\Lib\encodings\cp1252.py[0m:[94m19[0m  
[31m\u2502[0m
[31m\u2502[0m in [92mencode[0m                                                                   [31m\u2502[0m
[31m\u2502[0m                                                                             [31m\u2502[0m
[31m\u2502[0m   [2m 16 [0m                                                                      [31m\u2502[0m
[31m\u2502[0m   [2m 17 [0m[94mclass[0m [4;92mIncrementalEncoder[0m(codecs.IncrementalEncoder):                 
 [31m\u2502[0m
[31m\u2502[0m   [2m 18 [0m[2m\u2502   [0m[94mdef[0m [92mencode[0m([96mself[0m, [96minput[0m, 
final=[94mFalse[0m):                             [31m\u2502[0m
[31m\u2502[0m [31m> [0m 19 [2m\u2502   \u2502   [0m[94mreturn[0m 
[1;4mcodecs.charmap_encode([0m[1;4;96minput[0m[1;4m,[0m[1;4;96mself[0m[1;4m.errors,encoding_table[0m 
[31m\u2502[0m
[31m\u2502[0m   [2m 20 [0m                                                                      [31m\u2502[0m
[31m\u2502[0m   [2m 21 [0m[94mclass[0m [4;92mIncrementalDecoder[0m(codecs.IncrementalDecoder):                 
 [31m\u2502[0m
[31m\u2502[0m   [2m 22 [0m[2m\u2502   [0m[94mdef[0m [92mdecode[0m([96mself[0m, [96minput[0m, 
final=[94mFalse[0m):                             [31m\u2502[0m
[31m\u2502[0m                                                                             [31m\u2502[0m
[31m\u2502[0m [33m\u250c\u2500[0m[33m\u2500\u2500\u2500\u2500\u2500\u2500\u2500\u2500\u2500\u2500\u2500\u2500\u250
0\u2500\u2500\u2500\u2500\u2500\u2500\u2500\u2500\u2500\u2500\u2500\u2500\u2500\u2500\u2500\u2500\u2500\u2500[0m[33m 
locals [0m[33m\u2500\u2500\u2500\u2500\u2500\u2500\u2500\u2500\u2500\u2500\u2500\u2500\u2500\u2500\u2500\u2500\u2500\
u2500\u2500\u2500\u2500\u2500\u2500\u2500\u2500\u2500\u2500\u2500\u2500\u2500\u2500\u2500[0m[33m\u2500\u2510[0m 
[31m\u2502[0m
[31m\u2502[0m [33m\u2502[0m final = [94mFalse[0m                                                           
[33m\u2502[0m [31m\u2502[0m
[31m\u2502[0m [33m\u2502[0m input = [33m'\r\n\u274c ORCHESTRATOR TEST FAILED: 
[0m[1;33m[[0m[33mONNXRuntimeError[0m[1;33m][0m[33m : 3 : [0m     [33m\u2502[0m [31m\u2502[0m
[31m\u2502[0m [33m\u2502[0m         [33mNO_SUCHFILE : Load model '[0m+[94m335[0m                               
   [33m\u2502[0m [31m\u2502[0m
[31m\u2502[0m [33m\u2502[0m  self = [1m<[0m[1;95mencodings.cp1252.IncrementalEncoder[0m[39m object at [0m    
             [33m\u2502[0m [31m\u2502[0m
[31m\u2502[0m [33m\u2502[0m         [94m0x00000218163BBD10[0m[1m>[0m                                           
  [33m\u2502[0m [31m\u2502[0m
[31m\u2502[0m [33m\u2514\u2500\u2500\u2500\u2500\u2500\u2500\u2500\u2500\u2500\u2500\u2500\u2500\u2500\u2500\u2500\u
2500\u2500\u2500\u2500\u2500\u2500\u2500\u2500\u2500\u2500\u2500\u2500\u2500\u2500\u2500\u2500\u2500\u2500\u2500\u2500\
u2500\u2500\u2500\u2500\u2500\u2500\u2500\u2500\u2500\u2500\u2500\u2500\u2500\u2500\u2500\u2500\u2500\u2500\u2500\u2500
\u2500\u2500\u2500\u2500\u2500\u2500\u2500\u2500\u2500\u2500\u2500\u2500\u2500\u2500\u2500\u2500\u2500\u2500\u2518[0m 
[31m\u2502[0m
[31m\u2514\u2500\u2500\u2500\u2500\u2500\u2500\u2500\u2500\u2500\u2500\u2500\u2500\u2500\u2500\u2500\u2500\u2500\u2500
\u2500\u2500\u2500\u2500\u2500\u2500\u2500\u2500\u2500\u2500\u2500\u2500\u2500\u2500\u2500\u2500\u2500\u2500\u2500\u250
0\u2500\u2500\u2500\u2500\u2500\u2500\u2500\u2500\u2500\u2500\u2500\u2500\u2500\u2500\u2500\u2500\u2500\u2500\u2500\u25
00\u2500\u2500\u2500\u2500\u2500\u2500\u2500\u2500\u2500\u2500\u2500\u2500\u2500\u2500\u2500\u2500\u2500\u2500\u2500\u2
518[0m
[1;91mUnicodeEncodeError: [0m[32m'charmap'[0m codec can't encode character [32m'\u274c'[0m in position
[1;36m2[0m: character maps to [1m<[0m[1;95mundefined[0m[1m>[0m

Traceback (most recent call last):
  File "D:\PHEME\test_orchestrator.py", line 36, in test_orchestrator
    async for output in workflow.astream(test_claim):
  File "C:\Users\Nishant Awasthi\AppData\Local\Programs\Python\Python312\Lib\site-packages\langgraph\pregel\main.py", 
line 3128, in astream
    async for _ in runner.atick(
  File "C:\Users\Nishant 
Awasthi\AppData\Local\Programs\Python\Python312\Lib\site-packages\langgraph\pregel\_runner.py", line 304, in atick
    await arun_with_retry(
  File "C:\Users\Nishant 
Awasthi\AppData\Local\Programs\Python\Python312\Lib\site-packages\langgraph\pregel\_retry.py", line 242, in 
arun_with_retry
    return await task.proc.ainvoke(task.input, config)
           ^^^^^^^^^^^^^^^^^^^^^^^^^^^^^^^^^^^^^^^^^^^
  File "C:\Users\Nishant 
Awasthi\AppData\Local\Programs\Python\Python312\Lib\site-packages\langgraph\_internal\_runnable.py", line 705, in 
ainvoke
    input = await asyncio.create_task(
            ^^^^^^^^^^^^^^^^^^^^^^^^^^
  File "C:\Users\Nishant 
Awasthi\AppData\Local\Programs\Python\Python312\Lib\site-packages\langgraph\_internal\_runnable.py", line 473, in 
ainvoke
    ret = await self.afunc(*args, **kwargs)
          ^^^^^^^^^^^^^^^^^^^^^^^^^^^^^^^^^
  File "D:\PHEME\orchestrator\graph.py", line 49, in retrieval_node
    results = await graph_rag.search(text)
              ^^^^^^^^^^^^^^^^^^^^^^^^^^^^
  File "D:\PHEME\core\graph_rag.py", line 87, in search
    results = await cognee.search(query)
              ^^^^^^^^^^^^^^^^^^^^^^^^^^
  File "C:\Users\Nishant 
Awasthi\AppData\Local\Programs\Python\Python312\Lib\site-packages\cognee\api\v1\search\search.py", line 245, in search
    filtered_search_results = await search_function(
                              ^^^^^^^^^^^^^^^^^^^^^^
  File "C:\Users\Nishant 
Awasthi\AppData\Local\Programs\Python\Python312\Lib\site-packages\cognee\modules\search\methods\search.py", line 93, 
in search
    search_results = await authorized_search(
                     ^^^^^^^^^^^^^^^^^^^^^^^^
  File "C:\Users\Nishant 
Awasthi\AppData\Local\Programs\Python\Python312\Lib\site-packages\cognee\modules\search\methods\search.py", line 164, 
in authorized_search
    search_results = await search_in_datasets_context(
                     ^^^^^^^^^^^^^^^^^^^^^^^^^^^^^^^^^
  File "C:\Users\Nishant 
Awasthi\AppData\Local\Programs\Python\Python312\Lib\site-packages\cognee\modules\search\methods\search.py", line 329, 
in search_in_datasets_context
    return await asyncio.gather(*tasks)
           ^^^^^^^^^^^^^^^^^^^^^^^^^^^^
  File "C:\Users\Nishant Awasthi\AppData\Local\Programs\Python\Python312\Lib\site-packages\cognee\modules\search\method
s\get_retriever_output.py", line 36, in get_retriever_output
    retrieved_objects = await retriever_instance.get_retrieved_objects(query=query_text)
                        ^^^^^^^^^^^^^^^^^^^^^^^^^^^^^^^^^^^^^^^^^^^^^^^^^^^^^^^^^^^^^^^^
  File "C:\Users\Nishant Awasthi\AppData\Local\Programs\Python\Python312\Lib\site-packages\cognee\modules\retrieval\gra
ph_completion_retriever.py", line 109, in get_retrieved_objects
    self._unified_engine = await get_unified_engine()
                           ^^^^^^^^^^^^^^^^^^^^^^^^^^
  File "C:\Users\Nishant Awasthi\AppData\Local\Programs\Python\Python312\Lib\site-packages\cognee\infrastructure\databa
ses\unified\get_unified_engine.py", line 120, in get_unified_engine
    vector_engine = get_vector_engine()
                    ^^^^^^^^^^^^^^^^^^^
  File "C:\Users\Nishant Awasthi\AppData\Local\Programs\Python\Python312\Lib\site-packages\cognee\infrastructure\databa
ses\vector\get_vector_engine.py", line 7, in get_vector_engine
    return create_vector_engine(**get_vectordb_context_config())
           ^^^^^^^^^^^^^^^^^^^^^^^^^^^^^^^^^^^^^^^^^^^^^^^^^^^^^
  File "C:\Users\Nishant Awasthi\AppData\Local\Programs\Python\Python312\Lib\site-packages\cognee\infrastructure\databa
ses\vector\create_vector_engine.py", line 48, in create_vector_engine
    return _create_vector_engine(
           ^^^^^^^^^^^^^^^^^^^^^^
  File "C:\Users\Nishant Awasthi\AppData\Local\Programs\Python\Python312\Lib\site-packages\cognee\infrastructure\databa
ses\vector\create_vector_engine.py", line 99, in _create_vector_engine
    embedding_engine = get_embedding_engine()
                       ^^^^^^^^^^^^^^^^^^^^^^
  File "C:\Users\Nishant Awasthi\AppData\Local\Programs\Python\Python312\Lib\site-packages\cognee\infrastructure\databa
ses\vector\embeddings\get_embedding_engine.py", line 26, in get_embedding_engine
    return create_embedding_engine(
           ^^^^^^^^^^^^^^^^^^^^^^^^
  File "C:\Users\Nishant Awasthi\AppData\Local\Programs\Python\Python312\Lib\site-packages\cognee\infrastructure\databa
ses\vector\embeddings\get_embedding_engine.py", line 85, in create_embedding_engine
    return FastembedEmbeddingEngine(
           ^^^^^^^^^^^^^^^^^^^^^^^^^
  File "C:\Users\Nishant Awasthi\AppData\Local\Programs\Python\Python312\Lib\site-packages\cognee\infrastructure\databa
ses\vector\embeddings\FastembedEmbeddingEngine.py", line 75, in __init__
    self.embedding_model = TextEmbedding(model_name=model)
                           ^^^^^^^^^^^^^^^^^^^^^^^^^^^^^^^
  File "C:\Users\Nishant 
Awasthi\AppData\Local\Programs\Python\Python312\Lib\site-packages\fastembed\text\text_embedding.py", line 114, in 
__init__
    self.model = EMBEDDING_MODEL_TYPE(
                 ^^^^^^^^^^^^^^^^^^^^^
  File "C:\Users\Nishant 
Awasthi\AppData\Local\Programs\Python\Python312\Lib\site-packages\fastembed\text\onnx_embedding.py", line 260, in 
__init__
    self.load_onnx_model()
  File "C:\Users\Nishant 
Awasthi\AppData\Local\Programs\Python\Python312\Lib\site-packages\fastembed\text\onnx_embedding.py", line 325, in 
load_onnx_model
    self._load_onnx_model(
  File "C:\Users\Nishant 
Awasthi\AppData\Local\Programs\Python\Python312\Lib\site-packages\fastembed\text\onnx_text_model.py", line 59, in 
_load_onnx_model
    super()._load_onnx_model(
  File "C:\Users\Nishant 
Awasthi\AppData\Local\Programs\Python\Python312\Lib\site-packages\fastembed\common\onnx_model.py", line 113, in 
_load_onnx_model
    self.model = ort.InferenceSession(
                 ^^^^^^^^^^^^^^^^^^^^^
  File "C:\Users\Nishant Awasthi\AppData\Local\Programs\Python\Python312\Lib\site-packages\onnxruntime\capi\onnxruntime
_inference_collection.py", line 485, in __init__
    self._create_inference_session(providers, provider_options, disabled_optimizers)
  File "C:\Users\Nishant Awasthi\AppData\Local\Programs\Python\Python312\Lib\site-packages\onnxruntime\capi\onnxruntime
_inference_collection.py", line 573, in _create_inference_session
    sess = C.InferenceSession(session_options, self._model_path, True, self._read_config_from_model)
           ^^^^^^^^^^^^^^^^^^^^^^^^^^^^^^^^^^^^^^^^^^^^^^^^^^^^^^^^^^^^^^^^^^^^^^^^^^^^^^^^^^^^^^^^^
onnxruntime.capi.onnxruntime_pybind11_state.NoSuchFile: [ONNXRuntimeError] : 3 : NO_SUCHFILE : Load model from D:\PHEME
\temp\fastembed_cache\models--qdrant--bge-small-en-v1.5-onnx-q\snapshots\52398278842ec682c6f32300af41344b1c0b0bb2\model
_optimized.onnx failed:Load model D:\PHEME\temp\fastembed_cache\models--qdrant--bge-small-en-v1.5-onnx-q\snapshots\5239
8278842ec682c6f32300af41344b1c0b0bb2\model_optimized.onnx failed. File doesn't exist
During task with name 'retrieval' and id '724f0e68-c3cc-2aab-0d00-832c18ef98c0'

During handling of the above exception, another exception occurred:

Traceback (most recent call last):
  File "D:\PHEME\test_orchestrator.py", line 50, in <module>
    asyncio.run(test_orchestrator())
  File "C:\Users\Nishant Awasthi\AppData\Local\Programs\Python\Python312\Lib\asyncio\runners.py", line 194, in run
    return runner.run(main)
           ^^^^^^^^^^^^^^^^
  File "C:\Users\Nishant Awasthi\AppData\Local\Programs\Python\Python312\Lib\asyncio\runners.py", line 118, in run
    return self._loop.run_until_complete(task)
           ^^^^^^^^^^^^^^^^^^^^^^^^^^^^^^^^^^^
  File "C:\Users\Nishant Awasthi\AppData\Local\Programs\Python\Python312\Lib\asyncio\base_events.py", line 687, in 
run_until_complete
    return future.result()
           ^^^^^^^^^^^^^^^
  File "D:\PHEME\test_orchestrator.py", line 45, in test_orchestrator
    print(f"\n\u274c ORCHESTRATOR TEST FAILED: {e}")
  File "C:\Users\Nishant Awasthi\AppData\Local\Programs\Python\Python312\Lib\encodings\cp1252.py", line 19, in encode
    return codecs.charmap_encode(input,self.errors,encoding_table)[0]
           ^^^^^^^^^^^^^^^^^^^^^^^^^^^^^^^^^^^^^^^^^^^^^^^^^^^^^^^
UnicodeEncodeError: 'charmap' codec can't encode character '\u274c' in position 2: character maps to <undefined>
